[0.137s] Invoking command in '/home/mztejero/rvr_ros2_ws/build/controller': AMENT_PREFIX_PATH=/home/mztejero/rvr_ros2_ws/install/rvr_msgs:${AMENT_PREFIX_PATH} CMAKE_PREFIX_PATH=/home/mztejero/rvr_ros2_ws/install/rvr_msgs:/opt/ros/humble LD_LIBRARY_PATH=/home/mztejero/rvr_ros2_ws/install/rvr_msgs/lib:${LD_LIBRARY_PATH} PYTHONPATH=/home/mztejero/rvr_ros2_ws/install/rvr_msgs/local/lib/python3.10/dist-packages:${PYTHONPATH} /usr/bin/cmake /home/mztejero/rvr_ros2_ws/src/controller -DCMAKE_INSTALL_PREFIX=/home/mztejero/rvr_ros2_ws/install/controller
[0.375s] -- The C compiler identification is GNU 11.4.0
[0.597s] -- The CXX compiler identification is GNU 11.4.0
[0.624s] -- Detecting C compiler ABI info
[0.826s] -- Detecting C compiler ABI info - done
[0.854s] -- Check for working C compiler: /usr/bin/cc - skipped
[0.855s] -- Detecting C compile features
[0.857s] -- Detecting C compile features - done
[0.868s] -- Detecting CXX compiler ABI info
[1.105s] -- Detecting CXX compiler ABI info - done
[1.139s] -- Check for working CXX compiler: /usr/bin/c++ - skipped
[1.140s] -- Detecting CXX compile features
[1.142s] -- Detecting CXX compile features - done
[1.147s] -- Found ament_cmake: 1.3.12 (/opt/ros/humble/share/ament_cmake/cmake)
[1.574s] -- Found Python3: /usr/bin/python3 (found version "3.10.12") found components: Interpreter 
[1.829s] -- Found rclcpp: 16.0.15 (/opt/ros/humble/share/rclcpp/cmake)
[2.028s] -- Found rosidl_generator_c: 3.1.7 (/opt/ros/humble/share/rosidl_generator_c/cmake)
[2.030s] -- Found rosidl_adapter: 3.1.7 (/opt/ros/humble/share/rosidl_adapter/cmake)
[2.049s] -- Found rosidl_generator_cpp: 3.1.7 (/opt/ros/humble/share/rosidl_generator_cpp/cmake)
[2.082s] -- Using all available rosidl_typesupport_c: rosidl_typesupport_fastrtps_c;rosidl_typesupport_introspection_c
[2.122s] -- Using all available rosidl_typesupport_cpp: rosidl_typesupport_fastrtps_cpp;rosidl_typesupport_introspection_cpp
[2.423s] -- Found rmw_implementation_cmake: 6.1.2 (/opt/ros/humble/share/rmw_implementation_cmake/cmake)
[2.445s] -- Found rmw_fastrtps_cpp: 6.2.8 (/opt/ros/humble/share/rmw_fastrtps_cpp/cmake)
[2.829s] -- Found OpenSSL: /usr/lib/x86_64-linux-gnu/libcrypto.so (found version "3.0.2")  
[2.910s] -- Found FastRTPS: /opt/ros/humble/include  
[3.015s] -- Using RMW implementation 'rmw_fastrtps_cpp' as default
[3.069s] -- Looking for pthread.h
[3.285s] -- Looking for pthread.h - found
[3.287s] -- Performing Test CMAKE_HAVE_LIBC_PTHREAD
[3.616s] -- Performing Test CMAKE_HAVE_LIBC_PTHREAD - Success
[3.622s] -- Found Threads: TRUE  
[4.001s] -- Found rvr_msgs: 0.0.0 (/home/mztejero/rvr_ros2_ws/install/rvr_msgs/share/rvr_msgs/cmake)
[4.076s] -- Found ament_lint_auto: 0.12.14 (/opt/ros/humble/share/ament_lint_auto/cmake)
[4.506s] -- Added test 'cppcheck' to perform static code analysis on C / C++ code
[4.506s] -- Configured cppcheck include dirs: /home/mztejero/rvr_ros2_ws/src/controller/include
[4.506s] -- Configured cppcheck exclude dirs and/or files: 
[4.507s] -- Added test 'lint_cmake' to check CMake code style
[4.507s] -- Added test 'uncrustify' to check C / C++ code style
[4.507s] -- Configured uncrustify additional arguments: 
[4.508s] -- Added test 'xmllint' to check XML markup files
[4.508s] -- Configuring done
[4.537s] -- Generating done
[4.612s] -- Build files have been written to: /home/mztejero/rvr_ros2_ws/build/controller
[4.642s] Invoked command in '/home/mztejero/rvr_ros2_ws/build/controller' returned '0': AMENT_PREFIX_PATH=/home/mztejero/rvr_ros2_ws/install/rvr_msgs:${AMENT_PREFIX_PATH} CMAKE_PREFIX_PATH=/home/mztejero/rvr_ros2_ws/install/rvr_msgs:/opt/ros/humble LD_LIBRARY_PATH=/home/mztejero/rvr_ros2_ws/install/rvr_msgs/lib:${LD_LIBRARY_PATH} PYTHONPATH=/home/mztejero/rvr_ros2_ws/install/rvr_msgs/local/lib/python3.10/dist-packages:${PYTHONPATH} /usr/bin/cmake /home/mztejero/rvr_ros2_ws/src/controller -DCMAKE_INSTALL_PREFIX=/home/mztejero/rvr_ros2_ws/install/controller
[4.655s] Invoking command in '/home/mztejero/rvr_ros2_ws/build/controller': AMENT_PREFIX_PATH=/home/mztejero/rvr_ros2_ws/install/rvr_msgs:${AMENT_PREFIX_PATH} CMAKE_PREFIX_PATH=/home/mztejero/rvr_ros2_ws/install/rvr_msgs:/opt/ros/humble LD_LIBRARY_PATH=/home/mztejero/rvr_ros2_ws/install/rvr_msgs/lib:${LD_LIBRARY_PATH} PYTHONPATH=/home/mztejero/rvr_ros2_ws/install/rvr_msgs/local/lib/python3.10/dist-packages:${PYTHONPATH} /usr/bin/cmake --build /home/mztejero/rvr_ros2_ws/build/controller -- -j4 -l4
[4.877s] [ 12%] [32mBuilding CXX object CMakeFiles/rc_pub.dir/src/rc_pub_lib.cpp.o[0m
[4.893s] [ 25%] [32mBuilding CXX object CMakeFiles/usb_interface_lib.dir/src/usb_interface_lib.cpp.o[0m
[4.908s] [ 37%] [32mBuilding CXX object CMakeFiles/rc_pub.dir/src/rc_pub_main.cpp.o[0m
[4.923s] [ 50%] [32mBuilding CXX object CMakeFiles/rc_pub.dir/src/usb_interface_lib.cpp.o[0m
[8.136s] [ 62%] [32m[1mLinking CXX static library libusb_interface_lib.a[0m
[8.418s] [ 62%] Built target usb_interface_lib
[8.637s] [ 75%] [32mBuilding CXX object CMakeFiles/controller_test.dir/test/controller_test.cpp.o[0m
[11.346s] [01m[K/home/mztejero/rvr_ros2_ws/src/controller/test/controller_test.cpp:[m[K In function ‘[01m[Kvoid test_parseData(std::string, float, float, float, float, float, float)[m[K’:
[11.348s] [01m[K/home/mztejero/rvr_ros2_ws/src/controller/test/controller_test.cpp:23:25:[m[K [01;35m[Kwarning: [m[Kunused parameter ‘[01m[Kvel_yl[m[K’ [[01;35m[K]8;;https://gcc.gnu.org/onlinedocs/gcc/Warning-Options.html#index-Wunused-parameter-Wunused-parameter]8;;[m[K]
[11.349s]    23 |     float vel_xl, [01;35m[Kfloat vel_yl[m[K, float vel_xr, float vel_yr,
[11.350s]       |                   [01;35m[K~~~~~~^~~~~~[m[K
[11.351s] [01m[K/home/mztejero/rvr_ros2_ws/src/controller/test/controller_test.cpp:23:39:[m[K [01;35m[Kwarning: [m[Kunused parameter ‘[01m[Kvel_xr[m[K’ [[01;35m[K]8;;https://gcc.gnu.org/onlinedocs/gcc/Warning-Options.html#index-Wunused-parameter-Wunused-parameter]8;;[m[K]
[11.356s]    23 |     float vel_xl, float vel_yl, [01;35m[Kfloat vel_xr[m[K, float vel_yr,
[11.356s]       |                                 [01;35m[K~~~~~~^~~~~~[m[K
[11.739s] [ 87%] [32m[1mLinking CXX executable controller_test[0m
[12.771s] [ 87%] Built target controller_test
[84.478s] [100%] [32m[1mLinking CXX executable rc_pub[0m
[85.704s] [100%] Built target rc_pub
[88.031s] Invoked command in '/home/mztejero/rvr_ros2_ws/build/controller' returned '0': AMENT_PREFIX_PATH=/home/mztejero/rvr_ros2_ws/install/rvr_msgs:${AMENT_PREFIX_PATH} CMAKE_PREFIX_PATH=/home/mztejero/rvr_ros2_ws/install/rvr_msgs:/opt/ros/humble LD_LIBRARY_PATH=/home/mztejero/rvr_ros2_ws/install/rvr_msgs/lib:${LD_LIBRARY_PATH} PYTHONPATH=/home/mztejero/rvr_ros2_ws/install/rvr_msgs/local/lib/python3.10/dist-packages:${PYTHONPATH} /usr/bin/cmake --build /home/mztejero/rvr_ros2_ws/build/controller -- -j4 -l4
[89.039s] Invoking command in '/home/mztejero/rvr_ros2_ws/build/controller': AMENT_PREFIX_PATH=/home/mztejero/rvr_ros2_ws/install/rvr_msgs:${AMENT_PREFIX_PATH} CMAKE_PREFIX_PATH=/home/mztejero/rvr_ros2_ws/install/rvr_msgs:/opt/ros/humble LD_LIBRARY_PATH=/home/mztejero/rvr_ros2_ws/install/rvr_msgs/lib:${LD_LIBRARY_PATH} PYTHONPATH=/home/mztejero/rvr_ros2_ws/install/rvr_msgs/local/lib/python3.10/dist-packages:${PYTHONPATH} /usr/bin/cmake --install /home/mztejero/rvr_ros2_ws/build/controller
[89.553s] -- Install configuration: ""
[89.618s] -- Installing: /home/mztejero/rvr_ros2_ws/install/controller/lib/controller/rc_pub
[89.619s] -- Set runtime path of "/home/mztejero/rvr_ros2_ws/install/controller/lib/controller/rc_pub" to ""
[89.620s] -- Installing: /home/mztejero/rvr_ros2_ws/install/controller/share/ament_index/resource_index/package_run_dependencies/controller
[89.620s] -- Installing: /home/mztejero/rvr_ros2_ws/install/controller/share/ament_index/resource_index/parent_prefix_path/controller
[89.620s] -- Installing: /home/mztejero/rvr_ros2_ws/install/controller/share/controller/environment/ament_prefix_path.sh
[89.621s] -- Installing: /home/mztejero/rvr_ros2_ws/install/controller/share/controller/environment/ament_prefix_path.dsv
[89.621s] -- Installing: /home/mztejero/rvr_ros2_ws/install/controller/share/controller/environment/path.sh
[89.621s] -- Installing: /home/mztejero/rvr_ros2_ws/install/controller/share/controller/environment/path.dsv
[89.622s] -- Installing: /home/mztejero/rvr_ros2_ws/install/controller/share/controller/local_setup.bash
[89.622s] -- Installing: /home/mztejero/rvr_ros2_ws/install/controller/share/controller/local_setup.sh
[89.631s] -- Installing: /home/mztejero/rvr_ros2_ws/install/controller/share/controller/local_setup.zsh
[89.687s] -- Installing: /home/mztejero/rvr_ros2_ws/install/controller/share/controller/local_setup.dsv
[89.701s] -- Installing: /home/mztejero/rvr_ros2_ws/install/controller/share/controller/package.dsv
[89.703s] -- Installing: /home/mztejero/rvr_ros2_ws/install/controller/share/ament_index/resource_index/packages/controller
[89.728s] -- Installing: /home/mztejero/rvr_ros2_ws/install/controller/share/controller/cmake/controllerConfig.cmake
[89.841s] -- Installing: /home/mztejero/rvr_ros2_ws/install/controller/share/controller/cmake/controllerConfig-version.cmake
[89.883s] -- Installing: /home/mztejero/rvr_ros2_ws/install/controller/share/controller/package.xml
[89.885s] Invoked command in '/home/mztejero/rvr_ros2_ws/build/controller' returned '0': AMENT_PREFIX_PATH=/home/mztejero/rvr_ros2_ws/install/rvr_msgs:${AMENT_PREFIX_PATH} CMAKE_PREFIX_PATH=/home/mztejero/rvr_ros2_ws/install/rvr_msgs:/opt/ros/humble LD_LIBRARY_PATH=/home/mztejero/rvr_ros2_ws/install/rvr_msgs/lib:${LD_LIBRARY_PATH} PYTHONPATH=/home/mztejero/rvr_ros2_ws/install/rvr_msgs/local/lib/python3.10/dist-packages:${PYTHONPATH} /usr/bin/cmake --install /home/mztejero/rvr_ros2_ws/build/controller
