-- Found ament_cmake: 1.3.12 (/opt/ros/humble/share/ament_cmake/cmake)
-- Found rclcpp: 16.0.15 (/opt/ros/humble/share/rclcpp/cmake)
-- Found rosidl_generator_c: 3.1.7 (/opt/ros/humble/share/rosidl_generator_c/cmake)
-- Found rosidl_adapter: 3.1.7 (/opt/ros/humble/share/rosidl_adapter/cmake)
-- Found rosidl_generator_cpp: 3.1.7 (/opt/ros/humble/share/rosidl_generator_cpp/cmake)
-- Using all available rosidl_typesupport_c: rosidl_typesupport_fastrtps_c;rosidl_typesupport_introspection_c
-- Using all available rosidl_typesupport_cpp: rosidl_typesupport_fastrtps_cpp;rosidl_typesupport_introspection_cpp
-- Found rmw_implementation_cmake: 6.1.2 (/opt/ros/humble/share/rmw_implementation_cmake/cmake)
-- Found rmw_fastrtps_cpp: 6.2.8 (/opt/ros/humble/share/rmw_fastrtps_cpp/cmake)
-- Using RMW implementation 'rmw_fastrtps_cpp' as default
-- Found rvr_msgs: 0.0.0 (/home/mztejero/rvr_ros2_ws/install/rvr_msgs/share/rvr_msgs/cmake)
-- Found ament_lint_auto: 0.12.14 (/opt/ros/humble/share/ament_lint_auto/cmake)
-- Added test 'cppcheck' to perform static code analysis on C / C++ code
-- Configured cppcheck include dirs: /home/mztejero/rvr_ros2_ws/src/onboard_pkg/include
-- Configured cppcheck exclude dirs and/or files: 
-- Added test 'lint_cmake' to check CMake code style
-- Added test 'uncrustify' to check C / C++ code style
-- Configured uncrustify additional arguments: 
-- Added test 'xmllint' to check XML markup files
-- Configuring done
-- Generating done
-- Build files have been written to: /home/mztejero/rvr_ros2_ws/build/onboard_pkg
[35m[1mConsolidate compiler generated dependencies of target cmd_vel_sub[0m
[ 16%] [32mBuilding CXX object CMakeFiles/rvr_data_pub.dir/src/rvr_data_pub_lib.cpp.o[0m
[ 33%] [32mBuilding CXX object CMakeFiles/rvr_data_pub.dir/src/rvr_data_pub_main.cpp.o[0m
[01m[K/home/mztejero/rvr_ros2_ws/src/onboard_pkg/src/rvr_data_pub_main.cpp:1:10:[m[K [01;31m[Kfatal error: [m[Krvr_data_pub_lib.hpp: No such file or directory
    1 | #include [01;31m[K"rvr_data_pub_lib.hpp"[m[K
      |          [01;31m[K^~~~~~~~~~~~~~~~~~~~~~[m[K
[01m[K/home/mztejero/rvr_ros2_ws/src/onboard_pkg/src/rvr_data_pub_lib.cpp:1:10:[m[K [01;31m[Kfatal error: [m[Krvr_data_pub_lib.hpp: No such file or directory
    1 | #include [01;31m[K"rvr_data_pub_lib.hpp"[m[K
      |          [01;31m[K^~~~~~~~~~~~~~~~~~~~~~[m[K
compilation terminated.
compilation terminated.
gmake[2]: *** [CMakeFiles/rvr_data_pub.dir/build.make:76: CMakeFiles/rvr_data_pub.dir/src/rvr_data_pub_lib.cpp.o] Error 1
gmake[2]: *** Waiting for unfinished jobs....
gmake[2]: *** [CMakeFiles/rvr_data_pub.dir/build.make:90: CMakeFiles/rvr_data_pub.dir/src/rvr_data_pub_main.cpp.o] Error 1
gmake[1]: *** [CMakeFiles/Makefile2:165: CMakeFiles/rvr_data_pub.dir/all] Error 2
gmake[1]: *** Waiting for unfinished jobs....
[ 83%] Built target cmd_vel_sub
gmake: *** [Makefile:146: all] Error 2
