/usr/bin/ld: CMakeFiles/rvr_data_pub.dir/src/rvr_data_pub_lib.cpp.o: in function `RoverDataPublisher::RoverDataPublisher()':
rvr_data_pub_lib.cpp:(.text+0x150): undefined reference to `usbInterface::usbInterface()'
/usr/bin/ld: rvr_data_pub_lib.cpp:(.text+0x3d4): undefined reference to `usbInterface::~usbInterface()'
/usr/bin/ld: CMakeFiles/rvr_data_pub.dir/src/rvr_data_pub_lib.cpp.o: in function `RoverDataPublisher::timer_callback()':
rvr_data_pub_lib.cpp:(.text+0x483): undefined reference to `usbInterface::usbRead[abi:cxx11]()'
/usr/bin/ld: rvr_data_pub_lib.cpp:(.text+0x4b3): undefined reference to `usbInterface::parseData(std::__cxx11::basic_string<char, std::char_traits<char>, std::allocator<char> >)'
/usr/bin/ld: rvr_data_pub_lib.cpp:(.text+0x4d4): undefined reference to `usbInterface::getD1()'
/usr/bin/ld: rvr_data_pub_lib.cpp:(.text+0x4f3): undefined reference to `usbInterface::getD2()'
/usr/bin/ld: rvr_data_pub_lib.cpp:(.text+0x512): undefined reference to `usbInterface::getD3()'
/usr/bin/ld: rvr_data_pub_lib.cpp:(.text+0x531): undefined reference to `usbInterface::getD4()'
/usr/bin/ld: rvr_data_pub_lib.cpp:(.text+0x550): undefined reference to `usbInterface::getV1()'
/usr/bin/ld: rvr_data_pub_lib.cpp:(.text+0x56f): undefined reference to `usbInterface::getV2()'
/usr/bin/ld: rvr_data_pub_lib.cpp:(.text+0x58e): undefined reference to `usbInterface::getV3()'
/usr/bin/ld: rvr_data_pub_lib.cpp:(.text+0x5ad): undefined reference to `usbInterface::getV4()'
/usr/bin/ld: rvr_data_pub_lib.cpp:(.text+0x5cc): undefined reference to `usbInterface::getAX()'
/usr/bin/ld: rvr_data_pub_lib.cpp:(.text+0x5e8): undefined reference to `usbInterface::getAY()'
/usr/bin/ld: rvr_data_pub_lib.cpp:(.text+0x604): undefined reference to `usbInterface::getAZ()'
/usr/bin/ld: rvr_data_pub_lib.cpp:(.text+0x620): undefined reference to `usbInterface::getV1()'
/usr/bin/ld: rvr_data_pub_lib.cpp:(.text+0x63c): undefined reference to `usbInterface::getV2()'
/usr/bin/ld: rvr_data_pub_lib.cpp:(.text+0x658): undefined reference to `usbInterface::getV3()'
/usr/bin/ld: CMakeFiles/rvr_data_pub.dir/src/rvr_data_pub_lib.cpp.o: in function `RoverDataPublisher::~RoverDataPublisher()':
rvr_data_pub_lib.cpp:(.text._ZN18RoverDataPublisherD2Ev[_ZN18RoverDataPublisherD5Ev]+0x2c): undefined reference to `usbInterface::~usbInterface()'
collect2: error: ld returned 1 exit status
gmake[2]: *** [CMakeFiles/rvr_data_pub.dir/build.make:175: rvr_data_pub] Error 1
gmake[1]: *** [CMakeFiles/Makefile2:165: CMakeFiles/rvr_data_pub.dir/all] Error 2
gmake: *** [Makefile:146: all] Error 2
