[0.068s] Invoking command in '/home/mztejero/rvr_ros2_ws/build/onboard_pkg': CMAKE_PREFIX_PATH=/home/mztejero/rvr_ros2_ws/install/rvr_msgs:/home/mztejero/rvr_ros2_ws/install/visualization:/home/mztejero/rvr_ros2_ws/install/onboard_pkg:/home/mztejero/rvr_ros2_ws/install/controller:/home/mztejero/rvr_ros2_ws/install/data_processor:/home/mztejero/ros2_ws/install/cpp_pubsub:/home/mztejero/ros2_ws/install/rover_msg:/home/mztejero/rover_ws/install/rvr_launch:/home/mztejero/rover_ws/install/msg_types:/home/mztejero/rover_ws/install/hardware_interface:/opt/ros/humble /usr/bin/cmake --build /home/mztejero/rvr_ros2_ws/build/onboard_pkg -- -j4 -l4
[0.245s] [35m[1mConsolidate compiler generated dependencies of target rvr_data_pub[0m
[0.321s] [ 50%] Built target cmd_vel_sub
[0.329s] [ 66%] [32mBuilding CXX object CMakeFiles/rvr_data_pub.dir/src/rvr_data_pub_lib.cpp.o[0m
[9.106s] [ 83%] [32m[1mLinking CXX executable rvr_data_pub[0m
[9.545s] /usr/bin/ld: CMakeFiles/rvr_data_pub.dir/src/rvr_data_pub_lib.cpp.o: in function `RoverDataPublisher::RoverDataPublisher()':
[9.546s] rvr_data_pub_lib.cpp:(.text+0x150): undefined reference to `usbInterface::usbInterface()'
[9.548s] /usr/bin/ld: rvr_data_pub_lib.cpp:(.text+0x3d4): undefined reference to `usbInterface::~usbInterface()'
[9.549s] /usr/bin/ld: CMakeFiles/rvr_data_pub.dir/src/rvr_data_pub_lib.cpp.o: in function `RoverDataPublisher::timer_callback()':
[9.550s] rvr_data_pub_lib.cpp:(.text+0x483): undefined reference to `usbInterface::usbRead[abi:cxx11]()'
[9.552s] /usr/bin/ld: rvr_data_pub_lib.cpp:(.text+0x4b3): undefined reference to `usbInterface::parseData(std::__cxx11::basic_string<char, std::char_traits<char>, std::allocator<char> >)'
[9.552s] /usr/bin/ld: rvr_data_pub_lib.cpp:(.text+0x4d4): undefined reference to `usbInterface::getD1()'
[9.552s] /usr/bin/ld: rvr_data_pub_lib.cpp:(.text+0x4f3): undefined reference to `usbInterface::getD2()'
[9.553s] /usr/bin/ld: rvr_data_pub_lib.cpp:(.text+0x512): undefined reference to `usbInterface::getD3()'
[9.554s] /usr/bin/ld: rvr_data_pub_lib.cpp:(.text+0x531): undefined reference to `usbInterface::getD4()'
[9.554s] /usr/bin/ld: rvr_data_pub_lib.cpp:(.text+0x550): undefined reference to `usbInterface::getV1()'
[9.555s] /usr/bin/ld: rvr_data_pub_lib.cpp:(.text+0x56f): undefined reference to `usbInterface::getV2()'
[9.556s] /usr/bin/ld: rvr_data_pub_lib.cpp:(.text+0x58e): undefined reference to `usbInterface::getV3()'
[9.556s] /usr/bin/ld: rvr_data_pub_lib.cpp:(.text+0x5ad): undefined reference to `usbInterface::getV4()'
[9.556s] /usr/bin/ld: rvr_data_pub_lib.cpp:(.text+0x5cc): undefined reference to `usbInterface::getAX()'
[9.557s] /usr/bin/ld: rvr_data_pub_lib.cpp:(.text+0x5e8): undefined reference to `usbInterface::getAY()'
[9.557s] /usr/bin/ld: rvr_data_pub_lib.cpp:(.text+0x604): undefined reference to `usbInterface::getAZ()'
[9.558s] /usr/bin/ld: rvr_data_pub_lib.cpp:(.text+0x620): undefined reference to `usbInterface::getV1()'
[9.558s] /usr/bin/ld: rvr_data_pub_lib.cpp:(.text+0x63c): undefined reference to `usbInterface::getV2()'
[9.558s] /usr/bin/ld: rvr_data_pub_lib.cpp:(.text+0x658): undefined reference to `usbInterface::getV3()'
[9.564s] /usr/bin/ld: CMakeFiles/rvr_data_pub.dir/src/rvr_data_pub_lib.cpp.o: in function `RoverDataPublisher::~RoverDataPublisher()':
[9.564s] rvr_data_pub_lib.cpp:(.text._ZN18RoverDataPublisherD2Ev[_ZN18RoverDataPublisherD5Ev]+0x2c): undefined reference to `usbInterface::~usbInterface()'
[9.601s] collect2: error: ld returned 1 exit status
[9.609s] gmake[2]: *** [CMakeFiles/rvr_data_pub.dir/build.make:175: rvr_data_pub] Error 1
[9.610s] gmake[1]: *** [CMakeFiles/Makefile2:165: CMakeFiles/rvr_data_pub.dir/all] Error 2
[9.614s] gmake: *** [Makefile:146: all] Error 2
[9.620s] Invoked command in '/home/mztejero/rvr_ros2_ws/build/onboard_pkg' returned '2': CMAKE_PREFIX_PATH=/home/mztejero/rvr_ros2_ws/install/rvr_msgs:/home/mztejero/rvr_ros2_ws/install/visualization:/home/mztejero/rvr_ros2_ws/install/onboard_pkg:/home/mztejero/rvr_ros2_ws/install/controller:/home/mztejero/rvr_ros2_ws/install/data_processor:/home/mztejero/ros2_ws/install/cpp_pubsub:/home/mztejero/ros2_ws/install/rover_msg:/home/mztejero/rover_ws/install/rvr_launch:/home/mztejero/rover_ws/install/msg_types:/home/mztejero/rover_ws/install/hardware_interface:/opt/ros/humble /usr/bin/cmake --build /home/mztejero/rvr_ros2_ws/build/onboard_pkg -- -j4 -l4
