[0.191s] DEBUG:colcon:Command line arguments: ['/usr/bin/colcon', 'build', '--packages-select', 'data_processor']
[0.192s] DEBUG:colcon:Parsed command line arguments: Namespace(log_base=None, log_level=None, verb_name='build', build_base='build', install_base='install', merge_install=False, symlink_install=False, test_result_base=None, continue_on_error=False, executor='parallel', parallel_workers=4, event_handlers=None, ignore_user_meta=False, metas=['./colcon.meta'], base_paths=['.'], packages_ignore=None, packages_ignore_regex=None, paths=None, packages_up_to=None, packages_up_to_regex=None, packages_above=None, packages_above_and_dependencies=None, packages_above_depth=None, packages_select_by_dep=None, packages_skip_by_dep=None, packages_skip_up_to=None, packages_select_build_failed=False, packages_skip_build_finished=False, packages_select_test_failures=False, packages_skip_test_passed=False, packages_select=['data_processor'], packages_skip=None, packages_select_regex=None, packages_skip_regex=None, packages_start=None, packages_end=None, allow_overriding=[], cmake_args=None, cmake_target=None, cmake_target_skip_unavailable=False, cmake_clean_cache=False, cmake_clean_first=False, cmake_force_configure=False, ament_cmake_args=None, catkin_cmake_args=None, catkin_skip_building_tests=False, verb_parser=<colcon_defaults.argument_parser.defaults.DefaultArgumentsDecorator object at 0x73984bf23a60>, verb_extension=<colcon_core.verb.build.BuildVerb object at 0x73984c064ee0>, main=<bound method BuildVerb.main of <colcon_core.verb.build.BuildVerb object at 0x73984c064ee0>>)
[0.487s] Level 1:colcon.colcon_core.package_discovery:discover_packages(colcon_meta) check parameters
[0.487s] Level 1:colcon.colcon_core.package_discovery:discover_packages(recursive) check parameters
[0.487s] Level 1:colcon.colcon_core.package_discovery:discover_packages(ignore) check parameters
[0.487s] Level 1:colcon.colcon_core.package_discovery:discover_packages(path) check parameters
[0.487s] Level 1:colcon.colcon_core.package_discovery:discover_packages(colcon_meta) discover
[0.488s] Level 1:colcon.colcon_core.package_discovery:discover_packages(recursive) discover
[0.488s] INFO:colcon.colcon_core.package_discovery:Crawling recursively for packages in '/home/mztejero/rvr_ros2_ws'
[0.488s] Level 1:colcon.colcon_core.package_identification:_identify(.) by extensions ['ignore', 'ignore_ament_install']
[0.488s] Level 1:colcon.colcon_core.package_identification:_identify(.) by extension 'ignore'
[0.488s] Level 1:colcon.colcon_core.package_identification:_identify(.) by extension 'ignore_ament_install'
[0.488s] Level 1:colcon.colcon_core.package_identification:_identify(.) by extensions ['colcon_pkg']
[0.488s] Level 1:colcon.colcon_core.package_identification:_identify(.) by extension 'colcon_pkg'
[0.489s] Level 1:colcon.colcon_core.package_identification:_identify(.) by extensions ['colcon_meta']
[0.489s] Level 1:colcon.colcon_core.package_identification:_identify(.) by extension 'colcon_meta'
[0.489s] Level 1:colcon.colcon_core.package_identification:_identify(.) by extensions ['ros']
[0.489s] Level 1:colcon.colcon_core.package_identification:_identify(.) by extension 'ros'
[0.507s] Level 1:colcon.colcon_core.package_identification:_identify(.) by extensions ['cmake', 'python']
[0.507s] Level 1:colcon.colcon_core.package_identification:_identify(.) by extension 'cmake'
[0.507s] Level 1:colcon.colcon_core.package_identification:_identify(.) by extension 'python'
[0.508s] Level 1:colcon.colcon_core.package_identification:_identify(.) by extensions ['python_setup_py']
[0.508s] Level 1:colcon.colcon_core.package_identification:_identify(.) by extension 'python_setup_py'
[0.508s] Level 1:colcon.colcon_core.package_identification:_identify(build) by extensions ['ignore', 'ignore_ament_install']
[0.508s] Level 1:colcon.colcon_core.package_identification:_identify(build) by extension 'ignore'
[0.509s] Level 1:colcon.colcon_core.package_identification:_identify(build) ignored
[0.509s] Level 1:colcon.colcon_core.package_identification:_identify(docs) by extensions ['ignore', 'ignore_ament_install']
[0.509s] Level 1:colcon.colcon_core.package_identification:_identify(docs) by extension 'ignore'
[0.509s] Level 1:colcon.colcon_core.package_identification:_identify(docs) by extension 'ignore_ament_install'
[0.509s] Level 1:colcon.colcon_core.package_identification:_identify(docs) by extensions ['colcon_pkg']
[0.509s] Level 1:colcon.colcon_core.package_identification:_identify(docs) by extension 'colcon_pkg'
[0.509s] Level 1:colcon.colcon_core.package_identification:_identify(docs) by extensions ['colcon_meta']
[0.509s] Level 1:colcon.colcon_core.package_identification:_identify(docs) by extension 'colcon_meta'
[0.510s] Level 1:colcon.colcon_core.package_identification:_identify(docs) by extensions ['ros']
[0.510s] Level 1:colcon.colcon_core.package_identification:_identify(docs) by extension 'ros'
[0.510s] Level 1:colcon.colcon_core.package_identification:_identify(docs) by extensions ['cmake', 'python']
[0.510s] Level 1:colcon.colcon_core.package_identification:_identify(docs) by extension 'cmake'
[0.510s] Level 1:colcon.colcon_core.package_identification:_identify(docs) by extension 'python'
[0.510s] Level 1:colcon.colcon_core.package_identification:_identify(docs) by extensions ['python_setup_py']
[0.510s] Level 1:colcon.colcon_core.package_identification:_identify(docs) by extension 'python_setup_py'
[0.510s] Level 1:colcon.colcon_core.package_identification:_identify(install) by extensions ['ignore', 'ignore_ament_install']
[0.511s] Level 1:colcon.colcon_core.package_identification:_identify(install) by extension 'ignore'
[0.511s] Level 1:colcon.colcon_core.package_identification:_identify(install) ignored
[0.511s] Level 1:colcon.colcon_core.package_identification:_identify(log) by extensions ['ignore', 'ignore_ament_install']
[0.512s] Level 1:colcon.colcon_core.package_identification:_identify(log) by extension 'ignore'
[0.512s] Level 1:colcon.colcon_core.package_identification:_identify(log) ignored
[0.512s] Level 1:colcon.colcon_core.package_identification:_identify(src) by extensions ['ignore', 'ignore_ament_install']
[0.512s] Level 1:colcon.colcon_core.package_identification:_identify(src) by extension 'ignore'
[0.512s] Level 1:colcon.colcon_core.package_identification:_identify(src) by extension 'ignore_ament_install'
[0.512s] Level 1:colcon.colcon_core.package_identification:_identify(src) by extensions ['colcon_pkg']
[0.512s] Level 1:colcon.colcon_core.package_identification:_identify(src) by extension 'colcon_pkg'
[0.512s] Level 1:colcon.colcon_core.package_identification:_identify(src) by extensions ['colcon_meta']
[0.513s] Level 1:colcon.colcon_core.package_identification:_identify(src) by extension 'colcon_meta'
[0.513s] Level 1:colcon.colcon_core.package_identification:_identify(src) by extensions ['ros']
[0.513s] Level 1:colcon.colcon_core.package_identification:_identify(src) by extension 'ros'
[0.513s] Level 1:colcon.colcon_core.package_identification:_identify(src) by extensions ['cmake', 'python']
[0.513s] Level 1:colcon.colcon_core.package_identification:_identify(src) by extension 'cmake'
[0.513s] Level 1:colcon.colcon_core.package_identification:_identify(src) by extension 'python'
[0.514s] Level 1:colcon.colcon_core.package_identification:_identify(src) by extensions ['python_setup_py']
[0.514s] Level 1:colcon.colcon_core.package_identification:_identify(src) by extension 'python_setup_py'
[0.514s] Level 1:colcon.colcon_core.package_identification:_identify(src/controller) by extensions ['ignore', 'ignore_ament_install']
[0.515s] Level 1:colcon.colcon_core.package_identification:_identify(src/controller) by extension 'ignore'
[0.515s] Level 1:colcon.colcon_core.package_identification:_identify(src/controller) by extension 'ignore_ament_install'
[0.515s] Level 1:colcon.colcon_core.package_identification:_identify(src/controller) by extensions ['colcon_pkg']
[0.515s] Level 1:colcon.colcon_core.package_identification:_identify(src/controller) by extension 'colcon_pkg'
[0.515s] Level 1:colcon.colcon_core.package_identification:_identify(src/controller) by extensions ['colcon_meta']
[0.515s] Level 1:colcon.colcon_core.package_identification:_identify(src/controller) by extension 'colcon_meta'
[0.515s] Level 1:colcon.colcon_core.package_identification:_identify(src/controller) by extensions ['ros']
[0.516s] Level 1:colcon.colcon_core.package_identification:_identify(src/controller) by extension 'ros'
[0.520s] DEBUG:colcon.colcon_core.package_identification:Package 'src/controller' with type 'ros.ament_cmake' and name 'controller'
[0.521s] Level 1:colcon.colcon_core.package_identification:_identify(src/data_processor) by extensions ['ignore', 'ignore_ament_install']
[0.521s] Level 1:colcon.colcon_core.package_identification:_identify(src/data_processor) by extension 'ignore'
[0.521s] Level 1:colcon.colcon_core.package_identification:_identify(src/data_processor) by extension 'ignore_ament_install'
[0.521s] Level 1:colcon.colcon_core.package_identification:_identify(src/data_processor) by extensions ['colcon_pkg']
[0.521s] Level 1:colcon.colcon_core.package_identification:_identify(src/data_processor) by extension 'colcon_pkg'
[0.521s] Level 1:colcon.colcon_core.package_identification:_identify(src/data_processor) by extensions ['colcon_meta']
[0.521s] Level 1:colcon.colcon_core.package_identification:_identify(src/data_processor) by extension 'colcon_meta'
[0.521s] Level 1:colcon.colcon_core.package_identification:_identify(src/data_processor) by extensions ['ros']
[0.521s] Level 1:colcon.colcon_core.package_identification:_identify(src/data_processor) by extension 'ros'
[0.523s] DEBUG:colcon.colcon_core.package_identification:Package 'src/data_processor' with type 'ros.ament_cmake' and name 'data_processor'
[0.523s] Level 1:colcon.colcon_core.package_identification:_identify(src/onboard_pkg) by extensions ['ignore', 'ignore_ament_install']
[0.523s] Level 1:colcon.colcon_core.package_identification:_identify(src/onboard_pkg) by extension 'ignore'
[0.523s] Level 1:colcon.colcon_core.package_identification:_identify(src/onboard_pkg) by extension 'ignore_ament_install'
[0.523s] Level 1:colcon.colcon_core.package_identification:_identify(src/onboard_pkg) by extensions ['colcon_pkg']
[0.524s] Level 1:colcon.colcon_core.package_identification:_identify(src/onboard_pkg) by extension 'colcon_pkg'
[0.524s] Level 1:colcon.colcon_core.package_identification:_identify(src/onboard_pkg) by extensions ['colcon_meta']
[0.524s] Level 1:colcon.colcon_core.package_identification:_identify(src/onboard_pkg) by extension 'colcon_meta'
[0.524s] Level 1:colcon.colcon_core.package_identification:_identify(src/onboard_pkg) by extensions ['ros']
[0.524s] Level 1:colcon.colcon_core.package_identification:_identify(src/onboard_pkg) by extension 'ros'
[0.525s] DEBUG:colcon.colcon_core.package_identification:Package 'src/onboard_pkg' with type 'ros.ament_cmake' and name 'onboard_pkg'
[0.526s] Level 1:colcon.colcon_core.package_identification:_identify(src/rvr_launch) by extensions ['ignore', 'ignore_ament_install']
[0.526s] Level 1:colcon.colcon_core.package_identification:_identify(src/rvr_launch) by extension 'ignore'
[0.526s] Level 1:colcon.colcon_core.package_identification:_identify(src/rvr_launch) by extension 'ignore_ament_install'
[0.526s] Level 1:colcon.colcon_core.package_identification:_identify(src/rvr_launch) by extensions ['colcon_pkg']
[0.526s] Level 1:colcon.colcon_core.package_identification:_identify(src/rvr_launch) by extension 'colcon_pkg'
[0.526s] Level 1:colcon.colcon_core.package_identification:_identify(src/rvr_launch) by extensions ['colcon_meta']
[0.526s] Level 1:colcon.colcon_core.package_identification:_identify(src/rvr_launch) by extension 'colcon_meta'
[0.527s] Level 1:colcon.colcon_core.package_identification:_identify(src/rvr_launch) by extensions ['ros']
[0.527s] Level 1:colcon.colcon_core.package_identification:_identify(src/rvr_launch) by extension 'ros'
[0.528s] DEBUG:colcon.colcon_core.package_identification:Package 'src/rvr_launch' with type 'ros.ament_cmake' and name 'rvr_launch'
[0.528s] Level 1:colcon.colcon_core.package_identification:_identify(src/rvr_msgs) by extensions ['ignore', 'ignore_ament_install']
[0.528s] Level 1:colcon.colcon_core.package_identification:_identify(src/rvr_msgs) by extension 'ignore'
[0.529s] Level 1:colcon.colcon_core.package_identification:_identify(src/rvr_msgs) by extension 'ignore_ament_install'
[0.529s] Level 1:colcon.colcon_core.package_identification:_identify(src/rvr_msgs) by extensions ['colcon_pkg']
[0.529s] Level 1:colcon.colcon_core.package_identification:_identify(src/rvr_msgs) by extension 'colcon_pkg'
[0.529s] Level 1:colcon.colcon_core.package_identification:_identify(src/rvr_msgs) by extensions ['colcon_meta']
[0.529s] Level 1:colcon.colcon_core.package_identification:_identify(src/rvr_msgs) by extension 'colcon_meta'
[0.529s] Level 1:colcon.colcon_core.package_identification:_identify(src/rvr_msgs) by extensions ['ros']
[0.529s] Level 1:colcon.colcon_core.package_identification:_identify(src/rvr_msgs) by extension 'ros'
[0.530s] DEBUG:colcon.colcon_core.package_identification:Package 'src/rvr_msgs' with type 'ros.ament_cmake' and name 'rvr_msgs'
[0.531s] Level 1:colcon.colcon_core.package_identification:_identify(src/visualization) by extensions ['ignore', 'ignore_ament_install']
[0.531s] Level 1:colcon.colcon_core.package_identification:_identify(src/visualization) by extension 'ignore'
[0.531s] Level 1:colcon.colcon_core.package_identification:_identify(src/visualization) by extension 'ignore_ament_install'
[0.531s] Level 1:colcon.colcon_core.package_identification:_identify(src/visualization) by extensions ['colcon_pkg']
[0.532s] Level 1:colcon.colcon_core.package_identification:_identify(src/visualization) by extension 'colcon_pkg'
[0.532s] Level 1:colcon.colcon_core.package_identification:_identify(src/visualization) by extensions ['colcon_meta']
[0.532s] Level 1:colcon.colcon_core.package_identification:_identify(src/visualization) by extension 'colcon_meta'
[0.532s] Level 1:colcon.colcon_core.package_identification:_identify(src/visualization) by extensions ['ros']
[0.532s] Level 1:colcon.colcon_core.package_identification:_identify(src/visualization) by extension 'ros'
[0.533s] DEBUG:colcon.colcon_core.package_identification:Package 'src/visualization' with type 'ros.ament_cmake' and name 'visualization'
[0.533s] Level 1:colcon.colcon_core.package_discovery:discover_packages(recursive) using defaults
[0.534s] Level 1:colcon.colcon_core.package_discovery:discover_packages(ignore) discover
[0.534s] Level 1:colcon.colcon_core.package_discovery:discover_packages(ignore) using defaults
[0.534s] Level 1:colcon.colcon_core.package_discovery:discover_packages(path) discover
[0.534s] Level 1:colcon.colcon_core.package_discovery:discover_packages(path) using defaults
[0.593s] INFO:colcon.colcon_core.package_selection:Skipping not selected package 'rvr_launch' in 'src/rvr_launch'
[0.593s] INFO:colcon.colcon_core.package_selection:Skipping not selected package 'rvr_msgs' in 'src/rvr_msgs'
[0.593s] INFO:colcon.colcon_core.package_selection:Skipping not selected package 'visualization' in 'src/visualization'
[0.593s] INFO:colcon.colcon_core.package_selection:Skipping not selected package 'controller' in 'src/controller'
[0.593s] INFO:colcon.colcon_core.package_selection:Skipping not selected package 'onboard_pkg' in 'src/onboard_pkg'
[0.594s] Level 1:colcon.colcon_core.package_discovery:discover_packages(prefix_path) check parameters
[0.594s] Level 1:colcon.colcon_core.package_discovery:discover_packages(prefix_path) discover
[0.598s] DEBUG:colcon.colcon_installed_package_information.package_discovery:Found 6 installed packages in /home/mztejero/rvr_ros2_ws/install
[0.601s] DEBUG:colcon.colcon_installed_package_information.package_discovery:Found 275 installed packages in /opt/ros/humble
[0.606s] Level 1:colcon.colcon_core.package_discovery:discover_packages(prefix_path) using defaults
[0.683s] Level 5:colcon.colcon_core.verb:set package 'data_processor' build argument 'cmake_args' from command line to 'None'
[0.683s] Level 5:colcon.colcon_core.verb:set package 'data_processor' build argument 'cmake_target' from command line to 'None'
[0.683s] Level 5:colcon.colcon_core.verb:set package 'data_processor' build argument 'cmake_target_skip_unavailable' from command line to 'False'
[0.683s] Level 5:colcon.colcon_core.verb:set package 'data_processor' build argument 'cmake_clean_cache' from command line to 'False'
[0.683s] Level 5:colcon.colcon_core.verb:set package 'data_processor' build argument 'cmake_clean_first' from command line to 'False'
[0.683s] Level 5:colcon.colcon_core.verb:set package 'data_processor' build argument 'cmake_force_configure' from command line to 'False'
[0.683s] Level 5:colcon.colcon_core.verb:set package 'data_processor' build argument 'ament_cmake_args' from command line to 'None'
[0.683s] Level 5:colcon.colcon_core.verb:set package 'data_processor' build argument 'catkin_cmake_args' from command line to 'None'
[0.683s] Level 5:colcon.colcon_core.verb:set package 'data_processor' build argument 'catkin_skip_building_tests' from command line to 'False'
[0.684s] DEBUG:colcon.colcon_core.verb:Building package 'data_processor' with the following arguments: {'ament_cmake_args': None, 'build_base': '/home/mztejero/rvr_ros2_ws/build/data_processor', 'catkin_cmake_args': None, 'catkin_skip_building_tests': False, 'cmake_args': None, 'cmake_clean_cache': False, 'cmake_clean_first': False, 'cmake_force_configure': False, 'cmake_target': None, 'cmake_target_skip_unavailable': False, 'install_base': '/home/mztejero/rvr_ros2_ws/install/data_processor', 'merge_install': False, 'path': '/home/mztejero/rvr_ros2_ws/src/data_processor', 'symlink_install': False, 'test_result_base': None}
[0.684s] INFO:colcon.colcon_core.executor:Executing jobs using 'parallel' executor
[0.686s] DEBUG:colcon.colcon_parallel_executor.executor.parallel:run_until_complete
[0.687s] INFO:colcon.colcon_ros.task.ament_cmake.build:Building ROS package in '/home/mztejero/rvr_ros2_ws/src/data_processor' with build type 'ament_cmake'
[0.688s] INFO:colcon.colcon_cmake.task.cmake.build:Building CMake package in '/home/mztejero/rvr_ros2_ws/src/data_processor'
[0.695s] INFO:colcon.colcon_core.plugin_system:Skipping extension 'colcon_core.shell.bat': Not used on non-Windows systems
[0.696s] INFO:colcon.colcon_core.shell:Skip shell extension 'powershell' for command environment: Not usable outside of PowerShell
[0.696s] DEBUG:colcon.colcon_core.shell:Skip shell extension 'dsv' for command environment
[0.729s] DEBUG:colcon.colcon_core.event_handler.log_command:Invoking command in '/home/mztejero/rvr_ros2_ws/build/data_processor': CMAKE_PREFIX_PATH=${CMAKE_PREFIX_PATH}:/opt/ros/humble /usr/bin/cmake --build /home/mztejero/rvr_ros2_ws/build/data_processor -- -j4 -l4
[11.896s] DEBUG:colcon.colcon_core.event_handler.log_command:Invoked command in '/home/mztejero/rvr_ros2_ws/build/data_processor' returned '2': CMAKE_PREFIX_PATH=${CMAKE_PREFIX_PATH}:/opt/ros/humble /usr/bin/cmake --build /home/mztejero/rvr_ros2_ws/build/data_processor -- -j4 -l4
[11.897s] Level 1:colcon.colcon_core.environment:create_environment_scripts_only(data_processor)
[11.902s] Level 1:colcon.colcon_core.environment:checking '/home/mztejero/rvr_ros2_ws/install/data_processor' for CMake module files
[11.903s] Level 1:colcon.colcon_core.environment:checking '/home/mztejero/rvr_ros2_ws/install/data_processor' for CMake config files
[11.909s] Level 1:colcon.colcon_core.shell:create_environment_hook('data_processor', 'cmake_prefix_path')
[11.910s] INFO:colcon.colcon_core.shell:Creating environment hook '/home/mztejero/rvr_ros2_ws/install/data_processor/share/data_processor/hook/cmake_prefix_path.ps1'
[11.913s] INFO:colcon.colcon_core.shell:Creating environment descriptor '/home/mztejero/rvr_ros2_ws/install/data_processor/share/data_processor/hook/cmake_prefix_path.dsv'
[11.915s] INFO:colcon.colcon_core.shell:Creating environment hook '/home/mztejero/rvr_ros2_ws/install/data_processor/share/data_processor/hook/cmake_prefix_path.sh'
[11.918s] Level 1:colcon.colcon_core.environment:checking '/home/mztejero/rvr_ros2_ws/install/data_processor/bin'
[11.918s] Level 1:colcon.colcon_core.environment:checking '/home/mztejero/rvr_ros2_ws/install/data_processor/lib/pkgconfig/data_processor.pc'
[11.918s] Level 1:colcon.colcon_core.environment:checking '/home/mztejero/rvr_ros2_ws/install/data_processor/lib/python3.10/site-packages'
[11.919s] Level 1:colcon.colcon_core.environment:checking '/home/mztejero/rvr_ros2_ws/install/data_processor/bin'
[11.920s] INFO:colcon.colcon_core.shell:Creating package script '/home/mztejero/rvr_ros2_ws/install/data_processor/share/data_processor/package.ps1'
[11.923s] INFO:colcon.colcon_core.shell:Creating package descriptor '/home/mztejero/rvr_ros2_ws/install/data_processor/share/data_processor/package.dsv'
[11.924s] INFO:colcon.colcon_core.shell:Creating package script '/home/mztejero/rvr_ros2_ws/install/data_processor/share/data_processor/package.sh'
[11.927s] INFO:colcon.colcon_core.shell:Creating package script '/home/mztejero/rvr_ros2_ws/install/data_processor/share/data_processor/package.bash'
[11.930s] INFO:colcon.colcon_core.shell:Creating package script '/home/mztejero/rvr_ros2_ws/install/data_processor/share/data_processor/package.zsh'
[11.933s] Level 1:colcon.colcon_core.environment:create_file_with_runtime_dependencies(/home/mztejero/rvr_ros2_ws/install/data_processor/share/colcon-core/packages/data_processor)
[11.946s] DEBUG:colcon.colcon_parallel_executor.executor.parallel:closing loop
[11.947s] DEBUG:colcon.colcon_parallel_executor.executor.parallel:loop closed
[11.947s] DEBUG:colcon.colcon_parallel_executor.executor.parallel:run_until_complete finished with '2'
[11.948s] DEBUG:colcon.colcon_core.event_reactor:joining thread
[11.957s] DEBUG:colcon.colcon_core.event_reactor:joined thread
[11.959s] INFO:colcon.colcon_core.shell:Creating prefix script '/home/mztejero/rvr_ros2_ws/install/local_setup.ps1'
[11.963s] INFO:colcon.colcon_core.shell:Creating prefix util module '/home/mztejero/rvr_ros2_ws/install/_local_setup_util_ps1.py'
[11.967s] INFO:colcon.colcon_core.shell:Creating prefix chain script '/home/mztejero/rvr_ros2_ws/install/setup.ps1'
[11.974s] INFO:colcon.colcon_core.shell:Creating prefix script '/home/mztejero/rvr_ros2_ws/install/local_setup.sh'
[11.977s] INFO:colcon.colcon_core.shell:Creating prefix util module '/home/mztejero/rvr_ros2_ws/install/_local_setup_util_sh.py'
[11.980s] INFO:colcon.colcon_core.shell:Creating prefix chain script '/home/mztejero/rvr_ros2_ws/install/setup.sh'
[11.985s] INFO:colcon.colcon_core.shell:Creating prefix script '/home/mztejero/rvr_ros2_ws/install/local_setup.bash'
[11.987s] INFO:colcon.colcon_core.shell:Creating prefix chain script '/home/mztejero/rvr_ros2_ws/install/setup.bash'
[11.989s] INFO:colcon.colcon_core.shell:Creating prefix script '/home/mztejero/rvr_ros2_ws/install/local_setup.zsh'
[11.992s] INFO:colcon.colcon_core.shell:Creating prefix chain script '/home/mztejero/rvr_ros2_ws/install/setup.zsh'
