[0.124s] Invoking command in '/home/mztejero/rvr_ros2_ws/build/data_processor': CMAKE_PREFIX_PATH=${CMAKE_PREFIX_PATH}:/home/mztejero/rover_ws/install/hardware_interface:/opt/ros/humble /usr/bin/cmake --build /home/mztejero/rvr_ros2_ws/build/data_processor -- -j4 -l4
[0.308s] Invoked command in '/home/mztejero/rvr_ros2_ws/build/data_processor' returned '0': CMAKE_PREFIX_PATH=${CMAKE_PREFIX_PATH}:/home/mztejero/rover_ws/install/hardware_interface:/opt/ros/humble /usr/bin/cmake --build /home/mztejero/rvr_ros2_ws/build/data_processor -- -j4 -l4
[0.362s] Invoking command in '/home/mztejero/rvr_ros2_ws/build/data_processor': CMAKE_PREFIX_PATH=${CMAKE_PREFIX_PATH}:/home/mztejero/rover_ws/install/hardware_interface:/opt/ros/humble /usr/bin/cmake --install /home/mztejero/rvr_ros2_ws/build/data_processor
[0.410s] -- Install configuration: ""
[0.411s] -- Up-to-date: /home/mztejero/rvr_ros2_ws/install/data_processor/share/ament_index/resource_index/package_run_dependencies/data_processor
[0.412s] -- Up-to-date: /home/mztejero/rvr_ros2_ws/install/data_processor/share/ament_index/resource_index/parent_prefix_path/data_processor
[0.413s] -- Up-to-date: /home/mztejero/rvr_ros2_ws/install/data_processor/share/data_processor/environment/ament_prefix_path.sh
[0.413s] -- Up-to-date: /home/mztejero/rvr_ros2_ws/install/data_processor/share/data_processor/environment/ament_prefix_path.dsv
[0.431s] -- Up-to-date: /home/mztejero/rvr_ros2_ws/install/data_processor/share/data_processor/environment/path.sh
[0.433s] -- Up-to-date: /home/mztejero/rvr_ros2_ws/install/data_processor/share/data_processor/environment/path.dsv
[0.433s] -- Up-to-date: /home/mztejero/rvr_ros2_ws/install/data_processor/share/data_processor/local_setup.bash
[0.437s] -- Up-to-date: /home/mztejero/rvr_ros2_ws/install/data_processor/share/data_processor/local_setup.sh
[0.437s] -- Up-to-date: /home/mztejero/rvr_ros2_ws/install/data_processor/share/data_processor/local_setup.zsh
[0.438s] -- Up-to-date: /home/mztejero/rvr_ros2_ws/install/data_processor/share/data_processor/local_setup.dsv
[0.438s] -- Installing: /home/mztejero/rvr_ros2_ws/install/data_processor/share/data_processor/package.dsv
[0.438s] -- Up-to-date: /home/mztejero/rvr_ros2_ws/install/data_processor/share/ament_index/resource_index/packages/data_processor
[0.438s] -- Up-to-date: /home/mztejero/rvr_ros2_ws/install/data_processor/share/data_processor/cmake/data_processorConfig.cmake
[0.438s] -- Up-to-date: /home/mztejero/rvr_ros2_ws/install/data_processor/share/data_processor/cmake/data_processorConfig-version.cmake
[0.450s] -- Up-to-date: /home/mztejero/rvr_ros2_ws/install/data_processor/share/data_processor/package.xml
[0.617s] Invoked command in '/home/mztejero/rvr_ros2_ws/build/data_processor' returned '0': CMAKE_PREFIX_PATH=${CMAKE_PREFIX_PATH}:/home/mztejero/rover_ws/install/hardware_interface:/opt/ros/humble /usr/bin/cmake --install /home/mztejero/rvr_ros2_ws/build/data_processor
