[0.065s] Invoking command in '/home/mztejero/rvr_ros2_ws/build/controller': CMAKE_PREFIX_PATH=/home/mztejero/rvr_ros2_ws/install/rvr_msgs:/home/mztejero/rvr_ros2_ws/install/visualization:/home/mztejero/rvr_ros2_ws/install/onboard_pkg:/home/mztejero/rvr_ros2_ws/install/controller:/home/mztejero/rvr_ros2_ws/install/rvr_launch:/home/mztejero/rvr_ros2_ws/install/data_processor:/opt/ros/humble /usr/bin/cmake --build /home/mztejero/rvr_ros2_ws/build/controller -- -j4 -l4
[0.244s] [100%] Built target rc_pub
[0.280s] Invoked command in '/home/mztejero/rvr_ros2_ws/build/controller' returned '0': CMAKE_PREFIX_PATH=/home/mztejero/rvr_ros2_ws/install/rvr_msgs:/home/mztejero/rvr_ros2_ws/install/visualization:/home/mztejero/rvr_ros2_ws/install/onboard_pkg:/home/mztejero/rvr_ros2_ws/install/controller:/home/mztejero/rvr_ros2_ws/install/rvr_launch:/home/mztejero/rvr_ros2_ws/install/data_processor:/opt/ros/humble /usr/bin/cmake --build /home/mztejero/rvr_ros2_ws/build/controller -- -j4 -l4
[0.285s] Invoking command in '/home/mztejero/rvr_ros2_ws/build/controller': CMAKE_PREFIX_PATH=/home/mztejero/rvr_ros2_ws/install/rvr_msgs:/home/mztejero/rvr_ros2_ws/install/visualization:/home/mztejero/rvr_ros2_ws/install/onboard_pkg:/home/mztejero/rvr_ros2_ws/install/controller:/home/mztejero/rvr_ros2_ws/install/rvr_launch:/home/mztejero/rvr_ros2_ws/install/data_processor:/opt/ros/humble /usr/bin/cmake --install /home/mztejero/rvr_ros2_ws/build/controller
[0.300s] -- Install configuration: ""
[0.311s] -- Up-to-date: /home/mztejero/rvr_ros2_ws/install/controller/lib/controller/rc_pub
[0.311s] -- Up-to-date: /home/mztejero/rvr_ros2_ws/install/controller/share/ament_index/resource_index/package_run_dependencies/controller
[0.312s] -- Up-to-date: /home/mztejero/rvr_ros2_ws/install/controller/share/ament_index/resource_index/parent_prefix_path/controller
[0.313s] -- Up-to-date: /home/mztejero/rvr_ros2_ws/install/controller/share/controller/environment/ament_prefix_path.sh
[0.314s] -- Up-to-date: /home/mztejero/rvr_ros2_ws/install/controller/share/controller/environment/ament_prefix_path.dsv
[0.315s] -- Up-to-date: /home/mztejero/rvr_ros2_ws/install/controller/share/controller/environment/path.sh
[0.317s] -- Up-to-date: /home/mztejero/rvr_ros2_ws/install/controller/share/controller/environment/path.dsv
[0.317s] -- Up-to-date: /home/mztejero/rvr_ros2_ws/install/controller/share/controller/local_setup.bash
[0.317s] -- Up-to-date: /home/mztejero/rvr_ros2_ws/install/controller/share/controller/local_setup.sh
[0.317s] -- Up-to-date: /home/mztejero/rvr_ros2_ws/install/controller/share/controller/local_setup.zsh
[0.317s] -- Up-to-date: /home/mztejero/rvr_ros2_ws/install/controller/share/controller/local_setup.dsv
[0.318s] -- Installing: /home/mztejero/rvr_ros2_ws/install/controller/share/controller/package.dsv
[0.318s] -- Up-to-date: /home/mztejero/rvr_ros2_ws/install/controller/share/ament_index/resource_index/packages/controller
[0.319s] -- Up-to-date: /home/mztejero/rvr_ros2_ws/install/controller/share/controller/cmake/controllerConfig.cmake
[0.320s] -- Up-to-date: /home/mztejero/rvr_ros2_ws/install/controller/share/controller/cmake/controllerConfig-version.cmake
[0.321s] -- Up-to-date: /home/mztejero/rvr_ros2_ws/install/controller/share/controller/package.xml
[0.357s] Invoked command in '/home/mztejero/rvr_ros2_ws/build/controller' returned '0': CMAKE_PREFIX_PATH=/home/mztejero/rvr_ros2_ws/install/rvr_msgs:/home/mztejero/rvr_ros2_ws/install/visualization:/home/mztejero/rvr_ros2_ws/install/onboard_pkg:/home/mztejero/rvr_ros2_ws/install/controller:/home/mztejero/rvr_ros2_ws/install/rvr_launch:/home/mztejero/rvr_ros2_ws/install/data_processor:/opt/ros/humble /usr/bin/cmake --install /home/mztejero/rvr_ros2_ws/build/controller
