[0.051s] Invoking command in '/home/mztejero/rvr_ros2_ws/build/rvr_msgs': CMAKE_PREFIX_PATH=${CMAKE_PREFIX_PATH}:/home/mztejero/rover_ws/install/hardware_interface:/opt/ros/humble /usr/bin/cmake --build /home/mztejero/rvr_ros2_ws/build/rvr_msgs -- -j4 -l4
[0.156s] -- Found ament_cmake: 1.3.12 (/opt/ros/humble/share/ament_cmake/cmake)
[0.579s] -- Found rosidl_default_generators: 1.2.0 (/opt/ros/humble/share/rosidl_default_generators/cmake)
[0.585s] -- Using all available rosidl_typesupport_c: rosidl_typesupport_fastrtps_c;rosidl_typesupport_introspection_c
[0.590s] -- Found rosidl_adapter: 3.1.7 (/opt/ros/humble/share/rosidl_adapter/cmake)
[0.656s] -- Using all available rosidl_typesupport_cpp: rosidl_typesupport_fastrtps_cpp;rosidl_typesupport_introspection_cpp
[1.275s] -- Found ament_cmake_ros: 0.10.0 (/opt/ros/humble/share/ament_cmake_ros/cmake)
[1.701s] -- Using all available rosidl_typesupport_c: rosidl_typesupport_fastrtps_c;rosidl_typesupport_introspection_c
[2.190s] -- Using all available rosidl_typesupport_cpp: rosidl_typesupport_fastrtps_cpp;rosidl_typesupport_introspection_cpp
[2.251s] -- Found python_cmake_module: 0.10.0 (/opt/ros/humble/share/python_cmake_module/cmake)
[2.330s] -- Using PYTHON_EXECUTABLE: /usr/bin/python3
[2.331s] -- Using PYTHON_INCLUDE_DIRS: /usr/include/python3.10
[2.331s] -- Using PYTHON_LIBRARIES: /usr/lib/x86_64-linux-gnu/libpython3.10.so
[2.362s] -- Found ament_lint_auto: 0.12.14 (/opt/ros/humble/share/ament_lint_auto/cmake)
[2.380s] -- Added test 'lint_cmake' to check CMake code style
[2.383s] -- Added test 'xmllint' to check XML markup files
[2.388s] -- Configuring done
[2.491s] -- Generating done
[2.526s] -- Build files have been written to: /home/mztejero/rvr_ros2_ws/build/rvr_msgs
[2.585s] [  1%] [34m[1mGenerating C code for ROS interfaces[0m
[2.626s] [  3%] [34m[1mGenerating C++ code for ROS interfaces[0m
[2.644s] [  3%] Built target ament_cmake_python_copy_rvr_msgs
[3.306s] running egg_info
[3.320s] writing rvr_msgs.egg-info/PKG-INFO
[3.320s] writing dependency_links to rvr_msgs.egg-info/dependency_links.txt
[3.320s] writing top-level names to rvr_msgs.egg-info/top_level.txt
[3.320s] reading manifest file 'rvr_msgs.egg-info/SOURCES.txt'
[3.321s] writing manifest file 'rvr_msgs.egg-info/SOURCES.txt'
[3.376s] [  3%] Built target ament_cmake_python_build_rvr_msgs_egg
[4.162s] [  3%] Built target rvr_msgs__cpp
[4.197s] [  4%] [34m[1mGenerating C++ type support dispatch for ROS interfaces[0m
[4.206s] [  6%] [34m[1mGenerating C++ introspection for ROS interfaces[0m
[4.221s] [  7%] [34m[1mGenerating C++ type support for eProsima Fast-RTPS[0m
[4.607s] [35m[1mConsolidate compiler generated dependencies of target rvr_msgs__rosidl_generator_c[0m
[4.651s] [  9%] [32mBuilding C object CMakeFiles/rvr_msgs__rosidl_generator_c.dir/rosidl_generator_c/rvr_msgs/msg/detail/command_velocities__functions.c.o[0m
[4.741s] [ 11%] [32mBuilding C object CMakeFiles/rvr_msgs__rosidl_generator_c.dir/rosidl_generator_c/rvr_msgs/msg/detail/vector3__functions.c.o[0m
[4.999s] [ 12%] [32mBuilding C object CMakeFiles/rvr_msgs__rosidl_generator_c.dir/rosidl_generator_c/rvr_msgs/msg/detail/wheel4__functions.c.o[0m
[5.161s] [ 14%] [32mBuilding C object CMakeFiles/rvr_msgs__rosidl_generator_c.dir/rosidl_generator_c/rvr_msgs/msg/detail/rover_data__functions.c.o[0m
[5.212s] In file included from [01m[K/home/mztejero/rvr_ros2_ws/build/rvr_msgs/rosidl_generator_c/rvr_msgs/msg/detail/rover_data__functions.h:19[m[K,
[5.213s]                  from [01m[K/home/mztejero/rvr_ros2_ws/build/rvr_msgs/rosidl_generator_c/rvr_msgs/msg/detail/rover_data__functions.c:4[m[K:
[5.213s] [01m[K/home/mztejero/rvr_ros2_ws/build/rvr_msgs/rosidl_generator_c/rvr_msgs/msg/detail/rover_data__struct.h:23:10:[m[K [01;31m[Kfatal error: [m[Kmsg_types/msg/detail/wheel4__struct.h: No such file or directory
[5.213s]    23 | #include [01;31m[K"msg_types/msg/detail/wheel4__struct.h"[m[K
[5.213s]       |          [01;31m[K^~~~~~~~~~~~~~~~~~~~~~~~~~~~~~~~~~~~~~~[m[K
[5.214s] compilation terminated.
[5.218s] gmake[2]: *** [CMakeFiles/rvr_msgs__rosidl_generator_c.dir/build.make:211: CMakeFiles/rvr_msgs__rosidl_generator_c.dir/rosidl_generator_c/rvr_msgs/msg/detail/rover_data__functions.c.o] Error 1
[5.238s] gmake[1]: *** [CMakeFiles/Makefile2:213: CMakeFiles/rvr_msgs__rosidl_generator_c.dir/all] Error 2
[5.238s] gmake[1]: *** Waiting for unfinished jobs....
[5.368s] [35m[1mConsolidate compiler generated dependencies of target rvr_msgs__rosidl_typesupport_cpp[0m
[5.416s] [ 15%] [32mBuilding CXX object CMakeFiles/rvr_msgs__rosidl_typesupport_cpp.dir/rosidl_typesupport_cpp/rvr_msgs/msg/vector3__type_support.cpp.o[0m
[5.422s] [ 17%] [32mBuilding CXX object CMakeFiles/rvr_msgs__rosidl_typesupport_cpp.dir/rosidl_typesupport_cpp/rvr_msgs/msg/command_velocities__type_support.cpp.o[0m
[5.867s] [35m[1mConsolidate compiler generated dependencies of target rvr_msgs__rosidl_typesupport_fastrtps_cpp[0m
[5.913s] [ 19%] [32mBuilding CXX object CMakeFiles/rvr_msgs__rosidl_typesupport_fastrtps_cpp.dir/rosidl_typesupport_fastrtps_cpp/rvr_msgs/msg/detail/dds_fastrtps/command_velocities__type_support.cpp.o[0m
[6.080s] [35m[1mConsolidate compiler generated dependencies of target rvr_msgs__rosidl_typesupport_introspection_cpp[0m
[6.134s] [ 20%] [32mBuilding CXX object CMakeFiles/rvr_msgs__rosidl_typesupport_introspection_cpp.dir/rosidl_typesupport_introspection_cpp/rvr_msgs/msg/detail/command_velocities__type_support.cpp.o[0m
[6.224s] [ 22%] [32mBuilding CXX object CMakeFiles/rvr_msgs__rosidl_typesupport_fastrtps_cpp.dir/rosidl_typesupport_fastrtps_cpp/rvr_msgs/msg/detail/dds_fastrtps/vector3__type_support.cpp.o[0m
[6.334s] [ 23%] [32mBuilding CXX object CMakeFiles/rvr_msgs__rosidl_typesupport_cpp.dir/rosidl_typesupport_cpp/rvr_msgs/msg/wheel4__type_support.cpp.o[0m
[7.575s] [ 25%] [32mBuilding CXX object CMakeFiles/rvr_msgs__rosidl_typesupport_cpp.dir/rosidl_typesupport_cpp/rvr_msgs/msg/rover_data__type_support.cpp.o[0m
[7.712s] [ 26%] [32mBuilding CXX object CMakeFiles/rvr_msgs__rosidl_typesupport_fastrtps_cpp.dir/rosidl_typesupport_fastrtps_cpp/rvr_msgs/msg/detail/dds_fastrtps/wheel4__type_support.cpp.o[0m
[7.719s] In file included from [01m[K/home/mztejero/rvr_ros2_ws/build/rvr_msgs/rosidl_typesupport_cpp/rvr_msgs/msg/rover_data__type_support.cpp:7[m[K:
[7.747s] [01m[K/home/mztejero/rvr_ros2_ws/build/rvr_msgs/rosidl_generator_cpp/rvr_msgs/msg/detail/rover_data__struct.hpp:21:10:[m[K [01;31m[Kfatal error: [m[Kmsg_types/msg/detail/wheel4__struct.hpp: No such file or directory
[7.747s]    21 | #include [01;31m[K"msg_types/msg/detail/wheel4__struct.hpp"[m[K
[7.749s]       |          [01;31m[K^~~~~~~~~~~~~~~~~~~~~~~~~~~~~~~~~~~~~~~~~[m[K
[7.749s] compilation terminated.
[7.750s] gmake[2]: *** [CMakeFiles/rvr_msgs__rosidl_typesupport_cpp.dir/build.make:144: CMakeFiles/rvr_msgs__rosidl_typesupport_cpp.dir/rosidl_typesupport_cpp/rvr_msgs/msg/rover_data__type_support.cpp.o] Error 1
[7.750s] gmake[1]: *** [CMakeFiles/Makefile2:395: CMakeFiles/rvr_msgs__rosidl_typesupport_cpp.dir/all] Error 2
[7.761s] [ 28%] [32mBuilding CXX object CMakeFiles/rvr_msgs__rosidl_typesupport_introspection_cpp.dir/rosidl_typesupport_introspection_cpp/rvr_msgs/msg/detail/vector3__type_support.cpp.o[0m
[7.776s] [ 30%] [32mBuilding CXX object CMakeFiles/rvr_msgs__rosidl_typesupport_introspection_cpp.dir/rosidl_typesupport_introspection_cpp/rvr_msgs/msg/detail/wheel4__type_support.cpp.o[0m
[8.000s] [ 31%] [32mBuilding CXX object CMakeFiles/rvr_msgs__rosidl_typesupport_fastrtps_cpp.dir/rosidl_typesupport_fastrtps_cpp/rvr_msgs/msg/detail/dds_fastrtps/rover_data__type_support.cpp.o[0m
[8.235s] In file included from [01m[K/home/mztejero/rvr_ros2_ws/build/rvr_msgs/rosidl_typesupport_fastrtps_cpp/rvr_msgs/msg/detail/rover_data__rosidl_typesupport_fastrtps_cpp.hpp:11[m[K,
[8.270s]                  from [01m[K/home/mztejero/rvr_ros2_ws/build/rvr_msgs/rosidl_typesupport_fastrtps_cpp/rvr_msgs/msg/detail/dds_fastrtps/rover_data__type_support.cpp:4[m[K:
[8.271s] [01m[K/home/mztejero/rvr_ros2_ws/build/rvr_msgs/rosidl_generator_cpp/rvr_msgs/msg/detail/rover_data__struct.hpp:21:10:[m[K [01;31m[Kfatal error: [m[Kmsg_types/msg/detail/wheel4__struct.hpp: No such file or directory
[8.272s]    21 | #include [01;31m[K"msg_types/msg/detail/wheel4__struct.hpp"[m[K
[8.272s]       |          [01;31m[K^~~~~~~~~~~~~~~~~~~~~~~~~~~~~~~~~~~~~~~~~[m[K
[8.272s] compilation terminated.
[8.272s] gmake[2]: *** [CMakeFiles/rvr_msgs__rosidl_typesupport_fastrtps_cpp.dir/build.make:161: CMakeFiles/rvr_msgs__rosidl_typesupport_fastrtps_cpp.dir/rosidl_typesupport_fastrtps_cpp/rvr_msgs/msg/detail/dds_fastrtps/rover_data__type_support.cpp.o] Error 1
[8.272s] gmake[2]: *** Waiting for unfinished jobs....
[8.311s] [ 33%] [32mBuilding CXX object CMakeFiles/rvr_msgs__rosidl_typesupport_introspection_cpp.dir/rosidl_typesupport_introspection_cpp/rvr_msgs/msg/detail/rover_data__type_support.cpp.o[0m
[8.546s] In file included from [01m[K/home/mztejero/rvr_ros2_ws/build/rvr_msgs/rosidl_typesupport_introspection_cpp/rvr_msgs/msg/detail/rover_data__type_support.cpp:12[m[K:
[8.546s] [01m[K/home/mztejero/rvr_ros2_ws/build/rvr_msgs/rosidl_generator_cpp/rvr_msgs/msg/detail/rover_data__struct.hpp:21:10:[m[K [01;31m[Kfatal error: [m[Kmsg_types/msg/detail/wheel4__struct.hpp: No such file or directory
[8.549s]    21 | #include [01;31m[K"msg_types/msg/detail/wheel4__struct.hpp"[m[K
[8.550s]       |          [01;31m[K^~~~~~~~~~~~~~~~~~~~~~~~~~~~~~~~~~~~~~~~~[m[K
[8.551s] compilation terminated.
[8.552s] gmake[2]: *** [CMakeFiles/rvr_msgs__rosidl_typesupport_introspection_cpp.dir/build.make:161: CMakeFiles/rvr_msgs__rosidl_typesupport_introspection_cpp.dir/rosidl_typesupport_introspection_cpp/rvr_msgs/msg/detail/rover_data__type_support.cpp.o] Error 1
[8.552s] gmake[2]: *** Waiting for unfinished jobs....
[8.908s] gmake[1]: *** [CMakeFiles/Makefile2:343: CMakeFiles/rvr_msgs__rosidl_typesupport_fastrtps_cpp.dir/all] Error 2
[8.986s] gmake[1]: *** [CMakeFiles/Makefile2:369: CMakeFiles/rvr_msgs__rosidl_typesupport_introspection_cpp.dir/all] Error 2
[8.986s] gmake: *** [Makefile:146: all] Error 2
[9.024s] Invoked command in '/home/mztejero/rvr_ros2_ws/build/rvr_msgs' returned '2': CMAKE_PREFIX_PATH=${CMAKE_PREFIX_PATH}:/home/mztejero/rover_ws/install/hardware_interface:/opt/ros/humble /usr/bin/cmake --build /home/mztejero/rvr_ros2_ws/build/rvr_msgs -- -j4 -l4
