[0.057s] Invoking command in '/home/mztejero/rvr_ros2_ws/build/rvr_msgs': CMAKE_PREFIX_PATH=${CMAKE_PREFIX_PATH}:/home/mztejero/rover_ws/install/hardware_interface:/opt/ros/humble /usr/bin/cmake --build /home/mztejero/rvr_ros2_ws/build/rvr_msgs -- -j4 -l4
[0.169s] -- Found ament_cmake: 1.3.12 (/opt/ros/humble/share/ament_cmake/cmake)
[0.482s] -- Found rosidl_default_generators: 1.2.0 (/opt/ros/humble/share/rosidl_default_generators/cmake)
[0.489s] -- Using all available rosidl_typesupport_c: rosidl_typesupport_fastrtps_c;rosidl_typesupport_introspection_c
[0.493s] -- Found rosidl_adapter: 3.1.7 (/opt/ros/humble/share/rosidl_adapter/cmake)
[0.554s] -- Using all available rosidl_typesupport_cpp: rosidl_typesupport_fastrtps_cpp;rosidl_typesupport_introspection_cpp
[1.151s] -- Found ament_cmake_ros: 0.10.0 (/opt/ros/humble/share/ament_cmake_ros/cmake)
[1.538s] -- Using all available rosidl_typesupport_c: rosidl_typesupport_fastrtps_c;rosidl_typesupport_introspection_c
[2.018s] -- Using all available rosidl_typesupport_cpp: rosidl_typesupport_fastrtps_cpp;rosidl_typesupport_introspection_cpp
[2.064s] -- Found python_cmake_module: 0.10.0 (/opt/ros/humble/share/python_cmake_module/cmake)
[2.106s] -- Using PYTHON_EXECUTABLE: /usr/bin/python3
[2.106s] -- Using PYTHON_INCLUDE_DIRS: /usr/include/python3.10
[2.106s] -- Using PYTHON_LIBRARIES: /usr/lib/x86_64-linux-gnu/libpython3.10.so
[2.140s] -- Found ament_lint_auto: 0.12.14 (/opt/ros/humble/share/ament_lint_auto/cmake)
[2.162s] -- Added test 'lint_cmake' to check CMake code style
[2.165s] -- Added test 'xmllint' to check XML markup files
[2.169s] -- Configuring done
[2.294s] -- Generating done
[2.342s] -- Build files have been written to: /home/mztejero/rvr_ros2_ws/build/rvr_msgs
[2.408s] [  1%] [34m[1mGenerating C code for ROS interfaces[0m
[2.439s] [  3%] [34m[1mGenerating C++ code for ROS interfaces[0m
[2.469s] [  3%] Built target ament_cmake_python_copy_rvr_msgs
[3.292s] running egg_info
[3.298s] writing rvr_msgs.egg-info/PKG-INFO
[3.300s] writing dependency_links to rvr_msgs.egg-info/dependency_links.txt
[3.302s] writing top-level names to rvr_msgs.egg-info/top_level.txt
[3.306s] reading manifest file 'rvr_msgs.egg-info/SOURCES.txt'
[3.310s] writing manifest file 'rvr_msgs.egg-info/SOURCES.txt'
[3.382s] [  3%] Built target ament_cmake_python_build_rvr_msgs_egg
[4.298s] [  3%] Built target rvr_msgs__cpp
[4.335s] [  4%] [34m[1mGenerating C++ type support dispatch for ROS interfaces[0m
[4.360s] [  6%] [34m[1mGenerating C++ type support for eProsima Fast-RTPS[0m
[4.360s] [  7%] [34m[1mGenerating C++ introspection for ROS interfaces[0m
[4.412s] [35m[1mConsolidate compiler generated dependencies of target rvr_msgs__rosidl_generator_c[0m
[4.449s] [  9%] [32mBuilding C object CMakeFiles/rvr_msgs__rosidl_generator_c.dir/rosidl_generator_c/rvr_msgs/msg/detail/command_velocities__functions.c.o[0m
[4.668s] [ 11%] [32mBuilding C object CMakeFiles/rvr_msgs__rosidl_generator_c.dir/rosidl_generator_c/rvr_msgs/msg/detail/vector3__functions.c.o[0m
[4.855s] [ 12%] [32mBuilding C object CMakeFiles/rvr_msgs__rosidl_generator_c.dir/rosidl_generator_c/rvr_msgs/msg/detail/wheel4__functions.c.o[0m
[4.981s] [ 14%] [32mBuilding C object CMakeFiles/rvr_msgs__rosidl_generator_c.dir/rosidl_generator_c/rvr_msgs/msg/detail/rover_data__functions.c.o[0m
[5.174s] [ 15%] [32mBuilding C object CMakeFiles/rvr_msgs__rosidl_generator_c.dir/rosidl_generator_c/rvr_msgs/msg/detail/pos_data__functions.c.o[0m
[5.297s] [ 17%] [32m[1mLinking C shared library librvr_msgs__rosidl_generator_c.so[0m
[5.709s] [ 17%] Built target rvr_msgs__rosidl_generator_c
[5.773s] [ 19%] [34m[1mGenerating C type support for eProsima Fast-RTPS[0m
[5.813s] [35m[1mConsolidate compiler generated dependencies of target rvr_msgs__rosidl_typesupport_cpp[0m
[5.893s] [ 20%] [32mBuilding CXX object CMakeFiles/rvr_msgs__rosidl_typesupport_cpp.dir/rosidl_typesupport_cpp/rvr_msgs/msg/command_velocities__type_support.cpp.o[0m
[6.144s] [35m[1mConsolidate compiler generated dependencies of target rvr_msgs__rosidl_typesupport_fastrtps_cpp[0m
[6.202s] [ 22%] [32mBuilding CXX object CMakeFiles/rvr_msgs__rosidl_typesupport_fastrtps_cpp.dir/rosidl_typesupport_fastrtps_cpp/rvr_msgs/msg/detail/dds_fastrtps/command_velocities__type_support.cpp.o[0m
[6.384s] [35m[1mConsolidate compiler generated dependencies of target rvr_msgs__rosidl_typesupport_introspection_cpp[0m
[6.430s] [ 23%] [32mBuilding CXX object CMakeFiles/rvr_msgs__rosidl_typesupport_introspection_cpp.dir/rosidl_typesupport_introspection_cpp/rvr_msgs/msg/detail/command_velocities__type_support.cpp.o[0m
[6.863s] [ 25%] [32mBuilding CXX object CMakeFiles/rvr_msgs__rosidl_typesupport_cpp.dir/rosidl_typesupport_cpp/rvr_msgs/msg/vector3__type_support.cpp.o[0m
[7.981s] [ 26%] [32mBuilding CXX object CMakeFiles/rvr_msgs__rosidl_typesupport_fastrtps_cpp.dir/rosidl_typesupport_fastrtps_cpp/rvr_msgs/msg/detail/dds_fastrtps/vector3__type_support.cpp.o[0m
[7.989s] [35m[1mConsolidate compiler generated dependencies of target rvr_msgs__rosidl_typesupport_fastrtps_c[0m
[8.015s] [ 28%] [32mBuilding CXX object CMakeFiles/rvr_msgs__rosidl_typesupport_introspection_cpp.dir/rosidl_typesupport_introspection_cpp/rvr_msgs/msg/detail/vector3__type_support.cpp.o[0m
[8.070s] [ 30%] [32mBuilding CXX object CMakeFiles/rvr_msgs__rosidl_typesupport_cpp.dir/rosidl_typesupport_cpp/rvr_msgs/msg/wheel4__type_support.cpp.o[0m
[8.070s] [ 31%] [32mBuilding CXX object CMakeFiles/rvr_msgs__rosidl_typesupport_fastrtps_c.dir/rosidl_typesupport_fastrtps_c/rvr_msgs/msg/detail/command_velocities__type_support_c.cpp.o[0m
[9.038s] [ 33%] [32mBuilding CXX object CMakeFiles/rvr_msgs__rosidl_typesupport_cpp.dir/rosidl_typesupport_cpp/rvr_msgs/msg/rover_data__type_support.cpp.o[0m
[9.096s] [ 34%] [32mBuilding CXX object CMakeFiles/rvr_msgs__rosidl_typesupport_introspection_cpp.dir/rosidl_typesupport_introspection_cpp/rvr_msgs/msg/detail/wheel4__type_support.cpp.o[0m
[9.273s] [ 36%] [32mBuilding CXX object CMakeFiles/rvr_msgs__rosidl_typesupport_fastrtps_c.dir/rosidl_typesupport_fastrtps_c/rvr_msgs/msg/detail/vector3__type_support_c.cpp.o[0m
[9.328s] [ 38%] [32mBuilding CXX object CMakeFiles/rvr_msgs__rosidl_typesupport_fastrtps_cpp.dir/rosidl_typesupport_fastrtps_cpp/rvr_msgs/msg/detail/dds_fastrtps/wheel4__type_support.cpp.o[0m
[10.141s] [ 39%] [32mBuilding CXX object CMakeFiles/rvr_msgs__rosidl_typesupport_cpp.dir/rosidl_typesupport_cpp/rvr_msgs/msg/pos_data__type_support.cpp.o[0m
[10.178s] [ 41%] [32mBuilding CXX object CMakeFiles/rvr_msgs__rosidl_typesupport_fastrtps_c.dir/rosidl_typesupport_fastrtps_c/rvr_msgs/msg/detail/wheel4__type_support_c.cpp.o[0m
[10.538s] [ 42%] [32mBuilding CXX object CMakeFiles/rvr_msgs__rosidl_typesupport_introspection_cpp.dir/rosidl_typesupport_introspection_cpp/rvr_msgs/msg/detail/rover_data__type_support.cpp.o[0m
[10.780s] [ 44%] [32mBuilding CXX object CMakeFiles/rvr_msgs__rosidl_typesupport_fastrtps_cpp.dir/rosidl_typesupport_fastrtps_cpp/rvr_msgs/msg/detail/dds_fastrtps/rover_data__type_support.cpp.o[0m
[11.136s] [ 46%] [32mBuilding CXX object CMakeFiles/rvr_msgs__rosidl_typesupport_fastrtps_c.dir/rosidl_typesupport_fastrtps_c/rvr_msgs/msg/detail/rover_data__type_support_c.cpp.o[0m
[11.267s] [ 47%] [32m[1mLinking CXX shared library librvr_msgs__rosidl_typesupport_cpp.so[0m
[11.566s] [ 47%] Built target rvr_msgs__rosidl_typesupport_cpp
[11.609s] [ 49%] [32mBuilding CXX object CMakeFiles/rvr_msgs__rosidl_typesupport_fastrtps_c.dir/rosidl_typesupport_fastrtps_c/rvr_msgs/msg/detail/pos_data__type_support_c.cpp.o[0m
[11.697s] [ 50%] [32mBuilding CXX object CMakeFiles/rvr_msgs__rosidl_typesupport_introspection_cpp.dir/rosidl_typesupport_introspection_cpp/rvr_msgs/msg/detail/pos_data__type_support.cpp.o[0m
[12.279s] [ 52%] [32mBuilding CXX object CMakeFiles/rvr_msgs__rosidl_typesupport_fastrtps_cpp.dir/rosidl_typesupport_fastrtps_cpp/rvr_msgs/msg/detail/dds_fastrtps/pos_data__type_support.cpp.o[0m
[12.410s] [ 53%] [34m[1mGenerating C introspection for ROS interfaces[0m
[12.881s] [ 55%] [32m[1mLinking CXX shared library librvr_msgs__rosidl_typesupport_fastrtps_c.so[0m
[13.191s] [ 57%] [32m[1mLinking CXX shared library librvr_msgs__rosidl_typesupport_introspection_cpp.so[0m
[13.418s] [ 57%] Built target rvr_msgs__rosidl_typesupport_fastrtps_c
[13.453s] [ 58%] [34m[1mGenerating C type support dispatch for ROS interfaces[0m
[13.464s] [ 58%] Built target rvr_msgs__rosidl_typesupport_introspection_cpp
[13.893s] [ 60%] [32m[1mLinking CXX shared library librvr_msgs__rosidl_typesupport_fastrtps_cpp.so[0m
[14.209s] [ 60%] Built target rvr_msgs__rosidl_typesupport_fastrtps_cpp
[14.389s] [35m[1mConsolidate compiler generated dependencies of target rvr_msgs__rosidl_typesupport_introspection_c[0m
[14.437s] [ 61%] [32mBuilding C object CMakeFiles/rvr_msgs__rosidl_typesupport_introspection_c.dir/rosidl_typesupport_introspection_c/rvr_msgs/msg/detail/command_velocities__type_support.c.o[0m
[14.444s] [ 63%] [32mBuilding C object CMakeFiles/rvr_msgs__rosidl_typesupport_introspection_c.dir/rosidl_typesupport_introspection_c/rvr_msgs/msg/detail/vector3__type_support.c.o[0m
[14.476s] [ 65%] [32mBuilding C object CMakeFiles/rvr_msgs__rosidl_typesupport_introspection_c.dir/rosidl_typesupport_introspection_c/rvr_msgs/msg/detail/wheel4__type_support.c.o[0m
[14.553s] [ 66%] [32mBuilding C object CMakeFiles/rvr_msgs__rosidl_typesupport_introspection_c.dir/rosidl_typesupport_introspection_c/rvr_msgs/msg/detail/rover_data__type_support.c.o[0m
[14.572s] [ 68%] [32mBuilding C object CMakeFiles/rvr_msgs__rosidl_typesupport_introspection_c.dir/rosidl_typesupport_introspection_c/rvr_msgs/msg/detail/pos_data__type_support.c.o[0m
[14.686s] [ 69%] [32m[1mLinking C shared library librvr_msgs__rosidl_typesupport_introspection_c.so[0m
[14.738s] [35m[1mConsolidate compiler generated dependencies of target rvr_msgs__rosidl_typesupport_c[0m
[14.768s] [ 71%] [32mBuilding CXX object CMakeFiles/rvr_msgs__rosidl_typesupport_c.dir/rosidl_typesupport_c/rvr_msgs/msg/command_velocities__type_support.cpp.o[0m
[14.769s] [ 73%] [32mBuilding CXX object CMakeFiles/rvr_msgs__rosidl_typesupport_c.dir/rosidl_typesupport_c/rvr_msgs/msg/wheel4__type_support.cpp.o[0m
[14.785s] [ 74%] [32mBuilding CXX object CMakeFiles/rvr_msgs__rosidl_typesupport_c.dir/rosidl_typesupport_c/rvr_msgs/msg/vector3__type_support.cpp.o[0m
[14.801s] [ 74%] Built target rvr_msgs__rosidl_typesupport_introspection_c
[14.851s] [ 76%] [32mBuilding CXX object CMakeFiles/rvr_msgs__rosidl_typesupport_c.dir/rosidl_typesupport_c/rvr_msgs/msg/rover_data__type_support.cpp.o[0m
[14.882s] [ 77%] [32mBuilding CXX object CMakeFiles/rvr_msgs__rosidl_typesupport_c.dir/rosidl_typesupport_c/rvr_msgs/msg/pos_data__type_support.cpp.o[0m
[14.960s] [ 79%] [32m[1mLinking CXX shared library librvr_msgs__rosidl_typesupport_c.so[0m
[15.048s] [ 79%] Built target rvr_msgs__rosidl_typesupport_c
[15.094s] [ 79%] Built target rvr_msgs
[15.146s] [ 80%] [34m[1mGenerating Python code for ROS interfaces[0m
[16.827s] [ 80%] Built target rvr_msgs__py
[16.856s] [35m[1mConsolidate compiler generated dependencies of target rvr_msgs__rosidl_generator_py[0m
[16.978s] [ 84%] [32mBuilding C object CMakeFiles/rvr_msgs__rosidl_generator_py.dir/rosidl_generator_py/rvr_msgs/msg/_rover_data_s.c.o[0m
[16.982s] [ 85%] [32mBuilding C object CMakeFiles/rvr_msgs__rosidl_generator_py.dir/rosidl_generator_py/rvr_msgs/msg/_wheel4_s.c.o[0m
[16.982s] [ 85%] [32mBuilding C object CMakeFiles/rvr_msgs__rosidl_generator_py.dir/rosidl_generator_py/rvr_msgs/msg/_command_velocities_s.c.o[0m
[16.982s] [ 87%] [32mBuilding C object CMakeFiles/rvr_msgs__rosidl_generator_py.dir/rosidl_generator_py/rvr_msgs/msg/_vector3_s.c.o[0m
[17.599s] [ 88%] [32mBuilding C object CMakeFiles/rvr_msgs__rosidl_generator_py.dir/rosidl_generator_py/rvr_msgs/msg/_pos_data_s.c.o[0m
[17.793s] [ 90%] [32m[1mLinking C shared library rosidl_generator_py/rvr_msgs/librvr_msgs__rosidl_generator_py.so[0m
[17.880s] [ 90%] Built target rvr_msgs__rosidl_generator_py
[17.926s] [35m[1mConsolidate compiler generated dependencies of target rvr_msgs__rosidl_typesupport_fastrtps_c__pyext[0m
[17.926s] [35m[1mConsolidate compiler generated dependencies of target rvr_msgs__rosidl_typesupport_introspection_c__pyext[0m
[17.926s] [35m[1mConsolidate compiler generated dependencies of target rvr_msgs__rosidl_typesupport_c__pyext[0m
[17.971s] [ 92%] [32mBuilding C object CMakeFiles/rvr_msgs__rosidl_typesupport_fastrtps_c__pyext.dir/rosidl_generator_py/rvr_msgs/_rvr_msgs_s.ep.rosidl_typesupport_fastrtps_c.c.o[0m
[17.971s] [ 93%] [32mBuilding C object CMakeFiles/rvr_msgs__rosidl_typesupport_introspection_c__pyext.dir/rosidl_generator_py/rvr_msgs/_rvr_msgs_s.ep.rosidl_typesupport_introspection_c.c.o[0m
[17.971s] [ 95%] [32mBuilding C object CMakeFiles/rvr_msgs__rosidl_typesupport_c__pyext.dir/rosidl_generator_py/rvr_msgs/_rvr_msgs_s.ep.rosidl_typesupport_c.c.o[0m
[18.336s] [ 96%] [32m[1mLinking C shared library rosidl_generator_py/rvr_msgs/rvr_msgs_s__rosidl_typesupport_c.cpython-310-x86_64-linux-gnu.so[0m
[18.354s] [ 98%] [32m[1mLinking C shared library rosidl_generator_py/rvr_msgs/rvr_msgs_s__rosidl_typesupport_introspection_c.cpython-310-x86_64-linux-gnu.so[0m
[18.379s] [100%] [32m[1mLinking C shared library rosidl_generator_py/rvr_msgs/rvr_msgs_s__rosidl_typesupport_fastrtps_c.cpython-310-x86_64-linux-gnu.so[0m
[18.448s] [100%] Built target rvr_msgs__rosidl_typesupport_c__pyext
[18.467s] [100%] Built target rvr_msgs__rosidl_typesupport_introspection_c__pyext
[18.509s] [100%] Built target rvr_msgs__rosidl_typesupport_fastrtps_c__pyext
[18.570s] Invoked command in '/home/mztejero/rvr_ros2_ws/build/rvr_msgs' returned '0': CMAKE_PREFIX_PATH=${CMAKE_PREFIX_PATH}:/home/mztejero/rover_ws/install/hardware_interface:/opt/ros/humble /usr/bin/cmake --build /home/mztejero/rvr_ros2_ws/build/rvr_msgs -- -j4 -l4
[18.624s] Invoking command in '/home/mztejero/rvr_ros2_ws/build/rvr_msgs': CMAKE_PREFIX_PATH=${CMAKE_PREFIX_PATH}:/home/mztejero/rover_ws/install/hardware_interface:/opt/ros/humble /usr/bin/cmake --install /home/mztejero/rvr_ros2_ws/build/rvr_msgs
[18.642s] -- Install configuration: ""
[18.647s] -- Installing: /home/mztejero/rvr_ros2_ws/install/rvr_msgs/share/ament_index/resource_index/rosidl_interfaces/rvr_msgs
[18.651s] -- Up-to-date: /home/mztejero/rvr_ros2_ws/install/rvr_msgs/include/rvr_msgs/rvr_msgs
[18.652s] -- Up-to-date: /home/mztejero/rvr_ros2_ws/install/rvr_msgs/include/rvr_msgs/rvr_msgs/msg
[18.656s] -- Installing: /home/mztejero/rvr_ros2_ws/install/rvr_msgs/include/rvr_msgs/rvr_msgs/msg/rover_data.h
[18.656s] -- Installing: /home/mztejero/rvr_ros2_ws/install/rvr_msgs/include/rvr_msgs/rvr_msgs/msg/vector3.h
[18.657s] -- Installing: /home/mztejero/rvr_ros2_ws/install/rvr_msgs/include/rvr_msgs/rvr_msgs/msg/wheel4.h
[18.658s] -- Up-to-date: /home/mztejero/rvr_ros2_ws/install/rvr_msgs/include/rvr_msgs/rvr_msgs/msg/detail
[18.659s] -- Installing: /home/mztejero/rvr_ros2_ws/install/rvr_msgs/include/rvr_msgs/rvr_msgs/msg/detail/rover_data__type_support.h
[18.660s] -- Installing: /home/mztejero/rvr_ros2_ws/install/rvr_msgs/include/rvr_msgs/rvr_msgs/msg/detail/wheel4__functions.c
[18.661s] -- Installing: /home/mztejero/rvr_ros2_ws/install/rvr_msgs/include/rvr_msgs/rvr_msgs/msg/detail/vector3__struct.h
[18.661s] -- Installing: /home/mztejero/rvr_ros2_ws/install/rvr_msgs/include/rvr_msgs/rvr_msgs/msg/detail/pos_data__struct.h
[18.662s] -- Installing: /home/mztejero/rvr_ros2_ws/install/rvr_msgs/include/rvr_msgs/rvr_msgs/msg/detail/command_velocities__struct.h
[18.663s] -- Installing: /home/mztejero/rvr_ros2_ws/install/rvr_msgs/include/rvr_msgs/rvr_msgs/msg/detail/vector3__functions.c
[18.663s] -- Installing: /home/mztejero/rvr_ros2_ws/install/rvr_msgs/include/rvr_msgs/rvr_msgs/msg/detail/vector3__functions.h
[18.664s] -- Installing: /home/mztejero/rvr_ros2_ws/install/rvr_msgs/include/rvr_msgs/rvr_msgs/msg/detail/command_velocities__type_support.h
[18.664s] -- Installing: /home/mztejero/rvr_ros2_ws/install/rvr_msgs/include/rvr_msgs/rvr_msgs/msg/detail/wheel4__struct.h
[18.664s] -- Installing: /home/mztejero/rvr_ros2_ws/install/rvr_msgs/include/rvr_msgs/rvr_msgs/msg/detail/command_velocities__functions.c
[18.664s] -- Installing: /home/mztejero/rvr_ros2_ws/install/rvr_msgs/include/rvr_msgs/rvr_msgs/msg/detail/rover_data__functions.h
[18.664s] -- Installing: /home/mztejero/rvr_ros2_ws/install/rvr_msgs/include/rvr_msgs/rvr_msgs/msg/detail/wheel4__functions.h
[18.665s] -- Installing: /home/mztejero/rvr_ros2_ws/install/rvr_msgs/include/rvr_msgs/rvr_msgs/msg/detail/pos_data__functions.h
[18.665s] -- Installing: /home/mztejero/rvr_ros2_ws/install/rvr_msgs/include/rvr_msgs/rvr_msgs/msg/detail/rover_data__struct.h
[18.666s] -- Installing: /home/mztejero/rvr_ros2_ws/install/rvr_msgs/include/rvr_msgs/rvr_msgs/msg/detail/rover_data__functions.c
[18.666s] -- Installing: /home/mztejero/rvr_ros2_ws/install/rvr_msgs/include/rvr_msgs/rvr_msgs/msg/detail/vector3__type_support.h
[18.667s] -- Installing: /home/mztejero/rvr_ros2_ws/install/rvr_msgs/include/rvr_msgs/rvr_msgs/msg/detail/pos_data__functions.c
[18.667s] -- Installing: /home/mztejero/rvr_ros2_ws/install/rvr_msgs/include/rvr_msgs/rvr_msgs/msg/detail/command_velocities__functions.h
[18.668s] -- Installing: /home/mztejero/rvr_ros2_ws/install/rvr_msgs/include/rvr_msgs/rvr_msgs/msg/detail/wheel4__type_support.h
[18.669s] -- Installing: /home/mztejero/rvr_ros2_ws/install/rvr_msgs/include/rvr_msgs/rvr_msgs/msg/detail/pos_data__type_support.h
[18.670s] -- Installing: /home/mztejero/rvr_ros2_ws/install/rvr_msgs/include/rvr_msgs/rvr_msgs/msg/command_velocities.h
[18.670s] -- Installing: /home/mztejero/rvr_ros2_ws/install/rvr_msgs/include/rvr_msgs/rvr_msgs/msg/pos_data.h
[18.671s] -- Up-to-date: /home/mztejero/rvr_ros2_ws/install/rvr_msgs/include/rvr_msgs/rvr_msgs/msg/rosidl_generator_c__visibility_control.h
[18.671s] -- Up-to-date: /home/mztejero/rvr_ros2_ws/install/rvr_msgs/share/rvr_msgs/environment/library_path.sh
[18.671s] -- Installing: /home/mztejero/rvr_ros2_ws/install/rvr_msgs/share/rvr_msgs/environment/library_path.dsv
[18.673s] -- Installing: /home/mztejero/rvr_ros2_ws/install/rvr_msgs/lib/librvr_msgs__rosidl_generator_c.so
[18.673s] -- Set runtime path of "/home/mztejero/rvr_ros2_ws/install/rvr_msgs/lib/librvr_msgs__rosidl_generator_c.so" to ""
[18.673s] -- Up-to-date: /home/mztejero/rvr_ros2_ws/install/rvr_msgs/include/rvr_msgs/rvr_msgs
[18.674s] -- Up-to-date: /home/mztejero/rvr_ros2_ws/install/rvr_msgs/include/rvr_msgs/rvr_msgs/msg
[18.674s] -- Up-to-date: /home/mztejero/rvr_ros2_ws/install/rvr_msgs/include/rvr_msgs/rvr_msgs/msg/detail
[18.676s] -- Installing: /home/mztejero/rvr_ros2_ws/install/rvr_msgs/include/rvr_msgs/rvr_msgs/msg/detail/vector3__rosidl_typesupport_fastrtps_c.h
[18.677s] -- Installing: /home/mztejero/rvr_ros2_ws/install/rvr_msgs/include/rvr_msgs/rvr_msgs/msg/detail/wheel4__rosidl_typesupport_fastrtps_c.h
[18.678s] -- Installing: /home/mztejero/rvr_ros2_ws/install/rvr_msgs/include/rvr_msgs/rvr_msgs/msg/detail/rover_data__rosidl_typesupport_fastrtps_c.h
[18.679s] -- Installing: /home/mztejero/rvr_ros2_ws/install/rvr_msgs/include/rvr_msgs/rvr_msgs/msg/detail/pos_data__rosidl_typesupport_fastrtps_c.h
[18.679s] -- Installing: /home/mztejero/rvr_ros2_ws/install/rvr_msgs/include/rvr_msgs/rvr_msgs/msg/detail/command_velocities__rosidl_typesupport_fastrtps_c.h
[18.680s] -- Up-to-date: /home/mztejero/rvr_ros2_ws/install/rvr_msgs/include/rvr_msgs/rvr_msgs/msg/rosidl_typesupport_fastrtps_c__visibility_control.h
[18.680s] -- Installing: /home/mztejero/rvr_ros2_ws/install/rvr_msgs/lib/librvr_msgs__rosidl_typesupport_fastrtps_c.so
[18.681s] -- Set runtime path of "/home/mztejero/rvr_ros2_ws/install/rvr_msgs/lib/librvr_msgs__rosidl_typesupport_fastrtps_c.so" to ""
[18.681s] -- Up-to-date: /home/mztejero/rvr_ros2_ws/install/rvr_msgs/include/rvr_msgs/rvr_msgs
[18.681s] -- Up-to-date: /home/mztejero/rvr_ros2_ws/install/rvr_msgs/include/rvr_msgs/rvr_msgs/msg
[18.681s] -- Up-to-date: /home/mztejero/rvr_ros2_ws/install/rvr_msgs/include/rvr_msgs/rvr_msgs/msg/detail
[18.682s] -- Installing: /home/mztejero/rvr_ros2_ws/install/rvr_msgs/include/rvr_msgs/rvr_msgs/msg/detail/pos_data__type_support.c
[18.683s] -- Installing: /home/mztejero/rvr_ros2_ws/install/rvr_msgs/include/rvr_msgs/rvr_msgs/msg/detail/vector3__type_support.c
[18.684s] -- Installing: /home/mztejero/rvr_ros2_ws/install/rvr_msgs/include/rvr_msgs/rvr_msgs/msg/detail/wheel4__rosidl_typesupport_introspection_c.h
[18.684s] -- Installing: /home/mztejero/rvr_ros2_ws/install/rvr_msgs/include/rvr_msgs/rvr_msgs/msg/detail/command_velocities__rosidl_typesupport_introspection_c.h
[18.684s] -- Installing: /home/mztejero/rvr_ros2_ws/install/rvr_msgs/include/rvr_msgs/rvr_msgs/msg/detail/rover_data__rosidl_typesupport_introspection_c.h
[18.685s] -- Installing: /home/mztejero/rvr_ros2_ws/install/rvr_msgs/include/rvr_msgs/rvr_msgs/msg/detail/rover_data__type_support.c
[18.686s] -- Installing: /home/mztejero/rvr_ros2_ws/install/rvr_msgs/include/rvr_msgs/rvr_msgs/msg/detail/vector3__rosidl_typesupport_introspection_c.h
[18.689s] -- Installing: /home/mztejero/rvr_ros2_ws/install/rvr_msgs/include/rvr_msgs/rvr_msgs/msg/detail/pos_data__rosidl_typesupport_introspection_c.h
[18.690s] -- Installing: /home/mztejero/rvr_ros2_ws/install/rvr_msgs/include/rvr_msgs/rvr_msgs/msg/detail/wheel4__type_support.c
[18.690s] -- Installing: /home/mztejero/rvr_ros2_ws/install/rvr_msgs/include/rvr_msgs/rvr_msgs/msg/detail/command_velocities__type_support.c
[18.691s] -- Up-to-date: /home/mztejero/rvr_ros2_ws/install/rvr_msgs/include/rvr_msgs/rvr_msgs/msg/rosidl_typesupport_introspection_c__visibility_control.h
[18.692s] -- Installing: /home/mztejero/rvr_ros2_ws/install/rvr_msgs/lib/librvr_msgs__rosidl_typesupport_introspection_c.so
[18.692s] -- Set runtime path of "/home/mztejero/rvr_ros2_ws/install/rvr_msgs/lib/librvr_msgs__rosidl_typesupport_introspection_c.so" to ""
[18.693s] -- Installing: /home/mztejero/rvr_ros2_ws/install/rvr_msgs/lib/librvr_msgs__rosidl_typesupport_c.so
[18.694s] -- Set runtime path of "/home/mztejero/rvr_ros2_ws/install/rvr_msgs/lib/librvr_msgs__rosidl_typesupport_c.so" to ""
[18.695s] -- Up-to-date: /home/mztejero/rvr_ros2_ws/install/rvr_msgs/include/rvr_msgs/rvr_msgs
[18.695s] -- Up-to-date: /home/mztejero/rvr_ros2_ws/install/rvr_msgs/include/rvr_msgs/rvr_msgs/msg
[18.695s] -- Installing: /home/mztejero/rvr_ros2_ws/install/rvr_msgs/include/rvr_msgs/rvr_msgs/msg/vector3.hpp
[18.695s] -- Installing: /home/mztejero/rvr_ros2_ws/install/rvr_msgs/include/rvr_msgs/rvr_msgs/msg/pos_data.hpp
[18.696s] -- Installing: /home/mztejero/rvr_ros2_ws/install/rvr_msgs/include/rvr_msgs/rvr_msgs/msg/wheel4.hpp
[18.697s] -- Up-to-date: /home/mztejero/rvr_ros2_ws/install/rvr_msgs/include/rvr_msgs/rvr_msgs/msg/detail
[18.697s] -- Installing: /home/mztejero/rvr_ros2_ws/install/rvr_msgs/include/rvr_msgs/rvr_msgs/msg/detail/rover_data__builder.hpp
[18.699s] -- Installing: /home/mztejero/rvr_ros2_ws/install/rvr_msgs/include/rvr_msgs/rvr_msgs/msg/detail/rover_data__type_support.hpp
[18.700s] -- Installing: /home/mztejero/rvr_ros2_ws/install/rvr_msgs/include/rvr_msgs/rvr_msgs/msg/detail/vector3__traits.hpp
[18.703s] -- Installing: /home/mztejero/rvr_ros2_ws/install/rvr_msgs/include/rvr_msgs/rvr_msgs/msg/detail/command_velocities__type_support.hpp
[18.703s] -- Installing: /home/mztejero/rvr_ros2_ws/install/rvr_msgs/include/rvr_msgs/rvr_msgs/msg/detail/pos_data__traits.hpp
[18.703s] -- Installing: /home/mztejero/rvr_ros2_ws/install/rvr_msgs/include/rvr_msgs/rvr_msgs/msg/detail/wheel4__type_support.hpp
[18.707s] -- Installing: /home/mztejero/rvr_ros2_ws/install/rvr_msgs/include/rvr_msgs/rvr_msgs/msg/detail/wheel4__builder.hpp
[18.710s] -- Installing: /home/mztejero/rvr_ros2_ws/install/rvr_msgs/include/rvr_msgs/rvr_msgs/msg/detail/command_velocities__builder.hpp
[18.711s] -- Installing: /home/mztejero/rvr_ros2_ws/install/rvr_msgs/include/rvr_msgs/rvr_msgs/msg/detail/pos_data__struct.hpp
[18.712s] -- Installing: /home/mztejero/rvr_ros2_ws/install/rvr_msgs/include/rvr_msgs/rvr_msgs/msg/detail/rover_data__struct.hpp
[18.712s] -- Installing: /home/mztejero/rvr_ros2_ws/install/rvr_msgs/include/rvr_msgs/rvr_msgs/msg/detail/rover_data__traits.hpp
[18.713s] -- Installing: /home/mztejero/rvr_ros2_ws/install/rvr_msgs/include/rvr_msgs/rvr_msgs/msg/detail/vector3__struct.hpp
[18.713s] -- Installing: /home/mztejero/rvr_ros2_ws/install/rvr_msgs/include/rvr_msgs/rvr_msgs/msg/detail/wheel4__traits.hpp
[18.713s] -- Installing: /home/mztejero/rvr_ros2_ws/install/rvr_msgs/include/rvr_msgs/rvr_msgs/msg/detail/pos_data__type_support.hpp
[18.713s] -- Installing: /home/mztejero/rvr_ros2_ws/install/rvr_msgs/include/rvr_msgs/rvr_msgs/msg/detail/wheel4__struct.hpp
[18.715s] -- Installing: /home/mztejero/rvr_ros2_ws/install/rvr_msgs/include/rvr_msgs/rvr_msgs/msg/detail/vector3__builder.hpp
[18.716s] -- Installing: /home/mztejero/rvr_ros2_ws/install/rvr_msgs/include/rvr_msgs/rvr_msgs/msg/detail/pos_data__builder.hpp
[18.717s] -- Installing: /home/mztejero/rvr_ros2_ws/install/rvr_msgs/include/rvr_msgs/rvr_msgs/msg/detail/vector3__type_support.hpp
[18.718s] -- Installing: /home/mztejero/rvr_ros2_ws/install/rvr_msgs/include/rvr_msgs/rvr_msgs/msg/detail/command_velocities__traits.hpp
[18.718s] -- Installing: /home/mztejero/rvr_ros2_ws/install/rvr_msgs/include/rvr_msgs/rvr_msgs/msg/detail/command_velocities__struct.hpp
[18.719s] -- Installing: /home/mztejero/rvr_ros2_ws/install/rvr_msgs/include/rvr_msgs/rvr_msgs/msg/command_velocities.hpp
[18.721s] -- Up-to-date: /home/mztejero/rvr_ros2_ws/install/rvr_msgs/include/rvr_msgs/rvr_msgs/msg/rosidl_generator_cpp__visibility_control.hpp
[18.721s] -- Installing: /home/mztejero/rvr_ros2_ws/install/rvr_msgs/include/rvr_msgs/rvr_msgs/msg/rover_data.hpp
[18.722s] -- Up-to-date: /home/mztejero/rvr_ros2_ws/install/rvr_msgs/include/rvr_msgs/rvr_msgs
[18.723s] -- Up-to-date: /home/mztejero/rvr_ros2_ws/install/rvr_msgs/include/rvr_msgs/rvr_msgs/msg
[18.724s] -- Up-to-date: /home/mztejero/rvr_ros2_ws/install/rvr_msgs/include/rvr_msgs/rvr_msgs/msg/detail
[18.724s] -- Installing: /home/mztejero/rvr_ros2_ws/install/rvr_msgs/include/rvr_msgs/rvr_msgs/msg/detail/command_velocities__rosidl_typesupport_fastrtps_cpp.hpp
[18.726s] -- Installing: /home/mztejero/rvr_ros2_ws/install/rvr_msgs/include/rvr_msgs/rvr_msgs/msg/detail/wheel4__rosidl_typesupport_fastrtps_cpp.hpp
[18.727s] -- Installing: /home/mztejero/rvr_ros2_ws/install/rvr_msgs/include/rvr_msgs/rvr_msgs/msg/detail/vector3__rosidl_typesupport_fastrtps_cpp.hpp
[18.728s] -- Installing: /home/mztejero/rvr_ros2_ws/install/rvr_msgs/include/rvr_msgs/rvr_msgs/msg/detail/rover_data__rosidl_typesupport_fastrtps_cpp.hpp
[18.729s] -- Installing: /home/mztejero/rvr_ros2_ws/install/rvr_msgs/include/rvr_msgs/rvr_msgs/msg/detail/pos_data__rosidl_typesupport_fastrtps_cpp.hpp
[18.729s] -- Up-to-date: /home/mztejero/rvr_ros2_ws/install/rvr_msgs/include/rvr_msgs/rvr_msgs/msg/detail/dds_fastrtps
[18.730s] -- Up-to-date: /home/mztejero/rvr_ros2_ws/install/rvr_msgs/include/rvr_msgs/rvr_msgs/msg/rosidl_typesupport_fastrtps_cpp__visibility_control.h
[18.730s] -- Installing: /home/mztejero/rvr_ros2_ws/install/rvr_msgs/lib/librvr_msgs__rosidl_typesupport_fastrtps_cpp.so
[18.732s] -- Set runtime path of "/home/mztejero/rvr_ros2_ws/install/rvr_msgs/lib/librvr_msgs__rosidl_typesupport_fastrtps_cpp.so" to ""
[18.732s] -- Up-to-date: /home/mztejero/rvr_ros2_ws/install/rvr_msgs/include/rvr_msgs/rvr_msgs
[18.734s] -- Up-to-date: /home/mztejero/rvr_ros2_ws/install/rvr_msgs/include/rvr_msgs/rvr_msgs/msg
[18.735s] -- Up-to-date: /home/mztejero/rvr_ros2_ws/install/rvr_msgs/include/rvr_msgs/rvr_msgs/msg/detail
[18.736s] -- Installing: /home/mztejero/rvr_ros2_ws/install/rvr_msgs/include/rvr_msgs/rvr_msgs/msg/detail/wheel4__rosidl_typesupport_introspection_cpp.hpp
[18.736s] -- Installing: /home/mztejero/rvr_ros2_ws/install/rvr_msgs/include/rvr_msgs/rvr_msgs/msg/detail/vector3__rosidl_typesupport_introspection_cpp.hpp
[18.737s] -- Installing: /home/mztejero/rvr_ros2_ws/install/rvr_msgs/include/rvr_msgs/rvr_msgs/msg/detail/command_velocities__type_support.cpp
[18.737s] -- Installing: /home/mztejero/rvr_ros2_ws/install/rvr_msgs/include/rvr_msgs/rvr_msgs/msg/detail/wheel4__type_support.cpp
[18.738s] -- Installing: /home/mztejero/rvr_ros2_ws/install/rvr_msgs/include/rvr_msgs/rvr_msgs/msg/detail/rover_data__type_support.cpp
[18.739s] -- Installing: /home/mztejero/rvr_ros2_ws/install/rvr_msgs/include/rvr_msgs/rvr_msgs/msg/detail/vector3__type_support.cpp
[18.739s] -- Installing: /home/mztejero/rvr_ros2_ws/install/rvr_msgs/include/rvr_msgs/rvr_msgs/msg/detail/rover_data__rosidl_typesupport_introspection_cpp.hpp
[18.741s] -- Installing: /home/mztejero/rvr_ros2_ws/install/rvr_msgs/include/rvr_msgs/rvr_msgs/msg/detail/pos_data__type_support.cpp
[18.741s] -- Installing: /home/mztejero/rvr_ros2_ws/install/rvr_msgs/include/rvr_msgs/rvr_msgs/msg/detail/pos_data__rosidl_typesupport_introspection_cpp.hpp
[18.742s] -- Installing: /home/mztejero/rvr_ros2_ws/install/rvr_msgs/include/rvr_msgs/rvr_msgs/msg/detail/command_velocities__rosidl_typesupport_introspection_cpp.hpp
[18.743s] -- Installing: /home/mztejero/rvr_ros2_ws/install/rvr_msgs/lib/librvr_msgs__rosidl_typesupport_introspection_cpp.so
[18.743s] -- Set runtime path of "/home/mztejero/rvr_ros2_ws/install/rvr_msgs/lib/librvr_msgs__rosidl_typesupport_introspection_cpp.so" to ""
[18.743s] -- Installing: /home/mztejero/rvr_ros2_ws/install/rvr_msgs/lib/librvr_msgs__rosidl_typesupport_cpp.so
[18.744s] -- Set runtime path of "/home/mztejero/rvr_ros2_ws/install/rvr_msgs/lib/librvr_msgs__rosidl_typesupport_cpp.so" to ""
[18.745s] -- Up-to-date: /home/mztejero/rvr_ros2_ws/install/rvr_msgs/share/rvr_msgs/environment/pythonpath.sh
[18.745s] -- Installing: /home/mztejero/rvr_ros2_ws/install/rvr_msgs/share/rvr_msgs/environment/pythonpath.dsv
[18.745s] -- Up-to-date: /home/mztejero/rvr_ros2_ws/install/rvr_msgs/local/lib/python3.10/dist-packages/rvr_msgs-0.0.0-py3.10.egg-info
[18.747s] -- Installing: /home/mztejero/rvr_ros2_ws/install/rvr_msgs/local/lib/python3.10/dist-packages/rvr_msgs-0.0.0-py3.10.egg-info/PKG-INFO
[18.747s] -- Installing: /home/mztejero/rvr_ros2_ws/install/rvr_msgs/local/lib/python3.10/dist-packages/rvr_msgs-0.0.0-py3.10.egg-info/SOURCES.txt
[18.750s] -- Installing: /home/mztejero/rvr_ros2_ws/install/rvr_msgs/local/lib/python3.10/dist-packages/rvr_msgs-0.0.0-py3.10.egg-info/top_level.txt
[18.751s] -- Installing: /home/mztejero/rvr_ros2_ws/install/rvr_msgs/local/lib/python3.10/dist-packages/rvr_msgs-0.0.0-py3.10.egg-info/dependency_links.txt
[18.752s] -- Up-to-date: /home/mztejero/rvr_ros2_ws/install/rvr_msgs/local/lib/python3.10/dist-packages/rvr_msgs
[18.754s] -- Up-to-date: /home/mztejero/rvr_ros2_ws/install/rvr_msgs/local/lib/python3.10/dist-packages/rvr_msgs/msg
[18.755s] -- Installing: /home/mztejero/rvr_ros2_ws/install/rvr_msgs/local/lib/python3.10/dist-packages/rvr_msgs/msg/_vector3.py
[18.757s] -- Installing: /home/mztejero/rvr_ros2_ws/install/rvr_msgs/local/lib/python3.10/dist-packages/rvr_msgs/msg/_wheel4_s.c
[18.758s] -- Installing: /home/mztejero/rvr_ros2_ws/install/rvr_msgs/local/lib/python3.10/dist-packages/rvr_msgs/msg/_command_velocities_s.c
[18.758s] -- Installing: /home/mztejero/rvr_ros2_ws/install/rvr_msgs/local/lib/python3.10/dist-packages/rvr_msgs/msg/__init__.py
[18.758s] -- Installing: /home/mztejero/rvr_ros2_ws/install/rvr_msgs/local/lib/python3.10/dist-packages/rvr_msgs/msg/_rover_data.py
[18.758s] -- Installing: /home/mztejero/rvr_ros2_ws/install/rvr_msgs/local/lib/python3.10/dist-packages/rvr_msgs/msg/_pos_data_s.c
[18.759s] -- Installing: /home/mztejero/rvr_ros2_ws/install/rvr_msgs/local/lib/python3.10/dist-packages/rvr_msgs/msg/_wheel4.py
[18.760s] -- Installing: /home/mztejero/rvr_ros2_ws/install/rvr_msgs/local/lib/python3.10/dist-packages/rvr_msgs/msg/_command_velocities.py
[18.760s] -- Installing: /home/mztejero/rvr_ros2_ws/install/rvr_msgs/local/lib/python3.10/dist-packages/rvr_msgs/msg/_rover_data_s.c
[18.760s] -- Installing: /home/mztejero/rvr_ros2_ws/install/rvr_msgs/local/lib/python3.10/dist-packages/rvr_msgs/msg/_vector3_s.c
[18.761s] -- Installing: /home/mztejero/rvr_ros2_ws/install/rvr_msgs/local/lib/python3.10/dist-packages/rvr_msgs/msg/_pos_data.py
[18.762s] -- Installing: /home/mztejero/rvr_ros2_ws/install/rvr_msgs/local/lib/python3.10/dist-packages/rvr_msgs/__init__.py
[18.762s] -- Installing: /home/mztejero/rvr_ros2_ws/install/rvr_msgs/local/lib/python3.10/dist-packages/rvr_msgs/librvr_msgs__rosidl_generator_py.so
[18.763s] -- Installing: /home/mztejero/rvr_ros2_ws/install/rvr_msgs/local/lib/python3.10/dist-packages/rvr_msgs/_rvr_msgs_s.ep.rosidl_typesupport_fastrtps_c.c
[18.763s] -- Installing: /home/mztejero/rvr_ros2_ws/install/rvr_msgs/local/lib/python3.10/dist-packages/rvr_msgs/_rvr_msgs_s.ep.rosidl_typesupport_introspection_c.c
[18.763s] -- Installing: /home/mztejero/rvr_ros2_ws/install/rvr_msgs/local/lib/python3.10/dist-packages/rvr_msgs/rvr_msgs_s__rosidl_typesupport_fastrtps_c.cpython-310-x86_64-linux-gnu.so
[18.764s] -- Installing: /home/mztejero/rvr_ros2_ws/install/rvr_msgs/local/lib/python3.10/dist-packages/rvr_msgs/_rvr_msgs_s.ep.rosidl_typesupport_c.c
[18.764s] -- Installing: /home/mztejero/rvr_ros2_ws/install/rvr_msgs/local/lib/python3.10/dist-packages/rvr_msgs/rvr_msgs_s__rosidl_typesupport_c.cpython-310-x86_64-linux-gnu.so
[18.764s] -- Installing: /home/mztejero/rvr_ros2_ws/install/rvr_msgs/local/lib/python3.10/dist-packages/rvr_msgs/rvr_msgs_s__rosidl_typesupport_introspection_c.cpython-310-x86_64-linux-gnu.so
[18.873s] Listing '/home/mztejero/rvr_ros2_ws/install/rvr_msgs/local/lib/python3.10/dist-packages/rvr_msgs'...
[18.874s] Compiling '/home/mztejero/rvr_ros2_ws/install/rvr_msgs/local/lib/python3.10/dist-packages/rvr_msgs/__init__.py'...
[18.875s] Listing '/home/mztejero/rvr_ros2_ws/install/rvr_msgs/local/lib/python3.10/dist-packages/rvr_msgs/msg'...
[18.875s] Compiling '/home/mztejero/rvr_ros2_ws/install/rvr_msgs/local/lib/python3.10/dist-packages/rvr_msgs/msg/__init__.py'...
[18.875s] Compiling '/home/mztejero/rvr_ros2_ws/install/rvr_msgs/local/lib/python3.10/dist-packages/rvr_msgs/msg/_command_velocities.py'...
[18.875s] Compiling '/home/mztejero/rvr_ros2_ws/install/rvr_msgs/local/lib/python3.10/dist-packages/rvr_msgs/msg/_pos_data.py'...
[18.876s] Compiling '/home/mztejero/rvr_ros2_ws/install/rvr_msgs/local/lib/python3.10/dist-packages/rvr_msgs/msg/_rover_data.py'...
[18.876s] Compiling '/home/mztejero/rvr_ros2_ws/install/rvr_msgs/local/lib/python3.10/dist-packages/rvr_msgs/msg/_vector3.py'...
[18.877s] Compiling '/home/mztejero/rvr_ros2_ws/install/rvr_msgs/local/lib/python3.10/dist-packages/rvr_msgs/msg/_wheel4.py'...
[18.886s] -- Installing: /home/mztejero/rvr_ros2_ws/install/rvr_msgs/local/lib/python3.10/dist-packages/rvr_msgs/rvr_msgs_s__rosidl_typesupport_fastrtps_c.cpython-310-x86_64-linux-gnu.so
[18.887s] -- Set runtime path of "/home/mztejero/rvr_ros2_ws/install/rvr_msgs/local/lib/python3.10/dist-packages/rvr_msgs/rvr_msgs_s__rosidl_typesupport_fastrtps_c.cpython-310-x86_64-linux-gnu.so" to ""
[18.888s] -- Installing: /home/mztejero/rvr_ros2_ws/install/rvr_msgs/local/lib/python3.10/dist-packages/rvr_msgs/rvr_msgs_s__rosidl_typesupport_introspection_c.cpython-310-x86_64-linux-gnu.so
[18.890s] -- Set runtime path of "/home/mztejero/rvr_ros2_ws/install/rvr_msgs/local/lib/python3.10/dist-packages/rvr_msgs/rvr_msgs_s__rosidl_typesupport_introspection_c.cpython-310-x86_64-linux-gnu.so" to ""
[18.893s] -- Installing: /home/mztejero/rvr_ros2_ws/install/rvr_msgs/local/lib/python3.10/dist-packages/rvr_msgs/rvr_msgs_s__rosidl_typesupport_c.cpython-310-x86_64-linux-gnu.so
[18.896s] -- Set runtime path of "/home/mztejero/rvr_ros2_ws/install/rvr_msgs/local/lib/python3.10/dist-packages/rvr_msgs/rvr_msgs_s__rosidl_typesupport_c.cpython-310-x86_64-linux-gnu.so" to ""
[18.897s] -- Installing: /home/mztejero/rvr_ros2_ws/install/rvr_msgs/lib/librvr_msgs__rosidl_generator_py.so
[18.900s] -- Set runtime path of "/home/mztejero/rvr_ros2_ws/install/rvr_msgs/lib/librvr_msgs__rosidl_generator_py.so" to ""
[18.901s] -- Up-to-date: /home/mztejero/rvr_ros2_ws/install/rvr_msgs/share/rvr_msgs/msg/CommandVelocities.idl
[18.904s] -- Installing: /home/mztejero/rvr_ros2_ws/install/rvr_msgs/share/rvr_msgs/msg/Vector3.idl
[18.905s] -- Installing: /home/mztejero/rvr_ros2_ws/install/rvr_msgs/share/rvr_msgs/msg/Wheel4.idl
[18.907s] -- Installing: /home/mztejero/rvr_ros2_ws/install/rvr_msgs/share/rvr_msgs/msg/RoverData.idl
[18.908s] -- Installing: /home/mztejero/rvr_ros2_ws/install/rvr_msgs/share/rvr_msgs/msg/PosData.idl
[18.908s] -- Up-to-date: /home/mztejero/rvr_ros2_ws/install/rvr_msgs/share/rvr_msgs/msg/CommandVelocities.msg
[18.909s] -- Installing: /home/mztejero/rvr_ros2_ws/install/rvr_msgs/share/rvr_msgs/msg/Vector3.msg
[18.910s] -- Installing: /home/mztejero/rvr_ros2_ws/install/rvr_msgs/share/rvr_msgs/msg/Wheel4.msg
[18.910s] -- Installing: /home/mztejero/rvr_ros2_ws/install/rvr_msgs/share/rvr_msgs/msg/RoverData.msg
[18.912s] -- Installing: /home/mztejero/rvr_ros2_ws/install/rvr_msgs/share/rvr_msgs/msg/PosData.msg
[18.912s] -- Up-to-date: /home/mztejero/rvr_ros2_ws/install/rvr_msgs/share/ament_index/resource_index/package_run_dependencies/rvr_msgs
[18.913s] -- Installing: /home/mztejero/rvr_ros2_ws/install/rvr_msgs/share/ament_index/resource_index/parent_prefix_path/rvr_msgs
[18.913s] -- Up-to-date: /home/mztejero/rvr_ros2_ws/install/rvr_msgs/share/rvr_msgs/environment/ament_prefix_path.sh
[18.913s] -- Installing: /home/mztejero/rvr_ros2_ws/install/rvr_msgs/share/rvr_msgs/environment/ament_prefix_path.dsv
[18.914s] -- Up-to-date: /home/mztejero/rvr_ros2_ws/install/rvr_msgs/share/rvr_msgs/environment/path.sh
[18.916s] -- Installing: /home/mztejero/rvr_ros2_ws/install/rvr_msgs/share/rvr_msgs/environment/path.dsv
[18.916s] -- Up-to-date: /home/mztejero/rvr_ros2_ws/install/rvr_msgs/share/rvr_msgs/local_setup.bash
[18.916s] -- Up-to-date: /home/mztejero/rvr_ros2_ws/install/rvr_msgs/share/rvr_msgs/local_setup.sh
[18.918s] -- Up-to-date: /home/mztejero/rvr_ros2_ws/install/rvr_msgs/share/rvr_msgs/local_setup.zsh
[18.919s] -- Installing: /home/mztejero/rvr_ros2_ws/install/rvr_msgs/share/rvr_msgs/local_setup.dsv
[18.920s] -- Installing: /home/mztejero/rvr_ros2_ws/install/rvr_msgs/share/rvr_msgs/package.dsv
[18.921s] -- Up-to-date: /home/mztejero/rvr_ros2_ws/install/rvr_msgs/share/ament_index/resource_index/packages/rvr_msgs
[18.922s] -- Up-to-date: /home/mztejero/rvr_ros2_ws/install/rvr_msgs/share/rvr_msgs/cmake/export_rvr_msgs__rosidl_generator_cExport.cmake
[18.922s] -- Up-to-date: /home/mztejero/rvr_ros2_ws/install/rvr_msgs/share/rvr_msgs/cmake/export_rvr_msgs__rosidl_generator_cExport-noconfig.cmake
[18.922s] -- Up-to-date: /home/mztejero/rvr_ros2_ws/install/rvr_msgs/share/rvr_msgs/cmake/export_rvr_msgs__rosidl_typesupport_fastrtps_cExport.cmake
[18.923s] -- Up-to-date: /home/mztejero/rvr_ros2_ws/install/rvr_msgs/share/rvr_msgs/cmake/export_rvr_msgs__rosidl_typesupport_fastrtps_cExport-noconfig.cmake
[18.924s] -- Up-to-date: /home/mztejero/rvr_ros2_ws/install/rvr_msgs/share/rvr_msgs/cmake/rvr_msgs__rosidl_typesupport_introspection_cExport.cmake
[18.924s] -- Up-to-date: /home/mztejero/rvr_ros2_ws/install/rvr_msgs/share/rvr_msgs/cmake/rvr_msgs__rosidl_typesupport_introspection_cExport-noconfig.cmake
[18.927s] -- Up-to-date: /home/mztejero/rvr_ros2_ws/install/rvr_msgs/share/rvr_msgs/cmake/rvr_msgs__rosidl_typesupport_cExport.cmake
[18.927s] -- Up-to-date: /home/mztejero/rvr_ros2_ws/install/rvr_msgs/share/rvr_msgs/cmake/rvr_msgs__rosidl_typesupport_cExport-noconfig.cmake
[18.929s] -- Up-to-date: /home/mztejero/rvr_ros2_ws/install/rvr_msgs/share/rvr_msgs/cmake/export_rvr_msgs__rosidl_generator_cppExport.cmake
[18.932s] -- Up-to-date: /home/mztejero/rvr_ros2_ws/install/rvr_msgs/share/rvr_msgs/cmake/export_rvr_msgs__rosidl_typesupport_fastrtps_cppExport.cmake
[18.933s] -- Up-to-date: /home/mztejero/rvr_ros2_ws/install/rvr_msgs/share/rvr_msgs/cmake/export_rvr_msgs__rosidl_typesupport_fastrtps_cppExport-noconfig.cmake
[18.937s] -- Up-to-date: /home/mztejero/rvr_ros2_ws/install/rvr_msgs/share/rvr_msgs/cmake/rvr_msgs__rosidl_typesupport_introspection_cppExport.cmake
[18.938s] -- Up-to-date: /home/mztejero/rvr_ros2_ws/install/rvr_msgs/share/rvr_msgs/cmake/rvr_msgs__rosidl_typesupport_introspection_cppExport-noconfig.cmake
[18.939s] -- Up-to-date: /home/mztejero/rvr_ros2_ws/install/rvr_msgs/share/rvr_msgs/cmake/rvr_msgs__rosidl_typesupport_cppExport.cmake
[18.939s] -- Up-to-date: /home/mztejero/rvr_ros2_ws/install/rvr_msgs/share/rvr_msgs/cmake/rvr_msgs__rosidl_typesupport_cppExport-noconfig.cmake
[18.940s] -- Up-to-date: /home/mztejero/rvr_ros2_ws/install/rvr_msgs/share/rvr_msgs/cmake/export_rvr_msgs__rosidl_generator_pyExport.cmake
[18.941s] -- Up-to-date: /home/mztejero/rvr_ros2_ws/install/rvr_msgs/share/rvr_msgs/cmake/export_rvr_msgs__rosidl_generator_pyExport-noconfig.cmake
[18.941s] -- Installing: /home/mztejero/rvr_ros2_ws/install/rvr_msgs/share/rvr_msgs/cmake/rosidl_cmake-extras.cmake
[18.942s] -- Up-to-date: /home/mztejero/rvr_ros2_ws/install/rvr_msgs/share/rvr_msgs/cmake/ament_cmake_export_dependencies-extras.cmake
[18.942s] -- Up-to-date: /home/mztejero/rvr_ros2_ws/install/rvr_msgs/share/rvr_msgs/cmake/ament_cmake_export_include_directories-extras.cmake
[18.942s] -- Up-to-date: /home/mztejero/rvr_ros2_ws/install/rvr_msgs/share/rvr_msgs/cmake/ament_cmake_export_libraries-extras.cmake
[18.942s] -- Up-to-date: /home/mztejero/rvr_ros2_ws/install/rvr_msgs/share/rvr_msgs/cmake/ament_cmake_export_targets-extras.cmake
[18.943s] -- Up-to-date: /home/mztejero/rvr_ros2_ws/install/rvr_msgs/share/rvr_msgs/cmake/rosidl_cmake_export_typesupport_targets-extras.cmake
[18.943s] -- Up-to-date: /home/mztejero/rvr_ros2_ws/install/rvr_msgs/share/rvr_msgs/cmake/rosidl_cmake_export_typesupport_libraries-extras.cmake
[18.944s] -- Up-to-date: /home/mztejero/rvr_ros2_ws/install/rvr_msgs/share/rvr_msgs/cmake/rvr_msgsConfig.cmake
[18.945s] -- Up-to-date: /home/mztejero/rvr_ros2_ws/install/rvr_msgs/share/rvr_msgs/cmake/rvr_msgsConfig-version.cmake
[18.946s] -- Up-to-date: /home/mztejero/rvr_ros2_ws/install/rvr_msgs/share/rvr_msgs/package.xml
[18.953s] Invoked command in '/home/mztejero/rvr_ros2_ws/build/rvr_msgs' returned '0': CMAKE_PREFIX_PATH=${CMAKE_PREFIX_PATH}:/home/mztejero/rover_ws/install/hardware_interface:/opt/ros/humble /usr/bin/cmake --install /home/mztejero/rvr_ros2_ws/build/rvr_msgs
