[0.070s] Invoking command in '/home/mztejero/rvr_ros2_ws/build/controller': CMAKE_PREFIX_PATH=/home/mztejero/rvr_ros2_ws/install/rvr_msgs:/home/mztejero/rvr_ros2_ws/install/visualization:/home/mztejero/rvr_ros2_ws/install/onboard_pkg:/home/mztejero/rvr_ros2_ws/install/controller:/home/mztejero/rvr_ros2_ws/install/data_processor:/home/mztejero/ros2_ws/install/cpp_pubsub:/home/mztejero/ros2_ws/install/rover_msg:/home/mztejero/rover_ws/install/rvr_launch:/home/mztejero/rover_ws/install/msg_types:/home/mztejero/rover_ws/install/hardware_interface:/opt/ros/humble /usr/bin/cmake --build /home/mztejero/rvr_ros2_ws/build/controller -- -j4 -l4
[0.286s] -- Found ament_cmake: 1.3.12 (/opt/ros/humble/share/ament_cmake/cmake)
[0.585s] -- Found rclcpp: 16.0.15 (/opt/ros/humble/share/rclcpp/cmake)
[0.725s] -- Found rosidl_generator_c: 3.1.7 (/opt/ros/humble/share/rosidl_generator_c/cmake)
[0.733s] -- Found rosidl_adapter: 3.1.7 (/opt/ros/humble/share/rosidl_adapter/cmake)
[0.767s] -- Found rosidl_generator_cpp: 3.1.7 (/opt/ros/humble/share/rosidl_generator_cpp/cmake)
[0.797s] -- Using all available rosidl_typesupport_c: rosidl_typesupport_fastrtps_c;rosidl_typesupport_introspection_c
[0.824s] -- Using all available rosidl_typesupport_cpp: rosidl_typesupport_fastrtps_cpp;rosidl_typesupport_introspection_cpp
[1.017s] -- Found rmw_implementation_cmake: 6.1.2 (/opt/ros/humble/share/rmw_implementation_cmake/cmake)
[1.031s] -- Found rmw_fastrtps_cpp: 6.2.8 (/opt/ros/humble/share/rmw_fastrtps_cpp/cmake)
[1.372s] -- Using RMW implementation 'rmw_fastrtps_cpp' as default
[1.653s] -- Found rvr_msgs: 0.0.0 (/home/mztejero/rvr_ros2_ws/install/rvr_msgs/share/rvr_msgs/cmake)
[1.715s] -- Found ament_lint_auto: 0.12.14 (/opt/ros/humble/share/ament_lint_auto/cmake)
[1.861s] -- Added test 'cppcheck' to perform static code analysis on C / C++ code
[1.862s] -- Configured cppcheck include dirs: /home/mztejero/rvr_ros2_ws/src/controller/include
[1.862s] -- Configured cppcheck exclude dirs and/or files: 
[1.862s] -- Added test 'lint_cmake' to check CMake code style
[1.865s] -- Added test 'uncrustify' to check C / C++ code style
[1.865s] -- Configured uncrustify additional arguments: 
[1.866s] -- Added test 'xmllint' to check XML markup files
[1.875s] -- Configuring done
[1.932s] -- Generating done
[1.947s] -- Build files have been written to: /home/mztejero/rvr_ros2_ws/build/controller
[2.014s] [35m[1mConsolidate compiler generated dependencies of target rc_pub[0m
[2.204s] [ 25%] [32mBuilding CXX object CMakeFiles/rc_pub.dir/src/rc_pub_lib.cpp.o[0m
[2.205s] [ 50%] [32mBuilding CXX object CMakeFiles/rc_pub.dir/src/rc_pub_main.cpp.o[0m
[17.726s] [ 75%] [32m[1mLinking CXX executable rc_pub[0m
[18.343s] [100%] Built target rc_pub
[18.376s] Invoked command in '/home/mztejero/rvr_ros2_ws/build/controller' returned '0': CMAKE_PREFIX_PATH=/home/mztejero/rvr_ros2_ws/install/rvr_msgs:/home/mztejero/rvr_ros2_ws/install/visualization:/home/mztejero/rvr_ros2_ws/install/onboard_pkg:/home/mztejero/rvr_ros2_ws/install/controller:/home/mztejero/rvr_ros2_ws/install/data_processor:/home/mztejero/ros2_ws/install/cpp_pubsub:/home/mztejero/ros2_ws/install/rover_msg:/home/mztejero/rover_ws/install/rvr_launch:/home/mztejero/rover_ws/install/msg_types:/home/mztejero/rover_ws/install/hardware_interface:/opt/ros/humble /usr/bin/cmake --build /home/mztejero/rvr_ros2_ws/build/controller -- -j4 -l4
[18.400s] Invoking command in '/home/mztejero/rvr_ros2_ws/build/controller': CMAKE_PREFIX_PATH=/home/mztejero/rvr_ros2_ws/install/rvr_msgs:/home/mztejero/rvr_ros2_ws/install/visualization:/home/mztejero/rvr_ros2_ws/install/onboard_pkg:/home/mztejero/rvr_ros2_ws/install/controller:/home/mztejero/rvr_ros2_ws/install/data_processor:/home/mztejero/ros2_ws/install/cpp_pubsub:/home/mztejero/ros2_ws/install/rover_msg:/home/mztejero/rover_ws/install/rvr_launch:/home/mztejero/rover_ws/install/msg_types:/home/mztejero/rover_ws/install/hardware_interface:/opt/ros/humble /usr/bin/cmake --install /home/mztejero/rvr_ros2_ws/build/controller
[18.418s] -- Install configuration: ""
[18.426s] -- Installing: /home/mztejero/rvr_ros2_ws/install/controller/lib/controller/rc_pub
[18.430s] -- Set runtime path of "/home/mztejero/rvr_ros2_ws/install/controller/lib/controller/rc_pub" to ""
[18.430s] -- Up-to-date: /home/mztejero/rvr_ros2_ws/install/controller/share/ament_index/resource_index/package_run_dependencies/controller
[18.432s] -- Installing: /home/mztejero/rvr_ros2_ws/install/controller/share/ament_index/resource_index/parent_prefix_path/controller
[18.433s] -- Up-to-date: /home/mztejero/rvr_ros2_ws/install/controller/share/controller/environment/ament_prefix_path.sh
[18.433s] -- Installing: /home/mztejero/rvr_ros2_ws/install/controller/share/controller/environment/ament_prefix_path.dsv
[18.433s] -- Up-to-date: /home/mztejero/rvr_ros2_ws/install/controller/share/controller/environment/path.sh
[18.433s] -- Installing: /home/mztejero/rvr_ros2_ws/install/controller/share/controller/environment/path.dsv
[18.433s] -- Up-to-date: /home/mztejero/rvr_ros2_ws/install/controller/share/controller/local_setup.bash
[18.433s] -- Up-to-date: /home/mztejero/rvr_ros2_ws/install/controller/share/controller/local_setup.sh
[18.434s] -- Up-to-date: /home/mztejero/rvr_ros2_ws/install/controller/share/controller/local_setup.zsh
[18.434s] -- Installing: /home/mztejero/rvr_ros2_ws/install/controller/share/controller/local_setup.dsv
[18.437s] -- Installing: /home/mztejero/rvr_ros2_ws/install/controller/share/controller/package.dsv
[18.438s] -- Up-to-date: /home/mztejero/rvr_ros2_ws/install/controller/share/ament_index/resource_index/packages/controller
[18.438s] -- Up-to-date: /home/mztejero/rvr_ros2_ws/install/controller/share/controller/cmake/controllerConfig.cmake
[18.438s] -- Up-to-date: /home/mztejero/rvr_ros2_ws/install/controller/share/controller/cmake/controllerConfig-version.cmake
[18.438s] -- Up-to-date: /home/mztejero/rvr_ros2_ws/install/controller/share/controller/package.xml
[18.443s] Invoked command in '/home/mztejero/rvr_ros2_ws/build/controller' returned '0': CMAKE_PREFIX_PATH=/home/mztejero/rvr_ros2_ws/install/rvr_msgs:/home/mztejero/rvr_ros2_ws/install/visualization:/home/mztejero/rvr_ros2_ws/install/onboard_pkg:/home/mztejero/rvr_ros2_ws/install/controller:/home/mztejero/rvr_ros2_ws/install/data_processor:/home/mztejero/ros2_ws/install/cpp_pubsub:/home/mztejero/ros2_ws/install/rover_msg:/home/mztejero/rover_ws/install/rvr_launch:/home/mztejero/rover_ws/install/msg_types:/home/mztejero/rover_ws/install/hardware_interface:/opt/ros/humble /usr/bin/cmake --install /home/mztejero/rvr_ros2_ws/build/controller
