[0.121s] Invoking command in '/home/mztejero/rvr_ros2_ws/build/onboard_pkg': CMAKE_PREFIX_PATH=/home/mztejero/rvr_ros2_ws/install/rvr_msgs:/home/mztejero/rvr_ros2_ws/install/visualization:/home/mztejero/rvr_ros2_ws/install/onboard_pkg:/home/mztejero/rvr_ros2_ws/install/controller:/home/mztejero/rvr_ros2_ws/install/data_processor:/home/mztejero/ros2_ws/install/cpp_pubsub:/home/mztejero/ros2_ws/install/rover_msg:/home/mztejero/rover_ws/install/rvr_launch:/home/mztejero/rover_ws/install/msg_types:/home/mztejero/rover_ws/install/hardware_interface:/opt/ros/humble /usr/bin/cmake --build /home/mztejero/rvr_ros2_ws/build/onboard_pkg -- -j4 -l4
[0.313s] -- Found ament_cmake: 1.3.12 (/opt/ros/humble/share/ament_cmake/cmake)
[0.752s] -- Found rclcpp: 16.0.15 (/opt/ros/humble/share/rclcpp/cmake)
[0.872s] -- Found rosidl_generator_c: 3.1.7 (/opt/ros/humble/share/rosidl_generator_c/cmake)
[0.881s] -- Found rosidl_adapter: 3.1.7 (/opt/ros/humble/share/rosidl_adapter/cmake)
[0.914s] -- Found rosidl_generator_cpp: 3.1.7 (/opt/ros/humble/share/rosidl_generator_cpp/cmake)
[0.956s] -- Using all available rosidl_typesupport_c: rosidl_typesupport_fastrtps_c;rosidl_typesupport_introspection_c
[1.011s] -- Using all available rosidl_typesupport_cpp: rosidl_typesupport_fastrtps_cpp;rosidl_typesupport_introspection_cpp
[1.169s] -- Found rmw_implementation_cmake: 6.1.2 (/opt/ros/humble/share/rmw_implementation_cmake/cmake)
[1.175s] -- Found rmw_fastrtps_cpp: 6.2.8 (/opt/ros/humble/share/rmw_fastrtps_cpp/cmake)
[1.571s] -- Using RMW implementation 'rmw_fastrtps_cpp' as default
[2.324s] -- Found rvr_msgs: 0.0.0 (/home/mztejero/rvr_ros2_ws/install/rvr_msgs/share/rvr_msgs/cmake)
[3.009s] -- Found ament_lint_auto: 0.12.14 (/opt/ros/humble/share/ament_lint_auto/cmake)
[3.326s] -- Added test 'cppcheck' to perform static code analysis on C / C++ code
[3.326s] -- Configured cppcheck include dirs: /home/mztejero/rvr_ros2_ws/src/onboard_pkg/include
[3.327s] -- Configured cppcheck exclude dirs and/or files: 
[3.330s] -- Added test 'lint_cmake' to check CMake code style
[3.337s] -- Added test 'uncrustify' to check C / C++ code style
[3.337s] -- Configured uncrustify additional arguments: 
[3.339s] -- Added test 'xmllint' to check XML markup files
[3.341s] -- Configuring done
[3.422s] -- Generating done
[3.458s] -- Build files have been written to: /home/mztejero/rvr_ros2_ws/build/onboard_pkg
[3.551s] [35m[1mConsolidate compiler generated dependencies of target cmd_vel_sub[0m
[3.583s] [ 16%] [32mBuilding CXX object CMakeFiles/rvr_data_pub.dir/src/rvr_data_pub_lib.cpp.o[0m
[3.596s] [ 33%] [32mBuilding CXX object CMakeFiles/rvr_data_pub.dir/src/rvr_data_pub_main.cpp.o[0m
[3.631s] [ 83%] Built target cmd_vel_sub
[13.557s] [01m[K/home/mztejero/rvr_ros2_ws/src/onboard_pkg/src/rvr_data_pub_lib.cpp:[m[K In constructor ‘[01m[KRoverDataPublisher::RoverDataPublisher()[m[K’:
[13.558s] [01m[K/home/mztejero/rvr_ros2_ws/src/onboard_pkg/src/rvr_data_pub_lib.cpp:5:40:[m[K [01;31m[Kerror: [m[Kno matching function for call to ‘[01m[Krclcpp::Node::Node()[m[K’
[13.561s]     5 | RoverDataPublisher::RoverDataPublisher([01;31m[K)[m[K {
[13.562s]       |                                        [01;31m[K^[m[K
[13.563s] In file included from [01m[K/opt/ros/humble/include/rclcpp/rclcpp/executors/single_threaded_executor.hpp:28[m[K,
[13.563s]                  from [01m[K/opt/ros/humble/include/rclcpp/rclcpp/executors.hpp:22[m[K,
[13.563s]                  from [01m[K/opt/ros/humble/include/rclcpp/rclcpp/rclcpp.hpp:155[m[K,
[13.563s]                  from [01m[K/home/mztejero/rvr_ros2_ws/src/onboard_pkg/include/onboard_pkg/rvr_data_pub_lib.hpp:7[m[K,
[13.564s]                  from [01m[K/home/mztejero/rvr_ros2_ws/src/onboard_pkg/src/rvr_data_pub_lib.cpp:1[m[K:
[13.565s] [01m[K/opt/ros/humble/include/rclcpp/rclcpp/node.hpp:1294:3:[m[K [01;36m[Knote: [m[Kcandidate: ‘[01m[Krclcpp::Node::Node(const rclcpp::Node&, const string&)[m[K’
[13.565s]  1294 |   [01;36m[KNode[m[K(
[13.566s]       |   [01;36m[K^~~~[m[K
[13.568s] [01m[K/opt/ros/humble/include/rclcpp/rclcpp/node.hpp:1294:3:[m[K [01;36m[Knote: [m[K  candidate expects 2 arguments, 0 provided
[13.568s] [01m[K/opt/ros/humble/include/rclcpp/rclcpp/node.hpp:101:12:[m[K [01;36m[Knote: [m[Kcandidate: ‘[01m[Krclcpp::Node::Node(const string&, const string&, const rclcpp::NodeOptions&)[m[K’
[13.569s]   101 |   explicit [01;36m[KNode[m[K(
[13.569s]       |            [01;36m[K^~~~[m[K
[13.569s] [01m[K/opt/ros/humble/include/rclcpp/rclcpp/node.hpp:101:12:[m[K [01;36m[Knote: [m[K  candidate expects 3 arguments, 0 provided
[13.570s] [01m[K/opt/ros/humble/include/rclcpp/rclcpp/node.hpp:89:12:[m[K [01;36m[Knote: [m[Kcandidate: ‘[01m[Krclcpp::Node::Node(const string&, const rclcpp::NodeOptions&)[m[K’
[13.570s]    89 |   explicit [01;36m[KNode[m[K(
[13.570s]       |            [01;36m[K^~~~[m[K
[13.571s] [01m[K/opt/ros/humble/include/rclcpp/rclcpp/node.hpp:89:12:[m[K [01;36m[Knote: [m[K  candidate expects 2 arguments, 0 provided
[13.572s] [01m[K/home/mztejero/rvr_ros2_ws/src/onboard_pkg/src/rvr_data_pub_lib.cpp:6:12:[m[K [01;31m[Kerror: [m[Kreturning a value from a constructor
[13.572s]     6 |     return [01;31m[K0[m[K;
[13.572s]       |            [01;31m[K^[m[K
[13.573s] [01m[K/home/mztejero/rvr_ros2_ws/src/onboard_pkg/src/rvr_data_pub_lib.cpp:[m[K At global scope:
[13.573s] [01m[K/home/mztejero/rvr_ros2_ws/src/onboard_pkg/src/rvr_data_pub_lib.cpp:8:21:[m[K [01;31m[Kerror: [m[Kexpected unqualified-id before ‘[01m[Kvoid[m[K’
[13.574s]     8 | RoverDataPublisher::[01;31m[Kvoid[m[K timer_callback() {
[13.575s]       |                     [01;31m[K^~~~[m[K
[15.127s] gmake[2]: *** [CMakeFiles/rvr_data_pub.dir/build.make:76: CMakeFiles/rvr_data_pub.dir/src/rvr_data_pub_lib.cpp.o] Error 1
[15.127s] gmake[2]: *** Waiting for unfinished jobs....
[15.447s] gmake[1]: *** [CMakeFiles/Makefile2:165: CMakeFiles/rvr_data_pub.dir/all] Error 2
[15.447s] gmake: *** [Makefile:146: all] Error 2
[15.457s] Invoked command in '/home/mztejero/rvr_ros2_ws/build/onboard_pkg' returned '2': CMAKE_PREFIX_PATH=/home/mztejero/rvr_ros2_ws/install/rvr_msgs:/home/mztejero/rvr_ros2_ws/install/visualization:/home/mztejero/rvr_ros2_ws/install/onboard_pkg:/home/mztejero/rvr_ros2_ws/install/controller:/home/mztejero/rvr_ros2_ws/install/data_processor:/home/mztejero/ros2_ws/install/cpp_pubsub:/home/mztejero/ros2_ws/install/rover_msg:/home/mztejero/rover_ws/install/rvr_launch:/home/mztejero/rover_ws/install/msg_types:/home/mztejero/rover_ws/install/hardware_interface:/opt/ros/humble /usr/bin/cmake --build /home/mztejero/rvr_ros2_ws/build/onboard_pkg -- -j4 -l4
