[0.225s] Invoking command in '/home/mztejero/rvr_ros2_ws/build/rvr_launch': CMAKE_PREFIX_PATH=/opt/ros/humble /usr/bin/cmake /home/mztejero/rvr_ros2_ws/src/rvr_launch -DCMAKE_INSTALL_PREFIX=/home/mztejero/rvr_ros2_ws/install/rvr_launch
[1.280s] -- The C compiler identification is GNU 11.4.0
[1.723s] -- The CXX compiler identification is GNU 11.4.0
[1.795s] -- Detecting C compiler ABI info
[2.112s] -- Detecting C compiler ABI info - done
[2.151s] -- Check for working C compiler: /usr/bin/cc - skipped
[2.152s] -- Detecting C compile features
[2.153s] -- Detecting C compile features - done
[2.161s] -- Detecting CXX compiler ABI info
[2.446s] -- Detecting CXX compiler ABI info - done
[2.490s] -- Check for working CXX compiler: /usr/bin/c++ - skipped
[2.494s] -- Detecting CXX compile features
[2.498s] -- Detecting CXX compile features - done
[2.525s] -- Found ament_cmake: 1.3.12 (/opt/ros/humble/share/ament_cmake/cmake)
[3.102s] -- Found Python3: /usr/bin/python3 (found version "3.10.12") found components: Interpreter 
[3.589s] -- Found ament_lint_auto: 0.12.14 (/opt/ros/humble/share/ament_lint_auto/cmake)
[3.954s] -- Added test 'flake8' to check Python code syntax and style conventions
[3.961s] -- Added test 'lint_cmake' to check CMake code style
[3.965s] -- Added test 'pep257' to check Python code against some of the docstring style conventions in PEP 257
[3.973s] -- Added test 'xmllint' to check XML markup files
[4.005s] -- Configuring done
[4.005s] -- Generating done
[4.005s] -- Build files have been written to: /home/mztejero/rvr_ros2_ws/build/rvr_launch
[4.019s] Invoked command in '/home/mztejero/rvr_ros2_ws/build/rvr_launch' returned '0': CMAKE_PREFIX_PATH=/opt/ros/humble /usr/bin/cmake /home/mztejero/rvr_ros2_ws/src/rvr_launch -DCMAKE_INSTALL_PREFIX=/home/mztejero/rvr_ros2_ws/install/rvr_launch
[4.030s] Invoking command in '/home/mztejero/rvr_ros2_ws/build/rvr_launch': CMAKE_PREFIX_PATH=/opt/ros/humble /usr/bin/cmake --build /home/mztejero/rvr_ros2_ws/build/rvr_launch -- -j4 -l4
[4.136s] Invoked command in '/home/mztejero/rvr_ros2_ws/build/rvr_launch' returned '0': CMAKE_PREFIX_PATH=/opt/ros/humble /usr/bin/cmake --build /home/mztejero/rvr_ros2_ws/build/rvr_launch -- -j4 -l4
[4.208s] Invoking command in '/home/mztejero/rvr_ros2_ws/build/rvr_launch': CMAKE_PREFIX_PATH=/opt/ros/humble /usr/bin/cmake --install /home/mztejero/rvr_ros2_ws/build/rvr_launch
[4.231s] -- Install configuration: ""
[4.232s] -- Installing: /home/mztejero/rvr_ros2_ws/install/rvr_launch/share/rvr_launch//launch
[4.233s] -- Installing: /home/mztejero/rvr_ros2_ws/install/rvr_launch/share/rvr_launch//launch/onboard_launch.py
[4.301s] -- Installing: /home/mztejero/rvr_ros2_ws/install/rvr_launch/share/rvr_launch//launch/desktop_launch.py
[4.302s] -- Installing: /home/mztejero/rvr_ros2_ws/install/rvr_launch/share/ament_index/resource_index/package_run_dependencies/rvr_launch
[4.303s] -- Installing: /home/mztejero/rvr_ros2_ws/install/rvr_launch/share/ament_index/resource_index/parent_prefix_path/rvr_launch
[4.303s] -- Installing: /home/mztejero/rvr_ros2_ws/install/rvr_launch/share/rvr_launch/environment/ament_prefix_path.sh
[4.303s] -- Installing: /home/mztejero/rvr_ros2_ws/install/rvr_launch/share/rvr_launch/environment/ament_prefix_path.dsv
[4.304s] -- Installing: /home/mztejero/rvr_ros2_ws/install/rvr_launch/share/rvr_launch/environment/path.sh
[4.305s] -- Installing: /home/mztejero/rvr_ros2_ws/install/rvr_launch/share/rvr_launch/environment/path.dsv
[4.305s] -- Installing: /home/mztejero/rvr_ros2_ws/install/rvr_launch/share/rvr_launch/local_setup.bash
[4.306s] -- Installing: /home/mztejero/rvr_ros2_ws/install/rvr_launch/share/rvr_launch/local_setup.sh
[4.308s] -- Installing: /home/mztejero/rvr_ros2_ws/install/rvr_launch/share/rvr_launch/local_setup.zsh
[4.308s] -- Installing: /home/mztejero/rvr_ros2_ws/install/rvr_launch/share/rvr_launch/local_setup.dsv
[4.310s] -- Installing: /home/mztejero/rvr_ros2_ws/install/rvr_launch/share/rvr_launch/package.dsv
[4.310s] -- Installing: /home/mztejero/rvr_ros2_ws/install/rvr_launch/share/ament_index/resource_index/packages/rvr_launch
[4.310s] -- Installing: /home/mztejero/rvr_ros2_ws/install/rvr_launch/share/rvr_launch/cmake/rvr_launchConfig.cmake
[4.310s] -- Installing: /home/mztejero/rvr_ros2_ws/install/rvr_launch/share/rvr_launch/cmake/rvr_launchConfig-version.cmake
[4.311s] -- Installing: /home/mztejero/rvr_ros2_ws/install/rvr_launch/share/rvr_launch/package.xml
[4.487s] Invoked command in '/home/mztejero/rvr_ros2_ws/build/rvr_launch' returned '0': CMAKE_PREFIX_PATH=/opt/ros/humble /usr/bin/cmake --install /home/mztejero/rvr_ros2_ws/build/rvr_launch
