[0.038s] Invoking command in '/home/mztejero/rvr_ros2_ws/build/onboard_pkg': CMAKE_PREFIX_PATH=/home/mztejero/rvr_ros2_ws/install/rvr_msgs:/home/mztejero/rvr_ros2_ws/install/visualization:/home/mztejero/rvr_ros2_ws/install/onboard_pkg:/home/mztejero/rvr_ros2_ws/install/controller:/home/mztejero/rvr_ros2_ws/install/data_processor:/home/mztejero/ros2_ws/install/cpp_pubsub:/home/mztejero/ros2_ws/install/rover_msg:/home/mztejero/rover_ws/install/rvr_launch:/home/mztejero/rover_ws/install/msg_types:/home/mztejero/rover_ws/install/hardware_interface:/opt/ros/humble /usr/bin/cmake --build /home/mztejero/rvr_ros2_ws/build/onboard_pkg -- -j4 -l4
[0.157s] [35m[1mConsolidate compiler generated dependencies of target rvr_data_pub[0m
[0.214s] [ 42%] Built target cmd_vel_sub
[0.222s] [ 57%] [32mBuilding CXX object CMakeFiles/rvr_data_pub.dir/src/rvr_data_pub_lib.cpp.o[0m
[8.552s] [ 71%] [32m[1mLinking CXX executable rvr_data_pub[0m
[8.925s] [100%] Built target rvr_data_pub
[8.950s] Invoked command in '/home/mztejero/rvr_ros2_ws/build/onboard_pkg' returned '0': CMAKE_PREFIX_PATH=/home/mztejero/rvr_ros2_ws/install/rvr_msgs:/home/mztejero/rvr_ros2_ws/install/visualization:/home/mztejero/rvr_ros2_ws/install/onboard_pkg:/home/mztejero/rvr_ros2_ws/install/controller:/home/mztejero/rvr_ros2_ws/install/data_processor:/home/mztejero/ros2_ws/install/cpp_pubsub:/home/mztejero/ros2_ws/install/rover_msg:/home/mztejero/rover_ws/install/rvr_launch:/home/mztejero/rover_ws/install/msg_types:/home/mztejero/rover_ws/install/hardware_interface:/opt/ros/humble /usr/bin/cmake --build /home/mztejero/rvr_ros2_ws/build/onboard_pkg -- -j4 -l4
[8.973s] Invoking command in '/home/mztejero/rvr_ros2_ws/build/onboard_pkg': CMAKE_PREFIX_PATH=/home/mztejero/rvr_ros2_ws/install/rvr_msgs:/home/mztejero/rvr_ros2_ws/install/visualization:/home/mztejero/rvr_ros2_ws/install/onboard_pkg:/home/mztejero/rvr_ros2_ws/install/controller:/home/mztejero/rvr_ros2_ws/install/data_processor:/home/mztejero/ros2_ws/install/cpp_pubsub:/home/mztejero/ros2_ws/install/rover_msg:/home/mztejero/rover_ws/install/rvr_launch:/home/mztejero/rover_ws/install/msg_types:/home/mztejero/rover_ws/install/hardware_interface:/opt/ros/humble /usr/bin/cmake --install /home/mztejero/rvr_ros2_ws/build/onboard_pkg
[8.988s] -- Install configuration: ""
[8.991s] -- Up-to-date: /home/mztejero/rvr_ros2_ws/install/onboard_pkg/lib/onboard_pkg/cmd_vel_sub
[8.993s] -- Installing: /home/mztejero/rvr_ros2_ws/install/onboard_pkg/lib/onboard_pkg/rvr_data_pub
[8.995s] -- Set runtime path of "/home/mztejero/rvr_ros2_ws/install/onboard_pkg/lib/onboard_pkg/rvr_data_pub" to ""
[8.996s] -- Up-to-date: /home/mztejero/rvr_ros2_ws/install/onboard_pkg/share/ament_index/resource_index/package_run_dependencies/onboard_pkg
[8.996s] -- Up-to-date: /home/mztejero/rvr_ros2_ws/install/onboard_pkg/share/ament_index/resource_index/parent_prefix_path/onboard_pkg
[8.996s] -- Up-to-date: /home/mztejero/rvr_ros2_ws/install/onboard_pkg/share/onboard_pkg/environment/ament_prefix_path.sh
[8.996s] -- Up-to-date: /home/mztejero/rvr_ros2_ws/install/onboard_pkg/share/onboard_pkg/environment/ament_prefix_path.dsv
[8.997s] -- Up-to-date: /home/mztejero/rvr_ros2_ws/install/onboard_pkg/share/onboard_pkg/environment/path.sh
[8.997s] -- Up-to-date: /home/mztejero/rvr_ros2_ws/install/onboard_pkg/share/onboard_pkg/environment/path.dsv
[8.998s] -- Up-to-date: /home/mztejero/rvr_ros2_ws/install/onboard_pkg/share/onboard_pkg/local_setup.bash
[8.998s] -- Up-to-date: /home/mztejero/rvr_ros2_ws/install/onboard_pkg/share/onboard_pkg/local_setup.sh
[8.998s] -- Up-to-date: /home/mztejero/rvr_ros2_ws/install/onboard_pkg/share/onboard_pkg/local_setup.zsh
[8.999s] -- Up-to-date: /home/mztejero/rvr_ros2_ws/install/onboard_pkg/share/onboard_pkg/local_setup.dsv
[8.999s] -- Installing: /home/mztejero/rvr_ros2_ws/install/onboard_pkg/share/onboard_pkg/package.dsv
[8.999s] -- Up-to-date: /home/mztejero/rvr_ros2_ws/install/onboard_pkg/share/ament_index/resource_index/packages/onboard_pkg
[8.999s] -- Up-to-date: /home/mztejero/rvr_ros2_ws/install/onboard_pkg/share/onboard_pkg/cmake/onboard_pkgConfig.cmake
[8.999s] -- Up-to-date: /home/mztejero/rvr_ros2_ws/install/onboard_pkg/share/onboard_pkg/cmake/onboard_pkgConfig-version.cmake
[9.000s] -- Up-to-date: /home/mztejero/rvr_ros2_ws/install/onboard_pkg/share/onboard_pkg/package.xml
[9.004s] Invoked command in '/home/mztejero/rvr_ros2_ws/build/onboard_pkg' returned '0': CMAKE_PREFIX_PATH=/home/mztejero/rvr_ros2_ws/install/rvr_msgs:/home/mztejero/rvr_ros2_ws/install/visualization:/home/mztejero/rvr_ros2_ws/install/onboard_pkg:/home/mztejero/rvr_ros2_ws/install/controller:/home/mztejero/rvr_ros2_ws/install/data_processor:/home/mztejero/ros2_ws/install/cpp_pubsub:/home/mztejero/ros2_ws/install/rover_msg:/home/mztejero/rover_ws/install/rvr_launch:/home/mztejero/rover_ws/install/msg_types:/home/mztejero/rover_ws/install/hardware_interface:/opt/ros/humble /usr/bin/cmake --install /home/mztejero/rvr_ros2_ws/build/onboard_pkg
