[0.038s] Invoking command in '/home/mztejero/rvr_ros2_ws/build/data_processor': CMAKE_PREFIX_PATH=${CMAKE_PREFIX_PATH}:/opt/ros/humble /usr/bin/cmake --build /home/mztejero/rvr_ros2_ws/build/data_processor -- -j4 -l4
[0.301s] [ 33%] [32mBuilding CXX object CMakeFiles/rvr_data_sub.dir/src/rvr_data_sub_lib.cpp.o[0m
[0.305s] [ 66%] [32mBuilding CXX object CMakeFiles/rvr_data_sub.dir/src/rvr_data_sub_main.cpp.o[0m
[22.600s] [100%] [32m[1mLinking CXX executable rvr_data_sub[0m
[23.359s] [100%] Built target rvr_data_sub
[23.385s] Invoked command in '/home/mztejero/rvr_ros2_ws/build/data_processor' returned '0': CMAKE_PREFIX_PATH=${CMAKE_PREFIX_PATH}:/opt/ros/humble /usr/bin/cmake --build /home/mztejero/rvr_ros2_ws/build/data_processor -- -j4 -l4
[23.427s] Invoking command in '/home/mztejero/rvr_ros2_ws/build/data_processor': CMAKE_PREFIX_PATH=${CMAKE_PREFIX_PATH}:/opt/ros/humble /usr/bin/cmake --install /home/mztejero/rvr_ros2_ws/build/data_processor
[23.452s] -- Install configuration: ""
[23.453s] -- Installing: /home/mztejero/rvr_ros2_ws/install/data_processor/lib/data_processor/rvr_data_sub
[23.468s] -- Set runtime path of "/home/mztejero/rvr_ros2_ws/install/data_processor/lib/data_processor/rvr_data_sub" to ""
[23.468s] -- Up-to-date: /home/mztejero/rvr_ros2_ws/install/data_processor/share/ament_index/resource_index/package_run_dependencies/data_processor
[23.470s] -- Up-to-date: /home/mztejero/rvr_ros2_ws/install/data_processor/share/ament_index/resource_index/parent_prefix_path/data_processor
[23.473s] -- Up-to-date: /home/mztejero/rvr_ros2_ws/install/data_processor/share/data_processor/environment/ament_prefix_path.sh
[23.473s] -- Up-to-date: /home/mztejero/rvr_ros2_ws/install/data_processor/share/data_processor/environment/ament_prefix_path.dsv
[23.473s] -- Up-to-date: /home/mztejero/rvr_ros2_ws/install/data_processor/share/data_processor/environment/path.sh
[23.476s] -- Up-to-date: /home/mztejero/rvr_ros2_ws/install/data_processor/share/data_processor/environment/path.dsv
[23.477s] -- Up-to-date: /home/mztejero/rvr_ros2_ws/install/data_processor/share/data_processor/local_setup.bash
[23.478s] -- Up-to-date: /home/mztejero/rvr_ros2_ws/install/data_processor/share/data_processor/local_setup.sh
[23.483s] -- Up-to-date: /home/mztejero/rvr_ros2_ws/install/data_processor/share/data_processor/local_setup.zsh
[23.483s] -- Up-to-date: /home/mztejero/rvr_ros2_ws/install/data_processor/share/data_processor/local_setup.dsv
[23.484s] -- Installing: /home/mztejero/rvr_ros2_ws/install/data_processor/share/data_processor/package.dsv
[23.484s] -- Up-to-date: /home/mztejero/rvr_ros2_ws/install/data_processor/share/ament_index/resource_index/packages/data_processor
[23.485s] -- Up-to-date: /home/mztejero/rvr_ros2_ws/install/data_processor/share/data_processor/cmake/data_processorConfig.cmake
[23.485s] -- Up-to-date: /home/mztejero/rvr_ros2_ws/install/data_processor/share/data_processor/cmake/data_processorConfig-version.cmake
[23.487s] -- Up-to-date: /home/mztejero/rvr_ros2_ws/install/data_processor/share/data_processor/package.xml
[23.493s] Invoked command in '/home/mztejero/rvr_ros2_ws/build/data_processor' returned '0': CMAKE_PREFIX_PATH=${CMAKE_PREFIX_PATH}:/opt/ros/humble /usr/bin/cmake --install /home/mztejero/rvr_ros2_ws/build/data_processor
