[0.268s] Invoking command in '/home/mztejero/rvr_ros2_ws/build/rvr_msgs': CMAKE_PREFIX_PATH=/opt/ros/humble /usr/bin/cmake /home/mztejero/rvr_ros2_ws/src/rvr_msgs -DCMAKE_INSTALL_PREFIX=/home/mztejero/rvr_ros2_ws/install/rvr_msgs
[1.296s] -- The C compiler identification is GNU 11.4.0
[1.832s] -- The CXX compiler identification is GNU 11.4.0
[1.890s] -- Detecting C compiler ABI info
[2.191s] -- Detecting C compiler ABI info - done
[2.220s] -- Check for working C compiler: /usr/bin/cc - skipped
[2.224s] -- Detecting C compile features
[2.230s] -- Detecting C compile features - done
[2.251s] -- Detecting CXX compiler ABI info
[2.586s] -- Detecting CXX compiler ABI info - done
[2.647s] -- Check for working CXX compiler: /usr/bin/c++ - skipped
[2.647s] -- Detecting CXX compile features
[2.649s] -- Detecting CXX compile features - done
[2.660s] -- Found ament_cmake: 1.3.12 (/opt/ros/humble/share/ament_cmake/cmake)
[3.173s] -- Found Python3: /usr/bin/python3 (found version "3.10.12") found components: Interpreter 
[3.691s] -- Found rosidl_default_generators: 1.2.0 (/opt/ros/humble/share/rosidl_default_generators/cmake)
[3.735s] -- Using all available rosidl_typesupport_c: rosidl_typesupport_fastrtps_c;rosidl_typesupport_introspection_c
[3.804s] -- Found rosidl_adapter: 3.1.7 (/opt/ros/humble/share/rosidl_adapter/cmake)
[4.248s] -- Using all available rosidl_typesupport_cpp: rosidl_typesupport_fastrtps_cpp;rosidl_typesupport_introspection_cpp
[5.238s] -- Found ament_cmake_ros: 0.10.0 (/opt/ros/humble/share/ament_cmake_ros/cmake)
[5.703s] -- Using all available rosidl_typesupport_c: rosidl_typesupport_fastrtps_c;rosidl_typesupport_introspection_c
[6.167s] -- Using all available rosidl_typesupport_cpp: rosidl_typesupport_fastrtps_cpp;rosidl_typesupport_introspection_cpp
[6.222s] -- Found PythonInterp: /usr/bin/python3 (found suitable version "3.10.12", minimum required is "3.6") 
[6.233s] -- Found python_cmake_module: 0.10.0 (/opt/ros/humble/share/python_cmake_module/cmake)
[6.302s] -- Found PythonLibs: /usr/lib/x86_64-linux-gnu/libpython3.10.so (found suitable version "3.10.12", minimum required is "3.5") 
[6.302s] -- Using PYTHON_EXECUTABLE: /usr/bin/python3
[6.302s] -- Using PYTHON_INCLUDE_DIRS: /usr/include/python3.10
[6.302s] -- Using PYTHON_LIBRARIES: /usr/lib/x86_64-linux-gnu/libpython3.10.so
[6.343s] -- Found PythonExtra: .so  
[6.420s] -- Found ament_lint_auto: 0.12.14 (/opt/ros/humble/share/ament_lint_auto/cmake)
[6.467s] -- Added test 'lint_cmake' to check CMake code style
[6.470s] -- Added test 'xmllint' to check XML markup files
[6.476s] -- Configuring done
[6.563s] -- Generating done
[6.587s] -- Build files have been written to: /home/mztejero/rvr_ros2_ws/build/rvr_msgs
[6.600s] Invoked command in '/home/mztejero/rvr_ros2_ws/build/rvr_msgs' returned '0': CMAKE_PREFIX_PATH=/opt/ros/humble /usr/bin/cmake /home/mztejero/rvr_ros2_ws/src/rvr_msgs -DCMAKE_INSTALL_PREFIX=/home/mztejero/rvr_ros2_ws/install/rvr_msgs
[6.608s] Invoking command in '/home/mztejero/rvr_ros2_ws/build/rvr_msgs': CMAKE_PREFIX_PATH=/opt/ros/humble /usr/bin/cmake --build /home/mztejero/rvr_ros2_ws/build/rvr_msgs -- -j4 -l4
[6.702s] [  1%] [34m[1mGenerating C code for ROS interfaces[0m
[6.743s] [  3%] [34m[1mGenerating C++ code for ROS interfaces[0m
[6.774s] [  3%] Built target ament_cmake_python_copy_rvr_msgs
[7.690s] running egg_info
[7.692s] creating rvr_msgs.egg-info
[7.693s] writing rvr_msgs.egg-info/PKG-INFO
[7.694s] writing dependency_links to rvr_msgs.egg-info/dependency_links.txt
[7.695s] writing top-level names to rvr_msgs.egg-info/top_level.txt
[7.695s] writing manifest file 'rvr_msgs.egg-info/SOURCES.txt'
[7.707s] reading manifest file 'rvr_msgs.egg-info/SOURCES.txt'
[7.709s] writing manifest file 'rvr_msgs.egg-info/SOURCES.txt'
[7.829s] [  3%] Built target ament_cmake_python_build_rvr_msgs_egg
[8.522s] [  3%] Built target rvr_msgs__cpp
[8.552s] [  4%] [34m[1mGenerating C++ type support dispatch for ROS interfaces[0m
[8.579s] [  6%] [34m[1mGenerating C++ type support for eProsima Fast-RTPS[0m
[8.627s] [  7%] [34m[1mGenerating C++ introspection for ROS interfaces[0m
[8.980s] [  9%] [32mBuilding C object CMakeFiles/rvr_msgs__rosidl_generator_c.dir/rosidl_generator_c/rvr_msgs/msg/detail/command_velocities__functions.c.o[0m
[9.516s] [ 11%] [32mBuilding C object CMakeFiles/rvr_msgs__rosidl_generator_c.dir/rosidl_generator_c/rvr_msgs/msg/detail/vector3__functions.c.o[0m
[9.678s] [ 12%] [32mBuilding C object CMakeFiles/rvr_msgs__rosidl_generator_c.dir/rosidl_generator_c/rvr_msgs/msg/detail/wheel4__functions.c.o[0m
[9.913s] [ 14%] [32mBuilding C object CMakeFiles/rvr_msgs__rosidl_generator_c.dir/rosidl_generator_c/rvr_msgs/msg/detail/rover_data__functions.c.o[0m
[10.120s] [ 15%] [32mBuilding C object CMakeFiles/rvr_msgs__rosidl_generator_c.dir/rosidl_generator_c/rvr_msgs/msg/detail/pos_data__functions.c.o[0m
[10.179s] [ 17%] [32mBuilding CXX object CMakeFiles/rvr_msgs__rosidl_typesupport_cpp.dir/rosidl_typesupport_cpp/rvr_msgs/msg/command_velocities__type_support.cpp.o[0m
[10.282s] [ 19%] [32m[1mLinking C shared library librvr_msgs__rosidl_generator_c.so[0m
[10.298s] [ 20%] [32mBuilding CXX object CMakeFiles/rvr_msgs__rosidl_typesupport_introspection_cpp.dir/rosidl_typesupport_introspection_cpp/rvr_msgs/msg/detail/command_velocities__type_support.cpp.o[0m
[10.500s] [ 20%] Built target rvr_msgs__rosidl_generator_c
[10.530s] [ 22%] [34m[1mGenerating C type support for eProsima Fast-RTPS[0m
[10.634s] [ 23%] [32mBuilding CXX object CMakeFiles/rvr_msgs__rosidl_typesupport_fastrtps_cpp.dir/rosidl_typesupport_fastrtps_cpp/rvr_msgs/msg/detail/dds_fastrtps/command_velocities__type_support.cpp.o[0m
[11.892s] [ 25%] [32mBuilding CXX object CMakeFiles/rvr_msgs__rosidl_typesupport_cpp.dir/rosidl_typesupport_cpp/rvr_msgs/msg/vector3__type_support.cpp.o[0m
[12.399s] [ 26%] [32mBuilding CXX object CMakeFiles/rvr_msgs__rosidl_typesupport_introspection_cpp.dir/rosidl_typesupport_introspection_cpp/rvr_msgs/msg/detail/vector3__type_support.cpp.o[0m
[12.676s] [ 28%] [32mBuilding CXX object CMakeFiles/rvr_msgs__rosidl_typesupport_fastrtps_cpp.dir/rosidl_typesupport_fastrtps_cpp/rvr_msgs/msg/detail/dds_fastrtps/vector3__type_support.cpp.o[0m
[12.751s] [ 30%] [32mBuilding CXX object CMakeFiles/rvr_msgs__rosidl_typesupport_fastrtps_c.dir/rosidl_typesupport_fastrtps_c/rvr_msgs/msg/detail/command_velocities__type_support_c.cpp.o[0m
[12.832s] [ 31%] [32mBuilding CXX object CMakeFiles/rvr_msgs__rosidl_typesupport_cpp.dir/rosidl_typesupport_cpp/rvr_msgs/msg/wheel4__type_support.cpp.o[0m
[13.594s] [ 33%] [32mBuilding CXX object CMakeFiles/rvr_msgs__rosidl_typesupport_introspection_cpp.dir/rosidl_typesupport_introspection_cpp/rvr_msgs/msg/detail/wheel4__type_support.cpp.o[0m
[13.911s] [ 34%] [32mBuilding CXX object CMakeFiles/rvr_msgs__rosidl_typesupport_fastrtps_c.dir/rosidl_typesupport_fastrtps_c/rvr_msgs/msg/detail/vector3__type_support_c.cpp.o[0m
[13.940s] [ 36%] [32mBuilding CXX object CMakeFiles/rvr_msgs__rosidl_typesupport_fastrtps_cpp.dir/rosidl_typesupport_fastrtps_cpp/rvr_msgs/msg/detail/dds_fastrtps/wheel4__type_support.cpp.o[0m
[13.941s] [ 38%] [32mBuilding CXX object CMakeFiles/rvr_msgs__rosidl_typesupport_cpp.dir/rosidl_typesupport_cpp/rvr_msgs/msg/rover_data__type_support.cpp.o[0m
[14.853s] [ 39%] [32mBuilding CXX object CMakeFiles/rvr_msgs__rosidl_typesupport_cpp.dir/rosidl_typesupport_cpp/rvr_msgs/msg/pos_data__type_support.cpp.o[0m
[14.991s] [ 41%] [32mBuilding CXX object CMakeFiles/rvr_msgs__rosidl_typesupport_introspection_cpp.dir/rosidl_typesupport_introspection_cpp/rvr_msgs/msg/detail/rover_data__type_support.cpp.o[0m
[15.077s] [ 42%] [32mBuilding CXX object CMakeFiles/rvr_msgs__rosidl_typesupport_fastrtps_c.dir/rosidl_typesupport_fastrtps_c/rvr_msgs/msg/detail/wheel4__type_support_c.cpp.o[0m
[15.177s] [ 44%] [32mBuilding CXX object CMakeFiles/rvr_msgs__rosidl_typesupport_fastrtps_cpp.dir/rosidl_typesupport_fastrtps_cpp/rvr_msgs/msg/detail/dds_fastrtps/rover_data__type_support.cpp.o[0m
[15.705s] [ 46%] [32m[1mLinking CXX shared library librvr_msgs__rosidl_typesupport_cpp.so[0m
[15.846s] [ 46%] Built target rvr_msgs__rosidl_typesupport_cpp
[15.891s] [ 47%] [34m[1mGenerating C introspection for ROS interfaces[0m
[16.106s] [ 49%] [32mBuilding CXX object CMakeFiles/rvr_msgs__rosidl_typesupport_fastrtps_c.dir/rosidl_typesupport_fastrtps_c/rvr_msgs/msg/detail/rover_data__type_support_c.cpp.o[0m
[16.375s] [ 50%] [32mBuilding CXX object CMakeFiles/rvr_msgs__rosidl_typesupport_introspection_cpp.dir/rosidl_typesupport_introspection_cpp/rvr_msgs/msg/detail/pos_data__type_support.cpp.o[0m
[16.543s] [ 52%] [32mBuilding CXX object CMakeFiles/rvr_msgs__rosidl_typesupport_fastrtps_cpp.dir/rosidl_typesupport_fastrtps_cpp/rvr_msgs/msg/detail/dds_fastrtps/pos_data__type_support.cpp.o[0m
[17.250s] [ 53%] [32mBuilding CXX object CMakeFiles/rvr_msgs__rosidl_typesupport_fastrtps_c.dir/rosidl_typesupport_fastrtps_c/rvr_msgs/msg/detail/pos_data__type_support_c.cpp.o[0m
[17.537s] [ 55%] [32mBuilding C object CMakeFiles/rvr_msgs__rosidl_typesupport_introspection_c.dir/rosidl_typesupport_introspection_c/rvr_msgs/msg/detail/command_velocities__type_support.c.o[0m
[17.673s] [ 57%] [32mBuilding C object CMakeFiles/rvr_msgs__rosidl_typesupport_introspection_c.dir/rosidl_typesupport_introspection_c/rvr_msgs/msg/detail/vector3__type_support.c.o[0m
[17.702s] [ 58%] [32m[1mLinking CXX shared library librvr_msgs__rosidl_typesupport_introspection_cpp.so[0m
[17.786s] [ 60%] [32mBuilding C object CMakeFiles/rvr_msgs__rosidl_typesupport_introspection_c.dir/rosidl_typesupport_introspection_c/rvr_msgs/msg/detail/wheel4__type_support.c.o[0m
[17.899s] [ 61%] [32mBuilding C object CMakeFiles/rvr_msgs__rosidl_typesupport_introspection_c.dir/rosidl_typesupport_introspection_c/rvr_msgs/msg/detail/rover_data__type_support.c.o[0m
[17.920s] [ 63%] [32m[1mLinking CXX shared library librvr_msgs__rosidl_typesupport_fastrtps_cpp.so[0m
[17.990s] [ 65%] [32mBuilding C object CMakeFiles/rvr_msgs__rosidl_typesupport_introspection_c.dir/rosidl_typesupport_introspection_c/rvr_msgs/msg/detail/pos_data__type_support.c.o[0m
[18.004s] [ 65%] Built target rvr_msgs__rosidl_typesupport_introspection_cpp
[18.059s] [ 66%] [34m[1mGenerating C type support dispatch for ROS interfaces[0m
[18.150s] [ 68%] [32m[1mLinking C shared library librvr_msgs__rosidl_typesupport_introspection_c.so[0m
[18.265s] [ 69%] [32m[1mLinking CXX shared library librvr_msgs__rosidl_typesupport_fastrtps_c.so[0m
[18.275s] [ 69%] Built target rvr_msgs__rosidl_typesupport_introspection_c
[18.323s] [ 69%] Built target rvr_msgs__rosidl_typesupport_fastrtps_cpp
[18.492s] [ 69%] Built target rvr_msgs__rosidl_typesupport_fastrtps_c
[18.967s] [ 73%] [32mBuilding CXX object CMakeFiles/rvr_msgs__rosidl_typesupport_c.dir/rosidl_typesupport_c/rvr_msgs/msg/vector3__type_support.cpp.o[0m
[18.967s] [ 73%] [32mBuilding CXX object CMakeFiles/rvr_msgs__rosidl_typesupport_c.dir/rosidl_typesupport_c/rvr_msgs/msg/command_velocities__type_support.cpp.o[0m
[18.968s] [ 74%] [32mBuilding CXX object CMakeFiles/rvr_msgs__rosidl_typesupport_c.dir/rosidl_typesupport_c/rvr_msgs/msg/wheel4__type_support.cpp.o[0m
[18.976s] [ 76%] [32mBuilding CXX object CMakeFiles/rvr_msgs__rosidl_typesupport_c.dir/rosidl_typesupport_c/rvr_msgs/msg/rover_data__type_support.cpp.o[0m
[19.077s] [ 77%] [32mBuilding CXX object CMakeFiles/rvr_msgs__rosidl_typesupport_c.dir/rosidl_typesupport_c/rvr_msgs/msg/pos_data__type_support.cpp.o[0m
[19.145s] [ 79%] [32m[1mLinking CXX shared library librvr_msgs__rosidl_typesupport_c.so[0m
[19.236s] [ 79%] Built target rvr_msgs__rosidl_typesupport_c
[19.280s] [ 79%] Built target rvr_msgs
[19.327s] [ 80%] [34m[1mGenerating Python code for ROS interfaces[0m
[20.937s] [ 80%] Built target rvr_msgs__py
[20.994s] [ 82%] [32mBuilding C object CMakeFiles/rvr_msgs__rosidl_generator_py.dir/rosidl_generator_py/rvr_msgs/msg/_vector3_s.c.o[0m
[20.994s] [ 85%] [32mBuilding C object CMakeFiles/rvr_msgs__rosidl_generator_py.dir/rosidl_generator_py/rvr_msgs/msg/_wheel4_s.c.o[0m
[20.995s] [ 85%] [32mBuilding C object CMakeFiles/rvr_msgs__rosidl_generator_py.dir/rosidl_generator_py/rvr_msgs/msg/_rover_data_s.c.o[0m
[20.995s] [ 87%] [32mBuilding C object CMakeFiles/rvr_msgs__rosidl_generator_py.dir/rosidl_generator_py/rvr_msgs/msg/_command_velocities_s.c.o[0m
[21.666s] [ 88%] [32mBuilding C object CMakeFiles/rvr_msgs__rosidl_generator_py.dir/rosidl_generator_py/rvr_msgs/msg/_pos_data_s.c.o[0m
[21.881s] [ 90%] [32m[1mLinking C shared library rosidl_generator_py/rvr_msgs/librvr_msgs__rosidl_generator_py.so[0m
[21.969s] [ 90%] Built target rvr_msgs__rosidl_generator_py
[22.032s] [ 92%] [32mBuilding C object CMakeFiles/rvr_msgs__rosidl_typesupport_introspection_c__pyext.dir/rosidl_generator_py/rvr_msgs/_rvr_msgs_s.ep.rosidl_typesupport_introspection_c.c.o[0m
[22.033s] [ 93%] [32mBuilding C object CMakeFiles/rvr_msgs__rosidl_typesupport_fastrtps_c__pyext.dir/rosidl_generator_py/rvr_msgs/_rvr_msgs_s.ep.rosidl_typesupport_fastrtps_c.c.o[0m
[22.034s] [ 95%] [32mBuilding C object CMakeFiles/rvr_msgs__rosidl_typesupport_c__pyext.dir/rosidl_generator_py/rvr_msgs/_rvr_msgs_s.ep.rosidl_typesupport_c.c.o[0m
[22.375s] [ 96%] [32m[1mLinking C shared library rosidl_generator_py/rvr_msgs/rvr_msgs_s__rosidl_typesupport_fastrtps_c.cpython-310-x86_64-linux-gnu.so[0m
[22.379s] [100%] [32m[1mLinking C shared library rosidl_generator_py/rvr_msgs/rvr_msgs_s__rosidl_typesupport_introspection_c.cpython-310-x86_64-linux-gnu.so[0m
[22.379s] [100%] [32m[1mLinking C shared library rosidl_generator_py/rvr_msgs/rvr_msgs_s__rosidl_typesupport_c.cpython-310-x86_64-linux-gnu.so[0m
[22.477s] [100%] Built target rvr_msgs__rosidl_typesupport_fastrtps_c__pyext
[22.481s] [100%] Built target rvr_msgs__rosidl_typesupport_c__pyext
[22.482s] [100%] Built target rvr_msgs__rosidl_typesupport_introspection_c__pyext
[22.524s] Invoked command in '/home/mztejero/rvr_ros2_ws/build/rvr_msgs' returned '0': CMAKE_PREFIX_PATH=/opt/ros/humble /usr/bin/cmake --build /home/mztejero/rvr_ros2_ws/build/rvr_msgs -- -j4 -l4
[22.531s] Invoking command in '/home/mztejero/rvr_ros2_ws/build/rvr_msgs': CMAKE_PREFIX_PATH=/opt/ros/humble /usr/bin/cmake --install /home/mztejero/rvr_ros2_ws/build/rvr_msgs
[22.546s] -- Install configuration: ""
[22.547s] -- Installing: /home/mztejero/rvr_ros2_ws/install/rvr_msgs/share/ament_index/resource_index/rosidl_interfaces/rvr_msgs
[22.548s] -- Installing: /home/mztejero/rvr_ros2_ws/install/rvr_msgs/include/rvr_msgs/rvr_msgs
[22.550s] -- Installing: /home/mztejero/rvr_ros2_ws/install/rvr_msgs/include/rvr_msgs/rvr_msgs/msg
[22.551s] -- Installing: /home/mztejero/rvr_ros2_ws/install/rvr_msgs/include/rvr_msgs/rvr_msgs/msg/rover_data.h
[22.552s] -- Installing: /home/mztejero/rvr_ros2_ws/install/rvr_msgs/include/rvr_msgs/rvr_msgs/msg/vector3.h
[22.552s] -- Installing: /home/mztejero/rvr_ros2_ws/install/rvr_msgs/include/rvr_msgs/rvr_msgs/msg/wheel4.h
[22.553s] -- Installing: /home/mztejero/rvr_ros2_ws/install/rvr_msgs/include/rvr_msgs/rvr_msgs/msg/detail
[22.554s] -- Installing: /home/mztejero/rvr_ros2_ws/install/rvr_msgs/include/rvr_msgs/rvr_msgs/msg/detail/rover_data__type_support.h
[22.555s] -- Installing: /home/mztejero/rvr_ros2_ws/install/rvr_msgs/include/rvr_msgs/rvr_msgs/msg/detail/wheel4__functions.c
[22.556s] -- Installing: /home/mztejero/rvr_ros2_ws/install/rvr_msgs/include/rvr_msgs/rvr_msgs/msg/detail/vector3__struct.h
[22.557s] -- Installing: /home/mztejero/rvr_ros2_ws/install/rvr_msgs/include/rvr_msgs/rvr_msgs/msg/detail/pos_data__struct.h
[22.558s] -- Installing: /home/mztejero/rvr_ros2_ws/install/rvr_msgs/include/rvr_msgs/rvr_msgs/msg/detail/command_velocities__struct.h
[22.559s] -- Installing: /home/mztejero/rvr_ros2_ws/install/rvr_msgs/include/rvr_msgs/rvr_msgs/msg/detail/vector3__functions.c
[22.559s] -- Installing: /home/mztejero/rvr_ros2_ws/install/rvr_msgs/include/rvr_msgs/rvr_msgs/msg/detail/vector3__functions.h
[22.559s] -- Installing: /home/mztejero/rvr_ros2_ws/install/rvr_msgs/include/rvr_msgs/rvr_msgs/msg/detail/command_velocities__type_support.h
[22.560s] -- Installing: /home/mztejero/rvr_ros2_ws/install/rvr_msgs/include/rvr_msgs/rvr_msgs/msg/detail/wheel4__struct.h
[22.561s] -- Installing: /home/mztejero/rvr_ros2_ws/install/rvr_msgs/include/rvr_msgs/rvr_msgs/msg/detail/command_velocities__functions.c
[22.561s] -- Installing: /home/mztejero/rvr_ros2_ws/install/rvr_msgs/include/rvr_msgs/rvr_msgs/msg/detail/rover_data__functions.h
[22.562s] -- Installing: /home/mztejero/rvr_ros2_ws/install/rvr_msgs/include/rvr_msgs/rvr_msgs/msg/detail/wheel4__functions.h
[22.563s] -- Installing: /home/mztejero/rvr_ros2_ws/install/rvr_msgs/include/rvr_msgs/rvr_msgs/msg/detail/pos_data__functions.h
[22.563s] -- Installing: /home/mztejero/rvr_ros2_ws/install/rvr_msgs/include/rvr_msgs/rvr_msgs/msg/detail/rover_data__struct.h
[22.564s] -- Installing: /home/mztejero/rvr_ros2_ws/install/rvr_msgs/include/rvr_msgs/rvr_msgs/msg/detail/rover_data__functions.c
[22.565s] -- Installing: /home/mztejero/rvr_ros2_ws/install/rvr_msgs/include/rvr_msgs/rvr_msgs/msg/detail/vector3__type_support.h
[22.566s] -- Installing: /home/mztejero/rvr_ros2_ws/install/rvr_msgs/include/rvr_msgs/rvr_msgs/msg/detail/pos_data__functions.c
[22.566s] -- Installing: /home/mztejero/rvr_ros2_ws/install/rvr_msgs/include/rvr_msgs/rvr_msgs/msg/detail/command_velocities__functions.h
[22.566s] -- Installing: /home/mztejero/rvr_ros2_ws/install/rvr_msgs/include/rvr_msgs/rvr_msgs/msg/detail/wheel4__type_support.h
[22.566s] -- Installing: /home/mztejero/rvr_ros2_ws/install/rvr_msgs/include/rvr_msgs/rvr_msgs/msg/detail/pos_data__type_support.h
[22.567s] -- Installing: /home/mztejero/rvr_ros2_ws/install/rvr_msgs/include/rvr_msgs/rvr_msgs/msg/command_velocities.h
[22.567s] -- Installing: /home/mztejero/rvr_ros2_ws/install/rvr_msgs/include/rvr_msgs/rvr_msgs/msg/pos_data.h
[22.569s] -- Installing: /home/mztejero/rvr_ros2_ws/install/rvr_msgs/include/rvr_msgs/rvr_msgs/msg/rosidl_generator_c__visibility_control.h
[22.570s] -- Installing: /home/mztejero/rvr_ros2_ws/install/rvr_msgs/share/rvr_msgs/environment/library_path.sh
[22.573s] -- Installing: /home/mztejero/rvr_ros2_ws/install/rvr_msgs/share/rvr_msgs/environment/library_path.dsv
[22.574s] -- Installing: /home/mztejero/rvr_ros2_ws/install/rvr_msgs/lib/librvr_msgs__rosidl_generator_c.so
[22.577s] -- Set runtime path of "/home/mztejero/rvr_ros2_ws/install/rvr_msgs/lib/librvr_msgs__rosidl_generator_c.so" to ""
[22.578s] -- Up-to-date: /home/mztejero/rvr_ros2_ws/install/rvr_msgs/include/rvr_msgs/rvr_msgs
[22.578s] -- Up-to-date: /home/mztejero/rvr_ros2_ws/install/rvr_msgs/include/rvr_msgs/rvr_msgs/msg
[22.580s] -- Up-to-date: /home/mztejero/rvr_ros2_ws/install/rvr_msgs/include/rvr_msgs/rvr_msgs/msg/detail
[22.581s] -- Installing: /home/mztejero/rvr_ros2_ws/install/rvr_msgs/include/rvr_msgs/rvr_msgs/msg/detail/vector3__rosidl_typesupport_fastrtps_c.h
[22.581s] -- Installing: /home/mztejero/rvr_ros2_ws/install/rvr_msgs/include/rvr_msgs/rvr_msgs/msg/detail/wheel4__rosidl_typesupport_fastrtps_c.h
[22.583s] -- Installing: /home/mztejero/rvr_ros2_ws/install/rvr_msgs/include/rvr_msgs/rvr_msgs/msg/detail/rover_data__rosidl_typesupport_fastrtps_c.h
[22.584s] -- Installing: /home/mztejero/rvr_ros2_ws/install/rvr_msgs/include/rvr_msgs/rvr_msgs/msg/detail/pos_data__rosidl_typesupport_fastrtps_c.h
[22.585s] -- Installing: /home/mztejero/rvr_ros2_ws/install/rvr_msgs/include/rvr_msgs/rvr_msgs/msg/detail/command_velocities__rosidl_typesupport_fastrtps_c.h
[22.585s] -- Installing: /home/mztejero/rvr_ros2_ws/install/rvr_msgs/include/rvr_msgs/rvr_msgs/msg/rosidl_typesupport_fastrtps_c__visibility_control.h
[22.585s] -- Installing: /home/mztejero/rvr_ros2_ws/install/rvr_msgs/lib/librvr_msgs__rosidl_typesupport_fastrtps_c.so
[22.587s] -- Set runtime path of "/home/mztejero/rvr_ros2_ws/install/rvr_msgs/lib/librvr_msgs__rosidl_typesupport_fastrtps_c.so" to ""
[22.588s] -- Up-to-date: /home/mztejero/rvr_ros2_ws/install/rvr_msgs/include/rvr_msgs/rvr_msgs
[22.589s] -- Up-to-date: /home/mztejero/rvr_ros2_ws/install/rvr_msgs/include/rvr_msgs/rvr_msgs/msg
[22.590s] -- Up-to-date: /home/mztejero/rvr_ros2_ws/install/rvr_msgs/include/rvr_msgs/rvr_msgs/msg/detail
[22.591s] -- Installing: /home/mztejero/rvr_ros2_ws/install/rvr_msgs/include/rvr_msgs/rvr_msgs/msg/detail/pos_data__type_support.c
[22.592s] -- Installing: /home/mztejero/rvr_ros2_ws/install/rvr_msgs/include/rvr_msgs/rvr_msgs/msg/detail/vector3__type_support.c
[22.593s] -- Installing: /home/mztejero/rvr_ros2_ws/install/rvr_msgs/include/rvr_msgs/rvr_msgs/msg/detail/wheel4__rosidl_typesupport_introspection_c.h
[22.594s] -- Installing: /home/mztejero/rvr_ros2_ws/install/rvr_msgs/include/rvr_msgs/rvr_msgs/msg/detail/command_velocities__rosidl_typesupport_introspection_c.h
[22.595s] -- Installing: /home/mztejero/rvr_ros2_ws/install/rvr_msgs/include/rvr_msgs/rvr_msgs/msg/detail/rover_data__rosidl_typesupport_introspection_c.h
[22.596s] -- Installing: /home/mztejero/rvr_ros2_ws/install/rvr_msgs/include/rvr_msgs/rvr_msgs/msg/detail/rover_data__type_support.c
[22.597s] -- Installing: /home/mztejero/rvr_ros2_ws/install/rvr_msgs/include/rvr_msgs/rvr_msgs/msg/detail/vector3__rosidl_typesupport_introspection_c.h
[22.597s] -- Installing: /home/mztejero/rvr_ros2_ws/install/rvr_msgs/include/rvr_msgs/rvr_msgs/msg/detail/pos_data__rosidl_typesupport_introspection_c.h
[22.598s] -- Installing: /home/mztejero/rvr_ros2_ws/install/rvr_msgs/include/rvr_msgs/rvr_msgs/msg/detail/wheel4__type_support.c
[22.598s] -- Installing: /home/mztejero/rvr_ros2_ws/install/rvr_msgs/include/rvr_msgs/rvr_msgs/msg/detail/command_velocities__type_support.c
[22.600s] -- Installing: /home/mztejero/rvr_ros2_ws/install/rvr_msgs/include/rvr_msgs/rvr_msgs/msg/rosidl_typesupport_introspection_c__visibility_control.h
[22.600s] -- Installing: /home/mztejero/rvr_ros2_ws/install/rvr_msgs/lib/librvr_msgs__rosidl_typesupport_introspection_c.so
[22.602s] -- Set runtime path of "/home/mztejero/rvr_ros2_ws/install/rvr_msgs/lib/librvr_msgs__rosidl_typesupport_introspection_c.so" to ""
[22.603s] -- Installing: /home/mztejero/rvr_ros2_ws/install/rvr_msgs/lib/librvr_msgs__rosidl_typesupport_c.so
[22.603s] -- Set runtime path of "/home/mztejero/rvr_ros2_ws/install/rvr_msgs/lib/librvr_msgs__rosidl_typesupport_c.so" to ""
[22.604s] -- Up-to-date: /home/mztejero/rvr_ros2_ws/install/rvr_msgs/include/rvr_msgs/rvr_msgs
[22.605s] -- Up-to-date: /home/mztejero/rvr_ros2_ws/install/rvr_msgs/include/rvr_msgs/rvr_msgs/msg
[22.606s] -- Installing: /home/mztejero/rvr_ros2_ws/install/rvr_msgs/include/rvr_msgs/rvr_msgs/msg/vector3.hpp
[22.606s] -- Installing: /home/mztejero/rvr_ros2_ws/install/rvr_msgs/include/rvr_msgs/rvr_msgs/msg/pos_data.hpp
[22.607s] -- Installing: /home/mztejero/rvr_ros2_ws/install/rvr_msgs/include/rvr_msgs/rvr_msgs/msg/wheel4.hpp
[22.607s] -- Up-to-date: /home/mztejero/rvr_ros2_ws/install/rvr_msgs/include/rvr_msgs/rvr_msgs/msg/detail
[22.608s] -- Installing: /home/mztejero/rvr_ros2_ws/install/rvr_msgs/include/rvr_msgs/rvr_msgs/msg/detail/rover_data__builder.hpp
[22.609s] -- Installing: /home/mztejero/rvr_ros2_ws/install/rvr_msgs/include/rvr_msgs/rvr_msgs/msg/detail/rover_data__type_support.hpp
[22.610s] -- Installing: /home/mztejero/rvr_ros2_ws/install/rvr_msgs/include/rvr_msgs/rvr_msgs/msg/detail/vector3__traits.hpp
[22.612s] -- Installing: /home/mztejero/rvr_ros2_ws/install/rvr_msgs/include/rvr_msgs/rvr_msgs/msg/detail/command_velocities__type_support.hpp
[22.612s] -- Installing: /home/mztejero/rvr_ros2_ws/install/rvr_msgs/include/rvr_msgs/rvr_msgs/msg/detail/pos_data__traits.hpp
[22.614s] -- Installing: /home/mztejero/rvr_ros2_ws/install/rvr_msgs/include/rvr_msgs/rvr_msgs/msg/detail/wheel4__type_support.hpp
[22.614s] -- Installing: /home/mztejero/rvr_ros2_ws/install/rvr_msgs/include/rvr_msgs/rvr_msgs/msg/detail/wheel4__builder.hpp
[22.619s] -- Installing: /home/mztejero/rvr_ros2_ws/install/rvr_msgs/include/rvr_msgs/rvr_msgs/msg/detail/command_velocities__builder.hpp
[22.619s] -- Installing: /home/mztejero/rvr_ros2_ws/install/rvr_msgs/include/rvr_msgs/rvr_msgs/msg/detail/pos_data__struct.hpp
[22.620s] -- Installing: /home/mztejero/rvr_ros2_ws/install/rvr_msgs/include/rvr_msgs/rvr_msgs/msg/detail/rover_data__struct.hpp
[22.621s] -- Installing: /home/mztejero/rvr_ros2_ws/install/rvr_msgs/include/rvr_msgs/rvr_msgs/msg/detail/rover_data__traits.hpp
[22.621s] -- Installing: /home/mztejero/rvr_ros2_ws/install/rvr_msgs/include/rvr_msgs/rvr_msgs/msg/detail/vector3__struct.hpp
[22.622s] -- Installing: /home/mztejero/rvr_ros2_ws/install/rvr_msgs/include/rvr_msgs/rvr_msgs/msg/detail/wheel4__traits.hpp
[22.622s] -- Installing: /home/mztejero/rvr_ros2_ws/install/rvr_msgs/include/rvr_msgs/rvr_msgs/msg/detail/pos_data__type_support.hpp
[22.622s] -- Installing: /home/mztejero/rvr_ros2_ws/install/rvr_msgs/include/rvr_msgs/rvr_msgs/msg/detail/wheel4__struct.hpp
[22.623s] -- Installing: /home/mztejero/rvr_ros2_ws/install/rvr_msgs/include/rvr_msgs/rvr_msgs/msg/detail/vector3__builder.hpp
[22.623s] -- Installing: /home/mztejero/rvr_ros2_ws/install/rvr_msgs/include/rvr_msgs/rvr_msgs/msg/detail/pos_data__builder.hpp
[22.623s] -- Installing: /home/mztejero/rvr_ros2_ws/install/rvr_msgs/include/rvr_msgs/rvr_msgs/msg/detail/vector3__type_support.hpp
[22.623s] -- Installing: /home/mztejero/rvr_ros2_ws/install/rvr_msgs/include/rvr_msgs/rvr_msgs/msg/detail/command_velocities__traits.hpp
[22.624s] -- Installing: /home/mztejero/rvr_ros2_ws/install/rvr_msgs/include/rvr_msgs/rvr_msgs/msg/detail/command_velocities__struct.hpp
[22.624s] -- Installing: /home/mztejero/rvr_ros2_ws/install/rvr_msgs/include/rvr_msgs/rvr_msgs/msg/command_velocities.hpp
[22.624s] -- Installing: /home/mztejero/rvr_ros2_ws/install/rvr_msgs/include/rvr_msgs/rvr_msgs/msg/rosidl_generator_cpp__visibility_control.hpp
[22.624s] -- Installing: /home/mztejero/rvr_ros2_ws/install/rvr_msgs/include/rvr_msgs/rvr_msgs/msg/rover_data.hpp
[22.624s] -- Up-to-date: /home/mztejero/rvr_ros2_ws/install/rvr_msgs/include/rvr_msgs/rvr_msgs
[22.624s] -- Up-to-date: /home/mztejero/rvr_ros2_ws/install/rvr_msgs/include/rvr_msgs/rvr_msgs/msg
[22.625s] -- Up-to-date: /home/mztejero/rvr_ros2_ws/install/rvr_msgs/include/rvr_msgs/rvr_msgs/msg/detail
[22.625s] -- Installing: /home/mztejero/rvr_ros2_ws/install/rvr_msgs/include/rvr_msgs/rvr_msgs/msg/detail/command_velocities__rosidl_typesupport_fastrtps_cpp.hpp
[22.626s] -- Installing: /home/mztejero/rvr_ros2_ws/install/rvr_msgs/include/rvr_msgs/rvr_msgs/msg/detail/wheel4__rosidl_typesupport_fastrtps_cpp.hpp
[22.626s] -- Installing: /home/mztejero/rvr_ros2_ws/install/rvr_msgs/include/rvr_msgs/rvr_msgs/msg/detail/vector3__rosidl_typesupport_fastrtps_cpp.hpp
[22.626s] -- Installing: /home/mztejero/rvr_ros2_ws/install/rvr_msgs/include/rvr_msgs/rvr_msgs/msg/detail/rover_data__rosidl_typesupport_fastrtps_cpp.hpp
[22.627s] -- Installing: /home/mztejero/rvr_ros2_ws/install/rvr_msgs/include/rvr_msgs/rvr_msgs/msg/detail/pos_data__rosidl_typesupport_fastrtps_cpp.hpp
[22.627s] -- Installing: /home/mztejero/rvr_ros2_ws/install/rvr_msgs/include/rvr_msgs/rvr_msgs/msg/detail/dds_fastrtps
[22.627s] -- Installing: /home/mztejero/rvr_ros2_ws/install/rvr_msgs/include/rvr_msgs/rvr_msgs/msg/rosidl_typesupport_fastrtps_cpp__visibility_control.h
[22.628s] -- Installing: /home/mztejero/rvr_ros2_ws/install/rvr_msgs/lib/librvr_msgs__rosidl_typesupport_fastrtps_cpp.so
[22.628s] -- Set runtime path of "/home/mztejero/rvr_ros2_ws/install/rvr_msgs/lib/librvr_msgs__rosidl_typesupport_fastrtps_cpp.so" to ""
[22.628s] -- Up-to-date: /home/mztejero/rvr_ros2_ws/install/rvr_msgs/include/rvr_msgs/rvr_msgs
[22.628s] -- Up-to-date: /home/mztejero/rvr_ros2_ws/install/rvr_msgs/include/rvr_msgs/rvr_msgs/msg
[22.629s] -- Up-to-date: /home/mztejero/rvr_ros2_ws/install/rvr_msgs/include/rvr_msgs/rvr_msgs/msg/detail
[22.629s] -- Installing: /home/mztejero/rvr_ros2_ws/install/rvr_msgs/include/rvr_msgs/rvr_msgs/msg/detail/wheel4__rosidl_typesupport_introspection_cpp.hpp
[22.629s] -- Installing: /home/mztejero/rvr_ros2_ws/install/rvr_msgs/include/rvr_msgs/rvr_msgs/msg/detail/vector3__rosidl_typesupport_introspection_cpp.hpp
[22.629s] -- Installing: /home/mztejero/rvr_ros2_ws/install/rvr_msgs/include/rvr_msgs/rvr_msgs/msg/detail/command_velocities__type_support.cpp
[22.629s] -- Installing: /home/mztejero/rvr_ros2_ws/install/rvr_msgs/include/rvr_msgs/rvr_msgs/msg/detail/wheel4__type_support.cpp
[22.629s] -- Installing: /home/mztejero/rvr_ros2_ws/install/rvr_msgs/include/rvr_msgs/rvr_msgs/msg/detail/rover_data__type_support.cpp
[22.630s] -- Installing: /home/mztejero/rvr_ros2_ws/install/rvr_msgs/include/rvr_msgs/rvr_msgs/msg/detail/vector3__type_support.cpp
[22.630s] -- Installing: /home/mztejero/rvr_ros2_ws/install/rvr_msgs/include/rvr_msgs/rvr_msgs/msg/detail/rover_data__rosidl_typesupport_introspection_cpp.hpp
[22.631s] -- Installing: /home/mztejero/rvr_ros2_ws/install/rvr_msgs/include/rvr_msgs/rvr_msgs/msg/detail/pos_data__type_support.cpp
[22.631s] -- Installing: /home/mztejero/rvr_ros2_ws/install/rvr_msgs/include/rvr_msgs/rvr_msgs/msg/detail/pos_data__rosidl_typesupport_introspection_cpp.hpp
[22.631s] -- Installing: /home/mztejero/rvr_ros2_ws/install/rvr_msgs/include/rvr_msgs/rvr_msgs/msg/detail/command_velocities__rosidl_typesupport_introspection_cpp.hpp
[22.632s] -- Installing: /home/mztejero/rvr_ros2_ws/install/rvr_msgs/lib/librvr_msgs__rosidl_typesupport_introspection_cpp.so
[22.632s] -- Set runtime path of "/home/mztejero/rvr_ros2_ws/install/rvr_msgs/lib/librvr_msgs__rosidl_typesupport_introspection_cpp.so" to ""
[22.632s] -- Installing: /home/mztejero/rvr_ros2_ws/install/rvr_msgs/lib/librvr_msgs__rosidl_typesupport_cpp.so
[22.633s] -- Set runtime path of "/home/mztejero/rvr_ros2_ws/install/rvr_msgs/lib/librvr_msgs__rosidl_typesupport_cpp.so" to ""
[22.633s] -- Installing: /home/mztejero/rvr_ros2_ws/install/rvr_msgs/share/rvr_msgs/environment/pythonpath.sh
[22.633s] -- Installing: /home/mztejero/rvr_ros2_ws/install/rvr_msgs/share/rvr_msgs/environment/pythonpath.dsv
[22.633s] -- Installing: /home/mztejero/rvr_ros2_ws/install/rvr_msgs/local/lib/python3.10/dist-packages/rvr_msgs-0.0.0-py3.10.egg-info
[22.633s] -- Installing: /home/mztejero/rvr_ros2_ws/install/rvr_msgs/local/lib/python3.10/dist-packages/rvr_msgs-0.0.0-py3.10.egg-info/PKG-INFO
[22.633s] -- Installing: /home/mztejero/rvr_ros2_ws/install/rvr_msgs/local/lib/python3.10/dist-packages/rvr_msgs-0.0.0-py3.10.egg-info/SOURCES.txt
[22.634s] -- Installing: /home/mztejero/rvr_ros2_ws/install/rvr_msgs/local/lib/python3.10/dist-packages/rvr_msgs-0.0.0-py3.10.egg-info/top_level.txt
[22.634s] -- Installing: /home/mztejero/rvr_ros2_ws/install/rvr_msgs/local/lib/python3.10/dist-packages/rvr_msgs-0.0.0-py3.10.egg-info/dependency_links.txt
[22.634s] -- Installing: /home/mztejero/rvr_ros2_ws/install/rvr_msgs/local/lib/python3.10/dist-packages/rvr_msgs
[22.635s] -- Installing: /home/mztejero/rvr_ros2_ws/install/rvr_msgs/local/lib/python3.10/dist-packages/rvr_msgs/msg
[22.635s] -- Installing: /home/mztejero/rvr_ros2_ws/install/rvr_msgs/local/lib/python3.10/dist-packages/rvr_msgs/msg/_vector3.py
[22.635s] -- Installing: /home/mztejero/rvr_ros2_ws/install/rvr_msgs/local/lib/python3.10/dist-packages/rvr_msgs/msg/_wheel4_s.c
[22.635s] -- Installing: /home/mztejero/rvr_ros2_ws/install/rvr_msgs/local/lib/python3.10/dist-packages/rvr_msgs/msg/_command_velocities_s.c
[22.636s] -- Installing: /home/mztejero/rvr_ros2_ws/install/rvr_msgs/local/lib/python3.10/dist-packages/rvr_msgs/msg/__init__.py
[22.636s] -- Installing: /home/mztejero/rvr_ros2_ws/install/rvr_msgs/local/lib/python3.10/dist-packages/rvr_msgs/msg/_rover_data.py
[22.636s] -- Installing: /home/mztejero/rvr_ros2_ws/install/rvr_msgs/local/lib/python3.10/dist-packages/rvr_msgs/msg/_pos_data_s.c
[22.636s] -- Installing: /home/mztejero/rvr_ros2_ws/install/rvr_msgs/local/lib/python3.10/dist-packages/rvr_msgs/msg/_wheel4.py
[22.636s] -- Installing: /home/mztejero/rvr_ros2_ws/install/rvr_msgs/local/lib/python3.10/dist-packages/rvr_msgs/msg/_command_velocities.py
[22.637s] -- Installing: /home/mztejero/rvr_ros2_ws/install/rvr_msgs/local/lib/python3.10/dist-packages/rvr_msgs/msg/_rover_data_s.c
[22.637s] -- Installing: /home/mztejero/rvr_ros2_ws/install/rvr_msgs/local/lib/python3.10/dist-packages/rvr_msgs/msg/_vector3_s.c
[22.637s] -- Installing: /home/mztejero/rvr_ros2_ws/install/rvr_msgs/local/lib/python3.10/dist-packages/rvr_msgs/msg/_pos_data.py
[22.638s] -- Installing: /home/mztejero/rvr_ros2_ws/install/rvr_msgs/local/lib/python3.10/dist-packages/rvr_msgs/__init__.py
[22.638s] -- Installing: /home/mztejero/rvr_ros2_ws/install/rvr_msgs/local/lib/python3.10/dist-packages/rvr_msgs/librvr_msgs__rosidl_generator_py.so
[22.638s] -- Installing: /home/mztejero/rvr_ros2_ws/install/rvr_msgs/local/lib/python3.10/dist-packages/rvr_msgs/_rvr_msgs_s.ep.rosidl_typesupport_fastrtps_c.c
[22.638s] -- Installing: /home/mztejero/rvr_ros2_ws/install/rvr_msgs/local/lib/python3.10/dist-packages/rvr_msgs/_rvr_msgs_s.ep.rosidl_typesupport_introspection_c.c
[22.638s] -- Installing: /home/mztejero/rvr_ros2_ws/install/rvr_msgs/local/lib/python3.10/dist-packages/rvr_msgs/rvr_msgs_s__rosidl_typesupport_fastrtps_c.cpython-310-x86_64-linux-gnu.so
[22.639s] -- Installing: /home/mztejero/rvr_ros2_ws/install/rvr_msgs/local/lib/python3.10/dist-packages/rvr_msgs/_rvr_msgs_s.ep.rosidl_typesupport_c.c
[22.639s] -- Installing: /home/mztejero/rvr_ros2_ws/install/rvr_msgs/local/lib/python3.10/dist-packages/rvr_msgs/rvr_msgs_s__rosidl_typesupport_c.cpython-310-x86_64-linux-gnu.so
[22.640s] -- Installing: /home/mztejero/rvr_ros2_ws/install/rvr_msgs/local/lib/python3.10/dist-packages/rvr_msgs/rvr_msgs_s__rosidl_typesupport_introspection_c.cpython-310-x86_64-linux-gnu.so
[22.698s] Listing '/home/mztejero/rvr_ros2_ws/install/rvr_msgs/local/lib/python3.10/dist-packages/rvr_msgs'...
[22.698s] Compiling '/home/mztejero/rvr_ros2_ws/install/rvr_msgs/local/lib/python3.10/dist-packages/rvr_msgs/__init__.py'...
[22.698s] Listing '/home/mztejero/rvr_ros2_ws/install/rvr_msgs/local/lib/python3.10/dist-packages/rvr_msgs/msg'...
[22.699s] Compiling '/home/mztejero/rvr_ros2_ws/install/rvr_msgs/local/lib/python3.10/dist-packages/rvr_msgs/msg/__init__.py'...
[22.700s] Compiling '/home/mztejero/rvr_ros2_ws/install/rvr_msgs/local/lib/python3.10/dist-packages/rvr_msgs/msg/_command_velocities.py'...
[22.700s] Compiling '/home/mztejero/rvr_ros2_ws/install/rvr_msgs/local/lib/python3.10/dist-packages/rvr_msgs/msg/_pos_data.py'...
[22.700s] Compiling '/home/mztejero/rvr_ros2_ws/install/rvr_msgs/local/lib/python3.10/dist-packages/rvr_msgs/msg/_rover_data.py'...
[22.700s] Compiling '/home/mztejero/rvr_ros2_ws/install/rvr_msgs/local/lib/python3.10/dist-packages/rvr_msgs/msg/_vector3.py'...
[22.701s] Compiling '/home/mztejero/rvr_ros2_ws/install/rvr_msgs/local/lib/python3.10/dist-packages/rvr_msgs/msg/_wheel4.py'...
[22.707s] -- Installing: /home/mztejero/rvr_ros2_ws/install/rvr_msgs/local/lib/python3.10/dist-packages/rvr_msgs/rvr_msgs_s__rosidl_typesupport_fastrtps_c.cpython-310-x86_64-linux-gnu.so
[22.708s] -- Set runtime path of "/home/mztejero/rvr_ros2_ws/install/rvr_msgs/local/lib/python3.10/dist-packages/rvr_msgs/rvr_msgs_s__rosidl_typesupport_fastrtps_c.cpython-310-x86_64-linux-gnu.so" to ""
[22.708s] -- Installing: /home/mztejero/rvr_ros2_ws/install/rvr_msgs/local/lib/python3.10/dist-packages/rvr_msgs/rvr_msgs_s__rosidl_typesupport_introspection_c.cpython-310-x86_64-linux-gnu.so
[22.710s] -- Set runtime path of "/home/mztejero/rvr_ros2_ws/install/rvr_msgs/local/lib/python3.10/dist-packages/rvr_msgs/rvr_msgs_s__rosidl_typesupport_introspection_c.cpython-310-x86_64-linux-gnu.so" to ""
[22.711s] -- Installing: /home/mztejero/rvr_ros2_ws/install/rvr_msgs/local/lib/python3.10/dist-packages/rvr_msgs/rvr_msgs_s__rosidl_typesupport_c.cpython-310-x86_64-linux-gnu.so
[22.712s] -- Set runtime path of "/home/mztejero/rvr_ros2_ws/install/rvr_msgs/local/lib/python3.10/dist-packages/rvr_msgs/rvr_msgs_s__rosidl_typesupport_c.cpython-310-x86_64-linux-gnu.so" to ""
[22.712s] -- Installing: /home/mztejero/rvr_ros2_ws/install/rvr_msgs/lib/librvr_msgs__rosidl_generator_py.so
[22.714s] -- Set runtime path of "/home/mztejero/rvr_ros2_ws/install/rvr_msgs/lib/librvr_msgs__rosidl_generator_py.so" to ""
[22.715s] -- Installing: /home/mztejero/rvr_ros2_ws/install/rvr_msgs/share/rvr_msgs/msg/CommandVelocities.idl
[22.716s] -- Installing: /home/mztejero/rvr_ros2_ws/install/rvr_msgs/share/rvr_msgs/msg/Vector3.idl
[22.717s] -- Installing: /home/mztejero/rvr_ros2_ws/install/rvr_msgs/share/rvr_msgs/msg/Wheel4.idl
[22.719s] -- Installing: /home/mztejero/rvr_ros2_ws/install/rvr_msgs/share/rvr_msgs/msg/RoverData.idl
[22.719s] -- Installing: /home/mztejero/rvr_ros2_ws/install/rvr_msgs/share/rvr_msgs/msg/PosData.idl
[22.720s] -- Installing: /home/mztejero/rvr_ros2_ws/install/rvr_msgs/share/rvr_msgs/msg/CommandVelocities.msg
[22.720s] -- Installing: /home/mztejero/rvr_ros2_ws/install/rvr_msgs/share/rvr_msgs/msg/Vector3.msg
[22.720s] -- Installing: /home/mztejero/rvr_ros2_ws/install/rvr_msgs/share/rvr_msgs/msg/Wheel4.msg
[22.721s] -- Installing: /home/mztejero/rvr_ros2_ws/install/rvr_msgs/share/rvr_msgs/msg/RoverData.msg
[22.722s] -- Installing: /home/mztejero/rvr_ros2_ws/install/rvr_msgs/share/rvr_msgs/msg/PosData.msg
[22.723s] -- Installing: /home/mztejero/rvr_ros2_ws/install/rvr_msgs/share/ament_index/resource_index/package_run_dependencies/rvr_msgs
[22.723s] -- Installing: /home/mztejero/rvr_ros2_ws/install/rvr_msgs/share/ament_index/resource_index/parent_prefix_path/rvr_msgs
[22.724s] -- Installing: /home/mztejero/rvr_ros2_ws/install/rvr_msgs/share/rvr_msgs/environment/ament_prefix_path.sh
[22.724s] -- Installing: /home/mztejero/rvr_ros2_ws/install/rvr_msgs/share/rvr_msgs/environment/ament_prefix_path.dsv
[22.724s] -- Installing: /home/mztejero/rvr_ros2_ws/install/rvr_msgs/share/rvr_msgs/environment/path.sh
[22.725s] -- Installing: /home/mztejero/rvr_ros2_ws/install/rvr_msgs/share/rvr_msgs/environment/path.dsv
[22.725s] -- Installing: /home/mztejero/rvr_ros2_ws/install/rvr_msgs/share/rvr_msgs/local_setup.bash
[22.727s] -- Installing: /home/mztejero/rvr_ros2_ws/install/rvr_msgs/share/rvr_msgs/local_setup.sh
[22.728s] -- Installing: /home/mztejero/rvr_ros2_ws/install/rvr_msgs/share/rvr_msgs/local_setup.zsh
[22.729s] -- Installing: /home/mztejero/rvr_ros2_ws/install/rvr_msgs/share/rvr_msgs/local_setup.dsv
[22.729s] -- Installing: /home/mztejero/rvr_ros2_ws/install/rvr_msgs/share/rvr_msgs/package.dsv
[22.730s] -- Installing: /home/mztejero/rvr_ros2_ws/install/rvr_msgs/share/ament_index/resource_index/packages/rvr_msgs
[22.731s] -- Installing: /home/mztejero/rvr_ros2_ws/install/rvr_msgs/share/rvr_msgs/cmake/export_rvr_msgs__rosidl_generator_cExport.cmake
[22.731s] -- Installing: /home/mztejero/rvr_ros2_ws/install/rvr_msgs/share/rvr_msgs/cmake/export_rvr_msgs__rosidl_generator_cExport-noconfig.cmake
[22.733s] -- Installing: /home/mztejero/rvr_ros2_ws/install/rvr_msgs/share/rvr_msgs/cmake/export_rvr_msgs__rosidl_typesupport_fastrtps_cExport.cmake
[22.734s] -- Installing: /home/mztejero/rvr_ros2_ws/install/rvr_msgs/share/rvr_msgs/cmake/export_rvr_msgs__rosidl_typesupport_fastrtps_cExport-noconfig.cmake
[22.735s] -- Installing: /home/mztejero/rvr_ros2_ws/install/rvr_msgs/share/rvr_msgs/cmake/rvr_msgs__rosidl_typesupport_introspection_cExport.cmake
[22.736s] -- Installing: /home/mztejero/rvr_ros2_ws/install/rvr_msgs/share/rvr_msgs/cmake/rvr_msgs__rosidl_typesupport_introspection_cExport-noconfig.cmake
[22.736s] -- Installing: /home/mztejero/rvr_ros2_ws/install/rvr_msgs/share/rvr_msgs/cmake/rvr_msgs__rosidl_typesupport_cExport.cmake
[22.737s] -- Installing: /home/mztejero/rvr_ros2_ws/install/rvr_msgs/share/rvr_msgs/cmake/rvr_msgs__rosidl_typesupport_cExport-noconfig.cmake
[22.739s] -- Installing: /home/mztejero/rvr_ros2_ws/install/rvr_msgs/share/rvr_msgs/cmake/export_rvr_msgs__rosidl_generator_cppExport.cmake
[22.739s] -- Installing: /home/mztejero/rvr_ros2_ws/install/rvr_msgs/share/rvr_msgs/cmake/export_rvr_msgs__rosidl_typesupport_fastrtps_cppExport.cmake
[22.739s] -- Installing: /home/mztejero/rvr_ros2_ws/install/rvr_msgs/share/rvr_msgs/cmake/export_rvr_msgs__rosidl_typesupport_fastrtps_cppExport-noconfig.cmake
[22.739s] -- Installing: /home/mztejero/rvr_ros2_ws/install/rvr_msgs/share/rvr_msgs/cmake/rvr_msgs__rosidl_typesupport_introspection_cppExport.cmake
[22.740s] -- Installing: /home/mztejero/rvr_ros2_ws/install/rvr_msgs/share/rvr_msgs/cmake/rvr_msgs__rosidl_typesupport_introspection_cppExport-noconfig.cmake
[22.740s] -- Installing: /home/mztejero/rvr_ros2_ws/install/rvr_msgs/share/rvr_msgs/cmake/rvr_msgs__rosidl_typesupport_cppExport.cmake
[22.740s] -- Installing: /home/mztejero/rvr_ros2_ws/install/rvr_msgs/share/rvr_msgs/cmake/rvr_msgs__rosidl_typesupport_cppExport-noconfig.cmake
[22.741s] -- Installing: /home/mztejero/rvr_ros2_ws/install/rvr_msgs/share/rvr_msgs/cmake/export_rvr_msgs__rosidl_generator_pyExport.cmake
[22.742s] -- Installing: /home/mztejero/rvr_ros2_ws/install/rvr_msgs/share/rvr_msgs/cmake/export_rvr_msgs__rosidl_generator_pyExport-noconfig.cmake
[22.742s] -- Installing: /home/mztejero/rvr_ros2_ws/install/rvr_msgs/share/rvr_msgs/cmake/rosidl_cmake-extras.cmake
[22.748s] -- Installing: /home/mztejero/rvr_ros2_ws/install/rvr_msgs/share/rvr_msgs/cmake/ament_cmake_export_dependencies-extras.cmake
[22.749s] -- Installing: /home/mztejero/rvr_ros2_ws/install/rvr_msgs/share/rvr_msgs/cmake/ament_cmake_export_include_directories-extras.cmake
[22.750s] -- Installing: /home/mztejero/rvr_ros2_ws/install/rvr_msgs/share/rvr_msgs/cmake/ament_cmake_export_libraries-extras.cmake
[22.751s] -- Installing: /home/mztejero/rvr_ros2_ws/install/rvr_msgs/share/rvr_msgs/cmake/ament_cmake_export_targets-extras.cmake
[22.753s] -- Installing: /home/mztejero/rvr_ros2_ws/install/rvr_msgs/share/rvr_msgs/cmake/rosidl_cmake_export_typesupport_targets-extras.cmake
[22.754s] -- Installing: /home/mztejero/rvr_ros2_ws/install/rvr_msgs/share/rvr_msgs/cmake/rosidl_cmake_export_typesupport_libraries-extras.cmake
[22.755s] -- Installing: /home/mztejero/rvr_ros2_ws/install/rvr_msgs/share/rvr_msgs/cmake/rvr_msgsConfig.cmake
[22.756s] -- Installing: /home/mztejero/rvr_ros2_ws/install/rvr_msgs/share/rvr_msgs/cmake/rvr_msgsConfig-version.cmake
[22.759s] -- Installing: /home/mztejero/rvr_ros2_ws/install/rvr_msgs/share/rvr_msgs/package.xml
[22.766s] Invoked command in '/home/mztejero/rvr_ros2_ws/build/rvr_msgs' returned '0': CMAKE_PREFIX_PATH=/opt/ros/humble /usr/bin/cmake --install /home/mztejero/rvr_ros2_ws/build/rvr_msgs
