[0.090s] Invoking command in '/home/mztejero/rvr_ros2_ws/build/onboard_pkg': CMAKE_PREFIX_PATH=/home/mztejero/rvr_ros2_ws/install/rvr_msgs:/home/mztejero/rvr_ros2_ws/install/visualization:/home/mztejero/rvr_ros2_ws/install/data_processor:/home/mztejero/rvr_ros2_ws/install/rvr_files:/home/mztejero/ros2_ws/install/cpp_pubsub:/home/mztejero/ros2_ws/install/rover_msg:/home/mztejero/rover_ws/install/rvr_launch:/home/mztejero/rover_ws/install/msg_types:/home/mztejero/rover_ws/install/hardware_interface:/opt/ros/humble /usr/bin/cmake --build /home/mztejero/rvr_ros2_ws/build/onboard_pkg -- -j4 -l4
[0.224s] [ 33%] [32mBuilding CXX object CMakeFiles/cmd_vel_sub.dir/src/cmd_vel_sub_main.cpp.o[0m
[0.224s] [ 66%] [32mBuilding CXX object CMakeFiles/cmd_vel_sub.dir/src/cmd_vel_sub_lib.cpp.o[0m
[17.973s] [100%] [32m[1mLinking CXX executable cmd_vel_sub[0m
[18.678s] [100%] Built target cmd_vel_sub
[18.708s] Invoked command in '/home/mztejero/rvr_ros2_ws/build/onboard_pkg' returned '0': CMAKE_PREFIX_PATH=/home/mztejero/rvr_ros2_ws/install/rvr_msgs:/home/mztejero/rvr_ros2_ws/install/visualization:/home/mztejero/rvr_ros2_ws/install/data_processor:/home/mztejero/rvr_ros2_ws/install/rvr_files:/home/mztejero/ros2_ws/install/cpp_pubsub:/home/mztejero/ros2_ws/install/rover_msg:/home/mztejero/rover_ws/install/rvr_launch:/home/mztejero/rover_ws/install/msg_types:/home/mztejero/rover_ws/install/hardware_interface:/opt/ros/humble /usr/bin/cmake --build /home/mztejero/rvr_ros2_ws/build/onboard_pkg -- -j4 -l4
[18.714s] Invoking command in '/home/mztejero/rvr_ros2_ws/build/onboard_pkg': CMAKE_PREFIX_PATH=/home/mztejero/rvr_ros2_ws/install/rvr_msgs:/home/mztejero/rvr_ros2_ws/install/visualization:/home/mztejero/rvr_ros2_ws/install/data_processor:/home/mztejero/rvr_ros2_ws/install/rvr_files:/home/mztejero/ros2_ws/install/cpp_pubsub:/home/mztejero/ros2_ws/install/rover_msg:/home/mztejero/rover_ws/install/rvr_launch:/home/mztejero/rover_ws/install/msg_types:/home/mztejero/rover_ws/install/hardware_interface:/opt/ros/humble /usr/bin/cmake --install /home/mztejero/rvr_ros2_ws/build/onboard_pkg
[18.726s] -- Install configuration: ""
[18.728s] -- Installing: /home/mztejero/rvr_ros2_ws/install/onboard_pkg/lib/onboard_pkg/cmd_vel_sub
[18.732s] -- Set runtime path of "/home/mztejero/rvr_ros2_ws/install/onboard_pkg/lib/onboard_pkg/cmd_vel_sub" to ""
[18.734s] -- Installing: /home/mztejero/rvr_ros2_ws/install/onboard_pkg/share/ament_index/resource_index/package_run_dependencies/onboard_pkg
[18.734s] -- Installing: /home/mztejero/rvr_ros2_ws/install/onboard_pkg/share/ament_index/resource_index/parent_prefix_path/onboard_pkg
[18.734s] -- Installing: /home/mztejero/rvr_ros2_ws/install/onboard_pkg/share/onboard_pkg/environment/ament_prefix_path.sh
[18.734s] -- Installing: /home/mztejero/rvr_ros2_ws/install/onboard_pkg/share/onboard_pkg/environment/ament_prefix_path.dsv
[18.735s] -- Installing: /home/mztejero/rvr_ros2_ws/install/onboard_pkg/share/onboard_pkg/environment/path.sh
[18.735s] -- Installing: /home/mztejero/rvr_ros2_ws/install/onboard_pkg/share/onboard_pkg/environment/path.dsv
[18.735s] -- Installing: /home/mztejero/rvr_ros2_ws/install/onboard_pkg/share/onboard_pkg/local_setup.bash
[18.736s] -- Installing: /home/mztejero/rvr_ros2_ws/install/onboard_pkg/share/onboard_pkg/local_setup.sh
[18.736s] -- Installing: /home/mztejero/rvr_ros2_ws/install/onboard_pkg/share/onboard_pkg/local_setup.zsh
[18.736s] -- Installing: /home/mztejero/rvr_ros2_ws/install/onboard_pkg/share/onboard_pkg/local_setup.dsv
[18.736s] -- Installing: /home/mztejero/rvr_ros2_ws/install/onboard_pkg/share/onboard_pkg/package.dsv
[18.737s] -- Installing: /home/mztejero/rvr_ros2_ws/install/onboard_pkg/share/ament_index/resource_index/packages/onboard_pkg
[18.738s] -- Installing: /home/mztejero/rvr_ros2_ws/install/onboard_pkg/share/onboard_pkg/cmake/onboard_pkgConfig.cmake
[18.738s] -- Installing: /home/mztejero/rvr_ros2_ws/install/onboard_pkg/share/onboard_pkg/cmake/onboard_pkgConfig-version.cmake
[18.739s] -- Installing: /home/mztejero/rvr_ros2_ws/install/onboard_pkg/share/onboard_pkg/package.xml
[18.745s] Invoked command in '/home/mztejero/rvr_ros2_ws/build/onboard_pkg' returned '0': CMAKE_PREFIX_PATH=/home/mztejero/rvr_ros2_ws/install/rvr_msgs:/home/mztejero/rvr_ros2_ws/install/visualization:/home/mztejero/rvr_ros2_ws/install/data_processor:/home/mztejero/rvr_ros2_ws/install/rvr_files:/home/mztejero/ros2_ws/install/cpp_pubsub:/home/mztejero/ros2_ws/install/rover_msg:/home/mztejero/rover_ws/install/rvr_launch:/home/mztejero/rover_ws/install/msg_types:/home/mztejero/rover_ws/install/hardware_interface:/opt/ros/humble /usr/bin/cmake --install /home/mztejero/rvr_ros2_ws/build/onboard_pkg
