[ 25%] [32mBuilding CXX object CMakeFiles/rc_pub.dir/src/usb_interface_lib.cpp.o[0m
[ 50%] [32mBuilding CXX object CMakeFiles/rc_pub.dir/src/rc_pub_lib.cpp.o[0m
[ 75%] [32mBuilding CXX object CMakeFiles/rc_pub.dir/src/rc_pub_main.cpp.o[0m
[100%] [32m[1mLinking CXX executable rc_pub[0m
[100%] Built target rc_pub
-- Install configuration: ""
-- Installing: /home/mztejero/rvr_ros2_ws/install/controller/lib/controller/rc_pub
-- Set runtime path of "/home/mztejero/rvr_ros2_ws/install/controller/lib/controller/rc_pub" to ""
-- Up-to-date: /home/mztejero/rvr_ros2_ws/install/controller/share/ament_index/resource_index/package_run_dependencies/controller
-- Up-to-date: /home/mztejero/rvr_ros2_ws/install/controller/share/ament_index/resource_index/parent_prefix_path/controller
-- Up-to-date: /home/mztejero/rvr_ros2_ws/install/controller/share/controller/environment/ament_prefix_path.sh
-- Up-to-date: /home/mztejero/rvr_ros2_ws/install/controller/share/controller/environment/ament_prefix_path.dsv
-- Up-to-date: /home/mztejero/rvr_ros2_ws/install/controller/share/controller/environment/path.sh
-- Up-to-date: /home/mztejero/rvr_ros2_ws/install/controller/share/controller/environment/path.dsv
-- Up-to-date: /home/mztejero/rvr_ros2_ws/install/controller/share/controller/local_setup.bash
-- Up-to-date: /home/mztejero/rvr_ros2_ws/install/controller/share/controller/local_setup.sh
-- Up-to-date: /home/mztejero/rvr_ros2_ws/install/controller/share/controller/local_setup.zsh
-- Up-to-date: /home/mztejero/rvr_ros2_ws/install/controller/share/controller/local_setup.dsv
-- Installing: /home/mztejero/rvr_ros2_ws/install/controller/share/controller/package.dsv
-- Up-to-date: /home/mztejero/rvr_ros2_ws/install/controller/share/ament_index/resource_index/packages/controller
-- Up-to-date: /home/mztejero/rvr_ros2_ws/install/controller/share/controller/cmake/controllerConfig.cmake
-- Up-to-date: /home/mztejero/rvr_ros2_ws/install/controller/share/controller/cmake/controllerConfig-version.cmake
-- Up-to-date: /home/mztejero/rvr_ros2_ws/install/controller/share/controller/package.xml
