[0.110s] Invoking command in '/home/mztejero/rvr_ros2_ws/build/rvr_msgs': CMAKE_PREFIX_PATH=${CMAKE_PREFIX_PATH}:/home/mztejero/rover_ws/install/hardware_interface:/opt/ros/humble /usr/bin/cmake --build /home/mztejero/rvr_ros2_ws/build/rvr_msgs -- -j4 -l4
[0.448s] [35m[1mConsolidate compiler generated dependencies of target rvr_msgs__rosidl_generator_c[0m
[0.449s] [  1%] Built target rvr_msgs__cpp
[0.535s] [35m[1mConsolidate compiler generated dependencies of target rvr_msgs__rosidl_typesupport_fastrtps_cpp[0m
[0.556s] [35m[1mConsolidate compiler generated dependencies of target rvr_msgs__rosidl_typesupport_cpp[0m
[0.568s] [  1%] Built target ament_cmake_python_copy_rvr_msgs
[0.588s] [ 12%] Built target rvr_msgs__rosidl_generator_c
[0.710s] [ 23%] Built target rvr_msgs__rosidl_typesupport_cpp
[0.722s] [ 34%] Built target rvr_msgs__rosidl_typesupport_fastrtps_cpp
[0.723s] [35m[1mConsolidate compiler generated dependencies of target rvr_msgs__rosidl_typesupport_introspection_cpp[0m
[0.789s] [35m[1mConsolidate compiler generated dependencies of target rvr_msgs__rosidl_typesupport_fastrtps_c[0m
[0.792s] [35m[1mConsolidate compiler generated dependencies of target rvr_msgs__rosidl_typesupport_introspection_c[0m
[0.793s] [ 46%] Built target rvr_msgs__rosidl_typesupport_introspection_cpp
[0.848s] [ 57%] Built target rvr_msgs__rosidl_typesupport_introspection_c
[0.854s] [ 68%] Built target rvr_msgs__rosidl_typesupport_fastrtps_c
[0.870s] [35m[1mConsolidate compiler generated dependencies of target rvr_msgs__rosidl_typesupport_c[0m
[0.912s] [ 79%] Built target rvr_msgs__rosidl_typesupport_c
[0.973s] [ 79%] Built target rvr_msgs
[1.112s] [ 80%] Built target rvr_msgs__py
[1.212s] [35m[1mConsolidate compiler generated dependencies of target rvr_msgs__rosidl_generator_py[0m
[1.281s] [ 90%] Built target rvr_msgs__rosidl_generator_py
[1.340s] [35m[1mConsolidate compiler generated dependencies of target rvr_msgs__rosidl_typesupport_fastrtps_c__pyext[0m
[1.358s] [35m[1mConsolidate compiler generated dependencies of target rvr_msgs__rosidl_typesupport_introspection_c__pyext[0m
[1.360s] [35m[1mConsolidate compiler generated dependencies of target rvr_msgs__rosidl_typesupport_c__pyext[0m
[1.403s] [ 93%] Built target rvr_msgs__rosidl_typesupport_fastrtps_c__pyext
[1.416s] [ 96%] Built target rvr_msgs__rosidl_typesupport_introspection_c__pyext
[1.423s] [100%] Built target rvr_msgs__rosidl_typesupport_c__pyext
[1.668s] running egg_info
[1.672s] writing rvr_msgs.egg-info/PKG-INFO
[1.672s] writing dependency_links to rvr_msgs.egg-info/dependency_links.txt
[1.673s] writing top-level names to rvr_msgs.egg-info/top_level.txt
[1.683s] reading manifest file 'rvr_msgs.egg-info/SOURCES.txt'
[1.687s] writing manifest file 'rvr_msgs.egg-info/SOURCES.txt'
[1.748s] [100%] Built target ament_cmake_python_build_rvr_msgs_egg
[1.780s] Invoked command in '/home/mztejero/rvr_ros2_ws/build/rvr_msgs' returned '0': CMAKE_PREFIX_PATH=${CMAKE_PREFIX_PATH}:/home/mztejero/rover_ws/install/hardware_interface:/opt/ros/humble /usr/bin/cmake --build /home/mztejero/rvr_ros2_ws/build/rvr_msgs -- -j4 -l4
[1.788s] Invoking command in '/home/mztejero/rvr_ros2_ws/build/rvr_msgs': CMAKE_PREFIX_PATH=${CMAKE_PREFIX_PATH}:/home/mztejero/rover_ws/install/hardware_interface:/opt/ros/humble /usr/bin/cmake --install /home/mztejero/rvr_ros2_ws/build/rvr_msgs
[1.806s] -- Install configuration: ""
[1.807s] -- Up-to-date: /home/mztejero/rvr_ros2_ws/install/rvr_msgs/share/ament_index/resource_index/rosidl_interfaces/rvr_msgs
[1.807s] -- Up-to-date: /home/mztejero/rvr_ros2_ws/install/rvr_msgs/include/rvr_msgs/rvr_msgs
[1.808s] -- Up-to-date: /home/mztejero/rvr_ros2_ws/install/rvr_msgs/include/rvr_msgs/rvr_msgs/msg
[1.808s] -- Up-to-date: /home/mztejero/rvr_ros2_ws/install/rvr_msgs/include/rvr_msgs/rvr_msgs/msg/rover_data.h
[1.809s] -- Up-to-date: /home/mztejero/rvr_ros2_ws/install/rvr_msgs/include/rvr_msgs/rvr_msgs/msg/vector3.h
[1.810s] -- Up-to-date: /home/mztejero/rvr_ros2_ws/install/rvr_msgs/include/rvr_msgs/rvr_msgs/msg/wheel4.h
[1.810s] -- Up-to-date: /home/mztejero/rvr_ros2_ws/install/rvr_msgs/include/rvr_msgs/rvr_msgs/msg/detail
[1.810s] -- Up-to-date: /home/mztejero/rvr_ros2_ws/install/rvr_msgs/include/rvr_msgs/rvr_msgs/msg/detail/rover_data__type_support.h
[1.810s] -- Up-to-date: /home/mztejero/rvr_ros2_ws/install/rvr_msgs/include/rvr_msgs/rvr_msgs/msg/detail/wheel4__functions.c
[1.810s] -- Up-to-date: /home/mztejero/rvr_ros2_ws/install/rvr_msgs/include/rvr_msgs/rvr_msgs/msg/detail/vector3__struct.h
[1.811s] -- Up-to-date: /home/mztejero/rvr_ros2_ws/install/rvr_msgs/include/rvr_msgs/rvr_msgs/msg/detail/pos_data__struct.h
[1.811s] -- Up-to-date: /home/mztejero/rvr_ros2_ws/install/rvr_msgs/include/rvr_msgs/rvr_msgs/msg/detail/command_velocities__struct.h
[1.811s] -- Up-to-date: /home/mztejero/rvr_ros2_ws/install/rvr_msgs/include/rvr_msgs/rvr_msgs/msg/detail/vector3__functions.c
[1.812s] -- Up-to-date: /home/mztejero/rvr_ros2_ws/install/rvr_msgs/include/rvr_msgs/rvr_msgs/msg/detail/vector3__functions.h
[1.812s] -- Up-to-date: /home/mztejero/rvr_ros2_ws/install/rvr_msgs/include/rvr_msgs/rvr_msgs/msg/detail/command_velocities__type_support.h
[1.812s] -- Up-to-date: /home/mztejero/rvr_ros2_ws/install/rvr_msgs/include/rvr_msgs/rvr_msgs/msg/detail/wheel4__struct.h
[1.812s] -- Up-to-date: /home/mztejero/rvr_ros2_ws/install/rvr_msgs/include/rvr_msgs/rvr_msgs/msg/detail/command_velocities__functions.c
[1.812s] -- Up-to-date: /home/mztejero/rvr_ros2_ws/install/rvr_msgs/include/rvr_msgs/rvr_msgs/msg/detail/rover_data__functions.h
[1.812s] -- Up-to-date: /home/mztejero/rvr_ros2_ws/install/rvr_msgs/include/rvr_msgs/rvr_msgs/msg/detail/wheel4__functions.h
[1.813s] -- Up-to-date: /home/mztejero/rvr_ros2_ws/install/rvr_msgs/include/rvr_msgs/rvr_msgs/msg/detail/pos_data__functions.h
[1.813s] -- Up-to-date: /home/mztejero/rvr_ros2_ws/install/rvr_msgs/include/rvr_msgs/rvr_msgs/msg/detail/rover_data__struct.h
[1.814s] -- Up-to-date: /home/mztejero/rvr_ros2_ws/install/rvr_msgs/include/rvr_msgs/rvr_msgs/msg/detail/rover_data__functions.c
[1.815s] -- Up-to-date: /home/mztejero/rvr_ros2_ws/install/rvr_msgs/include/rvr_msgs/rvr_msgs/msg/detail/vector3__type_support.h
[1.815s] -- Up-to-date: /home/mztejero/rvr_ros2_ws/install/rvr_msgs/include/rvr_msgs/rvr_msgs/msg/detail/pos_data__functions.c
[1.815s] -- Up-to-date: /home/mztejero/rvr_ros2_ws/install/rvr_msgs/include/rvr_msgs/rvr_msgs/msg/detail/command_velocities__functions.h
[1.815s] -- Up-to-date: /home/mztejero/rvr_ros2_ws/install/rvr_msgs/include/rvr_msgs/rvr_msgs/msg/detail/wheel4__type_support.h
[1.816s] -- Up-to-date: /home/mztejero/rvr_ros2_ws/install/rvr_msgs/include/rvr_msgs/rvr_msgs/msg/detail/pos_data__type_support.h
[1.816s] -- Up-to-date: /home/mztejero/rvr_ros2_ws/install/rvr_msgs/include/rvr_msgs/rvr_msgs/msg/command_velocities.h
[1.817s] -- Up-to-date: /home/mztejero/rvr_ros2_ws/install/rvr_msgs/include/rvr_msgs/rvr_msgs/msg/pos_data.h
[1.817s] -- Up-to-date: /home/mztejero/rvr_ros2_ws/install/rvr_msgs/include/rvr_msgs/rvr_msgs/msg/rosidl_generator_c__visibility_control.h
[1.818s] -- Up-to-date: /home/mztejero/rvr_ros2_ws/install/rvr_msgs/share/rvr_msgs/environment/library_path.sh
[1.819s] -- Up-to-date: /home/mztejero/rvr_ros2_ws/install/rvr_msgs/share/rvr_msgs/environment/library_path.dsv
[1.819s] -- Up-to-date: /home/mztejero/rvr_ros2_ws/install/rvr_msgs/lib/librvr_msgs__rosidl_generator_c.so
[1.819s] -- Up-to-date: /home/mztejero/rvr_ros2_ws/install/rvr_msgs/include/rvr_msgs/rvr_msgs
[1.819s] -- Up-to-date: /home/mztejero/rvr_ros2_ws/install/rvr_msgs/include/rvr_msgs/rvr_msgs/msg
[1.820s] -- Up-to-date: /home/mztejero/rvr_ros2_ws/install/rvr_msgs/include/rvr_msgs/rvr_msgs/msg/detail
[1.820s] -- Up-to-date: /home/mztejero/rvr_ros2_ws/install/rvr_msgs/include/rvr_msgs/rvr_msgs/msg/detail/vector3__rosidl_typesupport_fastrtps_c.h
[1.820s] -- Up-to-date: /home/mztejero/rvr_ros2_ws/install/rvr_msgs/include/rvr_msgs/rvr_msgs/msg/detail/wheel4__rosidl_typesupport_fastrtps_c.h
[1.820s] -- Up-to-date: /home/mztejero/rvr_ros2_ws/install/rvr_msgs/include/rvr_msgs/rvr_msgs/msg/detail/rover_data__rosidl_typesupport_fastrtps_c.h
[1.820s] -- Up-to-date: /home/mztejero/rvr_ros2_ws/install/rvr_msgs/include/rvr_msgs/rvr_msgs/msg/detail/pos_data__rosidl_typesupport_fastrtps_c.h
[1.821s] -- Up-to-date: /home/mztejero/rvr_ros2_ws/install/rvr_msgs/include/rvr_msgs/rvr_msgs/msg/detail/command_velocities__rosidl_typesupport_fastrtps_c.h
[1.821s] -- Up-to-date: /home/mztejero/rvr_ros2_ws/install/rvr_msgs/include/rvr_msgs/rvr_msgs/msg/rosidl_typesupport_fastrtps_c__visibility_control.h
[1.823s] -- Up-to-date: /home/mztejero/rvr_ros2_ws/install/rvr_msgs/lib/librvr_msgs__rosidl_typesupport_fastrtps_c.so
[1.823s] -- Up-to-date: /home/mztejero/rvr_ros2_ws/install/rvr_msgs/include/rvr_msgs/rvr_msgs
[1.824s] -- Up-to-date: /home/mztejero/rvr_ros2_ws/install/rvr_msgs/include/rvr_msgs/rvr_msgs/msg
[1.824s] -- Up-to-date: /home/mztejero/rvr_ros2_ws/install/rvr_msgs/include/rvr_msgs/rvr_msgs/msg/detail
[1.825s] -- Up-to-date: /home/mztejero/rvr_ros2_ws/install/rvr_msgs/include/rvr_msgs/rvr_msgs/msg/detail/pos_data__type_support.c
[1.825s] -- Up-to-date: /home/mztejero/rvr_ros2_ws/install/rvr_msgs/include/rvr_msgs/rvr_msgs/msg/detail/vector3__type_support.c
[1.826s] -- Up-to-date: /home/mztejero/rvr_ros2_ws/install/rvr_msgs/include/rvr_msgs/rvr_msgs/msg/detail/wheel4__rosidl_typesupport_introspection_c.h
[1.826s] -- Up-to-date: /home/mztejero/rvr_ros2_ws/install/rvr_msgs/include/rvr_msgs/rvr_msgs/msg/detail/command_velocities__rosidl_typesupport_introspection_c.h
[1.827s] -- Up-to-date: /home/mztejero/rvr_ros2_ws/install/rvr_msgs/include/rvr_msgs/rvr_msgs/msg/detail/rover_data__rosidl_typesupport_introspection_c.h
[1.827s] -- Up-to-date: /home/mztejero/rvr_ros2_ws/install/rvr_msgs/include/rvr_msgs/rvr_msgs/msg/detail/rover_data__type_support.c
[1.828s] -- Up-to-date: /home/mztejero/rvr_ros2_ws/install/rvr_msgs/include/rvr_msgs/rvr_msgs/msg/detail/vector3__rosidl_typesupport_introspection_c.h
[1.828s] -- Up-to-date: /home/mztejero/rvr_ros2_ws/install/rvr_msgs/include/rvr_msgs/rvr_msgs/msg/detail/pos_data__rosidl_typesupport_introspection_c.h
[1.828s] -- Up-to-date: /home/mztejero/rvr_ros2_ws/install/rvr_msgs/include/rvr_msgs/rvr_msgs/msg/detail/wheel4__type_support.c
[1.828s] -- Up-to-date: /home/mztejero/rvr_ros2_ws/install/rvr_msgs/include/rvr_msgs/rvr_msgs/msg/detail/command_velocities__type_support.c
[1.828s] -- Up-to-date: /home/mztejero/rvr_ros2_ws/install/rvr_msgs/include/rvr_msgs/rvr_msgs/msg/rosidl_typesupport_introspection_c__visibility_control.h
[1.829s] -- Up-to-date: /home/mztejero/rvr_ros2_ws/install/rvr_msgs/lib/librvr_msgs__rosidl_typesupport_introspection_c.so
[1.829s] -- Up-to-date: /home/mztejero/rvr_ros2_ws/install/rvr_msgs/lib/librvr_msgs__rosidl_typesupport_c.so
[1.830s] -- Up-to-date: /home/mztejero/rvr_ros2_ws/install/rvr_msgs/include/rvr_msgs/rvr_msgs
[1.831s] -- Up-to-date: /home/mztejero/rvr_ros2_ws/install/rvr_msgs/include/rvr_msgs/rvr_msgs/msg
[1.831s] -- Up-to-date: /home/mztejero/rvr_ros2_ws/install/rvr_msgs/include/rvr_msgs/rvr_msgs/msg/vector3.hpp
[1.832s] -- Up-to-date: /home/mztejero/rvr_ros2_ws/install/rvr_msgs/include/rvr_msgs/rvr_msgs/msg/pos_data.hpp
[1.832s] -- Up-to-date: /home/mztejero/rvr_ros2_ws/install/rvr_msgs/include/rvr_msgs/rvr_msgs/msg/wheel4.hpp
[1.833s] -- Up-to-date: /home/mztejero/rvr_ros2_ws/install/rvr_msgs/include/rvr_msgs/rvr_msgs/msg/detail
[1.833s] -- Up-to-date: /home/mztejero/rvr_ros2_ws/install/rvr_msgs/include/rvr_msgs/rvr_msgs/msg/detail/rover_data__builder.hpp
[1.833s] -- Up-to-date: /home/mztejero/rvr_ros2_ws/install/rvr_msgs/include/rvr_msgs/rvr_msgs/msg/detail/rover_data__type_support.hpp
[1.833s] -- Up-to-date: /home/mztejero/rvr_ros2_ws/install/rvr_msgs/include/rvr_msgs/rvr_msgs/msg/detail/vector3__traits.hpp
[1.833s] -- Up-to-date: /home/mztejero/rvr_ros2_ws/install/rvr_msgs/include/rvr_msgs/rvr_msgs/msg/detail/command_velocities__type_support.hpp
[1.834s] -- Up-to-date: /home/mztejero/rvr_ros2_ws/install/rvr_msgs/include/rvr_msgs/rvr_msgs/msg/detail/pos_data__traits.hpp
[1.834s] -- Up-to-date: /home/mztejero/rvr_ros2_ws/install/rvr_msgs/include/rvr_msgs/rvr_msgs/msg/detail/wheel4__type_support.hpp
[1.834s] -- Up-to-date: /home/mztejero/rvr_ros2_ws/install/rvr_msgs/include/rvr_msgs/rvr_msgs/msg/detail/wheel4__builder.hpp
[1.835s] -- Up-to-date: /home/mztejero/rvr_ros2_ws/install/rvr_msgs/include/rvr_msgs/rvr_msgs/msg/detail/command_velocities__builder.hpp
[1.835s] -- Up-to-date: /home/mztejero/rvr_ros2_ws/install/rvr_msgs/include/rvr_msgs/rvr_msgs/msg/detail/pos_data__struct.hpp
[1.835s] -- Up-to-date: /home/mztejero/rvr_ros2_ws/install/rvr_msgs/include/rvr_msgs/rvr_msgs/msg/detail/rover_data__struct.hpp
[1.835s] -- Up-to-date: /home/mztejero/rvr_ros2_ws/install/rvr_msgs/include/rvr_msgs/rvr_msgs/msg/detail/rover_data__traits.hpp
[1.836s] -- Up-to-date: /home/mztejero/rvr_ros2_ws/install/rvr_msgs/include/rvr_msgs/rvr_msgs/msg/detail/vector3__struct.hpp
[1.836s] -- Up-to-date: /home/mztejero/rvr_ros2_ws/install/rvr_msgs/include/rvr_msgs/rvr_msgs/msg/detail/wheel4__traits.hpp
[1.836s] -- Up-to-date: /home/mztejero/rvr_ros2_ws/install/rvr_msgs/include/rvr_msgs/rvr_msgs/msg/detail/pos_data__type_support.hpp
[1.837s] -- Up-to-date: /home/mztejero/rvr_ros2_ws/install/rvr_msgs/include/rvr_msgs/rvr_msgs/msg/detail/wheel4__struct.hpp
[1.837s] -- Up-to-date: /home/mztejero/rvr_ros2_ws/install/rvr_msgs/include/rvr_msgs/rvr_msgs/msg/detail/vector3__builder.hpp
[1.837s] -- Up-to-date: /home/mztejero/rvr_ros2_ws/install/rvr_msgs/include/rvr_msgs/rvr_msgs/msg/detail/pos_data__builder.hpp
[1.838s] -- Up-to-date: /home/mztejero/rvr_ros2_ws/install/rvr_msgs/include/rvr_msgs/rvr_msgs/msg/detail/vector3__type_support.hpp
[1.839s] -- Up-to-date: /home/mztejero/rvr_ros2_ws/install/rvr_msgs/include/rvr_msgs/rvr_msgs/msg/detail/command_velocities__traits.hpp
[1.839s] -- Up-to-date: /home/mztejero/rvr_ros2_ws/install/rvr_msgs/include/rvr_msgs/rvr_msgs/msg/detail/command_velocities__struct.hpp
[1.840s] -- Up-to-date: /home/mztejero/rvr_ros2_ws/install/rvr_msgs/include/rvr_msgs/rvr_msgs/msg/command_velocities.hpp
[1.840s] -- Up-to-date: /home/mztejero/rvr_ros2_ws/install/rvr_msgs/include/rvr_msgs/rvr_msgs/msg/rosidl_generator_cpp__visibility_control.hpp
[1.840s] -- Up-to-date: /home/mztejero/rvr_ros2_ws/install/rvr_msgs/include/rvr_msgs/rvr_msgs/msg/rover_data.hpp
[1.840s] -- Up-to-date: /home/mztejero/rvr_ros2_ws/install/rvr_msgs/include/rvr_msgs/rvr_msgs
[1.840s] -- Up-to-date: /home/mztejero/rvr_ros2_ws/install/rvr_msgs/include/rvr_msgs/rvr_msgs/msg
[1.840s] -- Up-to-date: /home/mztejero/rvr_ros2_ws/install/rvr_msgs/include/rvr_msgs/rvr_msgs/msg/detail
[1.841s] -- Up-to-date: /home/mztejero/rvr_ros2_ws/install/rvr_msgs/include/rvr_msgs/rvr_msgs/msg/detail/command_velocities__rosidl_typesupport_fastrtps_cpp.hpp
[1.841s] -- Up-to-date: /home/mztejero/rvr_ros2_ws/install/rvr_msgs/include/rvr_msgs/rvr_msgs/msg/detail/wheel4__rosidl_typesupport_fastrtps_cpp.hpp
[1.842s] -- Up-to-date: /home/mztejero/rvr_ros2_ws/install/rvr_msgs/include/rvr_msgs/rvr_msgs/msg/detail/vector3__rosidl_typesupport_fastrtps_cpp.hpp
[1.842s] -- Up-to-date: /home/mztejero/rvr_ros2_ws/install/rvr_msgs/include/rvr_msgs/rvr_msgs/msg/detail/rover_data__rosidl_typesupport_fastrtps_cpp.hpp
[1.842s] -- Up-to-date: /home/mztejero/rvr_ros2_ws/install/rvr_msgs/include/rvr_msgs/rvr_msgs/msg/detail/pos_data__rosidl_typesupport_fastrtps_cpp.hpp
[1.843s] -- Up-to-date: /home/mztejero/rvr_ros2_ws/install/rvr_msgs/include/rvr_msgs/rvr_msgs/msg/detail/dds_fastrtps
[1.843s] -- Up-to-date: /home/mztejero/rvr_ros2_ws/install/rvr_msgs/include/rvr_msgs/rvr_msgs/msg/rosidl_typesupport_fastrtps_cpp__visibility_control.h
[1.844s] -- Up-to-date: /home/mztejero/rvr_ros2_ws/install/rvr_msgs/lib/librvr_msgs__rosidl_typesupport_fastrtps_cpp.so
[1.844s] -- Up-to-date: /home/mztejero/rvr_ros2_ws/install/rvr_msgs/include/rvr_msgs/rvr_msgs
[1.844s] -- Up-to-date: /home/mztejero/rvr_ros2_ws/install/rvr_msgs/include/rvr_msgs/rvr_msgs/msg
[1.844s] -- Up-to-date: /home/mztejero/rvr_ros2_ws/install/rvr_msgs/include/rvr_msgs/rvr_msgs/msg/detail
[1.845s] -- Up-to-date: /home/mztejero/rvr_ros2_ws/install/rvr_msgs/include/rvr_msgs/rvr_msgs/msg/detail/wheel4__rosidl_typesupport_introspection_cpp.hpp
[1.845s] -- Up-to-date: /home/mztejero/rvr_ros2_ws/install/rvr_msgs/include/rvr_msgs/rvr_msgs/msg/detail/vector3__rosidl_typesupport_introspection_cpp.hpp
[1.845s] -- Up-to-date: /home/mztejero/rvr_ros2_ws/install/rvr_msgs/include/rvr_msgs/rvr_msgs/msg/detail/command_velocities__type_support.cpp
[1.845s] -- Up-to-date: /home/mztejero/rvr_ros2_ws/install/rvr_msgs/include/rvr_msgs/rvr_msgs/msg/detail/wheel4__type_support.cpp
[1.845s] -- Up-to-date: /home/mztejero/rvr_ros2_ws/install/rvr_msgs/include/rvr_msgs/rvr_msgs/msg/detail/rover_data__type_support.cpp
[1.846s] -- Up-to-date: /home/mztejero/rvr_ros2_ws/install/rvr_msgs/include/rvr_msgs/rvr_msgs/msg/detail/vector3__type_support.cpp
[1.846s] -- Up-to-date: /home/mztejero/rvr_ros2_ws/install/rvr_msgs/include/rvr_msgs/rvr_msgs/msg/detail/rover_data__rosidl_typesupport_introspection_cpp.hpp
[1.846s] -- Up-to-date: /home/mztejero/rvr_ros2_ws/install/rvr_msgs/include/rvr_msgs/rvr_msgs/msg/detail/pos_data__type_support.cpp
[1.846s] -- Up-to-date: /home/mztejero/rvr_ros2_ws/install/rvr_msgs/include/rvr_msgs/rvr_msgs/msg/detail/pos_data__rosidl_typesupport_introspection_cpp.hpp
[1.847s] -- Up-to-date: /home/mztejero/rvr_ros2_ws/install/rvr_msgs/include/rvr_msgs/rvr_msgs/msg/detail/command_velocities__rosidl_typesupport_introspection_cpp.hpp
[1.847s] -- Up-to-date: /home/mztejero/rvr_ros2_ws/install/rvr_msgs/lib/librvr_msgs__rosidl_typesupport_introspection_cpp.so
[1.848s] -- Up-to-date: /home/mztejero/rvr_ros2_ws/install/rvr_msgs/lib/librvr_msgs__rosidl_typesupport_cpp.so
[1.848s] -- Up-to-date: /home/mztejero/rvr_ros2_ws/install/rvr_msgs/share/rvr_msgs/environment/pythonpath.sh
[1.848s] -- Up-to-date: /home/mztejero/rvr_ros2_ws/install/rvr_msgs/share/rvr_msgs/environment/pythonpath.dsv
[1.849s] -- Up-to-date: /home/mztejero/rvr_ros2_ws/install/rvr_msgs/local/lib/python3.10/dist-packages/rvr_msgs-0.0.0-py3.10.egg-info
[1.849s] -- Installing: /home/mztejero/rvr_ros2_ws/install/rvr_msgs/local/lib/python3.10/dist-packages/rvr_msgs-0.0.0-py3.10.egg-info/PKG-INFO
[1.849s] -- Installing: /home/mztejero/rvr_ros2_ws/install/rvr_msgs/local/lib/python3.10/dist-packages/rvr_msgs-0.0.0-py3.10.egg-info/SOURCES.txt
[1.849s] -- Installing: /home/mztejero/rvr_ros2_ws/install/rvr_msgs/local/lib/python3.10/dist-packages/rvr_msgs-0.0.0-py3.10.egg-info/top_level.txt
[1.850s] -- Installing: /home/mztejero/rvr_ros2_ws/install/rvr_msgs/local/lib/python3.10/dist-packages/rvr_msgs-0.0.0-py3.10.egg-info/dependency_links.txt
[1.851s] -- Up-to-date: /home/mztejero/rvr_ros2_ws/install/rvr_msgs/local/lib/python3.10/dist-packages/rvr_msgs
[1.851s] -- Up-to-date: /home/mztejero/rvr_ros2_ws/install/rvr_msgs/local/lib/python3.10/dist-packages/rvr_msgs/msg
[1.851s] -- Up-to-date: /home/mztejero/rvr_ros2_ws/install/rvr_msgs/local/lib/python3.10/dist-packages/rvr_msgs/msg/_vector3.py
[1.851s] -- Up-to-date: /home/mztejero/rvr_ros2_ws/install/rvr_msgs/local/lib/python3.10/dist-packages/rvr_msgs/msg/_wheel4_s.c
[1.851s] -- Up-to-date: /home/mztejero/rvr_ros2_ws/install/rvr_msgs/local/lib/python3.10/dist-packages/rvr_msgs/msg/_command_velocities_s.c
[1.851s] -- Up-to-date: /home/mztejero/rvr_ros2_ws/install/rvr_msgs/local/lib/python3.10/dist-packages/rvr_msgs/msg/__init__.py
[1.852s] -- Up-to-date: /home/mztejero/rvr_ros2_ws/install/rvr_msgs/local/lib/python3.10/dist-packages/rvr_msgs/msg/_rover_data.py
[1.852s] -- Up-to-date: /home/mztejero/rvr_ros2_ws/install/rvr_msgs/local/lib/python3.10/dist-packages/rvr_msgs/msg/_pos_data_s.c
[1.853s] -- Up-to-date: /home/mztejero/rvr_ros2_ws/install/rvr_msgs/local/lib/python3.10/dist-packages/rvr_msgs/msg/_wheel4.py
[1.853s] -- Up-to-date: /home/mztejero/rvr_ros2_ws/install/rvr_msgs/local/lib/python3.10/dist-packages/rvr_msgs/msg/_command_velocities.py
[1.853s] -- Up-to-date: /home/mztejero/rvr_ros2_ws/install/rvr_msgs/local/lib/python3.10/dist-packages/rvr_msgs/msg/_rover_data_s.c
[1.853s] -- Up-to-date: /home/mztejero/rvr_ros2_ws/install/rvr_msgs/local/lib/python3.10/dist-packages/rvr_msgs/msg/_vector3_s.c
[1.853s] -- Up-to-date: /home/mztejero/rvr_ros2_ws/install/rvr_msgs/local/lib/python3.10/dist-packages/rvr_msgs/msg/_pos_data.py
[1.854s] -- Up-to-date: /home/mztejero/rvr_ros2_ws/install/rvr_msgs/local/lib/python3.10/dist-packages/rvr_msgs/__init__.py
[1.854s] -- Up-to-date: /home/mztejero/rvr_ros2_ws/install/rvr_msgs/local/lib/python3.10/dist-packages/rvr_msgs/librvr_msgs__rosidl_generator_py.so
[1.854s] -- Up-to-date: /home/mztejero/rvr_ros2_ws/install/rvr_msgs/local/lib/python3.10/dist-packages/rvr_msgs/_rvr_msgs_s.ep.rosidl_typesupport_fastrtps_c.c
[1.854s] -- Up-to-date: /home/mztejero/rvr_ros2_ws/install/rvr_msgs/local/lib/python3.10/dist-packages/rvr_msgs/_rvr_msgs_s.ep.rosidl_typesupport_introspection_c.c
[1.854s] -- Up-to-date: /home/mztejero/rvr_ros2_ws/install/rvr_msgs/local/lib/python3.10/dist-packages/rvr_msgs/rvr_msgs_s__rosidl_typesupport_fastrtps_c.cpython-310-x86_64-linux-gnu.so
[1.854s] -- Up-to-date: /home/mztejero/rvr_ros2_ws/install/rvr_msgs/local/lib/python3.10/dist-packages/rvr_msgs/_rvr_msgs_s.ep.rosidl_typesupport_c.c
[1.855s] -- Up-to-date: /home/mztejero/rvr_ros2_ws/install/rvr_msgs/local/lib/python3.10/dist-packages/rvr_msgs/rvr_msgs_s__rosidl_typesupport_c.cpython-310-x86_64-linux-gnu.so
[1.855s] -- Up-to-date: /home/mztejero/rvr_ros2_ws/install/rvr_msgs/local/lib/python3.10/dist-packages/rvr_msgs/rvr_msgs_s__rosidl_typesupport_introspection_c.cpython-310-x86_64-linux-gnu.so
[1.929s] Listing '/home/mztejero/rvr_ros2_ws/install/rvr_msgs/local/lib/python3.10/dist-packages/rvr_msgs'...
[1.937s] Listing '/home/mztejero/rvr_ros2_ws/install/rvr_msgs/local/lib/python3.10/dist-packages/rvr_msgs/msg'...
[1.949s] -- Up-to-date: /home/mztejero/rvr_ros2_ws/install/rvr_msgs/local/lib/python3.10/dist-packages/rvr_msgs/rvr_msgs_s__rosidl_typesupport_fastrtps_c.cpython-310-x86_64-linux-gnu.so
[1.953s] -- Up-to-date: /home/mztejero/rvr_ros2_ws/install/rvr_msgs/local/lib/python3.10/dist-packages/rvr_msgs/rvr_msgs_s__rosidl_typesupport_introspection_c.cpython-310-x86_64-linux-gnu.so
[1.957s] -- Up-to-date: /home/mztejero/rvr_ros2_ws/install/rvr_msgs/local/lib/python3.10/dist-packages/rvr_msgs/rvr_msgs_s__rosidl_typesupport_c.cpython-310-x86_64-linux-gnu.so
[1.963s] -- Up-to-date: /home/mztejero/rvr_ros2_ws/install/rvr_msgs/lib/librvr_msgs__rosidl_generator_py.so
[1.963s] -- Up-to-date: /home/mztejero/rvr_ros2_ws/install/rvr_msgs/share/rvr_msgs/msg/CommandVelocities.idl
[1.963s] -- Up-to-date: /home/mztejero/rvr_ros2_ws/install/rvr_msgs/share/rvr_msgs/msg/Vector3.idl
[1.963s] -- Up-to-date: /home/mztejero/rvr_ros2_ws/install/rvr_msgs/share/rvr_msgs/msg/Wheel4.idl
[1.964s] -- Up-to-date: /home/mztejero/rvr_ros2_ws/install/rvr_msgs/share/rvr_msgs/msg/RoverData.idl
[1.965s] -- Up-to-date: /home/mztejero/rvr_ros2_ws/install/rvr_msgs/share/rvr_msgs/msg/PosData.idl
[1.965s] -- Up-to-date: /home/mztejero/rvr_ros2_ws/install/rvr_msgs/share/rvr_msgs/msg/CommandVelocities.msg
[1.966s] -- Up-to-date: /home/mztejero/rvr_ros2_ws/install/rvr_msgs/share/rvr_msgs/msg/Vector3.msg
[1.966s] -- Up-to-date: /home/mztejero/rvr_ros2_ws/install/rvr_msgs/share/rvr_msgs/msg/Wheel4.msg
[1.966s] -- Up-to-date: /home/mztejero/rvr_ros2_ws/install/rvr_msgs/share/rvr_msgs/msg/RoverData.msg
[1.966s] -- Up-to-date: /home/mztejero/rvr_ros2_ws/install/rvr_msgs/share/rvr_msgs/msg/PosData.msg
[1.966s] -- Up-to-date: /home/mztejero/rvr_ros2_ws/install/rvr_msgs/share/ament_index/resource_index/package_run_dependencies/rvr_msgs
[1.967s] -- Up-to-date: /home/mztejero/rvr_ros2_ws/install/rvr_msgs/share/ament_index/resource_index/parent_prefix_path/rvr_msgs
[1.967s] -- Up-to-date: /home/mztejero/rvr_ros2_ws/install/rvr_msgs/share/rvr_msgs/environment/ament_prefix_path.sh
[1.967s] -- Up-to-date: /home/mztejero/rvr_ros2_ws/install/rvr_msgs/share/rvr_msgs/environment/ament_prefix_path.dsv
[1.967s] -- Up-to-date: /home/mztejero/rvr_ros2_ws/install/rvr_msgs/share/rvr_msgs/environment/path.sh
[1.967s] -- Up-to-date: /home/mztejero/rvr_ros2_ws/install/rvr_msgs/share/rvr_msgs/environment/path.dsv
[1.967s] -- Up-to-date: /home/mztejero/rvr_ros2_ws/install/rvr_msgs/share/rvr_msgs/local_setup.bash
[1.968s] -- Up-to-date: /home/mztejero/rvr_ros2_ws/install/rvr_msgs/share/rvr_msgs/local_setup.sh
[1.968s] -- Up-to-date: /home/mztejero/rvr_ros2_ws/install/rvr_msgs/share/rvr_msgs/local_setup.zsh
[1.968s] -- Up-to-date: /home/mztejero/rvr_ros2_ws/install/rvr_msgs/share/rvr_msgs/local_setup.dsv
[1.968s] -- Installing: /home/mztejero/rvr_ros2_ws/install/rvr_msgs/share/rvr_msgs/package.dsv
[1.968s] -- Up-to-date: /home/mztejero/rvr_ros2_ws/install/rvr_msgs/share/ament_index/resource_index/packages/rvr_msgs
[1.973s] -- Up-to-date: /home/mztejero/rvr_ros2_ws/install/rvr_msgs/share/rvr_msgs/cmake/export_rvr_msgs__rosidl_generator_cExport.cmake
[1.973s] -- Up-to-date: /home/mztejero/rvr_ros2_ws/install/rvr_msgs/share/rvr_msgs/cmake/export_rvr_msgs__rosidl_generator_cExport-noconfig.cmake
[1.975s] -- Up-to-date: /home/mztejero/rvr_ros2_ws/install/rvr_msgs/share/rvr_msgs/cmake/export_rvr_msgs__rosidl_typesupport_fastrtps_cExport.cmake
[1.976s] -- Up-to-date: /home/mztejero/rvr_ros2_ws/install/rvr_msgs/share/rvr_msgs/cmake/export_rvr_msgs__rosidl_typesupport_fastrtps_cExport-noconfig.cmake
[1.978s] -- Up-to-date: /home/mztejero/rvr_ros2_ws/install/rvr_msgs/share/rvr_msgs/cmake/rvr_msgs__rosidl_typesupport_introspection_cExport.cmake
[1.979s] -- Up-to-date: /home/mztejero/rvr_ros2_ws/install/rvr_msgs/share/rvr_msgs/cmake/rvr_msgs__rosidl_typesupport_introspection_cExport-noconfig.cmake
[1.981s] -- Up-to-date: /home/mztejero/rvr_ros2_ws/install/rvr_msgs/share/rvr_msgs/cmake/rvr_msgs__rosidl_typesupport_cExport.cmake
[1.983s] -- Up-to-date: /home/mztejero/rvr_ros2_ws/install/rvr_msgs/share/rvr_msgs/cmake/rvr_msgs__rosidl_typesupport_cExport-noconfig.cmake
[1.986s] -- Up-to-date: /home/mztejero/rvr_ros2_ws/install/rvr_msgs/share/rvr_msgs/cmake/export_rvr_msgs__rosidl_generator_cppExport.cmake
[1.990s] -- Up-to-date: /home/mztejero/rvr_ros2_ws/install/rvr_msgs/share/rvr_msgs/cmake/export_rvr_msgs__rosidl_typesupport_fastrtps_cppExport.cmake
[1.990s] -- Up-to-date: /home/mztejero/rvr_ros2_ws/install/rvr_msgs/share/rvr_msgs/cmake/export_rvr_msgs__rosidl_typesupport_fastrtps_cppExport-noconfig.cmake
[1.993s] -- Up-to-date: /home/mztejero/rvr_ros2_ws/install/rvr_msgs/share/rvr_msgs/cmake/rvr_msgs__rosidl_typesupport_introspection_cppExport.cmake
[1.994s] -- Up-to-date: /home/mztejero/rvr_ros2_ws/install/rvr_msgs/share/rvr_msgs/cmake/rvr_msgs__rosidl_typesupport_introspection_cppExport-noconfig.cmake
[1.997s] -- Up-to-date: /home/mztejero/rvr_ros2_ws/install/rvr_msgs/share/rvr_msgs/cmake/rvr_msgs__rosidl_typesupport_cppExport.cmake
[1.997s] -- Up-to-date: /home/mztejero/rvr_ros2_ws/install/rvr_msgs/share/rvr_msgs/cmake/rvr_msgs__rosidl_typesupport_cppExport-noconfig.cmake
[2.000s] -- Up-to-date: /home/mztejero/rvr_ros2_ws/install/rvr_msgs/share/rvr_msgs/cmake/export_rvr_msgs__rosidl_generator_pyExport.cmake
[2.000s] -- Up-to-date: /home/mztejero/rvr_ros2_ws/install/rvr_msgs/share/rvr_msgs/cmake/export_rvr_msgs__rosidl_generator_pyExport-noconfig.cmake
[2.000s] -- Up-to-date: /home/mztejero/rvr_ros2_ws/install/rvr_msgs/share/rvr_msgs/cmake/rosidl_cmake-extras.cmake
[2.001s] -- Up-to-date: /home/mztejero/rvr_ros2_ws/install/rvr_msgs/share/rvr_msgs/cmake/ament_cmake_export_dependencies-extras.cmake
[2.002s] -- Up-to-date: /home/mztejero/rvr_ros2_ws/install/rvr_msgs/share/rvr_msgs/cmake/ament_cmake_export_include_directories-extras.cmake
[2.003s] -- Up-to-date: /home/mztejero/rvr_ros2_ws/install/rvr_msgs/share/rvr_msgs/cmake/ament_cmake_export_libraries-extras.cmake
[2.003s] -- Up-to-date: /home/mztejero/rvr_ros2_ws/install/rvr_msgs/share/rvr_msgs/cmake/ament_cmake_export_targets-extras.cmake
[2.004s] -- Up-to-date: /home/mztejero/rvr_ros2_ws/install/rvr_msgs/share/rvr_msgs/cmake/rosidl_cmake_export_typesupport_targets-extras.cmake
[2.004s] -- Up-to-date: /home/mztejero/rvr_ros2_ws/install/rvr_msgs/share/rvr_msgs/cmake/rosidl_cmake_export_typesupport_libraries-extras.cmake
[2.004s] -- Up-to-date: /home/mztejero/rvr_ros2_ws/install/rvr_msgs/share/rvr_msgs/cmake/rvr_msgsConfig.cmake
[2.004s] -- Up-to-date: /home/mztejero/rvr_ros2_ws/install/rvr_msgs/share/rvr_msgs/cmake/rvr_msgsConfig-version.cmake
[2.004s] -- Up-to-date: /home/mztejero/rvr_ros2_ws/install/rvr_msgs/share/rvr_msgs/package.xml
[2.010s] Invoked command in '/home/mztejero/rvr_ros2_ws/build/rvr_msgs' returned '0': CMAKE_PREFIX_PATH=${CMAKE_PREFIX_PATH}:/home/mztejero/rover_ws/install/hardware_interface:/opt/ros/humble /usr/bin/cmake --install /home/mztejero/rvr_ros2_ws/build/rvr_msgs
