[0.123s] Invoking command in '/home/mztejero/rvr_ros2_ws/build/visualization': CMAKE_PREFIX_PATH=${CMAKE_PREFIX_PATH}:/home/mztejero/rover_ws/install/hardware_interface:/opt/ros/humble /usr/bin/cmake --build /home/mztejero/rvr_ros2_ws/build/visualization -- -j4 -l4
[0.261s] Invoked command in '/home/mztejero/rvr_ros2_ws/build/visualization' returned '0': CMAKE_PREFIX_PATH=${CMAKE_PREFIX_PATH}:/home/mztejero/rover_ws/install/hardware_interface:/opt/ros/humble /usr/bin/cmake --build /home/mztejero/rvr_ros2_ws/build/visualization -- -j4 -l4
[0.267s] Invoking command in '/home/mztejero/rvr_ros2_ws/build/visualization': CMAKE_PREFIX_PATH=${CMAKE_PREFIX_PATH}:/home/mztejero/rover_ws/install/hardware_interface:/opt/ros/humble /usr/bin/cmake --install /home/mztejero/rvr_ros2_ws/build/visualization
[0.272s] -- Install configuration: ""
[0.272s] -- Up-to-date: /home/mztejero/rvr_ros2_ws/install/visualization/share/ament_index/resource_index/package_run_dependencies/visualization
[0.273s] -- Up-to-date: /home/mztejero/rvr_ros2_ws/install/visualization/share/ament_index/resource_index/parent_prefix_path/visualization
[0.273s] -- Up-to-date: /home/mztejero/rvr_ros2_ws/install/visualization/share/visualization/environment/ament_prefix_path.sh
[0.273s] -- Up-to-date: /home/mztejero/rvr_ros2_ws/install/visualization/share/visualization/environment/ament_prefix_path.dsv
[0.277s] -- Up-to-date: /home/mztejero/rvr_ros2_ws/install/visualization/share/visualization/environment/path.sh
[0.277s] -- Up-to-date: /home/mztejero/rvr_ros2_ws/install/visualization/share/visualization/environment/path.dsv
[0.277s] -- Up-to-date: /home/mztejero/rvr_ros2_ws/install/visualization/share/visualization/local_setup.bash
[0.278s] -- Up-to-date: /home/mztejero/rvr_ros2_ws/install/visualization/share/visualization/local_setup.sh
[0.278s] -- Up-to-date: /home/mztejero/rvr_ros2_ws/install/visualization/share/visualization/local_setup.zsh
[0.278s] -- Up-to-date: /home/mztejero/rvr_ros2_ws/install/visualization/share/visualization/local_setup.dsv
[0.278s] -- Installing: /home/mztejero/rvr_ros2_ws/install/visualization/share/visualization/package.dsv
[0.284s] -- Up-to-date: /home/mztejero/rvr_ros2_ws/install/visualization/share/ament_index/resource_index/packages/visualization
[0.289s] -- Up-to-date: /home/mztejero/rvr_ros2_ws/install/visualization/share/visualization/cmake/visualizationConfig.cmake
[0.294s] -- Up-to-date: /home/mztejero/rvr_ros2_ws/install/visualization/share/visualization/cmake/visualizationConfig-version.cmake
[0.296s] -- Up-to-date: /home/mztejero/rvr_ros2_ws/install/visualization/share/visualization/package.xml
[0.307s] Invoked command in '/home/mztejero/rvr_ros2_ws/build/visualization' returned '0': CMAKE_PREFIX_PATH=${CMAKE_PREFIX_PATH}:/home/mztejero/rover_ws/install/hardware_interface:/opt/ros/humble /usr/bin/cmake --install /home/mztejero/rvr_ros2_ws/build/visualization
