[0.105s] Invoking command in '/home/mztejero/rvr_ros2_ws/build/controller': CMAKE_PREFIX_PATH=/home/mztejero/rvr_ros2_ws/install/rvr_msgs:/home/mztejero/rvr_ros2_ws/install/visualization:/home/mztejero/rvr_ros2_ws/install/data_processor:/home/mztejero/rvr_ros2_ws/install/rvr_files:/home/mztejero/ros2_ws/install/cpp_pubsub:/home/mztejero/ros2_ws/install/rover_msg:/home/mztejero/rover_ws/install/rvr_launch:/home/mztejero/rover_ws/install/msg_types:/home/mztejero/rover_ws/install/hardware_interface:/opt/ros/humble /usr/bin/cmake --build /home/mztejero/rvr_ros2_ws/build/controller -- -j4 -l4
[0.221s] [35m[1mConsolidate compiler generated dependencies of target rc_pub[0m
[0.281s] [100%] Built target rc_pub
[0.318s] Invoked command in '/home/mztejero/rvr_ros2_ws/build/controller' returned '0': CMAKE_PREFIX_PATH=/home/mztejero/rvr_ros2_ws/install/rvr_msgs:/home/mztejero/rvr_ros2_ws/install/visualization:/home/mztejero/rvr_ros2_ws/install/data_processor:/home/mztejero/rvr_ros2_ws/install/rvr_files:/home/mztejero/ros2_ws/install/cpp_pubsub:/home/mztejero/ros2_ws/install/rover_msg:/home/mztejero/rover_ws/install/rvr_launch:/home/mztejero/rover_ws/install/msg_types:/home/mztejero/rover_ws/install/hardware_interface:/opt/ros/humble /usr/bin/cmake --build /home/mztejero/rvr_ros2_ws/build/controller -- -j4 -l4
[0.322s] Invoking command in '/home/mztejero/rvr_ros2_ws/build/controller': CMAKE_PREFIX_PATH=/home/mztejero/rvr_ros2_ws/install/rvr_msgs:/home/mztejero/rvr_ros2_ws/install/visualization:/home/mztejero/rvr_ros2_ws/install/data_processor:/home/mztejero/rvr_ros2_ws/install/rvr_files:/home/mztejero/ros2_ws/install/cpp_pubsub:/home/mztejero/ros2_ws/install/rover_msg:/home/mztejero/rover_ws/install/rvr_launch:/home/mztejero/rover_ws/install/msg_types:/home/mztejero/rover_ws/install/hardware_interface:/opt/ros/humble /usr/bin/cmake --install /home/mztejero/rvr_ros2_ws/build/controller
[0.344s] -- Install configuration: ""
[0.345s] -- Installing: /home/mztejero/rvr_ros2_ws/install/controller/lib/controller/rc_pub
[0.354s] -- Set runtime path of "/home/mztejero/rvr_ros2_ws/install/controller/lib/controller/rc_pub" to ""
[0.355s] -- Installing: /home/mztejero/rvr_ros2_ws/install/controller/share/ament_index/resource_index/package_run_dependencies/controller
[0.355s] -- Installing: /home/mztejero/rvr_ros2_ws/install/controller/share/ament_index/resource_index/parent_prefix_path/controller
[0.355s] -- Installing: /home/mztejero/rvr_ros2_ws/install/controller/share/controller/environment/ament_prefix_path.sh
[0.355s] -- Installing: /home/mztejero/rvr_ros2_ws/install/controller/share/controller/environment/ament_prefix_path.dsv
[0.355s] -- Installing: /home/mztejero/rvr_ros2_ws/install/controller/share/controller/environment/path.sh
[0.355s] -- Installing: /home/mztejero/rvr_ros2_ws/install/controller/share/controller/environment/path.dsv
[0.356s] -- Installing: /home/mztejero/rvr_ros2_ws/install/controller/share/controller/local_setup.bash
[0.356s] -- Installing: /home/mztejero/rvr_ros2_ws/install/controller/share/controller/local_setup.sh
[0.356s] -- Installing: /home/mztejero/rvr_ros2_ws/install/controller/share/controller/local_setup.zsh
[0.359s] -- Installing: /home/mztejero/rvr_ros2_ws/install/controller/share/controller/local_setup.dsv
[0.359s] -- Installing: /home/mztejero/rvr_ros2_ws/install/controller/share/controller/package.dsv
[0.359s] -- Installing: /home/mztejero/rvr_ros2_ws/install/controller/share/ament_index/resource_index/packages/controller
[0.361s] -- Installing: /home/mztejero/rvr_ros2_ws/install/controller/share/controller/cmake/controllerConfig.cmake
[0.361s] -- Installing: /home/mztejero/rvr_ros2_ws/install/controller/share/controller/cmake/controllerConfig-version.cmake
[0.362s] -- Installing: /home/mztejero/rvr_ros2_ws/install/controller/share/controller/package.xml
[0.365s] Invoked command in '/home/mztejero/rvr_ros2_ws/build/controller' returned '0': CMAKE_PREFIX_PATH=/home/mztejero/rvr_ros2_ws/install/rvr_msgs:/home/mztejero/rvr_ros2_ws/install/visualization:/home/mztejero/rvr_ros2_ws/install/data_processor:/home/mztejero/rvr_ros2_ws/install/rvr_files:/home/mztejero/ros2_ws/install/cpp_pubsub:/home/mztejero/ros2_ws/install/rover_msg:/home/mztejero/rover_ws/install/rvr_launch:/home/mztejero/rover_ws/install/msg_types:/home/mztejero/rover_ws/install/hardware_interface:/opt/ros/humble /usr/bin/cmake --install /home/mztejero/rvr_ros2_ws/build/controller
