[0.183s] Invoking command in '/home/mztejero/rvr_ros2_ws/build/onboard_pkg': AMENT_PREFIX_PATH=/home/mztejero/rvr_ros2_ws/install/rvr_msgs:${AMENT_PREFIX_PATH} CMAKE_PREFIX_PATH=/home/mztejero/rvr_ros2_ws/install/rvr_msgs:/opt/ros/humble LD_LIBRARY_PATH=/home/mztejero/rvr_ros2_ws/install/rvr_msgs/lib:${LD_LIBRARY_PATH} PYTHONPATH=/home/mztejero/rvr_ros2_ws/install/rvr_msgs/local/lib/python3.10/dist-packages:${PYTHONPATH} /usr/bin/cmake /home/mztejero/rvr_ros2_ws/src/onboard_pkg -DCMAKE_INSTALL_PREFIX=/home/mztejero/rvr_ros2_ws/install/onboard_pkg
[0.371s] -- The C compiler identification is GNU 11.4.0
[0.586s] -- The CXX compiler identification is GNU 11.4.0
[0.614s] -- Detecting C compiler ABI info
[0.820s] -- Detecting C compiler ABI info - done
[0.842s] -- Check for working C compiler: /usr/bin/cc - skipped
[0.843s] -- Detecting C compile features
[0.845s] -- Detecting C compile features - done
[0.856s] -- Detecting CXX compiler ABI info
[1.102s] -- Detecting CXX compiler ABI info - done
[1.129s] -- Check for working CXX compiler: /usr/bin/c++ - skipped
[1.130s] -- Detecting CXX compile features
[1.132s] -- Detecting CXX compile features - done
[1.137s] -- Found ament_cmake: 1.3.12 (/opt/ros/humble/share/ament_cmake/cmake)
[1.561s] -- Found Python3: /usr/bin/python3 (found version "3.10.12") found components: Interpreter 
[1.817s] -- Found rclcpp: 16.0.15 (/opt/ros/humble/share/rclcpp/cmake)
[2.020s] -- Found rosidl_generator_c: 3.1.7 (/opt/ros/humble/share/rosidl_generator_c/cmake)
[2.020s] -- Found rosidl_adapter: 3.1.7 (/opt/ros/humble/share/rosidl_adapter/cmake)
[2.030s] -- Found rosidl_generator_cpp: 3.1.7 (/opt/ros/humble/share/rosidl_generator_cpp/cmake)
[2.070s] -- Using all available rosidl_typesupport_c: rosidl_typesupport_fastrtps_c;rosidl_typesupport_introspection_c
[2.111s] -- Using all available rosidl_typesupport_cpp: rosidl_typesupport_fastrtps_cpp;rosidl_typesupport_introspection_cpp
[2.411s] -- Found rmw_implementation_cmake: 6.1.2 (/opt/ros/humble/share/rmw_implementation_cmake/cmake)
[2.434s] -- Found rmw_fastrtps_cpp: 6.2.8 (/opt/ros/humble/share/rmw_fastrtps_cpp/cmake)
[2.817s] -- Found OpenSSL: /usr/lib/x86_64-linux-gnu/libcrypto.so (found version "3.0.2")  
[2.904s] -- Found FastRTPS: /opt/ros/humble/include  
[3.008s] -- Using RMW implementation 'rmw_fastrtps_cpp' as default
[3.059s] -- Looking for pthread.h
[3.275s] -- Looking for pthread.h - found
[3.277s] -- Performing Test CMAKE_HAVE_LIBC_PTHREAD
[3.611s] -- Performing Test CMAKE_HAVE_LIBC_PTHREAD - Success
[3.613s] -- Found Threads: TRUE  
[3.989s] -- Found rvr_msgs: 0.0.0 (/home/mztejero/rvr_ros2_ws/install/rvr_msgs/share/rvr_msgs/cmake)
[4.070s] -- Found ament_lint_auto: 0.12.14 (/opt/ros/humble/share/ament_lint_auto/cmake)
[4.425s] -- Added test 'cppcheck' to perform static code analysis on C / C++ code
[4.429s] -- Configured cppcheck include dirs: /home/mztejero/rvr_ros2_ws/src/onboard_pkg/include
[4.430s] -- Configured cppcheck exclude dirs and/or files: 
[4.458s] -- Added test 'lint_cmake' to check CMake code style
[4.482s] -- Added test 'uncrustify' to check C / C++ code style
[4.485s] -- Configured uncrustify additional arguments: 
[4.486s] -- Added test 'xmllint' to check XML markup files
[4.495s] -- Configuring done
[4.578s] -- Generating done
[4.613s] -- Build files have been written to: /home/mztejero/rvr_ros2_ws/build/onboard_pkg
[4.662s] Invoked command in '/home/mztejero/rvr_ros2_ws/build/onboard_pkg' returned '0': AMENT_PREFIX_PATH=/home/mztejero/rvr_ros2_ws/install/rvr_msgs:${AMENT_PREFIX_PATH} CMAKE_PREFIX_PATH=/home/mztejero/rvr_ros2_ws/install/rvr_msgs:/opt/ros/humble LD_LIBRARY_PATH=/home/mztejero/rvr_ros2_ws/install/rvr_msgs/lib:${LD_LIBRARY_PATH} PYTHONPATH=/home/mztejero/rvr_ros2_ws/install/rvr_msgs/local/lib/python3.10/dist-packages:${PYTHONPATH} /usr/bin/cmake /home/mztejero/rvr_ros2_ws/src/onboard_pkg -DCMAKE_INSTALL_PREFIX=/home/mztejero/rvr_ros2_ws/install/onboard_pkg
[4.674s] Invoking command in '/home/mztejero/rvr_ros2_ws/build/onboard_pkg': AMENT_PREFIX_PATH=/home/mztejero/rvr_ros2_ws/install/rvr_msgs:${AMENT_PREFIX_PATH} CMAKE_PREFIX_PATH=/home/mztejero/rvr_ros2_ws/install/rvr_msgs:/opt/ros/humble LD_LIBRARY_PATH=/home/mztejero/rvr_ros2_ws/install/rvr_msgs/lib:${LD_LIBRARY_PATH} PYTHONPATH=/home/mztejero/rvr_ros2_ws/install/rvr_msgs/local/lib/python3.10/dist-packages:${PYTHONPATH} /usr/bin/cmake --build /home/mztejero/rvr_ros2_ws/build/onboard_pkg -- -j4 -l4
[4.868s] [ 12%] [32mBuilding CXX object CMakeFiles/cmd_vel_sub.dir/src/cmd_vel_sub_lib.cpp.o[0m
[4.882s] [ 25%] [32mBuilding CXX object CMakeFiles/rvr_data_pub.dir/src/rvr_data_pub_lib.cpp.o[0m
[4.888s] [ 37%] [32mBuilding CXX object CMakeFiles/cmd_vel_sub.dir/src/cmd_vel_sub_main.cpp.o[0m
[4.897s] [ 50%] [32mBuilding CXX object CMakeFiles/rvr_data_pub.dir/src/rvr_data_pub_main.cpp.o[0m
[84.708s] [ 62%] [32mBuilding CXX object CMakeFiles/rvr_data_pub.dir/src/rvr_usb_interface_lib.cpp.o[0m
[88.879s] [ 75%] [32m[1mLinking CXX executable rvr_data_pub[0m
[90.069s] [ 75%] Built target rvr_data_pub
[113.789s] [ 87%] [32mBuilding CXX object CMakeFiles/cmd_vel_sub.dir/src/rvr_usb_interface_lib.cpp.o[0m
[115.436s] [100%] [32m[1mLinking CXX executable cmd_vel_sub[0m
[117.016s] [100%] Built target cmd_vel_sub
[117.320s] Invoked command in '/home/mztejero/rvr_ros2_ws/build/onboard_pkg' returned '0': AMENT_PREFIX_PATH=/home/mztejero/rvr_ros2_ws/install/rvr_msgs:${AMENT_PREFIX_PATH} CMAKE_PREFIX_PATH=/home/mztejero/rvr_ros2_ws/install/rvr_msgs:/opt/ros/humble LD_LIBRARY_PATH=/home/mztejero/rvr_ros2_ws/install/rvr_msgs/lib:${LD_LIBRARY_PATH} PYTHONPATH=/home/mztejero/rvr_ros2_ws/install/rvr_msgs/local/lib/python3.10/dist-packages:${PYTHONPATH} /usr/bin/cmake --build /home/mztejero/rvr_ros2_ws/build/onboard_pkg -- -j4 -l4
[117.351s] Invoking command in '/home/mztejero/rvr_ros2_ws/build/onboard_pkg': AMENT_PREFIX_PATH=/home/mztejero/rvr_ros2_ws/install/rvr_msgs:${AMENT_PREFIX_PATH} CMAKE_PREFIX_PATH=/home/mztejero/rvr_ros2_ws/install/rvr_msgs:/opt/ros/humble LD_LIBRARY_PATH=/home/mztejero/rvr_ros2_ws/install/rvr_msgs/lib:${LD_LIBRARY_PATH} PYTHONPATH=/home/mztejero/rvr_ros2_ws/install/rvr_msgs/local/lib/python3.10/dist-packages:${PYTHONPATH} /usr/bin/cmake --install /home/mztejero/rvr_ros2_ws/build/onboard_pkg
[117.382s] -- Install configuration: ""
[117.385s] -- Installing: /home/mztejero/rvr_ros2_ws/install/onboard_pkg/lib/onboard_pkg/cmd_vel_sub
[117.399s] -- Set runtime path of "/home/mztejero/rvr_ros2_ws/install/onboard_pkg/lib/onboard_pkg/cmd_vel_sub" to ""
[117.399s] -- Installing: /home/mztejero/rvr_ros2_ws/install/onboard_pkg/lib/onboard_pkg/rvr_data_pub
[117.405s] -- Set runtime path of "/home/mztejero/rvr_ros2_ws/install/onboard_pkg/lib/onboard_pkg/rvr_data_pub" to ""
[117.409s] -- Installing: /home/mztejero/rvr_ros2_ws/install/onboard_pkg/share/ament_index/resource_index/package_run_dependencies/onboard_pkg
[117.416s] -- Installing: /home/mztejero/rvr_ros2_ws/install/onboard_pkg/share/ament_index/resource_index/parent_prefix_path/onboard_pkg
[117.433s] -- Installing: /home/mztejero/rvr_ros2_ws/install/onboard_pkg/share/onboard_pkg/environment/ament_prefix_path.sh
[117.433s] -- Installing: /home/mztejero/rvr_ros2_ws/install/onboard_pkg/share/onboard_pkg/environment/ament_prefix_path.dsv
[117.434s] -- Installing: /home/mztejero/rvr_ros2_ws/install/onboard_pkg/share/onboard_pkg/environment/path.sh
[117.435s] -- Installing: /home/mztejero/rvr_ros2_ws/install/onboard_pkg/share/onboard_pkg/environment/path.dsv
[117.441s] -- Installing: /home/mztejero/rvr_ros2_ws/install/onboard_pkg/share/onboard_pkg/local_setup.bash
[117.446s] -- Installing: /home/mztejero/rvr_ros2_ws/install/onboard_pkg/share/onboard_pkg/local_setup.sh
[117.451s] -- Installing: /home/mztejero/rvr_ros2_ws/install/onboard_pkg/share/onboard_pkg/local_setup.zsh
[117.454s] -- Installing: /home/mztejero/rvr_ros2_ws/install/onboard_pkg/share/onboard_pkg/local_setup.dsv
[117.456s] -- Installing: /home/mztejero/rvr_ros2_ws/install/onboard_pkg/share/onboard_pkg/package.dsv
[117.458s] -- Installing: /home/mztejero/rvr_ros2_ws/install/onboard_pkg/share/ament_index/resource_index/packages/onboard_pkg
[117.459s] -- Installing: /home/mztejero/rvr_ros2_ws/install/onboard_pkg/share/onboard_pkg/cmake/onboard_pkgConfig.cmake
[117.464s] -- Installing: /home/mztejero/rvr_ros2_ws/install/onboard_pkg/share/onboard_pkg/cmake/onboard_pkgConfig-version.cmake
[117.467s] -- Installing: /home/mztejero/rvr_ros2_ws/install/onboard_pkg/share/onboard_pkg/package.xml
[117.486s] Invoked command in '/home/mztejero/rvr_ros2_ws/build/onboard_pkg' returned '0': AMENT_PREFIX_PATH=/home/mztejero/rvr_ros2_ws/install/rvr_msgs:${AMENT_PREFIX_PATH} CMAKE_PREFIX_PATH=/home/mztejero/rvr_ros2_ws/install/rvr_msgs:/opt/ros/humble LD_LIBRARY_PATH=/home/mztejero/rvr_ros2_ws/install/rvr_msgs/lib:${LD_LIBRARY_PATH} PYTHONPATH=/home/mztejero/rvr_ros2_ws/install/rvr_msgs/local/lib/python3.10/dist-packages:${PYTHONPATH} /usr/bin/cmake --install /home/mztejero/rvr_ros2_ws/build/onboard_pkg
