-- Found ament_cmake: 1.3.12 (/opt/ros/humble/share/ament_cmake/cmake)
-- Found rosidl_default_generators: 1.2.0 (/opt/ros/humble/share/rosidl_default_generators/cmake)
-- Using all available rosidl_typesupport_c: rosidl_typesupport_fastrtps_c;rosidl_typesupport_introspection_c
-- Found rosidl_adapter: 3.1.7 (/opt/ros/humble/share/rosidl_adapter/cmake)
-- Using all available rosidl_typesupport_cpp: rosidl_typesupport_fastrtps_cpp;rosidl_typesupport_introspection_cpp
-- Found ament_cmake_ros: 0.10.0 (/opt/ros/humble/share/ament_cmake_ros/cmake)
-- Using all available rosidl_typesupport_c: rosidl_typesupport_fastrtps_c;rosidl_typesupport_introspection_c
-- Using all available rosidl_typesupport_cpp: rosidl_typesupport_fastrtps_cpp;rosidl_typesupport_introspection_cpp
-- Found python_cmake_module: 0.10.0 (/opt/ros/humble/share/python_cmake_module/cmake)
-- Using PYTHON_EXECUTABLE: /usr/bin/python3
-- Using PYTHON_INCLUDE_DIRS: /usr/include/python3.10
-- Using PYTHON_LIBRARIES: /usr/lib/x86_64-linux-gnu/libpython3.10.so
-- Found ament_lint_auto: 0.12.14 (/opt/ros/humble/share/ament_lint_auto/cmake)
-- Added test 'lint_cmake' to check CMake code style
-- Added test 'xmllint' to check XML markup files
-- Configuring done
-- Generating done
-- Build files have been written to: /home/mztejero/rvr_ros2_ws/build/rvr_msgs
[  1%] [34m[1mGenerating C code for ROS interfaces[0m
[  3%] [34m[1mGenerating C++ code for ROS interfaces[0m
[  3%] Built target ament_cmake_python_copy_rvr_msgs
running egg_info
writing rvr_msgs.egg-info/PKG-INFO
writing dependency_links to rvr_msgs.egg-info/dependency_links.txt
writing top-level names to rvr_msgs.egg-info/top_level.txt
reading manifest file 'rvr_msgs.egg-info/SOURCES.txt'
writing manifest file 'rvr_msgs.egg-info/SOURCES.txt'
[  3%] Built target ament_cmake_python_build_rvr_msgs_egg
[35m[1mConsolidate compiler generated dependencies of target rvr_msgs__rosidl_generator_c[0m
[  4%] [32mBuilding C object CMakeFiles/rvr_msgs__rosidl_generator_c.dir/rosidl_generator_c/rvr_msgs/msg/detail/vector3__functions.c.o[0m
[  6%] [32mBuilding C object CMakeFiles/rvr_msgs__rosidl_generator_c.dir/rosidl_generator_c/rvr_msgs/msg/detail/command_velocities__functions.c.o[0m
[  7%] [32mBuilding C object CMakeFiles/rvr_msgs__rosidl_generator_c.dir/rosidl_generator_c/rvr_msgs/msg/detail/wheel4__functions.c.o[0m
[  7%] Built target rvr_msgs__cpp
[  9%] [32mBuilding C object CMakeFiles/rvr_msgs__rosidl_generator_c.dir/rosidl_generator_c/rvr_msgs/msg/detail/rover_data__functions.c.o[0m
In file included from [01m[K/home/mztejero/rvr_ros2_ws/build/rvr_msgs/rosidl_generator_c/rvr_msgs/msg/detail/rover_data__functions.h:19[m[K,
                 from [01m[K/home/mztejero/rvr_ros2_ws/build/rvr_msgs/rosidl_generator_c/rvr_msgs/msg/detail/rover_data__functions.c:4[m[K:
[01m[K/home/mztejero/rvr_ros2_ws/build/rvr_msgs/rosidl_generator_c/rvr_msgs/msg/detail/rover_data__struct.h:23:10:[m[K [01;31m[Kfatal error: [m[Kmsg_types/msg/detail/wheel4__struct.h: No such file or directory
   23 | #include [01;31m[K"msg_types/msg/detail/wheel4__struct.h"[m[K
      |          [01;31m[K^~~~~~~~~~~~~~~~~~~~~~~~~~~~~~~~~~~~~~~[m[K
compilation terminated.
gmake[2]: *** [CMakeFiles/rvr_msgs__rosidl_generator_c.dir/build.make:211: CMakeFiles/rvr_msgs__rosidl_generator_c.dir/rosidl_generator_c/rvr_msgs/msg/detail/rover_data__functions.c.o] Error 1
gmake[2]: *** Waiting for unfinished jobs....
[ 11%] [34m[1mGenerating C++ type support dispatch for ROS interfaces[0m
gmake[1]: *** [CMakeFiles/Makefile2:213: CMakeFiles/rvr_msgs__rosidl_generator_c.dir/all] Error 2
gmake[1]: *** Waiting for unfinished jobs....
[ 12%] [34m[1mGenerating C++ type support for eProsima Fast-RTPS[0m
[ 14%] [34m[1mGenerating C++ introspection for ROS interfaces[0m
[35m[1mConsolidate compiler generated dependencies of target rvr_msgs__rosidl_typesupport_cpp[0m
[ 15%] [32mBuilding CXX object CMakeFiles/rvr_msgs__rosidl_typesupport_cpp.dir/rosidl_typesupport_cpp/rvr_msgs/msg/vector3__type_support.cpp.o[0m
[ 17%] [32mBuilding CXX object CMakeFiles/rvr_msgs__rosidl_typesupport_cpp.dir/rosidl_typesupport_cpp/rvr_msgs/msg/command_velocities__type_support.cpp.o[0m
[35m[1mConsolidate compiler generated dependencies of target rvr_msgs__rosidl_typesupport_introspection_cpp[0m
[ 19%] [32mBuilding CXX object CMakeFiles/rvr_msgs__rosidl_typesupport_introspection_cpp.dir/rosidl_typesupport_introspection_cpp/rvr_msgs/msg/detail/command_velocities__type_support.cpp.o[0m
[35m[1mConsolidate compiler generated dependencies of target rvr_msgs__rosidl_typesupport_fastrtps_cpp[0m
[ 20%] [32mBuilding CXX object CMakeFiles/rvr_msgs__rosidl_typesupport_fastrtps_cpp.dir/rosidl_typesupport_fastrtps_cpp/rvr_msgs/msg/detail/dds_fastrtps/command_velocities__type_support.cpp.o[0m
[ 22%] [32mBuilding CXX object CMakeFiles/rvr_msgs__rosidl_typesupport_fastrtps_cpp.dir/rosidl_typesupport_fastrtps_cpp/rvr_msgs/msg/detail/dds_fastrtps/vector3__type_support.cpp.o[0m
[ 23%] [32mBuilding CXX object CMakeFiles/rvr_msgs__rosidl_typesupport_cpp.dir/rosidl_typesupport_cpp/rvr_msgs/msg/wheel4__type_support.cpp.o[0m
[ 25%] [32mBuilding CXX object CMakeFiles/rvr_msgs__rosidl_typesupport_introspection_cpp.dir/rosidl_typesupport_introspection_cpp/rvr_msgs/msg/detail/vector3__type_support.cpp.o[0m
[ 26%] [32mBuilding CXX object CMakeFiles/rvr_msgs__rosidl_typesupport_cpp.dir/rosidl_typesupport_cpp/rvr_msgs/msg/rover_data__type_support.cpp.o[0m
In file included from [01m[K/home/mztejero/rvr_ros2_ws/build/rvr_msgs/rosidl_typesupport_cpp/rvr_msgs/msg/rover_data__type_support.cpp:7[m[K:
[01m[K/home/mztejero/rvr_ros2_ws/build/rvr_msgs/rosidl_generator_cpp/rvr_msgs/msg/detail/rover_data__struct.hpp:21:10:[m[K [01;31m[Kfatal error: [m[Kmsg_types/msg/detail/wheel4__struct.hpp: No such file or directory
   21 | #include [01;31m[K"msg_types/msg/detail/wheel4__struct.hpp"[m[K
      |          [01;31m[K^~~~~~~~~~~~~~~~~~~~~~~~~~~~~~~~~~~~~~~~~[m[K
compilation terminated.
gmake[2]: *** [CMakeFiles/rvr_msgs__rosidl_typesupport_cpp.dir/build.make:144: CMakeFiles/rvr_msgs__rosidl_typesupport_cpp.dir/rosidl_typesupport_cpp/rvr_msgs/msg/rover_data__type_support.cpp.o] Error 1
gmake[2]: *** Waiting for unfinished jobs....
[ 28%] [32mBuilding CXX object CMakeFiles/rvr_msgs__rosidl_typesupport_introspection_cpp.dir/rosidl_typesupport_introspection_cpp/rvr_msgs/msg/detail/wheel4__type_support.cpp.o[0m
gmake[1]: *** [CMakeFiles/Makefile2:395: CMakeFiles/rvr_msgs__rosidl_typesupport_cpp.dir/all] Error 2
[ 30%] [32mBuilding CXX object CMakeFiles/rvr_msgs__rosidl_typesupport_introspection_cpp.dir/rosidl_typesupport_introspection_cpp/rvr_msgs/msg/detail/rover_data__type_support.cpp.o[0m
In file included from [01m[K/home/mztejero/rvr_ros2_ws/build/rvr_msgs/rosidl_typesupport_introspection_cpp/rvr_msgs/msg/detail/rover_data__type_support.cpp:12[m[K:
[01m[K/home/mztejero/rvr_ros2_ws/build/rvr_msgs/rosidl_generator_cpp/rvr_msgs/msg/detail/rover_data__struct.hpp:21:10:[m[K [01;31m[Kfatal error: [m[Kmsg_types/msg/detail/wheel4__struct.hpp: No such file or directory
   21 | #include [01;31m[K"msg_types/msg/detail/wheel4__struct.hpp"[m[K
      |          [01;31m[K^~~~~~~~~~~~~~~~~~~~~~~~~~~~~~~~~~~~~~~~~[m[K
compilation terminated.
gmake[2]: *** [CMakeFiles/rvr_msgs__rosidl_typesupport_introspection_cpp.dir/build.make:161: CMakeFiles/rvr_msgs__rosidl_typesupport_introspection_cpp.dir/rosidl_typesupport_introspection_cpp/rvr_msgs/msg/detail/rover_data__type_support.cpp.o] Error 1
gmake[2]: *** Waiting for unfinished jobs....
[ 31%] [32mBuilding CXX object CMakeFiles/rvr_msgs__rosidl_typesupport_fastrtps_cpp.dir/rosidl_typesupport_fastrtps_cpp/rvr_msgs/msg/detail/dds_fastrtps/wheel4__type_support.cpp.o[0m
[ 33%] [32mBuilding CXX object CMakeFiles/rvr_msgs__rosidl_typesupport_fastrtps_cpp.dir/rosidl_typesupport_fastrtps_cpp/rvr_msgs/msg/detail/dds_fastrtps/rover_data__type_support.cpp.o[0m
In file included from [01m[K/home/mztejero/rvr_ros2_ws/build/rvr_msgs/rosidl_typesupport_fastrtps_cpp/rvr_msgs/msg/detail/rover_data__rosidl_typesupport_fastrtps_cpp.hpp:11[m[K,
                 from [01m[K/home/mztejero/rvr_ros2_ws/build/rvr_msgs/rosidl_typesupport_fastrtps_cpp/rvr_msgs/msg/detail/dds_fastrtps/rover_data__type_support.cpp:4[m[K:
[01m[K/home/mztejero/rvr_ros2_ws/build/rvr_msgs/rosidl_generator_cpp/rvr_msgs/msg/detail/rover_data__struct.hpp:21:10:[m[K [01;31m[Kfatal error: [m[Kmsg_types/msg/detail/wheel4__struct.hpp: No such file or directory
   21 | #include [01;31m[K"msg_types/msg/detail/wheel4__struct.hpp"[m[K
      |          [01;31m[K^~~~~~~~~~~~~~~~~~~~~~~~~~~~~~~~~~~~~~~~~[m[K
compilation terminated.
gmake[2]: *** [CMakeFiles/rvr_msgs__rosidl_typesupport_fastrtps_cpp.dir/build.make:161: CMakeFiles/rvr_msgs__rosidl_typesupport_fastrtps_cpp.dir/rosidl_typesupport_fastrtps_cpp/rvr_msgs/msg/detail/dds_fastrtps/rover_data__type_support.cpp.o] Error 1
gmake[2]: *** Waiting for unfinished jobs....
gmake[1]: *** [CMakeFiles/Makefile2:369: CMakeFiles/rvr_msgs__rosidl_typesupport_introspection_cpp.dir/all] Error 2
gmake[1]: *** [CMakeFiles/Makefile2:343: CMakeFiles/rvr_msgs__rosidl_typesupport_fastrtps_cpp.dir/all] Error 2
gmake: *** [Makefile:146: all] Error 2
