[0.094s] Invoking command in '/home/mztejero/rvr_ros2_ws/build/rvr_msgs': CMAKE_PREFIX_PATH=${CMAKE_PREFIX_PATH}:/home/mztejero/rover_ws/install/hardware_interface:/opt/ros/humble /usr/bin/cmake --build /home/mztejero/rvr_ros2_ws/build/rvr_msgs -- -j4 -l4
[0.480s] -- Found ament_cmake: 1.3.12 (/opt/ros/humble/share/ament_cmake/cmake)
[1.038s] -- Found rosidl_default_generators: 1.2.0 (/opt/ros/humble/share/rosidl_default_generators/cmake)
[1.063s] -- Using all available rosidl_typesupport_c: rosidl_typesupport_fastrtps_c;rosidl_typesupport_introspection_c
[1.159s] -- Found rosidl_adapter: 3.1.7 (/opt/ros/humble/share/rosidl_adapter/cmake)
[1.403s] -- Using all available rosidl_typesupport_cpp: rosidl_typesupport_fastrtps_cpp;rosidl_typesupport_introspection_cpp
[2.535s] -- Found ament_cmake_ros: 0.10.0 (/opt/ros/humble/share/ament_cmake_ros/cmake)
[3.335s] -- Using all available rosidl_typesupport_c: rosidl_typesupport_fastrtps_c;rosidl_typesupport_introspection_c
[4.742s] -- Using all available rosidl_typesupport_cpp: rosidl_typesupport_fastrtps_cpp;rosidl_typesupport_introspection_cpp
[4.810s] -- Found python_cmake_module: 0.10.0 (/opt/ros/humble/share/python_cmake_module/cmake)
[4.898s] -- Using PYTHON_EXECUTABLE: /usr/bin/python3
[4.899s] -- Using PYTHON_INCLUDE_DIRS: /usr/include/python3.10
[4.899s] -- Using PYTHON_LIBRARIES: /usr/lib/x86_64-linux-gnu/libpython3.10.so
[4.948s] -- Found ament_lint_auto: 0.12.14 (/opt/ros/humble/share/ament_lint_auto/cmake)
[5.074s] -- Added test 'lint_cmake' to check CMake code style
[5.082s] -- Added test 'xmllint' to check XML markup files
[5.118s] -- Configuring done
[5.481s] -- Generating done
[5.548s] -- Build files have been written to: /home/mztejero/rvr_ros2_ws/build/rvr_msgs
[5.874s] [  1%] [34m[1mGenerating C code for ROS interfaces[0m
[6.021s] [  3%] [34m[1mGenerating C++ code for ROS interfaces[0m
[6.194s] [  3%] Built target ament_cmake_python_copy_rvr_msgs
[7.283s] running egg_info
[7.287s] writing rvr_msgs.egg-info/PKG-INFO
[7.289s] writing dependency_links to rvr_msgs.egg-info/dependency_links.txt
[7.296s] writing top-level names to rvr_msgs.egg-info/top_level.txt
[7.314s] reading manifest file 'rvr_msgs.egg-info/SOURCES.txt'
[7.318s] writing manifest file 'rvr_msgs.egg-info/SOURCES.txt'
[7.392s] [  3%] Built target ament_cmake_python_build_rvr_msgs_egg
[8.317s] [35m[1mConsolidate compiler generated dependencies of target rvr_msgs__rosidl_generator_c[0m
[8.508s] [  4%] [32mBuilding C object CMakeFiles/rvr_msgs__rosidl_generator_c.dir/rosidl_generator_c/rvr_msgs/msg/detail/vector3__functions.c.o[0m
[8.516s] [  6%] [32mBuilding C object CMakeFiles/rvr_msgs__rosidl_generator_c.dir/rosidl_generator_c/rvr_msgs/msg/detail/command_velocities__functions.c.o[0m
[8.527s] [  7%] [32mBuilding C object CMakeFiles/rvr_msgs__rosidl_generator_c.dir/rosidl_generator_c/rvr_msgs/msg/detail/wheel4__functions.c.o[0m
[8.567s] [  7%] Built target rvr_msgs__cpp
[8.607s] [  9%] [32mBuilding C object CMakeFiles/rvr_msgs__rosidl_generator_c.dir/rosidl_generator_c/rvr_msgs/msg/detail/rover_data__functions.c.o[0m
[9.052s] In file included from [01m[K/home/mztejero/rvr_ros2_ws/build/rvr_msgs/rosidl_generator_c/rvr_msgs/msg/detail/rover_data__functions.h:19[m[K,
[9.053s]                  from [01m[K/home/mztejero/rvr_ros2_ws/build/rvr_msgs/rosidl_generator_c/rvr_msgs/msg/detail/rover_data__functions.c:4[m[K:
[9.065s] [01m[K/home/mztejero/rvr_ros2_ws/build/rvr_msgs/rosidl_generator_c/rvr_msgs/msg/detail/rover_data__struct.h:23:10:[m[K [01;31m[Kfatal error: [m[Kmsg_types/msg/detail/wheel4__struct.h: No such file or directory
[9.067s]    23 | #include [01;31m[K"msg_types/msg/detail/wheel4__struct.h"[m[K
[9.067s]       |          [01;31m[K^~~~~~~~~~~~~~~~~~~~~~~~~~~~~~~~~~~~~~~[m[K
[9.068s] compilation terminated.
[9.068s] gmake[2]: *** [CMakeFiles/rvr_msgs__rosidl_generator_c.dir/build.make:211: CMakeFiles/rvr_msgs__rosidl_generator_c.dir/rosidl_generator_c/rvr_msgs/msg/detail/rover_data__functions.c.o] Error 1
[9.068s] gmake[2]: *** Waiting for unfinished jobs....
[9.107s] [ 11%] [34m[1mGenerating C++ type support dispatch for ROS interfaces[0m
[9.506s] gmake[1]: *** [CMakeFiles/Makefile2:213: CMakeFiles/rvr_msgs__rosidl_generator_c.dir/all] Error 2
[9.506s] gmake[1]: *** Waiting for unfinished jobs....
[9.528s] [ 12%] [34m[1mGenerating C++ type support for eProsima Fast-RTPS[0m
[9.544s] [ 14%] [34m[1mGenerating C++ introspection for ROS interfaces[0m
[10.872s] [35m[1mConsolidate compiler generated dependencies of target rvr_msgs__rosidl_typesupport_cpp[0m
[11.176s] [ 15%] [32mBuilding CXX object CMakeFiles/rvr_msgs__rosidl_typesupport_cpp.dir/rosidl_typesupport_cpp/rvr_msgs/msg/vector3__type_support.cpp.o[0m
[11.190s] [ 17%] [32mBuilding CXX object CMakeFiles/rvr_msgs__rosidl_typesupport_cpp.dir/rosidl_typesupport_cpp/rvr_msgs/msg/command_velocities__type_support.cpp.o[0m
[11.835s] [35m[1mConsolidate compiler generated dependencies of target rvr_msgs__rosidl_typesupport_introspection_cpp[0m
[11.930s] [ 19%] [32mBuilding CXX object CMakeFiles/rvr_msgs__rosidl_typesupport_introspection_cpp.dir/rosidl_typesupport_introspection_cpp/rvr_msgs/msg/detail/command_velocities__type_support.cpp.o[0m
[11.997s] [35m[1mConsolidate compiler generated dependencies of target rvr_msgs__rosidl_typesupport_fastrtps_cpp[0m
[12.082s] [ 20%] [32mBuilding CXX object CMakeFiles/rvr_msgs__rosidl_typesupport_fastrtps_cpp.dir/rosidl_typesupport_fastrtps_cpp/rvr_msgs/msg/detail/dds_fastrtps/command_velocities__type_support.cpp.o[0m
[14.761s] [ 22%] [32mBuilding CXX object CMakeFiles/rvr_msgs__rosidl_typesupport_fastrtps_cpp.dir/rosidl_typesupport_fastrtps_cpp/rvr_msgs/msg/detail/dds_fastrtps/vector3__type_support.cpp.o[0m
[14.800s] [ 23%] [32mBuilding CXX object CMakeFiles/rvr_msgs__rosidl_typesupport_cpp.dir/rosidl_typesupport_cpp/rvr_msgs/msg/wheel4__type_support.cpp.o[0m
[15.226s] [ 25%] [32mBuilding CXX object CMakeFiles/rvr_msgs__rosidl_typesupport_introspection_cpp.dir/rosidl_typesupport_introspection_cpp/rvr_msgs/msg/detail/vector3__type_support.cpp.o[0m
[15.325s] [ 26%] [32mBuilding CXX object CMakeFiles/rvr_msgs__rosidl_typesupport_cpp.dir/rosidl_typesupport_cpp/rvr_msgs/msg/rover_data__type_support.cpp.o[0m
[15.466s] In file included from [01m[K/home/mztejero/rvr_ros2_ws/build/rvr_msgs/rosidl_typesupport_cpp/rvr_msgs/msg/rover_data__type_support.cpp:7[m[K:
[15.469s] [01m[K/home/mztejero/rvr_ros2_ws/build/rvr_msgs/rosidl_generator_cpp/rvr_msgs/msg/detail/rover_data__struct.hpp:21:10:[m[K [01;31m[Kfatal error: [m[Kmsg_types/msg/detail/wheel4__struct.hpp: No such file or directory
[15.482s]    21 | #include [01;31m[K"msg_types/msg/detail/wheel4__struct.hpp"[m[K
[15.484s]       |          [01;31m[K^~~~~~~~~~~~~~~~~~~~~~~~~~~~~~~~~~~~~~~~~[m[K
[15.484s] compilation terminated.
[15.485s] gmake[2]: *** [CMakeFiles/rvr_msgs__rosidl_typesupport_cpp.dir/build.make:144: CMakeFiles/rvr_msgs__rosidl_typesupport_cpp.dir/rosidl_typesupport_cpp/rvr_msgs/msg/rover_data__type_support.cpp.o] Error 1
[15.503s] gmake[2]: *** Waiting for unfinished jobs....
[15.503s] [ 28%] [32mBuilding CXX object CMakeFiles/rvr_msgs__rosidl_typesupport_introspection_cpp.dir/rosidl_typesupport_introspection_cpp/rvr_msgs/msg/detail/wheel4__type_support.cpp.o[0m
[16.327s] gmake[1]: *** [CMakeFiles/Makefile2:395: CMakeFiles/rvr_msgs__rosidl_typesupport_cpp.dir/all] Error 2
[16.346s] [ 30%] [32mBuilding CXX object CMakeFiles/rvr_msgs__rosidl_typesupport_introspection_cpp.dir/rosidl_typesupport_introspection_cpp/rvr_msgs/msg/detail/rover_data__type_support.cpp.o[0m
[16.603s] In file included from [01m[K/home/mztejero/rvr_ros2_ws/build/rvr_msgs/rosidl_typesupport_introspection_cpp/rvr_msgs/msg/detail/rover_data__type_support.cpp:12[m[K:
[16.603s] [01m[K/home/mztejero/rvr_ros2_ws/build/rvr_msgs/rosidl_generator_cpp/rvr_msgs/msg/detail/rover_data__struct.hpp:21:10:[m[K [01;31m[Kfatal error: [m[Kmsg_types/msg/detail/wheel4__struct.hpp: No such file or directory
[16.603s]    21 | #include [01;31m[K"msg_types/msg/detail/wheel4__struct.hpp"[m[K
[16.603s]       |          [01;31m[K^~~~~~~~~~~~~~~~~~~~~~~~~~~~~~~~~~~~~~~~~[m[K
[16.604s] compilation terminated.
[16.613s] gmake[2]: *** [CMakeFiles/rvr_msgs__rosidl_typesupport_introspection_cpp.dir/build.make:161: CMakeFiles/rvr_msgs__rosidl_typesupport_introspection_cpp.dir/rosidl_typesupport_introspection_cpp/rvr_msgs/msg/detail/rover_data__type_support.cpp.o] Error 1
[16.614s] gmake[2]: *** Waiting for unfinished jobs....
[16.653s] [ 31%] [32mBuilding CXX object CMakeFiles/rvr_msgs__rosidl_typesupport_fastrtps_cpp.dir/rosidl_typesupport_fastrtps_cpp/rvr_msgs/msg/detail/dds_fastrtps/wheel4__type_support.cpp.o[0m
[17.246s] [ 33%] [32mBuilding CXX object CMakeFiles/rvr_msgs__rosidl_typesupport_fastrtps_cpp.dir/rosidl_typesupport_fastrtps_cpp/rvr_msgs/msg/detail/dds_fastrtps/rover_data__type_support.cpp.o[0m
[17.485s] In file included from [01m[K/home/mztejero/rvr_ros2_ws/build/rvr_msgs/rosidl_typesupport_fastrtps_cpp/rvr_msgs/msg/detail/rover_data__rosidl_typesupport_fastrtps_cpp.hpp:11[m[K,
[17.502s]                  from [01m[K/home/mztejero/rvr_ros2_ws/build/rvr_msgs/rosidl_typesupport_fastrtps_cpp/rvr_msgs/msg/detail/dds_fastrtps/rover_data__type_support.cpp:4[m[K:
[17.503s] [01m[K/home/mztejero/rvr_ros2_ws/build/rvr_msgs/rosidl_generator_cpp/rvr_msgs/msg/detail/rover_data__struct.hpp:21:10:[m[K [01;31m[Kfatal error: [m[Kmsg_types/msg/detail/wheel4__struct.hpp: No such file or directory
[17.503s]    21 | #include [01;31m[K"msg_types/msg/detail/wheel4__struct.hpp"[m[K
[17.503s]       |          [01;31m[K^~~~~~~~~~~~~~~~~~~~~~~~~~~~~~~~~~~~~~~~~[m[K
[17.504s] compilation terminated.
[17.504s] gmake[2]: *** [CMakeFiles/rvr_msgs__rosidl_typesupport_fastrtps_cpp.dir/build.make:161: CMakeFiles/rvr_msgs__rosidl_typesupport_fastrtps_cpp.dir/rosidl_typesupport_fastrtps_cpp/rvr_msgs/msg/detail/dds_fastrtps/rover_data__type_support.cpp.o] Error 1
[17.504s] gmake[2]: *** Waiting for unfinished jobs....
[17.624s] gmake[1]: *** [CMakeFiles/Makefile2:369: CMakeFiles/rvr_msgs__rosidl_typesupport_introspection_cpp.dir/all] Error 2
[18.402s] gmake[1]: *** [CMakeFiles/Makefile2:343: CMakeFiles/rvr_msgs__rosidl_typesupport_fastrtps_cpp.dir/all] Error 2
[18.402s] gmake: *** [Makefile:146: all] Error 2
[18.412s] Invoked command in '/home/mztejero/rvr_ros2_ws/build/rvr_msgs' returned '2': CMAKE_PREFIX_PATH=${CMAKE_PREFIX_PATH}:/home/mztejero/rover_ws/install/hardware_interface:/opt/ros/humble /usr/bin/cmake --build /home/mztejero/rvr_ros2_ws/build/rvr_msgs -- -j4 -l4
