[0.058s] Invoking command in '/home/mztejero/rvr_ros2_ws/build/onboard_pkg': CMAKE_PREFIX_PATH=/home/mztejero/rvr_ros2_ws/install/rvr_msgs:/home/mztejero/rvr_ros2_ws/install/visualization:/home/mztejero/rvr_ros2_ws/install/onboard_pkg:/home/mztejero/rvr_ros2_ws/install/controller:/home/mztejero/rvr_ros2_ws/install/data_processor:/home/mztejero/ros2_ws/install/cpp_pubsub:/home/mztejero/ros2_ws/install/rover_msg:/home/mztejero/rover_ws/install/rvr_launch:/home/mztejero/rover_ws/install/msg_types:/home/mztejero/rover_ws/install/hardware_interface:/opt/ros/humble /usr/bin/cmake --build /home/mztejero/rvr_ros2_ws/build/onboard_pkg -- -j4 -l4
[0.171s] -- Found ament_cmake: 1.3.12 (/opt/ros/humble/share/ament_cmake/cmake)
[0.713s] -- Found rclcpp: 16.0.15 (/opt/ros/humble/share/rclcpp/cmake)
[0.771s] -- Found rosidl_generator_c: 3.1.7 (/opt/ros/humble/share/rosidl_generator_c/cmake)
[0.776s] -- Found rosidl_adapter: 3.1.7 (/opt/ros/humble/share/rosidl_adapter/cmake)
[0.787s] -- Found rosidl_generator_cpp: 3.1.7 (/opt/ros/humble/share/rosidl_generator_cpp/cmake)
[0.806s] -- Using all available rosidl_typesupport_c: rosidl_typesupport_fastrtps_c;rosidl_typesupport_introspection_c
[0.835s] -- Using all available rosidl_typesupport_cpp: rosidl_typesupport_fastrtps_cpp;rosidl_typesupport_introspection_cpp
[0.982s] -- Found rmw_implementation_cmake: 6.1.2 (/opt/ros/humble/share/rmw_implementation_cmake/cmake)
[0.987s] -- Found rmw_fastrtps_cpp: 6.2.8 (/opt/ros/humble/share/rmw_fastrtps_cpp/cmake)
[1.315s] -- Using RMW implementation 'rmw_fastrtps_cpp' as default
[1.436s] -- Found rvr_msgs: 0.0.0 (/home/mztejero/rvr_ros2_ws/install/rvr_msgs/share/rvr_msgs/cmake)
[1.473s] -- Found ament_lint_auto: 0.12.14 (/opt/ros/humble/share/ament_lint_auto/cmake)
[1.633s] -- Added test 'cppcheck' to perform static code analysis on C / C++ code
[1.633s] -- Configured cppcheck include dirs: /home/mztejero/rvr_ros2_ws/src/onboard_pkg/include
[1.635s] -- Configured cppcheck exclude dirs and/or files: 
[1.636s] -- Added test 'lint_cmake' to check CMake code style
[1.637s] -- Added test 'uncrustify' to check C / C++ code style
[1.638s] -- Configured uncrustify additional arguments: 
[1.639s] -- Added test 'xmllint' to check XML markup files
[1.645s] -- Configuring done
[1.697s] -- Generating done
[1.713s] -- Build files have been written to: /home/mztejero/rvr_ros2_ws/build/onboard_pkg
[1.786s] [35m[1mConsolidate compiler generated dependencies of target cmd_vel_sub[0m
[1.833s] [ 33%] [32mBuilding CXX object CMakeFiles/cmd_vel_sub.dir/src/cmd_vel_sub_main.cpp.o[0m
[1.834s] [ 66%] [32mBuilding CXX object CMakeFiles/cmd_vel_sub.dir/src/cmd_vel_sub_lib.cpp.o[0m
[22.182s] [100%] [32m[1mLinking CXX executable cmd_vel_sub[0m
[23.224s] [100%] Built target cmd_vel_sub
[23.255s] Invoked command in '/home/mztejero/rvr_ros2_ws/build/onboard_pkg' returned '0': CMAKE_PREFIX_PATH=/home/mztejero/rvr_ros2_ws/install/rvr_msgs:/home/mztejero/rvr_ros2_ws/install/visualization:/home/mztejero/rvr_ros2_ws/install/onboard_pkg:/home/mztejero/rvr_ros2_ws/install/controller:/home/mztejero/rvr_ros2_ws/install/data_processor:/home/mztejero/ros2_ws/install/cpp_pubsub:/home/mztejero/ros2_ws/install/rover_msg:/home/mztejero/rover_ws/install/rvr_launch:/home/mztejero/rover_ws/install/msg_types:/home/mztejero/rover_ws/install/hardware_interface:/opt/ros/humble /usr/bin/cmake --build /home/mztejero/rvr_ros2_ws/build/onboard_pkg -- -j4 -l4
[23.283s] Invoking command in '/home/mztejero/rvr_ros2_ws/build/onboard_pkg': CMAKE_PREFIX_PATH=/home/mztejero/rvr_ros2_ws/install/rvr_msgs:/home/mztejero/rvr_ros2_ws/install/visualization:/home/mztejero/rvr_ros2_ws/install/onboard_pkg:/home/mztejero/rvr_ros2_ws/install/controller:/home/mztejero/rvr_ros2_ws/install/data_processor:/home/mztejero/ros2_ws/install/cpp_pubsub:/home/mztejero/ros2_ws/install/rover_msg:/home/mztejero/rover_ws/install/rvr_launch:/home/mztejero/rover_ws/install/msg_types:/home/mztejero/rover_ws/install/hardware_interface:/opt/ros/humble /usr/bin/cmake --install /home/mztejero/rvr_ros2_ws/build/onboard_pkg
[23.321s] -- Install configuration: ""
[23.324s] -- Installing: /home/mztejero/rvr_ros2_ws/install/onboard_pkg/lib/onboard_pkg/cmd_vel_sub
[23.332s] -- Set runtime path of "/home/mztejero/rvr_ros2_ws/install/onboard_pkg/lib/onboard_pkg/cmd_vel_sub" to ""
[23.332s] -- Up-to-date: /home/mztejero/rvr_ros2_ws/install/onboard_pkg/share/ament_index/resource_index/package_run_dependencies/onboard_pkg
[23.333s] -- Installing: /home/mztejero/rvr_ros2_ws/install/onboard_pkg/share/ament_index/resource_index/parent_prefix_path/onboard_pkg
[23.336s] -- Up-to-date: /home/mztejero/rvr_ros2_ws/install/onboard_pkg/share/onboard_pkg/environment/ament_prefix_path.sh
[23.336s] -- Installing: /home/mztejero/rvr_ros2_ws/install/onboard_pkg/share/onboard_pkg/environment/ament_prefix_path.dsv
[23.337s] -- Up-to-date: /home/mztejero/rvr_ros2_ws/install/onboard_pkg/share/onboard_pkg/environment/path.sh
[23.338s] -- Installing: /home/mztejero/rvr_ros2_ws/install/onboard_pkg/share/onboard_pkg/environment/path.dsv
[23.339s] -- Up-to-date: /home/mztejero/rvr_ros2_ws/install/onboard_pkg/share/onboard_pkg/local_setup.bash
[23.340s] -- Up-to-date: /home/mztejero/rvr_ros2_ws/install/onboard_pkg/share/onboard_pkg/local_setup.sh
[23.341s] -- Up-to-date: /home/mztejero/rvr_ros2_ws/install/onboard_pkg/share/onboard_pkg/local_setup.zsh
[23.342s] -- Installing: /home/mztejero/rvr_ros2_ws/install/onboard_pkg/share/onboard_pkg/local_setup.dsv
[23.342s] -- Installing: /home/mztejero/rvr_ros2_ws/install/onboard_pkg/share/onboard_pkg/package.dsv
[23.354s] -- Up-to-date: /home/mztejero/rvr_ros2_ws/install/onboard_pkg/share/ament_index/resource_index/packages/onboard_pkg
[23.355s] -- Up-to-date: /home/mztejero/rvr_ros2_ws/install/onboard_pkg/share/onboard_pkg/cmake/onboard_pkgConfig.cmake
[23.356s] -- Up-to-date: /home/mztejero/rvr_ros2_ws/install/onboard_pkg/share/onboard_pkg/cmake/onboard_pkgConfig-version.cmake
[23.356s] -- Up-to-date: /home/mztejero/rvr_ros2_ws/install/onboard_pkg/share/onboard_pkg/package.xml
[23.358s] Invoked command in '/home/mztejero/rvr_ros2_ws/build/onboard_pkg' returned '0': CMAKE_PREFIX_PATH=/home/mztejero/rvr_ros2_ws/install/rvr_msgs:/home/mztejero/rvr_ros2_ws/install/visualization:/home/mztejero/rvr_ros2_ws/install/onboard_pkg:/home/mztejero/rvr_ros2_ws/install/controller:/home/mztejero/rvr_ros2_ws/install/data_processor:/home/mztejero/ros2_ws/install/cpp_pubsub:/home/mztejero/ros2_ws/install/rover_msg:/home/mztejero/rover_ws/install/rvr_launch:/home/mztejero/rover_ws/install/msg_types:/home/mztejero/rover_ws/install/hardware_interface:/opt/ros/humble /usr/bin/cmake --install /home/mztejero/rvr_ros2_ws/build/onboard_pkg
