[0.195s] DEBUG:colcon:Command line arguments: ['/usr/bin/colcon', 'build']
[0.196s] DEBUG:colcon:Parsed command line arguments: Namespace(log_base=None, log_level=None, verb_name='build', build_base='build', install_base='install', merge_install=False, symlink_install=False, test_result_base=None, continue_on_error=False, executor='parallel', parallel_workers=4, event_handlers=None, ignore_user_meta=False, metas=['./colcon.meta'], base_paths=['.'], packages_ignore=None, packages_ignore_regex=None, paths=None, packages_up_to=None, packages_up_to_regex=None, packages_above=None, packages_above_and_dependencies=None, packages_above_depth=None, packages_select_by_dep=None, packages_skip_by_dep=None, packages_skip_up_to=None, packages_select_build_failed=False, packages_skip_build_finished=False, packages_select_test_failures=False, packages_skip_test_passed=False, packages_select=None, packages_skip=None, packages_select_regex=None, packages_skip_regex=None, packages_start=None, packages_end=None, allow_overriding=[], cmake_args=None, cmake_target=None, cmake_target_skip_unavailable=False, cmake_clean_cache=False, cmake_clean_first=False, cmake_force_configure=False, ament_cmake_args=None, catkin_cmake_args=None, catkin_skip_building_tests=False, verb_parser=<colcon_defaults.argument_parser.defaults.DefaultArgumentsDecorator object at 0x79bd64ee0580>, verb_extension=<colcon_core.verb.build.BuildVerb object at 0x79bd64ee0100>, main=<bound method BuildVerb.main of <colcon_core.verb.build.BuildVerb object at 0x79bd64ee0100>>)
[0.518s] Level 1:colcon.colcon_core.package_discovery:discover_packages(colcon_meta) check parameters
[0.518s] Level 1:colcon.colcon_core.package_discovery:discover_packages(recursive) check parameters
[0.519s] Level 1:colcon.colcon_core.package_discovery:discover_packages(ignore) check parameters
[0.519s] Level 1:colcon.colcon_core.package_discovery:discover_packages(path) check parameters
[0.519s] Level 1:colcon.colcon_core.package_discovery:discover_packages(colcon_meta) discover
[0.519s] Level 1:colcon.colcon_core.package_discovery:discover_packages(recursive) discover
[0.519s] INFO:colcon.colcon_core.package_discovery:Crawling recursively for packages in '/home/mztejero/rvr_ros2_ws'
[0.519s] Level 1:colcon.colcon_core.package_identification:_identify(.) by extensions ['ignore', 'ignore_ament_install']
[0.520s] Level 1:colcon.colcon_core.package_identification:_identify(.) by extension 'ignore'
[0.520s] Level 1:colcon.colcon_core.package_identification:_identify(.) by extension 'ignore_ament_install'
[0.521s] Level 1:colcon.colcon_core.package_identification:_identify(.) by extensions ['colcon_pkg']
[0.521s] Level 1:colcon.colcon_core.package_identification:_identify(.) by extension 'colcon_pkg'
[0.521s] Level 1:colcon.colcon_core.package_identification:_identify(.) by extensions ['colcon_meta']
[0.521s] Level 1:colcon.colcon_core.package_identification:_identify(.) by extension 'colcon_meta'
[0.521s] Level 1:colcon.colcon_core.package_identification:_identify(.) by extensions ['ros']
[0.521s] Level 1:colcon.colcon_core.package_identification:_identify(.) by extension 'ros'
[0.546s] Level 1:colcon.colcon_core.package_identification:_identify(.) by extensions ['cmake', 'python']
[0.546s] Level 1:colcon.colcon_core.package_identification:_identify(.) by extension 'cmake'
[0.547s] Level 1:colcon.colcon_core.package_identification:_identify(.) by extension 'python'
[0.547s] Level 1:colcon.colcon_core.package_identification:_identify(.) by extensions ['python_setup_py']
[0.547s] Level 1:colcon.colcon_core.package_identification:_identify(.) by extension 'python_setup_py'
[0.547s] Level 1:colcon.colcon_core.package_identification:_identify(build) by extensions ['ignore', 'ignore_ament_install']
[0.547s] Level 1:colcon.colcon_core.package_identification:_identify(build) by extension 'ignore'
[0.548s] Level 1:colcon.colcon_core.package_identification:_identify(build) ignored
[0.548s] Level 1:colcon.colcon_core.package_identification:_identify(install) by extensions ['ignore', 'ignore_ament_install']
[0.548s] Level 1:colcon.colcon_core.package_identification:_identify(install) by extension 'ignore'
[0.548s] Level 1:colcon.colcon_core.package_identification:_identify(install) ignored
[0.549s] Level 1:colcon.colcon_core.package_identification:_identify(log) by extensions ['ignore', 'ignore_ament_install']
[0.549s] Level 1:colcon.colcon_core.package_identification:_identify(log) by extension 'ignore'
[0.549s] Level 1:colcon.colcon_core.package_identification:_identify(log) ignored
[0.549s] Level 1:colcon.colcon_core.package_identification:_identify(src) by extensions ['ignore', 'ignore_ament_install']
[0.550s] Level 1:colcon.colcon_core.package_identification:_identify(src) by extension 'ignore'
[0.550s] Level 1:colcon.colcon_core.package_identification:_identify(src) by extension 'ignore_ament_install'
[0.550s] Level 1:colcon.colcon_core.package_identification:_identify(src) by extensions ['colcon_pkg']
[0.550s] Level 1:colcon.colcon_core.package_identification:_identify(src) by extension 'colcon_pkg'
[0.551s] Level 1:colcon.colcon_core.package_identification:_identify(src) by extensions ['colcon_meta']
[0.551s] Level 1:colcon.colcon_core.package_identification:_identify(src) by extension 'colcon_meta'
[0.551s] Level 1:colcon.colcon_core.package_identification:_identify(src) by extensions ['ros']
[0.551s] Level 1:colcon.colcon_core.package_identification:_identify(src) by extension 'ros'
[0.551s] Level 1:colcon.colcon_core.package_identification:_identify(src) by extensions ['cmake', 'python']
[0.551s] Level 1:colcon.colcon_core.package_identification:_identify(src) by extension 'cmake'
[0.551s] Level 1:colcon.colcon_core.package_identification:_identify(src) by extension 'python'
[0.551s] Level 1:colcon.colcon_core.package_identification:_identify(src) by extensions ['python_setup_py']
[0.552s] Level 1:colcon.colcon_core.package_identification:_identify(src) by extension 'python_setup_py'
[0.552s] Level 1:colcon.colcon_core.package_identification:_identify(src/controller) by extensions ['ignore', 'ignore_ament_install']
[0.552s] Level 1:colcon.colcon_core.package_identification:_identify(src/controller) by extension 'ignore'
[0.552s] Level 1:colcon.colcon_core.package_identification:_identify(src/controller) by extension 'ignore_ament_install'
[0.552s] Level 1:colcon.colcon_core.package_identification:_identify(src/controller) by extensions ['colcon_pkg']
[0.552s] Level 1:colcon.colcon_core.package_identification:_identify(src/controller) by extension 'colcon_pkg'
[0.552s] Level 1:colcon.colcon_core.package_identification:_identify(src/controller) by extensions ['colcon_meta']
[0.552s] Level 1:colcon.colcon_core.package_identification:_identify(src/controller) by extension 'colcon_meta'
[0.552s] Level 1:colcon.colcon_core.package_identification:_identify(src/controller) by extensions ['ros']
[0.552s] Level 1:colcon.colcon_core.package_identification:_identify(src/controller) by extension 'ros'
[0.557s] DEBUG:colcon.colcon_core.package_identification:Package 'src/controller' with type 'ros.ament_cmake' and name 'controller'
[0.558s] Level 1:colcon.colcon_core.package_identification:_identify(src/data_processor) by extensions ['ignore', 'ignore_ament_install']
[0.558s] Level 1:colcon.colcon_core.package_identification:_identify(src/data_processor) by extension 'ignore'
[0.558s] Level 1:colcon.colcon_core.package_identification:_identify(src/data_processor) by extension 'ignore_ament_install'
[0.558s] Level 1:colcon.colcon_core.package_identification:_identify(src/data_processor) by extensions ['colcon_pkg']
[0.558s] Level 1:colcon.colcon_core.package_identification:_identify(src/data_processor) by extension 'colcon_pkg'
[0.558s] Level 1:colcon.colcon_core.package_identification:_identify(src/data_processor) by extensions ['colcon_meta']
[0.558s] Level 1:colcon.colcon_core.package_identification:_identify(src/data_processor) by extension 'colcon_meta'
[0.558s] Level 1:colcon.colcon_core.package_identification:_identify(src/data_processor) by extensions ['ros']
[0.559s] Level 1:colcon.colcon_core.package_identification:_identify(src/data_processor) by extension 'ros'
[0.560s] DEBUG:colcon.colcon_core.package_identification:Package 'src/data_processor' with type 'ros.ament_cmake' and name 'data_processor'
[0.561s] Level 1:colcon.colcon_core.package_identification:_identify(src/onboard_pkg) by extensions ['ignore', 'ignore_ament_install']
[0.561s] Level 1:colcon.colcon_core.package_identification:_identify(src/onboard_pkg) by extension 'ignore'
[0.561s] Level 1:colcon.colcon_core.package_identification:_identify(src/onboard_pkg) by extension 'ignore_ament_install'
[0.561s] Level 1:colcon.colcon_core.package_identification:_identify(src/onboard_pkg) by extensions ['colcon_pkg']
[0.562s] Level 1:colcon.colcon_core.package_identification:_identify(src/onboard_pkg) by extension 'colcon_pkg'
[0.562s] Level 1:colcon.colcon_core.package_identification:_identify(src/onboard_pkg) by extensions ['colcon_meta']
[0.562s] Level 1:colcon.colcon_core.package_identification:_identify(src/onboard_pkg) by extension 'colcon_meta'
[0.562s] Level 1:colcon.colcon_core.package_identification:_identify(src/onboard_pkg) by extensions ['ros']
[0.562s] Level 1:colcon.colcon_core.package_identification:_identify(src/onboard_pkg) by extension 'ros'
[0.563s] DEBUG:colcon.colcon_core.package_identification:Package 'src/onboard_pkg' with type 'ros.ament_cmake' and name 'onboard_pkg'
[0.564s] Level 1:colcon.colcon_core.package_identification:_identify(src/rvr_msgs) by extensions ['ignore', 'ignore_ament_install']
[0.564s] Level 1:colcon.colcon_core.package_identification:_identify(src/rvr_msgs) by extension 'ignore'
[0.564s] Level 1:colcon.colcon_core.package_identification:_identify(src/rvr_msgs) by extension 'ignore_ament_install'
[0.564s] Level 1:colcon.colcon_core.package_identification:_identify(src/rvr_msgs) by extensions ['colcon_pkg']
[0.564s] Level 1:colcon.colcon_core.package_identification:_identify(src/rvr_msgs) by extension 'colcon_pkg'
[0.564s] Level 1:colcon.colcon_core.package_identification:_identify(src/rvr_msgs) by extensions ['colcon_meta']
[0.564s] Level 1:colcon.colcon_core.package_identification:_identify(src/rvr_msgs) by extension 'colcon_meta'
[0.565s] Level 1:colcon.colcon_core.package_identification:_identify(src/rvr_msgs) by extensions ['ros']
[0.565s] Level 1:colcon.colcon_core.package_identification:_identify(src/rvr_msgs) by extension 'ros'
[0.566s] DEBUG:colcon.colcon_core.package_identification:Package 'src/rvr_msgs' with type 'ros.ament_cmake' and name 'rvr_msgs'
[0.566s] Level 1:colcon.colcon_core.package_identification:_identify(src/visualization) by extensions ['ignore', 'ignore_ament_install']
[0.566s] Level 1:colcon.colcon_core.package_identification:_identify(src/visualization) by extension 'ignore'
[0.566s] Level 1:colcon.colcon_core.package_identification:_identify(src/visualization) by extension 'ignore_ament_install'
[0.566s] Level 1:colcon.colcon_core.package_identification:_identify(src/visualization) by extensions ['colcon_pkg']
[0.566s] Level 1:colcon.colcon_core.package_identification:_identify(src/visualization) by extension 'colcon_pkg'
[0.567s] Level 1:colcon.colcon_core.package_identification:_identify(src/visualization) by extensions ['colcon_meta']
[0.567s] Level 1:colcon.colcon_core.package_identification:_identify(src/visualization) by extension 'colcon_meta'
[0.567s] Level 1:colcon.colcon_core.package_identification:_identify(src/visualization) by extensions ['ros']
[0.567s] Level 1:colcon.colcon_core.package_identification:_identify(src/visualization) by extension 'ros'
[0.567s] DEBUG:colcon.colcon_core.package_identification:Package 'src/visualization' with type 'ros.ament_cmake' and name 'visualization'
[0.568s] Level 1:colcon.colcon_core.package_discovery:discover_packages(recursive) using defaults
[0.569s] Level 1:colcon.colcon_core.package_discovery:discover_packages(ignore) discover
[0.569s] Level 1:colcon.colcon_core.package_discovery:discover_packages(ignore) using defaults
[0.569s] Level 1:colcon.colcon_core.package_discovery:discover_packages(path) discover
[0.569s] Level 1:colcon.colcon_core.package_discovery:discover_packages(path) using defaults
[0.609s] Level 1:colcon.colcon_core.package_discovery:discover_packages(prefix_path) check parameters
[0.609s] Level 1:colcon.colcon_core.package_discovery:discover_packages(prefix_path) discover
[0.612s] WARNING:colcon.colcon_ros.prefix_path.ament:The path '/home/mztejero/rvr_ros2_ws/install/rvr_files' in the environment variable AMENT_PREFIX_PATH doesn't exist
[0.614s] WARNING:colcon.colcon_ros.prefix_path.catkin:The path '/home/mztejero/rvr_ros2_ws/install/rvr_files' in the environment variable CMAKE_PREFIX_PATH doesn't exist
[0.617s] DEBUG:colcon.colcon_installed_package_information.package_discovery:Found 5 installed packages in /home/mztejero/rvr_ros2_ws/install
[0.618s] DEBUG:colcon.colcon_installed_package_information.package_discovery:Found 2 installed packages in /home/mztejero/ros2_ws/install
[0.619s] DEBUG:colcon.colcon_installed_package_information.package_discovery:Found 3 installed packages in /home/mztejero/rover_ws/install
[0.621s] DEBUG:colcon.colcon_installed_package_information.package_discovery:Found 271 installed packages in /opt/ros/humble
[0.643s] Level 1:colcon.colcon_core.package_discovery:discover_packages(prefix_path) using defaults
[0.758s] Level 5:colcon.colcon_core.verb:set package 'data_processor' build argument 'cmake_args' from command line to 'None'
[0.758s] Level 5:colcon.colcon_core.verb:set package 'data_processor' build argument 'cmake_target' from command line to 'None'
[0.758s] Level 5:colcon.colcon_core.verb:set package 'data_processor' build argument 'cmake_target_skip_unavailable' from command line to 'False'
[0.758s] Level 5:colcon.colcon_core.verb:set package 'data_processor' build argument 'cmake_clean_cache' from command line to 'False'
[0.758s] Level 5:colcon.colcon_core.verb:set package 'data_processor' build argument 'cmake_clean_first' from command line to 'False'
[0.758s] Level 5:colcon.colcon_core.verb:set package 'data_processor' build argument 'cmake_force_configure' from command line to 'False'
[0.758s] Level 5:colcon.colcon_core.verb:set package 'data_processor' build argument 'ament_cmake_args' from command line to 'None'
[0.758s] Level 5:colcon.colcon_core.verb:set package 'data_processor' build argument 'catkin_cmake_args' from command line to 'None'
[0.758s] Level 5:colcon.colcon_core.verb:set package 'data_processor' build argument 'catkin_skip_building_tests' from command line to 'False'
[0.758s] DEBUG:colcon.colcon_core.verb:Building package 'data_processor' with the following arguments: {'ament_cmake_args': None, 'build_base': '/home/mztejero/rvr_ros2_ws/build/data_processor', 'catkin_cmake_args': None, 'catkin_skip_building_tests': False, 'cmake_args': None, 'cmake_clean_cache': False, 'cmake_clean_first': False, 'cmake_force_configure': False, 'cmake_target': None, 'cmake_target_skip_unavailable': False, 'install_base': '/home/mztejero/rvr_ros2_ws/install/data_processor', 'merge_install': False, 'path': '/home/mztejero/rvr_ros2_ws/src/data_processor', 'symlink_install': False, 'test_result_base': None}
[0.759s] Level 5:colcon.colcon_core.verb:set package 'rvr_msgs' build argument 'cmake_args' from command line to 'None'
[0.759s] Level 5:colcon.colcon_core.verb:set package 'rvr_msgs' build argument 'cmake_target' from command line to 'None'
[0.759s] Level 5:colcon.colcon_core.verb:set package 'rvr_msgs' build argument 'cmake_target_skip_unavailable' from command line to 'False'
[0.759s] Level 5:colcon.colcon_core.verb:set package 'rvr_msgs' build argument 'cmake_clean_cache' from command line to 'False'
[0.759s] Level 5:colcon.colcon_core.verb:set package 'rvr_msgs' build argument 'cmake_clean_first' from command line to 'False'
[0.759s] Level 5:colcon.colcon_core.verb:set package 'rvr_msgs' build argument 'cmake_force_configure' from command line to 'False'
[0.760s] Level 5:colcon.colcon_core.verb:set package 'rvr_msgs' build argument 'ament_cmake_args' from command line to 'None'
[0.760s] Level 5:colcon.colcon_core.verb:set package 'rvr_msgs' build argument 'catkin_cmake_args' from command line to 'None'
[0.760s] Level 5:colcon.colcon_core.verb:set package 'rvr_msgs' build argument 'catkin_skip_building_tests' from command line to 'False'
[0.760s] DEBUG:colcon.colcon_core.verb:Building package 'rvr_msgs' with the following arguments: {'ament_cmake_args': None, 'build_base': '/home/mztejero/rvr_ros2_ws/build/rvr_msgs', 'catkin_cmake_args': None, 'catkin_skip_building_tests': False, 'cmake_args': None, 'cmake_clean_cache': False, 'cmake_clean_first': False, 'cmake_force_configure': False, 'cmake_target': None, 'cmake_target_skip_unavailable': False, 'install_base': '/home/mztejero/rvr_ros2_ws/install/rvr_msgs', 'merge_install': False, 'path': '/home/mztejero/rvr_ros2_ws/src/rvr_msgs', 'symlink_install': False, 'test_result_base': None}
[0.760s] Level 5:colcon.colcon_core.verb:set package 'visualization' build argument 'cmake_args' from command line to 'None'
[0.761s] Level 5:colcon.colcon_core.verb:set package 'visualization' build argument 'cmake_target' from command line to 'None'
[0.761s] Level 5:colcon.colcon_core.verb:set package 'visualization' build argument 'cmake_target_skip_unavailable' from command line to 'False'
[0.761s] Level 5:colcon.colcon_core.verb:set package 'visualization' build argument 'cmake_clean_cache' from command line to 'False'
[0.761s] Level 5:colcon.colcon_core.verb:set package 'visualization' build argument 'cmake_clean_first' from command line to 'False'
[0.761s] Level 5:colcon.colcon_core.verb:set package 'visualization' build argument 'cmake_force_configure' from command line to 'False'
[0.761s] Level 5:colcon.colcon_core.verb:set package 'visualization' build argument 'ament_cmake_args' from command line to 'None'
[0.761s] Level 5:colcon.colcon_core.verb:set package 'visualization' build argument 'catkin_cmake_args' from command line to 'None'
[0.761s] Level 5:colcon.colcon_core.verb:set package 'visualization' build argument 'catkin_skip_building_tests' from command line to 'False'
[0.761s] DEBUG:colcon.colcon_core.verb:Building package 'visualization' with the following arguments: {'ament_cmake_args': None, 'build_base': '/home/mztejero/rvr_ros2_ws/build/visualization', 'catkin_cmake_args': None, 'catkin_skip_building_tests': False, 'cmake_args': None, 'cmake_clean_cache': False, 'cmake_clean_first': False, 'cmake_force_configure': False, 'cmake_target': None, 'cmake_target_skip_unavailable': False, 'install_base': '/home/mztejero/rvr_ros2_ws/install/visualization', 'merge_install': False, 'path': '/home/mztejero/rvr_ros2_ws/src/visualization', 'symlink_install': False, 'test_result_base': None}
[0.762s] Level 5:colcon.colcon_core.verb:set package 'controller' build argument 'cmake_args' from command line to 'None'
[0.762s] Level 5:colcon.colcon_core.verb:set package 'controller' build argument 'cmake_target' from command line to 'None'
[0.762s] Level 5:colcon.colcon_core.verb:set package 'controller' build argument 'cmake_target_skip_unavailable' from command line to 'False'
[0.762s] Level 5:colcon.colcon_core.verb:set package 'controller' build argument 'cmake_clean_cache' from command line to 'False'
[0.763s] Level 5:colcon.colcon_core.verb:set package 'controller' build argument 'cmake_clean_first' from command line to 'False'
[0.763s] Level 5:colcon.colcon_core.verb:set package 'controller' build argument 'cmake_force_configure' from command line to 'False'
[0.763s] Level 5:colcon.colcon_core.verb:set package 'controller' build argument 'ament_cmake_args' from command line to 'None'
[0.763s] Level 5:colcon.colcon_core.verb:set package 'controller' build argument 'catkin_cmake_args' from command line to 'None'
[0.764s] Level 5:colcon.colcon_core.verb:set package 'controller' build argument 'catkin_skip_building_tests' from command line to 'False'
[0.764s] DEBUG:colcon.colcon_core.verb:Building package 'controller' with the following arguments: {'ament_cmake_args': None, 'build_base': '/home/mztejero/rvr_ros2_ws/build/controller', 'catkin_cmake_args': None, 'catkin_skip_building_tests': False, 'cmake_args': None, 'cmake_clean_cache': False, 'cmake_clean_first': False, 'cmake_force_configure': False, 'cmake_target': None, 'cmake_target_skip_unavailable': False, 'install_base': '/home/mztejero/rvr_ros2_ws/install/controller', 'merge_install': False, 'path': '/home/mztejero/rvr_ros2_ws/src/controller', 'symlink_install': False, 'test_result_base': None}
[0.766s] Level 5:colcon.colcon_core.verb:set package 'onboard_pkg' build argument 'cmake_args' from command line to 'None'
[0.766s] Level 5:colcon.colcon_core.verb:set package 'onboard_pkg' build argument 'cmake_target' from command line to 'None'
[0.766s] Level 5:colcon.colcon_core.verb:set package 'onboard_pkg' build argument 'cmake_target_skip_unavailable' from command line to 'False'
[0.766s] Level 5:colcon.colcon_core.verb:set package 'onboard_pkg' build argument 'cmake_clean_cache' from command line to 'False'
[0.766s] Level 5:colcon.colcon_core.verb:set package 'onboard_pkg' build argument 'cmake_clean_first' from command line to 'False'
[0.767s] Level 5:colcon.colcon_core.verb:set package 'onboard_pkg' build argument 'cmake_force_configure' from command line to 'False'
[0.767s] Level 5:colcon.colcon_core.verb:set package 'onboard_pkg' build argument 'ament_cmake_args' from command line to 'None'
[0.767s] Level 5:colcon.colcon_core.verb:set package 'onboard_pkg' build argument 'catkin_cmake_args' from command line to 'None'
[0.767s] Level 5:colcon.colcon_core.verb:set package 'onboard_pkg' build argument 'catkin_skip_building_tests' from command line to 'False'
[0.767s] DEBUG:colcon.colcon_core.verb:Building package 'onboard_pkg' with the following arguments: {'ament_cmake_args': None, 'build_base': '/home/mztejero/rvr_ros2_ws/build/onboard_pkg', 'catkin_cmake_args': None, 'catkin_skip_building_tests': False, 'cmake_args': None, 'cmake_clean_cache': False, 'cmake_clean_first': False, 'cmake_force_configure': False, 'cmake_target': None, 'cmake_target_skip_unavailable': False, 'install_base': '/home/mztejero/rvr_ros2_ws/install/onboard_pkg', 'merge_install': False, 'path': '/home/mztejero/rvr_ros2_ws/src/onboard_pkg', 'symlink_install': False, 'test_result_base': None}
[0.767s] INFO:colcon.colcon_core.executor:Executing jobs using 'parallel' executor
[0.770s] DEBUG:colcon.colcon_parallel_executor.executor.parallel:run_until_complete
[0.775s] INFO:colcon.colcon_ros.task.ament_cmake.build:Building ROS package in '/home/mztejero/rvr_ros2_ws/src/rvr_msgs' with build type 'ament_cmake'
[0.776s] INFO:colcon.colcon_cmake.task.cmake.build:Building CMake package in '/home/mztejero/rvr_ros2_ws/src/rvr_msgs'
[0.790s] INFO:colcon.colcon_core.plugin_system:Skipping extension 'colcon_core.shell.bat': Not used on non-Windows systems
[0.791s] INFO:colcon.colcon_core.shell:Skip shell extension 'powershell' for command environment: Not usable outside of PowerShell
[0.792s] DEBUG:colcon.colcon_core.shell:Skip shell extension 'dsv' for command environment
[0.814s] INFO:colcon.colcon_ros.task.ament_cmake.build:Building ROS package in '/home/mztejero/rvr_ros2_ws/src/data_processor' with build type 'ament_cmake'
[0.817s] INFO:colcon.colcon_cmake.task.cmake.build:Building CMake package in '/home/mztejero/rvr_ros2_ws/src/data_processor'
[0.818s] INFO:colcon.colcon_core.shell:Skip shell extension 'powershell' for command environment: Not usable outside of PowerShell
[0.819s] DEBUG:colcon.colcon_core.shell:Skip shell extension 'dsv' for command environment
[0.865s] INFO:colcon.colcon_ros.task.ament_cmake.build:Building ROS package in '/home/mztejero/rvr_ros2_ws/src/visualization' with build type 'ament_cmake'
[0.869s] INFO:colcon.colcon_cmake.task.cmake.build:Building CMake package in '/home/mztejero/rvr_ros2_ws/src/visualization'
[0.878s] INFO:colcon.colcon_core.shell:Skip shell extension 'powershell' for command environment: Not usable outside of PowerShell
[0.880s] DEBUG:colcon.colcon_core.shell:Skip shell extension 'dsv' for command environment
[1.038s] DEBUG:colcon.colcon_core.event_handler.log_command:Invoking command in '/home/mztejero/rvr_ros2_ws/build/rvr_msgs': CMAKE_PREFIX_PATH=${CMAKE_PREFIX_PATH}:/home/mztejero/rover_ws/install/hardware_interface:/opt/ros/humble /usr/bin/cmake --build /home/mztejero/rvr_ros2_ws/build/rvr_msgs -- -j4 -l4
[1.083s] DEBUG:colcon.colcon_core.event_handler.log_command:Invoking command in '/home/mztejero/rvr_ros2_ws/build/data_processor': CMAKE_PREFIX_PATH=${CMAKE_PREFIX_PATH}:/home/mztejero/rover_ws/install/hardware_interface:/opt/ros/humble /usr/bin/cmake --build /home/mztejero/rvr_ros2_ws/build/data_processor -- -j4 -l4
[1.117s] DEBUG:colcon.colcon_core.event_handler.log_command:Invoking command in '/home/mztejero/rvr_ros2_ws/build/visualization': CMAKE_PREFIX_PATH=${CMAKE_PREFIX_PATH}:/home/mztejero/rover_ws/install/hardware_interface:/opt/ros/humble /usr/bin/cmake --build /home/mztejero/rvr_ros2_ws/build/visualization -- -j4 -l4
[1.232s] DEBUG:colcon.colcon_core.event_handler.log_command:Invoked command in '/home/mztejero/rvr_ros2_ws/build/data_processor' returned '0': CMAKE_PREFIX_PATH=${CMAKE_PREFIX_PATH}:/home/mztejero/rover_ws/install/hardware_interface:/opt/ros/humble /usr/bin/cmake --build /home/mztejero/rvr_ros2_ws/build/data_processor -- -j4 -l4
[1.278s] DEBUG:colcon.colcon_core.event_handler.log_command:Invoking command in '/home/mztejero/rvr_ros2_ws/build/data_processor': CMAKE_PREFIX_PATH=${CMAKE_PREFIX_PATH}:/home/mztejero/rover_ws/install/hardware_interface:/opt/ros/humble /usr/bin/cmake --install /home/mztejero/rvr_ros2_ws/build/data_processor
[1.295s] DEBUG:colcon.colcon_core.event_handler.log_command:Invoked command in '/home/mztejero/rvr_ros2_ws/build/visualization' returned '0': CMAKE_PREFIX_PATH=${CMAKE_PREFIX_PATH}:/home/mztejero/rover_ws/install/hardware_interface:/opt/ros/humble /usr/bin/cmake --build /home/mztejero/rvr_ros2_ws/build/visualization -- -j4 -l4
[1.296s] DEBUG:colcon.colcon_core.event_handler.log_command:Invoking command in '/home/mztejero/rvr_ros2_ws/build/visualization': CMAKE_PREFIX_PATH=${CMAKE_PREFIX_PATH}:/home/mztejero/rover_ws/install/hardware_interface:/opt/ros/humble /usr/bin/cmake --install /home/mztejero/rvr_ros2_ws/build/visualization
[1.312s] Level 1:colcon.colcon_core.environment:create_environment_scripts_only(data_processor)
[1.327s] DEBUG:colcon.colcon_core.event_handler.log_command:Invoked command in '/home/mztejero/rvr_ros2_ws/build/data_processor' returned '0': CMAKE_PREFIX_PATH=${CMAKE_PREFIX_PATH}:/home/mztejero/rover_ws/install/hardware_interface:/opt/ros/humble /usr/bin/cmake --install /home/mztejero/rvr_ros2_ws/build/data_processor
[1.334s] Level 1:colcon.colcon_core.environment:checking '/home/mztejero/rvr_ros2_ws/install/data_processor' for CMake module files
[1.338s] Level 1:colcon.colcon_core.environment:checking '/home/mztejero/rvr_ros2_ws/install/data_processor' for CMake config files
[1.338s] Level 1:colcon.colcon_core.shell:create_environment_hook('data_processor', 'cmake_prefix_path')
[1.338s] INFO:colcon.colcon_core.shell:Creating environment hook '/home/mztejero/rvr_ros2_ws/install/data_processor/share/data_processor/hook/cmake_prefix_path.ps1'
[1.340s] INFO:colcon.colcon_core.shell:Creating environment descriptor '/home/mztejero/rvr_ros2_ws/install/data_processor/share/data_processor/hook/cmake_prefix_path.dsv'
[1.343s] INFO:colcon.colcon_core.shell:Creating environment hook '/home/mztejero/rvr_ros2_ws/install/data_processor/share/data_processor/hook/cmake_prefix_path.sh'
[1.346s] Level 1:colcon.colcon_core.environment:checking '/home/mztejero/rvr_ros2_ws/install/data_processor/bin'
[1.347s] Level 1:colcon.colcon_core.environment:checking '/home/mztejero/rvr_ros2_ws/install/data_processor/lib/pkgconfig/data_processor.pc'
[1.347s] Level 1:colcon.colcon_core.environment:checking '/home/mztejero/rvr_ros2_ws/install/data_processor/lib/python3.10/site-packages'
[1.348s] Level 1:colcon.colcon_core.environment:checking '/home/mztejero/rvr_ros2_ws/install/data_processor/bin'
[1.348s] INFO:colcon.colcon_core.shell:Creating package script '/home/mztejero/rvr_ros2_ws/install/data_processor/share/data_processor/package.ps1'
[1.351s] INFO:colcon.colcon_core.shell:Creating package descriptor '/home/mztejero/rvr_ros2_ws/install/data_processor/share/data_processor/package.dsv'
[1.353s] INFO:colcon.colcon_core.shell:Creating package script '/home/mztejero/rvr_ros2_ws/install/data_processor/share/data_processor/package.sh'
[1.359s] INFO:colcon.colcon_core.shell:Creating package script '/home/mztejero/rvr_ros2_ws/install/data_processor/share/data_processor/package.bash'
[1.364s] INFO:colcon.colcon_core.shell:Creating package script '/home/mztejero/rvr_ros2_ws/install/data_processor/share/data_processor/package.zsh'
[1.381s] Level 1:colcon.colcon_core.environment:create_file_with_runtime_dependencies(/home/mztejero/rvr_ros2_ws/install/data_processor/share/colcon-core/packages/data_processor)
[1.390s] Level 1:colcon.colcon_core.environment:create_environment_scripts_only(data_processor)
[1.390s] Level 1:colcon.colcon_core.environment:checking '/home/mztejero/rvr_ros2_ws/install/data_processor' for CMake module files
[1.393s] Level 1:colcon.colcon_core.environment:checking '/home/mztejero/rvr_ros2_ws/install/data_processor' for CMake config files
[1.394s] Level 1:colcon.colcon_core.shell:create_environment_hook('data_processor', 'cmake_prefix_path')
[1.394s] INFO:colcon.colcon_core.shell:Creating environment hook '/home/mztejero/rvr_ros2_ws/install/data_processor/share/data_processor/hook/cmake_prefix_path.ps1'
[1.398s] INFO:colcon.colcon_core.shell:Creating environment descriptor '/home/mztejero/rvr_ros2_ws/install/data_processor/share/data_processor/hook/cmake_prefix_path.dsv'
[1.400s] INFO:colcon.colcon_core.shell:Creating environment hook '/home/mztejero/rvr_ros2_ws/install/data_processor/share/data_processor/hook/cmake_prefix_path.sh'
[1.402s] Level 1:colcon.colcon_core.environment:checking '/home/mztejero/rvr_ros2_ws/install/data_processor/bin'
[1.402s] Level 1:colcon.colcon_core.environment:checking '/home/mztejero/rvr_ros2_ws/install/data_processor/lib/pkgconfig/data_processor.pc'
[1.403s] Level 1:colcon.colcon_core.environment:checking '/home/mztejero/rvr_ros2_ws/install/data_processor/lib/python3.10/site-packages'
[1.403s] Level 1:colcon.colcon_core.environment:checking '/home/mztejero/rvr_ros2_ws/install/data_processor/bin'
[1.406s] INFO:colcon.colcon_core.shell:Creating package script '/home/mztejero/rvr_ros2_ws/install/data_processor/share/data_processor/package.ps1'
[1.409s] INFO:colcon.colcon_core.shell:Creating package descriptor '/home/mztejero/rvr_ros2_ws/install/data_processor/share/data_processor/package.dsv'
[1.410s] INFO:colcon.colcon_core.shell:Creating package script '/home/mztejero/rvr_ros2_ws/install/data_processor/share/data_processor/package.sh'
[1.423s] INFO:colcon.colcon_core.shell:Creating package script '/home/mztejero/rvr_ros2_ws/install/data_processor/share/data_processor/package.bash'
[1.426s] INFO:colcon.colcon_core.shell:Creating package script '/home/mztejero/rvr_ros2_ws/install/data_processor/share/data_processor/package.zsh'
[1.428s] Level 1:colcon.colcon_core.environment:create_file_with_runtime_dependencies(/home/mztejero/rvr_ros2_ws/install/data_processor/share/colcon-core/packages/data_processor)
[1.440s] Level 1:colcon.colcon_core.environment:create_environment_scripts_only(visualization)
[1.441s] DEBUG:colcon.colcon_core.event_handler.log_command:Invoked command in '/home/mztejero/rvr_ros2_ws/build/visualization' returned '0': CMAKE_PREFIX_PATH=${CMAKE_PREFIX_PATH}:/home/mztejero/rover_ws/install/hardware_interface:/opt/ros/humble /usr/bin/cmake --install /home/mztejero/rvr_ros2_ws/build/visualization
[1.441s] Level 1:colcon.colcon_core.environment:checking '/home/mztejero/rvr_ros2_ws/install/visualization' for CMake module files
[1.443s] Level 1:colcon.colcon_core.environment:checking '/home/mztejero/rvr_ros2_ws/install/visualization' for CMake config files
[1.444s] Level 1:colcon.colcon_core.shell:create_environment_hook('visualization', 'cmake_prefix_path')
[1.445s] INFO:colcon.colcon_core.shell:Creating environment hook '/home/mztejero/rvr_ros2_ws/install/visualization/share/visualization/hook/cmake_prefix_path.ps1'
[1.446s] INFO:colcon.colcon_core.shell:Creating environment descriptor '/home/mztejero/rvr_ros2_ws/install/visualization/share/visualization/hook/cmake_prefix_path.dsv'
[1.448s] INFO:colcon.colcon_core.shell:Creating environment hook '/home/mztejero/rvr_ros2_ws/install/visualization/share/visualization/hook/cmake_prefix_path.sh'
[1.451s] Level 1:colcon.colcon_core.environment:checking '/home/mztejero/rvr_ros2_ws/install/visualization/bin'
[1.451s] Level 1:colcon.colcon_core.environment:checking '/home/mztejero/rvr_ros2_ws/install/visualization/lib/pkgconfig/visualization.pc'
[1.451s] Level 1:colcon.colcon_core.environment:checking '/home/mztejero/rvr_ros2_ws/install/visualization/lib/python3.10/site-packages'
[1.452s] Level 1:colcon.colcon_core.environment:checking '/home/mztejero/rvr_ros2_ws/install/visualization/bin'
[1.453s] INFO:colcon.colcon_core.shell:Creating package script '/home/mztejero/rvr_ros2_ws/install/visualization/share/visualization/package.ps1'
[1.455s] INFO:colcon.colcon_core.shell:Creating package descriptor '/home/mztejero/rvr_ros2_ws/install/visualization/share/visualization/package.dsv'
[1.457s] INFO:colcon.colcon_core.shell:Creating package script '/home/mztejero/rvr_ros2_ws/install/visualization/share/visualization/package.sh'
[1.458s] INFO:colcon.colcon_core.shell:Creating package script '/home/mztejero/rvr_ros2_ws/install/visualization/share/visualization/package.bash'
[1.460s] INFO:colcon.colcon_core.shell:Creating package script '/home/mztejero/rvr_ros2_ws/install/visualization/share/visualization/package.zsh'
[1.462s] Level 1:colcon.colcon_core.environment:create_file_with_runtime_dependencies(/home/mztejero/rvr_ros2_ws/install/visualization/share/colcon-core/packages/visualization)
[1.463s] Level 1:colcon.colcon_core.environment:create_environment_scripts_only(visualization)
[1.465s] Level 1:colcon.colcon_core.environment:checking '/home/mztejero/rvr_ros2_ws/install/visualization' for CMake module files
[1.467s] Level 1:colcon.colcon_core.environment:checking '/home/mztejero/rvr_ros2_ws/install/visualization' for CMake config files
[1.468s] Level 1:colcon.colcon_core.shell:create_environment_hook('visualization', 'cmake_prefix_path')
[1.468s] INFO:colcon.colcon_core.shell:Creating environment hook '/home/mztejero/rvr_ros2_ws/install/visualization/share/visualization/hook/cmake_prefix_path.ps1'
[1.471s] INFO:colcon.colcon_core.shell:Creating environment descriptor '/home/mztejero/rvr_ros2_ws/install/visualization/share/visualization/hook/cmake_prefix_path.dsv'
[1.473s] INFO:colcon.colcon_core.shell:Creating environment hook '/home/mztejero/rvr_ros2_ws/install/visualization/share/visualization/hook/cmake_prefix_path.sh'
[1.474s] Level 1:colcon.colcon_core.environment:checking '/home/mztejero/rvr_ros2_ws/install/visualization/bin'
[1.475s] Level 1:colcon.colcon_core.environment:checking '/home/mztejero/rvr_ros2_ws/install/visualization/lib/pkgconfig/visualization.pc'
[1.475s] Level 1:colcon.colcon_core.environment:checking '/home/mztejero/rvr_ros2_ws/install/visualization/lib/python3.10/site-packages'
[1.476s] Level 1:colcon.colcon_core.environment:checking '/home/mztejero/rvr_ros2_ws/install/visualization/bin'
[1.477s] INFO:colcon.colcon_core.shell:Creating package script '/home/mztejero/rvr_ros2_ws/install/visualization/share/visualization/package.ps1'
[1.479s] INFO:colcon.colcon_core.shell:Creating package descriptor '/home/mztejero/rvr_ros2_ws/install/visualization/share/visualization/package.dsv'
[1.481s] INFO:colcon.colcon_core.shell:Creating package script '/home/mztejero/rvr_ros2_ws/install/visualization/share/visualization/package.sh'
[1.483s] INFO:colcon.colcon_core.shell:Creating package script '/home/mztejero/rvr_ros2_ws/install/visualization/share/visualization/package.bash'
[1.485s] INFO:colcon.colcon_core.shell:Creating package script '/home/mztejero/rvr_ros2_ws/install/visualization/share/visualization/package.zsh'
[1.487s] Level 1:colcon.colcon_core.environment:create_file_with_runtime_dependencies(/home/mztejero/rvr_ros2_ws/install/visualization/share/colcon-core/packages/visualization)
[2.213s] DEBUG:colcon.colcon_core.event_handler.log_command:Invoked command in '/home/mztejero/rvr_ros2_ws/build/rvr_msgs' returned '0': CMAKE_PREFIX_PATH=${CMAKE_PREFIX_PATH}:/home/mztejero/rover_ws/install/hardware_interface:/opt/ros/humble /usr/bin/cmake --build /home/mztejero/rvr_ros2_ws/build/rvr_msgs -- -j4 -l4
[2.220s] DEBUG:colcon.colcon_core.event_handler.log_command:Invoking command in '/home/mztejero/rvr_ros2_ws/build/rvr_msgs': CMAKE_PREFIX_PATH=${CMAKE_PREFIX_PATH}:/home/mztejero/rover_ws/install/hardware_interface:/opt/ros/humble /usr/bin/cmake --install /home/mztejero/rvr_ros2_ws/build/rvr_msgs
[2.400s] Level 1:colcon.colcon_core.environment:create_environment_scripts_only(rvr_msgs)
[2.403s] Level 1:colcon.colcon_core.environment:checking '/home/mztejero/rvr_ros2_ws/install/rvr_msgs' for CMake module files
[2.413s] Level 1:colcon.colcon_core.environment:checking '/home/mztejero/rvr_ros2_ws/install/rvr_msgs' for CMake config files
[2.421s] DEBUG:colcon.colcon_core.event_handler.log_command:Invoked command in '/home/mztejero/rvr_ros2_ws/build/rvr_msgs' returned '0': CMAKE_PREFIX_PATH=${CMAKE_PREFIX_PATH}:/home/mztejero/rover_ws/install/hardware_interface:/opt/ros/humble /usr/bin/cmake --install /home/mztejero/rvr_ros2_ws/build/rvr_msgs
[2.421s] Level 1:colcon.colcon_core.shell:create_environment_hook('rvr_msgs', 'cmake_prefix_path')
[2.422s] INFO:colcon.colcon_core.shell:Creating environment hook '/home/mztejero/rvr_ros2_ws/install/rvr_msgs/share/rvr_msgs/hook/cmake_prefix_path.ps1'
[2.424s] INFO:colcon.colcon_core.shell:Creating environment descriptor '/home/mztejero/rvr_ros2_ws/install/rvr_msgs/share/rvr_msgs/hook/cmake_prefix_path.dsv'
[2.426s] INFO:colcon.colcon_core.shell:Creating environment hook '/home/mztejero/rvr_ros2_ws/install/rvr_msgs/share/rvr_msgs/hook/cmake_prefix_path.sh'
[2.428s] Level 1:colcon.colcon_core.environment:checking '/home/mztejero/rvr_ros2_ws/install/rvr_msgs/lib'
[2.429s] Level 1:colcon.colcon_core.shell:create_environment_hook('rvr_msgs', 'ld_library_path_lib')
[2.429s] INFO:colcon.colcon_core.shell:Creating environment hook '/home/mztejero/rvr_ros2_ws/install/rvr_msgs/share/rvr_msgs/hook/ld_library_path_lib.ps1'
[2.431s] INFO:colcon.colcon_core.shell:Creating environment descriptor '/home/mztejero/rvr_ros2_ws/install/rvr_msgs/share/rvr_msgs/hook/ld_library_path_lib.dsv'
[2.433s] INFO:colcon.colcon_core.shell:Creating environment hook '/home/mztejero/rvr_ros2_ws/install/rvr_msgs/share/rvr_msgs/hook/ld_library_path_lib.sh'
[2.435s] Level 1:colcon.colcon_core.environment:checking '/home/mztejero/rvr_ros2_ws/install/rvr_msgs/bin'
[2.436s] Level 1:colcon.colcon_core.environment:checking '/home/mztejero/rvr_ros2_ws/install/rvr_msgs/lib/pkgconfig/rvr_msgs.pc'
[2.438s] Level 1:colcon.colcon_core.environment:checking '/home/mztejero/rvr_ros2_ws/install/rvr_msgs/lib/python3.10/site-packages'
[2.439s] Level 1:colcon.colcon_core.environment:checking '/home/mztejero/rvr_ros2_ws/install/rvr_msgs/bin'
[2.440s] INFO:colcon.colcon_core.shell:Creating package script '/home/mztejero/rvr_ros2_ws/install/rvr_msgs/share/rvr_msgs/package.ps1'
[2.443s] INFO:colcon.colcon_core.shell:Creating package descriptor '/home/mztejero/rvr_ros2_ws/install/rvr_msgs/share/rvr_msgs/package.dsv'
[2.448s] INFO:colcon.colcon_core.shell:Creating package script '/home/mztejero/rvr_ros2_ws/install/rvr_msgs/share/rvr_msgs/package.sh'
[2.452s] INFO:colcon.colcon_core.shell:Creating package script '/home/mztejero/rvr_ros2_ws/install/rvr_msgs/share/rvr_msgs/package.bash'
[2.456s] INFO:colcon.colcon_core.shell:Creating package script '/home/mztejero/rvr_ros2_ws/install/rvr_msgs/share/rvr_msgs/package.zsh'
[2.461s] Level 1:colcon.colcon_core.environment:create_file_with_runtime_dependencies(/home/mztejero/rvr_ros2_ws/install/rvr_msgs/share/colcon-core/packages/rvr_msgs)
[2.465s] Level 1:colcon.colcon_core.environment:create_environment_scripts_only(rvr_msgs)
[2.467s] Level 1:colcon.colcon_core.environment:checking '/home/mztejero/rvr_ros2_ws/install/rvr_msgs' for CMake module files
[2.469s] Level 1:colcon.colcon_core.environment:checking '/home/mztejero/rvr_ros2_ws/install/rvr_msgs' for CMake config files
[2.471s] Level 1:colcon.colcon_core.shell:create_environment_hook('rvr_msgs', 'cmake_prefix_path')
[2.472s] INFO:colcon.colcon_core.shell:Creating environment hook '/home/mztejero/rvr_ros2_ws/install/rvr_msgs/share/rvr_msgs/hook/cmake_prefix_path.ps1'
[2.474s] INFO:colcon.colcon_core.shell:Creating environment descriptor '/home/mztejero/rvr_ros2_ws/install/rvr_msgs/share/rvr_msgs/hook/cmake_prefix_path.dsv'
[2.476s] INFO:colcon.colcon_core.shell:Creating environment hook '/home/mztejero/rvr_ros2_ws/install/rvr_msgs/share/rvr_msgs/hook/cmake_prefix_path.sh'
[2.479s] Level 1:colcon.colcon_core.environment:checking '/home/mztejero/rvr_ros2_ws/install/rvr_msgs/lib'
[2.479s] Level 1:colcon.colcon_core.shell:create_environment_hook('rvr_msgs', 'ld_library_path_lib')
[2.480s] INFO:colcon.colcon_core.shell:Creating environment hook '/home/mztejero/rvr_ros2_ws/install/rvr_msgs/share/rvr_msgs/hook/ld_library_path_lib.ps1'
[2.483s] INFO:colcon.colcon_core.shell:Creating environment descriptor '/home/mztejero/rvr_ros2_ws/install/rvr_msgs/share/rvr_msgs/hook/ld_library_path_lib.dsv'
[2.485s] INFO:colcon.colcon_core.shell:Creating environment hook '/home/mztejero/rvr_ros2_ws/install/rvr_msgs/share/rvr_msgs/hook/ld_library_path_lib.sh'
[2.487s] Level 1:colcon.colcon_core.environment:checking '/home/mztejero/rvr_ros2_ws/install/rvr_msgs/bin'
[2.488s] Level 1:colcon.colcon_core.environment:checking '/home/mztejero/rvr_ros2_ws/install/rvr_msgs/lib/pkgconfig/rvr_msgs.pc'
[2.489s] Level 1:colcon.colcon_core.environment:checking '/home/mztejero/rvr_ros2_ws/install/rvr_msgs/lib/python3.10/site-packages'
[2.490s] Level 1:colcon.colcon_core.environment:checking '/home/mztejero/rvr_ros2_ws/install/rvr_msgs/bin'
[2.492s] INFO:colcon.colcon_core.shell:Creating package script '/home/mztejero/rvr_ros2_ws/install/rvr_msgs/share/rvr_msgs/package.ps1'
[2.495s] INFO:colcon.colcon_core.shell:Creating package descriptor '/home/mztejero/rvr_ros2_ws/install/rvr_msgs/share/rvr_msgs/package.dsv'
[2.497s] INFO:colcon.colcon_core.shell:Creating package script '/home/mztejero/rvr_ros2_ws/install/rvr_msgs/share/rvr_msgs/package.sh'
[2.498s] INFO:colcon.colcon_core.shell:Creating package script '/home/mztejero/rvr_ros2_ws/install/rvr_msgs/share/rvr_msgs/package.bash'
[2.501s] INFO:colcon.colcon_core.shell:Creating package script '/home/mztejero/rvr_ros2_ws/install/rvr_msgs/share/rvr_msgs/package.zsh'
[2.503s] Level 1:colcon.colcon_core.environment:create_file_with_runtime_dependencies(/home/mztejero/rvr_ros2_ws/install/rvr_msgs/share/colcon-core/packages/rvr_msgs)
[2.506s] INFO:colcon.colcon_ros.task.ament_cmake.build:Building ROS package in '/home/mztejero/rvr_ros2_ws/src/controller' with build type 'ament_cmake'
[2.506s] INFO:colcon.colcon_cmake.task.cmake.build:Building CMake package in '/home/mztejero/rvr_ros2_ws/src/controller'
[2.508s] INFO:colcon.colcon_core.shell:Skip shell extension 'powershell' for command environment: Not usable outside of PowerShell
[2.509s] DEBUG:colcon.colcon_core.shell:Skip shell extension 'dsv' for command environment
[2.530s] INFO:colcon.colcon_ros.task.ament_cmake.build:Building ROS package in '/home/mztejero/rvr_ros2_ws/src/onboard_pkg' with build type 'ament_cmake'
[2.532s] INFO:colcon.colcon_cmake.task.cmake.build:Building CMake package in '/home/mztejero/rvr_ros2_ws/src/onboard_pkg'
[2.533s] INFO:colcon.colcon_core.shell:Skip shell extension 'powershell' for command environment: Not usable outside of PowerShell
[2.534s] DEBUG:colcon.colcon_core.shell:Skip shell extension 'dsv' for command environment
[2.619s] DEBUG:colcon.colcon_core.event_handler.log_command:Invoking command in '/home/mztejero/rvr_ros2_ws/build/controller': CMAKE_PREFIX_PATH=/home/mztejero/rvr_ros2_ws/install/rvr_msgs:/home/mztejero/rvr_ros2_ws/install/visualization:/home/mztejero/rvr_ros2_ws/install/data_processor:/home/mztejero/rvr_ros2_ws/install/rvr_files:/home/mztejero/ros2_ws/install/cpp_pubsub:/home/mztejero/ros2_ws/install/rover_msg:/home/mztejero/rover_ws/install/rvr_launch:/home/mztejero/rover_ws/install/msg_types:/home/mztejero/rover_ws/install/hardware_interface:/opt/ros/humble /usr/bin/cmake --build /home/mztejero/rvr_ros2_ws/build/controller -- -j4 -l4
[2.621s] DEBUG:colcon.colcon_core.event_handler.log_command:Invoking command in '/home/mztejero/rvr_ros2_ws/build/onboard_pkg': CMAKE_PREFIX_PATH=/home/mztejero/rvr_ros2_ws/install/rvr_msgs:/home/mztejero/rvr_ros2_ws/install/visualization:/home/mztejero/rvr_ros2_ws/install/data_processor:/home/mztejero/rvr_ros2_ws/install/rvr_files:/home/mztejero/ros2_ws/install/cpp_pubsub:/home/mztejero/ros2_ws/install/rover_msg:/home/mztejero/rover_ws/install/rvr_launch:/home/mztejero/rover_ws/install/msg_types:/home/mztejero/rover_ws/install/hardware_interface:/opt/ros/humble /usr/bin/cmake --build /home/mztejero/rvr_ros2_ws/build/onboard_pkg -- -j4 -l4
[2.832s] DEBUG:colcon.colcon_core.event_handler.log_command:Invoked command in '/home/mztejero/rvr_ros2_ws/build/controller' returned '0': CMAKE_PREFIX_PATH=/home/mztejero/rvr_ros2_ws/install/rvr_msgs:/home/mztejero/rvr_ros2_ws/install/visualization:/home/mztejero/rvr_ros2_ws/install/data_processor:/home/mztejero/rvr_ros2_ws/install/rvr_files:/home/mztejero/ros2_ws/install/cpp_pubsub:/home/mztejero/ros2_ws/install/rover_msg:/home/mztejero/rover_ws/install/rvr_launch:/home/mztejero/rover_ws/install/msg_types:/home/mztejero/rover_ws/install/hardware_interface:/opt/ros/humble /usr/bin/cmake --build /home/mztejero/rvr_ros2_ws/build/controller -- -j4 -l4
[2.836s] DEBUG:colcon.colcon_core.event_handler.log_command:Invoking command in '/home/mztejero/rvr_ros2_ws/build/controller': CMAKE_PREFIX_PATH=/home/mztejero/rvr_ros2_ws/install/rvr_msgs:/home/mztejero/rvr_ros2_ws/install/visualization:/home/mztejero/rvr_ros2_ws/install/data_processor:/home/mztejero/rvr_ros2_ws/install/rvr_files:/home/mztejero/ros2_ws/install/cpp_pubsub:/home/mztejero/ros2_ws/install/rover_msg:/home/mztejero/rover_ws/install/rvr_launch:/home/mztejero/rover_ws/install/msg_types:/home/mztejero/rover_ws/install/hardware_interface:/opt/ros/humble /usr/bin/cmake --install /home/mztejero/rvr_ros2_ws/build/controller
[2.878s] Level 1:colcon.colcon_core.environment:create_environment_scripts_only(controller)
[2.879s] DEBUG:colcon.colcon_core.event_handler.log_command:Invoked command in '/home/mztejero/rvr_ros2_ws/build/controller' returned '0': CMAKE_PREFIX_PATH=/home/mztejero/rvr_ros2_ws/install/rvr_msgs:/home/mztejero/rvr_ros2_ws/install/visualization:/home/mztejero/rvr_ros2_ws/install/data_processor:/home/mztejero/rvr_ros2_ws/install/rvr_files:/home/mztejero/ros2_ws/install/cpp_pubsub:/home/mztejero/ros2_ws/install/rover_msg:/home/mztejero/rover_ws/install/rvr_launch:/home/mztejero/rover_ws/install/msg_types:/home/mztejero/rover_ws/install/hardware_interface:/opt/ros/humble /usr/bin/cmake --install /home/mztejero/rvr_ros2_ws/build/controller
[2.879s] Level 1:colcon.colcon_core.environment:checking '/home/mztejero/rvr_ros2_ws/install/controller' for CMake module files
[2.880s] Level 1:colcon.colcon_core.environment:checking '/home/mztejero/rvr_ros2_ws/install/controller' for CMake config files
[2.880s] Level 1:colcon.colcon_core.shell:create_environment_hook('controller', 'cmake_prefix_path')
[2.881s] INFO:colcon.colcon_core.shell:Creating environment hook '/home/mztejero/rvr_ros2_ws/install/controller/share/controller/hook/cmake_prefix_path.ps1'
[2.882s] INFO:colcon.colcon_core.shell:Creating environment descriptor '/home/mztejero/rvr_ros2_ws/install/controller/share/controller/hook/cmake_prefix_path.dsv'
[2.882s] INFO:colcon.colcon_core.shell:Creating environment hook '/home/mztejero/rvr_ros2_ws/install/controller/share/controller/hook/cmake_prefix_path.sh'
[2.884s] Level 1:colcon.colcon_core.environment:checking '/home/mztejero/rvr_ros2_ws/install/controller/lib'
[2.884s] Level 1:colcon.colcon_core.environment:checking '/home/mztejero/rvr_ros2_ws/install/controller/bin'
[2.884s] Level 1:colcon.colcon_core.environment:checking '/home/mztejero/rvr_ros2_ws/install/controller/lib/pkgconfig/controller.pc'
[2.884s] Level 1:colcon.colcon_core.environment:checking '/home/mztejero/rvr_ros2_ws/install/controller/lib/python3.10/site-packages'
[2.885s] Level 1:colcon.colcon_core.environment:checking '/home/mztejero/rvr_ros2_ws/install/controller/bin'
[2.885s] INFO:colcon.colcon_core.shell:Creating package script '/home/mztejero/rvr_ros2_ws/install/controller/share/controller/package.ps1'
[2.886s] INFO:colcon.colcon_core.shell:Creating package descriptor '/home/mztejero/rvr_ros2_ws/install/controller/share/controller/package.dsv'
[2.887s] INFO:colcon.colcon_core.shell:Creating package script '/home/mztejero/rvr_ros2_ws/install/controller/share/controller/package.sh'
[2.889s] INFO:colcon.colcon_core.shell:Creating package script '/home/mztejero/rvr_ros2_ws/install/controller/share/controller/package.bash'
[2.890s] INFO:colcon.colcon_core.shell:Creating package script '/home/mztejero/rvr_ros2_ws/install/controller/share/controller/package.zsh'
[2.899s] Level 1:colcon.colcon_core.environment:create_file_with_runtime_dependencies(/home/mztejero/rvr_ros2_ws/install/controller/share/colcon-core/packages/controller)
[2.901s] Level 1:colcon.colcon_core.environment:create_environment_scripts_only(controller)
[2.902s] Level 1:colcon.colcon_core.environment:checking '/home/mztejero/rvr_ros2_ws/install/controller' for CMake module files
[2.903s] Level 1:colcon.colcon_core.environment:checking '/home/mztejero/rvr_ros2_ws/install/controller' for CMake config files
[2.904s] Level 1:colcon.colcon_core.shell:create_environment_hook('controller', 'cmake_prefix_path')
[2.905s] INFO:colcon.colcon_core.shell:Creating environment hook '/home/mztejero/rvr_ros2_ws/install/controller/share/controller/hook/cmake_prefix_path.ps1'
[2.906s] INFO:colcon.colcon_core.shell:Creating environment descriptor '/home/mztejero/rvr_ros2_ws/install/controller/share/controller/hook/cmake_prefix_path.dsv'
[2.908s] INFO:colcon.colcon_core.shell:Creating environment hook '/home/mztejero/rvr_ros2_ws/install/controller/share/controller/hook/cmake_prefix_path.sh'
[2.910s] Level 1:colcon.colcon_core.environment:checking '/home/mztejero/rvr_ros2_ws/install/controller/lib'
[2.910s] Level 1:colcon.colcon_core.environment:checking '/home/mztejero/rvr_ros2_ws/install/controller/bin'
[2.910s] Level 1:colcon.colcon_core.environment:checking '/home/mztejero/rvr_ros2_ws/install/controller/lib/pkgconfig/controller.pc'
[2.911s] Level 1:colcon.colcon_core.environment:checking '/home/mztejero/rvr_ros2_ws/install/controller/lib/python3.10/site-packages'
[2.911s] Level 1:colcon.colcon_core.environment:checking '/home/mztejero/rvr_ros2_ws/install/controller/bin'
[2.912s] INFO:colcon.colcon_core.shell:Creating package script '/home/mztejero/rvr_ros2_ws/install/controller/share/controller/package.ps1'
[2.913s] INFO:colcon.colcon_core.shell:Creating package descriptor '/home/mztejero/rvr_ros2_ws/install/controller/share/controller/package.dsv'
[2.915s] INFO:colcon.colcon_core.shell:Creating package script '/home/mztejero/rvr_ros2_ws/install/controller/share/controller/package.sh'
[2.917s] INFO:colcon.colcon_core.shell:Creating package script '/home/mztejero/rvr_ros2_ws/install/controller/share/controller/package.bash'
[2.918s] INFO:colcon.colcon_core.shell:Creating package script '/home/mztejero/rvr_ros2_ws/install/controller/share/controller/package.zsh'
[2.921s] Level 1:colcon.colcon_core.environment:create_file_with_runtime_dependencies(/home/mztejero/rvr_ros2_ws/install/controller/share/colcon-core/packages/controller)
[21.240s] DEBUG:colcon.colcon_core.event_handler.log_command:Invoked command in '/home/mztejero/rvr_ros2_ws/build/onboard_pkg' returned '0': CMAKE_PREFIX_PATH=/home/mztejero/rvr_ros2_ws/install/rvr_msgs:/home/mztejero/rvr_ros2_ws/install/visualization:/home/mztejero/rvr_ros2_ws/install/data_processor:/home/mztejero/rvr_ros2_ws/install/rvr_files:/home/mztejero/ros2_ws/install/cpp_pubsub:/home/mztejero/ros2_ws/install/rover_msg:/home/mztejero/rover_ws/install/rvr_launch:/home/mztejero/rover_ws/install/msg_types:/home/mztejero/rover_ws/install/hardware_interface:/opt/ros/humble /usr/bin/cmake --build /home/mztejero/rvr_ros2_ws/build/onboard_pkg -- -j4 -l4
[21.246s] DEBUG:colcon.colcon_core.event_handler.log_command:Invoking command in '/home/mztejero/rvr_ros2_ws/build/onboard_pkg': CMAKE_PREFIX_PATH=/home/mztejero/rvr_ros2_ws/install/rvr_msgs:/home/mztejero/rvr_ros2_ws/install/visualization:/home/mztejero/rvr_ros2_ws/install/data_processor:/home/mztejero/rvr_ros2_ws/install/rvr_files:/home/mztejero/ros2_ws/install/cpp_pubsub:/home/mztejero/ros2_ws/install/rover_msg:/home/mztejero/rover_ws/install/rvr_launch:/home/mztejero/rover_ws/install/msg_types:/home/mztejero/rover_ws/install/hardware_interface:/opt/ros/humble /usr/bin/cmake --install /home/mztejero/rvr_ros2_ws/build/onboard_pkg
[21.273s] Level 1:colcon.colcon_core.environment:create_environment_scripts_only(onboard_pkg)
[21.275s] Level 1:colcon.colcon_core.environment:checking '/home/mztejero/rvr_ros2_ws/install/onboard_pkg' for CMake module files
[21.277s] Level 1:colcon.colcon_core.environment:checking '/home/mztejero/rvr_ros2_ws/install/onboard_pkg' for CMake config files
[21.278s] DEBUG:colcon.colcon_core.event_handler.log_command:Invoked command in '/home/mztejero/rvr_ros2_ws/build/onboard_pkg' returned '0': CMAKE_PREFIX_PATH=/home/mztejero/rvr_ros2_ws/install/rvr_msgs:/home/mztejero/rvr_ros2_ws/install/visualization:/home/mztejero/rvr_ros2_ws/install/data_processor:/home/mztejero/rvr_ros2_ws/install/rvr_files:/home/mztejero/ros2_ws/install/cpp_pubsub:/home/mztejero/ros2_ws/install/rover_msg:/home/mztejero/rover_ws/install/rvr_launch:/home/mztejero/rover_ws/install/msg_types:/home/mztejero/rover_ws/install/hardware_interface:/opt/ros/humble /usr/bin/cmake --install /home/mztejero/rvr_ros2_ws/build/onboard_pkg
[21.279s] Level 1:colcon.colcon_core.shell:create_environment_hook('onboard_pkg', 'cmake_prefix_path')
[21.280s] INFO:colcon.colcon_core.shell:Creating environment hook '/home/mztejero/rvr_ros2_ws/install/onboard_pkg/share/onboard_pkg/hook/cmake_prefix_path.ps1'
[21.281s] INFO:colcon.colcon_core.shell:Creating environment descriptor '/home/mztejero/rvr_ros2_ws/install/onboard_pkg/share/onboard_pkg/hook/cmake_prefix_path.dsv'
[21.283s] INFO:colcon.colcon_core.shell:Creating environment hook '/home/mztejero/rvr_ros2_ws/install/onboard_pkg/share/onboard_pkg/hook/cmake_prefix_path.sh'
[21.284s] Level 1:colcon.colcon_core.environment:checking '/home/mztejero/rvr_ros2_ws/install/onboard_pkg/lib'
[21.284s] Level 1:colcon.colcon_core.environment:checking '/home/mztejero/rvr_ros2_ws/install/onboard_pkg/bin'
[21.284s] Level 1:colcon.colcon_core.environment:checking '/home/mztejero/rvr_ros2_ws/install/onboard_pkg/lib/pkgconfig/onboard_pkg.pc'
[21.284s] Level 1:colcon.colcon_core.environment:checking '/home/mztejero/rvr_ros2_ws/install/onboard_pkg/lib/python3.10/site-packages'
[21.285s] Level 1:colcon.colcon_core.environment:checking '/home/mztejero/rvr_ros2_ws/install/onboard_pkg/bin'
[21.286s] INFO:colcon.colcon_core.shell:Creating package script '/home/mztejero/rvr_ros2_ws/install/onboard_pkg/share/onboard_pkg/package.ps1'
[21.287s] INFO:colcon.colcon_core.shell:Creating package descriptor '/home/mztejero/rvr_ros2_ws/install/onboard_pkg/share/onboard_pkg/package.dsv'
[21.288s] INFO:colcon.colcon_core.shell:Creating package script '/home/mztejero/rvr_ros2_ws/install/onboard_pkg/share/onboard_pkg/package.sh'
[21.289s] INFO:colcon.colcon_core.shell:Creating package script '/home/mztejero/rvr_ros2_ws/install/onboard_pkg/share/onboard_pkg/package.bash'
[21.290s] INFO:colcon.colcon_core.shell:Creating package script '/home/mztejero/rvr_ros2_ws/install/onboard_pkg/share/onboard_pkg/package.zsh'
[21.291s] Level 1:colcon.colcon_core.environment:create_file_with_runtime_dependencies(/home/mztejero/rvr_ros2_ws/install/onboard_pkg/share/colcon-core/packages/onboard_pkg)
[21.293s] Level 1:colcon.colcon_core.environment:create_environment_scripts_only(onboard_pkg)
[21.293s] Level 1:colcon.colcon_core.environment:checking '/home/mztejero/rvr_ros2_ws/install/onboard_pkg' for CMake module files
[21.300s] Level 1:colcon.colcon_core.environment:checking '/home/mztejero/rvr_ros2_ws/install/onboard_pkg' for CMake config files
[21.301s] Level 1:colcon.colcon_core.shell:create_environment_hook('onboard_pkg', 'cmake_prefix_path')
[21.301s] INFO:colcon.colcon_core.shell:Creating environment hook '/home/mztejero/rvr_ros2_ws/install/onboard_pkg/share/onboard_pkg/hook/cmake_prefix_path.ps1'
[21.303s] INFO:colcon.colcon_core.shell:Creating environment descriptor '/home/mztejero/rvr_ros2_ws/install/onboard_pkg/share/onboard_pkg/hook/cmake_prefix_path.dsv'
[21.305s] INFO:colcon.colcon_core.shell:Creating environment hook '/home/mztejero/rvr_ros2_ws/install/onboard_pkg/share/onboard_pkg/hook/cmake_prefix_path.sh'
[21.307s] Level 1:colcon.colcon_core.environment:checking '/home/mztejero/rvr_ros2_ws/install/onboard_pkg/lib'
[21.308s] Level 1:colcon.colcon_core.environment:checking '/home/mztejero/rvr_ros2_ws/install/onboard_pkg/bin'
[21.308s] Level 1:colcon.colcon_core.environment:checking '/home/mztejero/rvr_ros2_ws/install/onboard_pkg/lib/pkgconfig/onboard_pkg.pc'
[21.308s] Level 1:colcon.colcon_core.environment:checking '/home/mztejero/rvr_ros2_ws/install/onboard_pkg/lib/python3.10/site-packages'
[21.309s] Level 1:colcon.colcon_core.environment:checking '/home/mztejero/rvr_ros2_ws/install/onboard_pkg/bin'
[21.310s] INFO:colcon.colcon_core.shell:Creating package script '/home/mztejero/rvr_ros2_ws/install/onboard_pkg/share/onboard_pkg/package.ps1'
[21.311s] INFO:colcon.colcon_core.shell:Creating package descriptor '/home/mztejero/rvr_ros2_ws/install/onboard_pkg/share/onboard_pkg/package.dsv'
[21.313s] INFO:colcon.colcon_core.shell:Creating package script '/home/mztejero/rvr_ros2_ws/install/onboard_pkg/share/onboard_pkg/package.sh'
[21.314s] INFO:colcon.colcon_core.shell:Creating package script '/home/mztejero/rvr_ros2_ws/install/onboard_pkg/share/onboard_pkg/package.bash'
[21.315s] INFO:colcon.colcon_core.shell:Creating package script '/home/mztejero/rvr_ros2_ws/install/onboard_pkg/share/onboard_pkg/package.zsh'
[21.317s] Level 1:colcon.colcon_core.environment:create_file_with_runtime_dependencies(/home/mztejero/rvr_ros2_ws/install/onboard_pkg/share/colcon-core/packages/onboard_pkg)
[21.318s] DEBUG:colcon.colcon_parallel_executor.executor.parallel:closing loop
[21.321s] DEBUG:colcon.colcon_parallel_executor.executor.parallel:loop closed
[21.322s] DEBUG:colcon.colcon_parallel_executor.executor.parallel:run_until_complete finished with '0'
[21.323s] DEBUG:colcon.colcon_core.event_reactor:joining thread
[21.345s] INFO:colcon.colcon_core.plugin_system:Skipping extension 'colcon_notification.desktop_notification.terminal_notifier': Not used on non-Darwin systems
[21.346s] INFO:colcon.colcon_core.plugin_system:Skipping extension 'colcon_notification.desktop_notification.win32': Not used on non-Windows systems
[21.347s] INFO:colcon.colcon_notification.desktop_notification:Sending desktop notification using 'notify2'
[21.353s] DEBUG:colcon.colcon_notification.desktop_notification.notify2:Failed to initialize notify2: org.freedesktop.DBus.Error.ServiceUnknown: The name org.freedesktop.Notifications was not provided by any .service files
[21.353s] DEBUG:colcon.colcon_core.event_reactor:joined thread
[21.355s] INFO:colcon.colcon_core.shell:Creating prefix script '/home/mztejero/rvr_ros2_ws/install/local_setup.ps1'
[21.359s] INFO:colcon.colcon_core.shell:Creating prefix util module '/home/mztejero/rvr_ros2_ws/install/_local_setup_util_ps1.py'
[21.364s] INFO:colcon.colcon_core.shell:Creating prefix chain script '/home/mztejero/rvr_ros2_ws/install/setup.ps1'
[21.371s] INFO:colcon.colcon_core.shell:Creating prefix script '/home/mztejero/rvr_ros2_ws/install/local_setup.sh'
[21.374s] INFO:colcon.colcon_core.shell:Creating prefix util module '/home/mztejero/rvr_ros2_ws/install/_local_setup_util_sh.py'
[21.377s] INFO:colcon.colcon_core.shell:Creating prefix chain script '/home/mztejero/rvr_ros2_ws/install/setup.sh'
[21.382s] INFO:colcon.colcon_core.shell:Creating prefix script '/home/mztejero/rvr_ros2_ws/install/local_setup.bash'
[21.384s] INFO:colcon.colcon_core.shell:Creating prefix chain script '/home/mztejero/rvr_ros2_ws/install/setup.bash'
[21.389s] INFO:colcon.colcon_core.shell:Creating prefix script '/home/mztejero/rvr_ros2_ws/install/local_setup.zsh'
[21.391s] INFO:colcon.colcon_core.shell:Creating prefix chain script '/home/mztejero/rvr_ros2_ws/install/setup.zsh'
