[0.190s] DEBUG:colcon:Command line arguments: ['/usr/bin/colcon', 'build']
[0.190s] DEBUG:colcon:Parsed command line arguments: Namespace(log_base=None, log_level=None, verb_name='build', build_base='build', install_base='install', merge_install=False, symlink_install=False, test_result_base=None, continue_on_error=False, executor='parallel', parallel_workers=4, event_handlers=None, ignore_user_meta=False, metas=['./colcon.meta'], base_paths=['.'], packages_ignore=None, packages_ignore_regex=None, paths=None, packages_up_to=None, packages_up_to_regex=None, packages_above=None, packages_above_and_dependencies=None, packages_above_depth=None, packages_select_by_dep=None, packages_skip_by_dep=None, packages_skip_up_to=None, packages_select_build_failed=False, packages_skip_build_finished=False, packages_select_test_failures=False, packages_skip_test_passed=False, packages_select=None, packages_skip=None, packages_select_regex=None, packages_skip_regex=None, packages_start=None, packages_end=None, allow_overriding=[], cmake_args=None, cmake_target=None, cmake_target_skip_unavailable=False, cmake_clean_cache=False, cmake_clean_first=False, cmake_force_configure=False, ament_cmake_args=None, catkin_cmake_args=None, catkin_skip_building_tests=False, verb_parser=<colcon_defaults.argument_parser.defaults.DefaultArgumentsDecorator object at 0x71386a3d85b0>, verb_extension=<colcon_core.verb.build.BuildVerb object at 0x71386a3d80a0>, main=<bound method BuildVerb.main of <colcon_core.verb.build.BuildVerb object at 0x71386a3d80a0>>)
[0.473s] Level 1:colcon.colcon_core.package_discovery:discover_packages(colcon_meta) check parameters
[0.473s] Level 1:colcon.colcon_core.package_discovery:discover_packages(recursive) check parameters
[0.474s] Level 1:colcon.colcon_core.package_discovery:discover_packages(ignore) check parameters
[0.474s] Level 1:colcon.colcon_core.package_discovery:discover_packages(path) check parameters
[0.474s] Level 1:colcon.colcon_core.package_discovery:discover_packages(colcon_meta) discover
[0.474s] Level 1:colcon.colcon_core.package_discovery:discover_packages(recursive) discover
[0.474s] INFO:colcon.colcon_core.package_discovery:Crawling recursively for packages in '/home/mztejero/rvr_ros2_ws'
[0.475s] Level 1:colcon.colcon_core.package_identification:_identify(.) by extensions ['ignore', 'ignore_ament_install']
[0.475s] Level 1:colcon.colcon_core.package_identification:_identify(.) by extension 'ignore'
[0.475s] Level 1:colcon.colcon_core.package_identification:_identify(.) by extension 'ignore_ament_install'
[0.476s] Level 1:colcon.colcon_core.package_identification:_identify(.) by extensions ['colcon_pkg']
[0.476s] Level 1:colcon.colcon_core.package_identification:_identify(.) by extension 'colcon_pkg'
[0.476s] Level 1:colcon.colcon_core.package_identification:_identify(.) by extensions ['colcon_meta']
[0.476s] Level 1:colcon.colcon_core.package_identification:_identify(.) by extension 'colcon_meta'
[0.477s] Level 1:colcon.colcon_core.package_identification:_identify(.) by extensions ['ros']
[0.477s] Level 1:colcon.colcon_core.package_identification:_identify(.) by extension 'ros'
[0.496s] Level 1:colcon.colcon_core.package_identification:_identify(.) by extensions ['cmake', 'python']
[0.496s] Level 1:colcon.colcon_core.package_identification:_identify(.) by extension 'cmake'
[0.496s] Level 1:colcon.colcon_core.package_identification:_identify(.) by extension 'python'
[0.496s] Level 1:colcon.colcon_core.package_identification:_identify(.) by extensions ['python_setup_py']
[0.496s] Level 1:colcon.colcon_core.package_identification:_identify(.) by extension 'python_setup_py'
[0.497s] Level 1:colcon.colcon_core.package_identification:_identify(build) by extensions ['ignore', 'ignore_ament_install']
[0.497s] Level 1:colcon.colcon_core.package_identification:_identify(build) by extension 'ignore'
[0.497s] Level 1:colcon.colcon_core.package_identification:_identify(build) ignored
[0.497s] Level 1:colcon.colcon_core.package_identification:_identify(install) by extensions ['ignore', 'ignore_ament_install']
[0.498s] Level 1:colcon.colcon_core.package_identification:_identify(install) by extension 'ignore'
[0.498s] Level 1:colcon.colcon_core.package_identification:_identify(install) ignored
[0.498s] Level 1:colcon.colcon_core.package_identification:_identify(log) by extensions ['ignore', 'ignore_ament_install']
[0.499s] Level 1:colcon.colcon_core.package_identification:_identify(log) by extension 'ignore'
[0.499s] Level 1:colcon.colcon_core.package_identification:_identify(log) ignored
[0.499s] Level 1:colcon.colcon_core.package_identification:_identify(src) by extensions ['ignore', 'ignore_ament_install']
[0.499s] Level 1:colcon.colcon_core.package_identification:_identify(src) by extension 'ignore'
[0.499s] Level 1:colcon.colcon_core.package_identification:_identify(src) by extension 'ignore_ament_install'
[0.499s] Level 1:colcon.colcon_core.package_identification:_identify(src) by extensions ['colcon_pkg']
[0.499s] Level 1:colcon.colcon_core.package_identification:_identify(src) by extension 'colcon_pkg'
[0.500s] Level 1:colcon.colcon_core.package_identification:_identify(src) by extensions ['colcon_meta']
[0.500s] Level 1:colcon.colcon_core.package_identification:_identify(src) by extension 'colcon_meta'
[0.500s] Level 1:colcon.colcon_core.package_identification:_identify(src) by extensions ['ros']
[0.500s] Level 1:colcon.colcon_core.package_identification:_identify(src) by extension 'ros'
[0.500s] Level 1:colcon.colcon_core.package_identification:_identify(src) by extensions ['cmake', 'python']
[0.500s] Level 1:colcon.colcon_core.package_identification:_identify(src) by extension 'cmake'
[0.500s] Level 1:colcon.colcon_core.package_identification:_identify(src) by extension 'python'
[0.500s] Level 1:colcon.colcon_core.package_identification:_identify(src) by extensions ['python_setup_py']
[0.500s] Level 1:colcon.colcon_core.package_identification:_identify(src) by extension 'python_setup_py'
[0.500s] Level 1:colcon.colcon_core.package_identification:_identify(src/controller) by extensions ['ignore', 'ignore_ament_install']
[0.501s] Level 1:colcon.colcon_core.package_identification:_identify(src/controller) by extension 'ignore'
[0.501s] Level 1:colcon.colcon_core.package_identification:_identify(src/controller) by extension 'ignore_ament_install'
[0.501s] Level 1:colcon.colcon_core.package_identification:_identify(src/controller) by extensions ['colcon_pkg']
[0.501s] Level 1:colcon.colcon_core.package_identification:_identify(src/controller) by extension 'colcon_pkg'
[0.501s] Level 1:colcon.colcon_core.package_identification:_identify(src/controller) by extensions ['colcon_meta']
[0.501s] Level 1:colcon.colcon_core.package_identification:_identify(src/controller) by extension 'colcon_meta'
[0.501s] Level 1:colcon.colcon_core.package_identification:_identify(src/controller) by extensions ['ros']
[0.501s] Level 1:colcon.colcon_core.package_identification:_identify(src/controller) by extension 'ros'
[0.506s] DEBUG:colcon.colcon_core.package_identification:Package 'src/controller' with type 'ros.ament_cmake' and name 'controller'
[0.506s] Level 1:colcon.colcon_core.package_identification:_identify(src/data_processor) by extensions ['ignore', 'ignore_ament_install']
[0.506s] Level 1:colcon.colcon_core.package_identification:_identify(src/data_processor) by extension 'ignore'
[0.506s] Level 1:colcon.colcon_core.package_identification:_identify(src/data_processor) by extension 'ignore_ament_install'
[0.507s] Level 1:colcon.colcon_core.package_identification:_identify(src/data_processor) by extensions ['colcon_pkg']
[0.507s] Level 1:colcon.colcon_core.package_identification:_identify(src/data_processor) by extension 'colcon_pkg'
[0.507s] Level 1:colcon.colcon_core.package_identification:_identify(src/data_processor) by extensions ['colcon_meta']
[0.507s] Level 1:colcon.colcon_core.package_identification:_identify(src/data_processor) by extension 'colcon_meta'
[0.507s] Level 1:colcon.colcon_core.package_identification:_identify(src/data_processor) by extensions ['ros']
[0.507s] Level 1:colcon.colcon_core.package_identification:_identify(src/data_processor) by extension 'ros'
[0.508s] DEBUG:colcon.colcon_core.package_identification:Package 'src/data_processor' with type 'ros.ament_cmake' and name 'data_processor'
[0.509s] Level 1:colcon.colcon_core.package_identification:_identify(src/onboard_pkg) by extensions ['ignore', 'ignore_ament_install']
[0.509s] Level 1:colcon.colcon_core.package_identification:_identify(src/onboard_pkg) by extension 'ignore'
[0.509s] Level 1:colcon.colcon_core.package_identification:_identify(src/onboard_pkg) by extension 'ignore_ament_install'
[0.509s] Level 1:colcon.colcon_core.package_identification:_identify(src/onboard_pkg) by extensions ['colcon_pkg']
[0.509s] Level 1:colcon.colcon_core.package_identification:_identify(src/onboard_pkg) by extension 'colcon_pkg'
[0.509s] Level 1:colcon.colcon_core.package_identification:_identify(src/onboard_pkg) by extensions ['colcon_meta']
[0.509s] Level 1:colcon.colcon_core.package_identification:_identify(src/onboard_pkg) by extension 'colcon_meta'
[0.509s] Level 1:colcon.colcon_core.package_identification:_identify(src/onboard_pkg) by extensions ['ros']
[0.509s] Level 1:colcon.colcon_core.package_identification:_identify(src/onboard_pkg) by extension 'ros'
[0.510s] DEBUG:colcon.colcon_core.package_identification:Package 'src/onboard_pkg' with type 'ros.ament_cmake' and name 'onboard_pkg'
[0.511s] Level 1:colcon.colcon_core.package_identification:_identify(src/rvr_msgs) by extensions ['ignore', 'ignore_ament_install']
[0.511s] Level 1:colcon.colcon_core.package_identification:_identify(src/rvr_msgs) by extension 'ignore'
[0.511s] Level 1:colcon.colcon_core.package_identification:_identify(src/rvr_msgs) by extension 'ignore_ament_install'
[0.511s] Level 1:colcon.colcon_core.package_identification:_identify(src/rvr_msgs) by extensions ['colcon_pkg']
[0.511s] Level 1:colcon.colcon_core.package_identification:_identify(src/rvr_msgs) by extension 'colcon_pkg'
[0.511s] Level 1:colcon.colcon_core.package_identification:_identify(src/rvr_msgs) by extensions ['colcon_meta']
[0.511s] Level 1:colcon.colcon_core.package_identification:_identify(src/rvr_msgs) by extension 'colcon_meta'
[0.511s] Level 1:colcon.colcon_core.package_identification:_identify(src/rvr_msgs) by extensions ['ros']
[0.512s] Level 1:colcon.colcon_core.package_identification:_identify(src/rvr_msgs) by extension 'ros'
[0.513s] DEBUG:colcon.colcon_core.package_identification:Package 'src/rvr_msgs' with type 'ros.ament_cmake' and name 'rvr_msgs'
[0.513s] Level 1:colcon.colcon_core.package_identification:_identify(src/visualization) by extensions ['ignore', 'ignore_ament_install']
[0.513s] Level 1:colcon.colcon_core.package_identification:_identify(src/visualization) by extension 'ignore'
[0.513s] Level 1:colcon.colcon_core.package_identification:_identify(src/visualization) by extension 'ignore_ament_install'
[0.513s] Level 1:colcon.colcon_core.package_identification:_identify(src/visualization) by extensions ['colcon_pkg']
[0.513s] Level 1:colcon.colcon_core.package_identification:_identify(src/visualization) by extension 'colcon_pkg'
[0.513s] Level 1:colcon.colcon_core.package_identification:_identify(src/visualization) by extensions ['colcon_meta']
[0.513s] Level 1:colcon.colcon_core.package_identification:_identify(src/visualization) by extension 'colcon_meta'
[0.513s] Level 1:colcon.colcon_core.package_identification:_identify(src/visualization) by extensions ['ros']
[0.513s] Level 1:colcon.colcon_core.package_identification:_identify(src/visualization) by extension 'ros'
[0.514s] DEBUG:colcon.colcon_core.package_identification:Package 'src/visualization' with type 'ros.ament_cmake' and name 'visualization'
[0.515s] Level 1:colcon.colcon_core.package_discovery:discover_packages(recursive) using defaults
[0.515s] Level 1:colcon.colcon_core.package_discovery:discover_packages(ignore) discover
[0.515s] Level 1:colcon.colcon_core.package_discovery:discover_packages(ignore) using defaults
[0.515s] Level 1:colcon.colcon_core.package_discovery:discover_packages(path) discover
[0.515s] Level 1:colcon.colcon_core.package_discovery:discover_packages(path) using defaults
[0.551s] Level 1:colcon.colcon_core.package_discovery:discover_packages(prefix_path) check parameters
[0.552s] Level 1:colcon.colcon_core.package_discovery:discover_packages(prefix_path) discover
[0.555s] DEBUG:colcon.colcon_installed_package_information.package_discovery:Found 5 installed packages in /home/mztejero/rvr_ros2_ws/install
[0.556s] DEBUG:colcon.colcon_installed_package_information.package_discovery:Found 2 installed packages in /home/mztejero/ros2_ws/install
[0.557s] DEBUG:colcon.colcon_installed_package_information.package_discovery:Found 3 installed packages in /home/mztejero/rover_ws/install
[0.559s] DEBUG:colcon.colcon_installed_package_information.package_discovery:Found 271 installed packages in /opt/ros/humble
[0.578s] Level 1:colcon.colcon_core.package_discovery:discover_packages(prefix_path) using defaults
[0.659s] Level 5:colcon.colcon_core.verb:set package 'data_processor' build argument 'cmake_args' from command line to 'None'
[0.660s] Level 5:colcon.colcon_core.verb:set package 'data_processor' build argument 'cmake_target' from command line to 'None'
[0.660s] Level 5:colcon.colcon_core.verb:set package 'data_processor' build argument 'cmake_target_skip_unavailable' from command line to 'False'
[0.660s] Level 5:colcon.colcon_core.verb:set package 'data_processor' build argument 'cmake_clean_cache' from command line to 'False'
[0.660s] Level 5:colcon.colcon_core.verb:set package 'data_processor' build argument 'cmake_clean_first' from command line to 'False'
[0.660s] Level 5:colcon.colcon_core.verb:set package 'data_processor' build argument 'cmake_force_configure' from command line to 'False'
[0.660s] Level 5:colcon.colcon_core.verb:set package 'data_processor' build argument 'ament_cmake_args' from command line to 'None'
[0.660s] Level 5:colcon.colcon_core.verb:set package 'data_processor' build argument 'catkin_cmake_args' from command line to 'None'
[0.660s] Level 5:colcon.colcon_core.verb:set package 'data_processor' build argument 'catkin_skip_building_tests' from command line to 'False'
[0.660s] DEBUG:colcon.colcon_core.verb:Building package 'data_processor' with the following arguments: {'ament_cmake_args': None, 'build_base': '/home/mztejero/rvr_ros2_ws/build/data_processor', 'catkin_cmake_args': None, 'catkin_skip_building_tests': False, 'cmake_args': None, 'cmake_clean_cache': False, 'cmake_clean_first': False, 'cmake_force_configure': False, 'cmake_target': None, 'cmake_target_skip_unavailable': False, 'install_base': '/home/mztejero/rvr_ros2_ws/install/data_processor', 'merge_install': False, 'path': '/home/mztejero/rvr_ros2_ws/src/data_processor', 'symlink_install': False, 'test_result_base': None}
[0.660s] Level 5:colcon.colcon_core.verb:set package 'rvr_msgs' build argument 'cmake_args' from command line to 'None'
[0.661s] Level 5:colcon.colcon_core.verb:set package 'rvr_msgs' build argument 'cmake_target' from command line to 'None'
[0.661s] Level 5:colcon.colcon_core.verb:set package 'rvr_msgs' build argument 'cmake_target_skip_unavailable' from command line to 'False'
[0.661s] Level 5:colcon.colcon_core.verb:set package 'rvr_msgs' build argument 'cmake_clean_cache' from command line to 'False'
[0.661s] Level 5:colcon.colcon_core.verb:set package 'rvr_msgs' build argument 'cmake_clean_first' from command line to 'False'
[0.661s] Level 5:colcon.colcon_core.verb:set package 'rvr_msgs' build argument 'cmake_force_configure' from command line to 'False'
[0.661s] Level 5:colcon.colcon_core.verb:set package 'rvr_msgs' build argument 'ament_cmake_args' from command line to 'None'
[0.661s] Level 5:colcon.colcon_core.verb:set package 'rvr_msgs' build argument 'catkin_cmake_args' from command line to 'None'
[0.661s] Level 5:colcon.colcon_core.verb:set package 'rvr_msgs' build argument 'catkin_skip_building_tests' from command line to 'False'
[0.661s] DEBUG:colcon.colcon_core.verb:Building package 'rvr_msgs' with the following arguments: {'ament_cmake_args': None, 'build_base': '/home/mztejero/rvr_ros2_ws/build/rvr_msgs', 'catkin_cmake_args': None, 'catkin_skip_building_tests': False, 'cmake_args': None, 'cmake_clean_cache': False, 'cmake_clean_first': False, 'cmake_force_configure': False, 'cmake_target': None, 'cmake_target_skip_unavailable': False, 'install_base': '/home/mztejero/rvr_ros2_ws/install/rvr_msgs', 'merge_install': False, 'path': '/home/mztejero/rvr_ros2_ws/src/rvr_msgs', 'symlink_install': False, 'test_result_base': None}
[0.662s] Level 5:colcon.colcon_core.verb:set package 'visualization' build argument 'cmake_args' from command line to 'None'
[0.662s] Level 5:colcon.colcon_core.verb:set package 'visualization' build argument 'cmake_target' from command line to 'None'
[0.662s] Level 5:colcon.colcon_core.verb:set package 'visualization' build argument 'cmake_target_skip_unavailable' from command line to 'False'
[0.662s] Level 5:colcon.colcon_core.verb:set package 'visualization' build argument 'cmake_clean_cache' from command line to 'False'
[0.662s] Level 5:colcon.colcon_core.verb:set package 'visualization' build argument 'cmake_clean_first' from command line to 'False'
[0.662s] Level 5:colcon.colcon_core.verb:set package 'visualization' build argument 'cmake_force_configure' from command line to 'False'
[0.662s] Level 5:colcon.colcon_core.verb:set package 'visualization' build argument 'ament_cmake_args' from command line to 'None'
[0.662s] Level 5:colcon.colcon_core.verb:set package 'visualization' build argument 'catkin_cmake_args' from command line to 'None'
[0.662s] Level 5:colcon.colcon_core.verb:set package 'visualization' build argument 'catkin_skip_building_tests' from command line to 'False'
[0.662s] DEBUG:colcon.colcon_core.verb:Building package 'visualization' with the following arguments: {'ament_cmake_args': None, 'build_base': '/home/mztejero/rvr_ros2_ws/build/visualization', 'catkin_cmake_args': None, 'catkin_skip_building_tests': False, 'cmake_args': None, 'cmake_clean_cache': False, 'cmake_clean_first': False, 'cmake_force_configure': False, 'cmake_target': None, 'cmake_target_skip_unavailable': False, 'install_base': '/home/mztejero/rvr_ros2_ws/install/visualization', 'merge_install': False, 'path': '/home/mztejero/rvr_ros2_ws/src/visualization', 'symlink_install': False, 'test_result_base': None}
[0.663s] Level 5:colcon.colcon_core.verb:set package 'controller' build argument 'cmake_args' from command line to 'None'
[0.663s] Level 5:colcon.colcon_core.verb:set package 'controller' build argument 'cmake_target' from command line to 'None'
[0.663s] Level 5:colcon.colcon_core.verb:set package 'controller' build argument 'cmake_target_skip_unavailable' from command line to 'False'
[0.663s] Level 5:colcon.colcon_core.verb:set package 'controller' build argument 'cmake_clean_cache' from command line to 'False'
[0.663s] Level 5:colcon.colcon_core.verb:set package 'controller' build argument 'cmake_clean_first' from command line to 'False'
[0.663s] Level 5:colcon.colcon_core.verb:set package 'controller' build argument 'cmake_force_configure' from command line to 'False'
[0.664s] Level 5:colcon.colcon_core.verb:set package 'controller' build argument 'ament_cmake_args' from command line to 'None'
[0.664s] Level 5:colcon.colcon_core.verb:set package 'controller' build argument 'catkin_cmake_args' from command line to 'None'
[0.664s] Level 5:colcon.colcon_core.verb:set package 'controller' build argument 'catkin_skip_building_tests' from command line to 'False'
[0.664s] DEBUG:colcon.colcon_core.verb:Building package 'controller' with the following arguments: {'ament_cmake_args': None, 'build_base': '/home/mztejero/rvr_ros2_ws/build/controller', 'catkin_cmake_args': None, 'catkin_skip_building_tests': False, 'cmake_args': None, 'cmake_clean_cache': False, 'cmake_clean_first': False, 'cmake_force_configure': False, 'cmake_target': None, 'cmake_target_skip_unavailable': False, 'install_base': '/home/mztejero/rvr_ros2_ws/install/controller', 'merge_install': False, 'path': '/home/mztejero/rvr_ros2_ws/src/controller', 'symlink_install': False, 'test_result_base': None}
[0.664s] Level 5:colcon.colcon_core.verb:set package 'onboard_pkg' build argument 'cmake_args' from command line to 'None'
[0.665s] Level 5:colcon.colcon_core.verb:set package 'onboard_pkg' build argument 'cmake_target' from command line to 'None'
[0.665s] Level 5:colcon.colcon_core.verb:set package 'onboard_pkg' build argument 'cmake_target_skip_unavailable' from command line to 'False'
[0.665s] Level 5:colcon.colcon_core.verb:set package 'onboard_pkg' build argument 'cmake_clean_cache' from command line to 'False'
[0.665s] Level 5:colcon.colcon_core.verb:set package 'onboard_pkg' build argument 'cmake_clean_first' from command line to 'False'
[0.665s] Level 5:colcon.colcon_core.verb:set package 'onboard_pkg' build argument 'cmake_force_configure' from command line to 'False'
[0.665s] Level 5:colcon.colcon_core.verb:set package 'onboard_pkg' build argument 'ament_cmake_args' from command line to 'None'
[0.665s] Level 5:colcon.colcon_core.verb:set package 'onboard_pkg' build argument 'catkin_cmake_args' from command line to 'None'
[0.665s] Level 5:colcon.colcon_core.verb:set package 'onboard_pkg' build argument 'catkin_skip_building_tests' from command line to 'False'
[0.665s] DEBUG:colcon.colcon_core.verb:Building package 'onboard_pkg' with the following arguments: {'ament_cmake_args': None, 'build_base': '/home/mztejero/rvr_ros2_ws/build/onboard_pkg', 'catkin_cmake_args': None, 'catkin_skip_building_tests': False, 'cmake_args': None, 'cmake_clean_cache': False, 'cmake_clean_first': False, 'cmake_force_configure': False, 'cmake_target': None, 'cmake_target_skip_unavailable': False, 'install_base': '/home/mztejero/rvr_ros2_ws/install/onboard_pkg', 'merge_install': False, 'path': '/home/mztejero/rvr_ros2_ws/src/onboard_pkg', 'symlink_install': False, 'test_result_base': None}
[0.665s] INFO:colcon.colcon_core.executor:Executing jobs using 'parallel' executor
[0.667s] DEBUG:colcon.colcon_parallel_executor.executor.parallel:run_until_complete
[0.669s] INFO:colcon.colcon_ros.task.ament_cmake.build:Building ROS package in '/home/mztejero/rvr_ros2_ws/src/rvr_msgs' with build type 'ament_cmake'
[0.671s] INFO:colcon.colcon_cmake.task.cmake.build:Building CMake package in '/home/mztejero/rvr_ros2_ws/src/rvr_msgs'
[0.677s] INFO:colcon.colcon_core.plugin_system:Skipping extension 'colcon_core.shell.bat': Not used on non-Windows systems
[0.677s] INFO:colcon.colcon_core.shell:Skip shell extension 'powershell' for command environment: Not usable outside of PowerShell
[0.677s] DEBUG:colcon.colcon_core.shell:Skip shell extension 'dsv' for command environment
[0.696s] INFO:colcon.colcon_ros.task.ament_cmake.build:Building ROS package in '/home/mztejero/rvr_ros2_ws/src/data_processor' with build type 'ament_cmake'
[0.697s] INFO:colcon.colcon_cmake.task.cmake.build:Building CMake package in '/home/mztejero/rvr_ros2_ws/src/data_processor'
[0.698s] INFO:colcon.colcon_core.shell:Skip shell extension 'powershell' for command environment: Not usable outside of PowerShell
[0.698s] DEBUG:colcon.colcon_core.shell:Skip shell extension 'dsv' for command environment
[0.726s] INFO:colcon.colcon_ros.task.ament_cmake.build:Building ROS package in '/home/mztejero/rvr_ros2_ws/src/visualization' with build type 'ament_cmake'
[0.729s] INFO:colcon.colcon_cmake.task.cmake.build:Building CMake package in '/home/mztejero/rvr_ros2_ws/src/visualization'
[0.730s] INFO:colcon.colcon_core.shell:Skip shell extension 'powershell' for command environment: Not usable outside of PowerShell
[0.731s] DEBUG:colcon.colcon_core.shell:Skip shell extension 'dsv' for command environment
[0.775s] DEBUG:colcon.colcon_core.event_handler.log_command:Invoking command in '/home/mztejero/rvr_ros2_ws/build/rvr_msgs': CMAKE_PREFIX_PATH=${CMAKE_PREFIX_PATH}:/home/mztejero/rover_ws/install/hardware_interface:/opt/ros/humble /usr/bin/cmake --build /home/mztejero/rvr_ros2_ws/build/rvr_msgs -- -j4 -l4
[0.825s] DEBUG:colcon.colcon_core.event_handler.log_command:Invoking command in '/home/mztejero/rvr_ros2_ws/build/data_processor': CMAKE_PREFIX_PATH=${CMAKE_PREFIX_PATH}:/home/mztejero/rover_ws/install/hardware_interface:/opt/ros/humble /usr/bin/cmake --build /home/mztejero/rvr_ros2_ws/build/data_processor -- -j4 -l4
[0.852s] DEBUG:colcon.colcon_core.event_handler.log_command:Invoking command in '/home/mztejero/rvr_ros2_ws/build/visualization': CMAKE_PREFIX_PATH=${CMAKE_PREFIX_PATH}:/home/mztejero/rover_ws/install/hardware_interface:/opt/ros/humble /usr/bin/cmake --build /home/mztejero/rvr_ros2_ws/build/visualization -- -j4 -l4
[1.007s] DEBUG:colcon.colcon_core.event_handler.log_command:Invoked command in '/home/mztejero/rvr_ros2_ws/build/data_processor' returned '0': CMAKE_PREFIX_PATH=${CMAKE_PREFIX_PATH}:/home/mztejero/rover_ws/install/hardware_interface:/opt/ros/humble /usr/bin/cmake --build /home/mztejero/rvr_ros2_ws/build/data_processor -- -j4 -l4
[1.061s] DEBUG:colcon.colcon_core.event_handler.log_command:Invoking command in '/home/mztejero/rvr_ros2_ws/build/data_processor': CMAKE_PREFIX_PATH=${CMAKE_PREFIX_PATH}:/home/mztejero/rover_ws/install/hardware_interface:/opt/ros/humble /usr/bin/cmake --install /home/mztejero/rvr_ros2_ws/build/data_processor
[1.077s] DEBUG:colcon.colcon_core.event_handler.log_command:Invoked command in '/home/mztejero/rvr_ros2_ws/build/visualization' returned '0': CMAKE_PREFIX_PATH=${CMAKE_PREFIX_PATH}:/home/mztejero/rover_ws/install/hardware_interface:/opt/ros/humble /usr/bin/cmake --build /home/mztejero/rvr_ros2_ws/build/visualization -- -j4 -l4
[1.083s] DEBUG:colcon.colcon_core.event_handler.log_command:Invoking command in '/home/mztejero/rvr_ros2_ws/build/visualization': CMAKE_PREFIX_PATH=${CMAKE_PREFIX_PATH}:/home/mztejero/rover_ws/install/hardware_interface:/opt/ros/humble /usr/bin/cmake --install /home/mztejero/rvr_ros2_ws/build/visualization
[1.169s] Level 1:colcon.colcon_core.environment:create_environment_scripts_only(visualization)
[1.184s] DEBUG:colcon.colcon_core.event_handler.log_command:Invoked command in '/home/mztejero/rvr_ros2_ws/build/visualization' returned '0': CMAKE_PREFIX_PATH=${CMAKE_PREFIX_PATH}:/home/mztejero/rover_ws/install/hardware_interface:/opt/ros/humble /usr/bin/cmake --install /home/mztejero/rvr_ros2_ws/build/visualization
[1.205s] Level 1:colcon.colcon_core.environment:checking '/home/mztejero/rvr_ros2_ws/install/visualization' for CMake module files
[1.208s] Level 1:colcon.colcon_core.environment:checking '/home/mztejero/rvr_ros2_ws/install/visualization' for CMake config files
[1.208s] Level 1:colcon.colcon_core.shell:create_environment_hook('visualization', 'cmake_prefix_path')
[1.212s] INFO:colcon.colcon_core.shell:Creating environment hook '/home/mztejero/rvr_ros2_ws/install/visualization/share/visualization/hook/cmake_prefix_path.ps1'
[1.214s] INFO:colcon.colcon_core.shell:Creating environment descriptor '/home/mztejero/rvr_ros2_ws/install/visualization/share/visualization/hook/cmake_prefix_path.dsv'
[1.215s] INFO:colcon.colcon_core.shell:Creating environment hook '/home/mztejero/rvr_ros2_ws/install/visualization/share/visualization/hook/cmake_prefix_path.sh'
[1.223s] Level 1:colcon.colcon_core.environment:checking '/home/mztejero/rvr_ros2_ws/install/visualization/bin'
[1.223s] Level 1:colcon.colcon_core.environment:checking '/home/mztejero/rvr_ros2_ws/install/visualization/lib/pkgconfig/visualization.pc'
[1.223s] Level 1:colcon.colcon_core.environment:checking '/home/mztejero/rvr_ros2_ws/install/visualization/lib/python3.10/site-packages'
[1.224s] Level 1:colcon.colcon_core.environment:checking '/home/mztejero/rvr_ros2_ws/install/visualization/bin'
[1.225s] INFO:colcon.colcon_core.shell:Creating package script '/home/mztejero/rvr_ros2_ws/install/visualization/share/visualization/package.ps1'
[1.227s] INFO:colcon.colcon_core.shell:Creating package descriptor '/home/mztejero/rvr_ros2_ws/install/visualization/share/visualization/package.dsv'
[1.229s] INFO:colcon.colcon_core.shell:Creating package script '/home/mztejero/rvr_ros2_ws/install/visualization/share/visualization/package.sh'
[1.232s] INFO:colcon.colcon_core.shell:Creating package script '/home/mztejero/rvr_ros2_ws/install/visualization/share/visualization/package.bash'
[1.234s] INFO:colcon.colcon_core.shell:Creating package script '/home/mztejero/rvr_ros2_ws/install/visualization/share/visualization/package.zsh'
[1.237s] Level 1:colcon.colcon_core.environment:create_file_with_runtime_dependencies(/home/mztejero/rvr_ros2_ws/install/visualization/share/colcon-core/packages/visualization)
[1.238s] Level 1:colcon.colcon_core.environment:create_environment_scripts_only(visualization)
[1.240s] Level 1:colcon.colcon_core.environment:checking '/home/mztejero/rvr_ros2_ws/install/visualization' for CMake module files
[1.242s] Level 1:colcon.colcon_core.environment:checking '/home/mztejero/rvr_ros2_ws/install/visualization' for CMake config files
[1.246s] Level 1:colcon.colcon_core.shell:create_environment_hook('visualization', 'cmake_prefix_path')
[1.246s] INFO:colcon.colcon_core.shell:Creating environment hook '/home/mztejero/rvr_ros2_ws/install/visualization/share/visualization/hook/cmake_prefix_path.ps1'
[1.251s] INFO:colcon.colcon_core.shell:Creating environment descriptor '/home/mztejero/rvr_ros2_ws/install/visualization/share/visualization/hook/cmake_prefix_path.dsv'
[1.252s] INFO:colcon.colcon_core.shell:Creating environment hook '/home/mztejero/rvr_ros2_ws/install/visualization/share/visualization/hook/cmake_prefix_path.sh'
[1.270s] Level 1:colcon.colcon_core.environment:checking '/home/mztejero/rvr_ros2_ws/install/visualization/bin'
[1.270s] Level 1:colcon.colcon_core.environment:checking '/home/mztejero/rvr_ros2_ws/install/visualization/lib/pkgconfig/visualization.pc'
[1.271s] Level 1:colcon.colcon_core.environment:checking '/home/mztejero/rvr_ros2_ws/install/visualization/lib/python3.10/site-packages'
[1.272s] Level 1:colcon.colcon_core.environment:checking '/home/mztejero/rvr_ros2_ws/install/visualization/bin'
[1.273s] INFO:colcon.colcon_core.shell:Creating package script '/home/mztejero/rvr_ros2_ws/install/visualization/share/visualization/package.ps1'
[1.276s] INFO:colcon.colcon_core.shell:Creating package descriptor '/home/mztejero/rvr_ros2_ws/install/visualization/share/visualization/package.dsv'
[1.279s] INFO:colcon.colcon_core.shell:Creating package script '/home/mztejero/rvr_ros2_ws/install/visualization/share/visualization/package.sh'
[1.281s] INFO:colcon.colcon_core.shell:Creating package script '/home/mztejero/rvr_ros2_ws/install/visualization/share/visualization/package.bash'
[1.288s] INFO:colcon.colcon_core.shell:Creating package script '/home/mztejero/rvr_ros2_ws/install/visualization/share/visualization/package.zsh'
[1.297s] Level 1:colcon.colcon_core.environment:create_file_with_runtime_dependencies(/home/mztejero/rvr_ros2_ws/install/visualization/share/colcon-core/packages/visualization)
[1.310s] Level 1:colcon.colcon_core.environment:create_environment_scripts_only(data_processor)
[1.311s] Level 1:colcon.colcon_core.environment:checking '/home/mztejero/rvr_ros2_ws/install/data_processor' for CMake module files
[1.312s] Level 1:colcon.colcon_core.environment:checking '/home/mztejero/rvr_ros2_ws/install/data_processor' for CMake config files
[1.312s] Level 1:colcon.colcon_core.shell:create_environment_hook('data_processor', 'cmake_prefix_path')
[1.314s] INFO:colcon.colcon_core.shell:Creating environment hook '/home/mztejero/rvr_ros2_ws/install/data_processor/share/data_processor/hook/cmake_prefix_path.ps1'
[1.317s] DEBUG:colcon.colcon_core.event_handler.log_command:Invoked command in '/home/mztejero/rvr_ros2_ws/build/data_processor' returned '0': CMAKE_PREFIX_PATH=${CMAKE_PREFIX_PATH}:/home/mztejero/rover_ws/install/hardware_interface:/opt/ros/humble /usr/bin/cmake --install /home/mztejero/rvr_ros2_ws/build/data_processor
[1.321s] INFO:colcon.colcon_core.shell:Creating environment descriptor '/home/mztejero/rvr_ros2_ws/install/data_processor/share/data_processor/hook/cmake_prefix_path.dsv'
[1.332s] INFO:colcon.colcon_core.shell:Creating environment hook '/home/mztejero/rvr_ros2_ws/install/data_processor/share/data_processor/hook/cmake_prefix_path.sh'
[1.334s] Level 1:colcon.colcon_core.environment:checking '/home/mztejero/rvr_ros2_ws/install/data_processor/bin'
[1.334s] Level 1:colcon.colcon_core.environment:checking '/home/mztejero/rvr_ros2_ws/install/data_processor/lib/pkgconfig/data_processor.pc'
[1.335s] Level 1:colcon.colcon_core.environment:checking '/home/mztejero/rvr_ros2_ws/install/data_processor/lib/python3.10/site-packages'
[1.336s] Level 1:colcon.colcon_core.environment:checking '/home/mztejero/rvr_ros2_ws/install/data_processor/bin'
[1.336s] INFO:colcon.colcon_core.shell:Creating package script '/home/mztejero/rvr_ros2_ws/install/data_processor/share/data_processor/package.ps1'
[1.337s] INFO:colcon.colcon_core.shell:Creating package descriptor '/home/mztejero/rvr_ros2_ws/install/data_processor/share/data_processor/package.dsv'
[1.341s] INFO:colcon.colcon_core.shell:Creating package script '/home/mztejero/rvr_ros2_ws/install/data_processor/share/data_processor/package.sh'
[1.342s] INFO:colcon.colcon_core.shell:Creating package script '/home/mztejero/rvr_ros2_ws/install/data_processor/share/data_processor/package.bash'
[1.346s] INFO:colcon.colcon_core.shell:Creating package script '/home/mztejero/rvr_ros2_ws/install/data_processor/share/data_processor/package.zsh'
[1.350s] Level 1:colcon.colcon_core.environment:create_file_with_runtime_dependencies(/home/mztejero/rvr_ros2_ws/install/data_processor/share/colcon-core/packages/data_processor)
[1.355s] Level 1:colcon.colcon_core.environment:create_environment_scripts_only(data_processor)
[1.355s] Level 1:colcon.colcon_core.environment:checking '/home/mztejero/rvr_ros2_ws/install/data_processor' for CMake module files
[1.357s] Level 1:colcon.colcon_core.environment:checking '/home/mztejero/rvr_ros2_ws/install/data_processor' for CMake config files
[1.358s] Level 1:colcon.colcon_core.shell:create_environment_hook('data_processor', 'cmake_prefix_path')
[1.359s] INFO:colcon.colcon_core.shell:Creating environment hook '/home/mztejero/rvr_ros2_ws/install/data_processor/share/data_processor/hook/cmake_prefix_path.ps1'
[1.361s] INFO:colcon.colcon_core.shell:Creating environment descriptor '/home/mztejero/rvr_ros2_ws/install/data_processor/share/data_processor/hook/cmake_prefix_path.dsv'
[1.364s] INFO:colcon.colcon_core.shell:Creating environment hook '/home/mztejero/rvr_ros2_ws/install/data_processor/share/data_processor/hook/cmake_prefix_path.sh'
[1.367s] Level 1:colcon.colcon_core.environment:checking '/home/mztejero/rvr_ros2_ws/install/data_processor/bin'
[1.368s] Level 1:colcon.colcon_core.environment:checking '/home/mztejero/rvr_ros2_ws/install/data_processor/lib/pkgconfig/data_processor.pc'
[1.368s] Level 1:colcon.colcon_core.environment:checking '/home/mztejero/rvr_ros2_ws/install/data_processor/lib/python3.10/site-packages'
[1.369s] Level 1:colcon.colcon_core.environment:checking '/home/mztejero/rvr_ros2_ws/install/data_processor/bin'
[1.370s] INFO:colcon.colcon_core.shell:Creating package script '/home/mztejero/rvr_ros2_ws/install/data_processor/share/data_processor/package.ps1'
[1.382s] INFO:colcon.colcon_core.shell:Creating package descriptor '/home/mztejero/rvr_ros2_ws/install/data_processor/share/data_processor/package.dsv'
[1.395s] INFO:colcon.colcon_core.shell:Creating package script '/home/mztejero/rvr_ros2_ws/install/data_processor/share/data_processor/package.sh'
[1.401s] INFO:colcon.colcon_core.shell:Creating package script '/home/mztejero/rvr_ros2_ws/install/data_processor/share/data_processor/package.bash'
[1.405s] INFO:colcon.colcon_core.shell:Creating package script '/home/mztejero/rvr_ros2_ws/install/data_processor/share/data_processor/package.zsh'
[1.407s] Level 1:colcon.colcon_core.environment:create_file_with_runtime_dependencies(/home/mztejero/rvr_ros2_ws/install/data_processor/share/colcon-core/packages/data_processor)
[2.004s] DEBUG:colcon.colcon_core.event_handler.log_command:Invoked command in '/home/mztejero/rvr_ros2_ws/build/rvr_msgs' returned '0': CMAKE_PREFIX_PATH=${CMAKE_PREFIX_PATH}:/home/mztejero/rover_ws/install/hardware_interface:/opt/ros/humble /usr/bin/cmake --build /home/mztejero/rvr_ros2_ws/build/rvr_msgs -- -j4 -l4
[2.011s] DEBUG:colcon.colcon_core.event_handler.log_command:Invoking command in '/home/mztejero/rvr_ros2_ws/build/rvr_msgs': CMAKE_PREFIX_PATH=${CMAKE_PREFIX_PATH}:/home/mztejero/rover_ws/install/hardware_interface:/opt/ros/humble /usr/bin/cmake --install /home/mztejero/rvr_ros2_ws/build/rvr_msgs
[2.156s] Level 1:colcon.colcon_core.environment:create_environment_scripts_only(rvr_msgs)
[2.158s] Level 1:colcon.colcon_core.environment:checking '/home/mztejero/rvr_ros2_ws/install/rvr_msgs' for CMake module files
[2.164s] Level 1:colcon.colcon_core.environment:checking '/home/mztejero/rvr_ros2_ws/install/rvr_msgs' for CMake config files
[2.169s] DEBUG:colcon.colcon_core.event_handler.log_command:Invoked command in '/home/mztejero/rvr_ros2_ws/build/rvr_msgs' returned '0': CMAKE_PREFIX_PATH=${CMAKE_PREFIX_PATH}:/home/mztejero/rover_ws/install/hardware_interface:/opt/ros/humble /usr/bin/cmake --install /home/mztejero/rvr_ros2_ws/build/rvr_msgs
[2.170s] Level 1:colcon.colcon_core.shell:create_environment_hook('rvr_msgs', 'cmake_prefix_path')
[2.171s] INFO:colcon.colcon_core.shell:Creating environment hook '/home/mztejero/rvr_ros2_ws/install/rvr_msgs/share/rvr_msgs/hook/cmake_prefix_path.ps1'
[2.172s] INFO:colcon.colcon_core.shell:Creating environment descriptor '/home/mztejero/rvr_ros2_ws/install/rvr_msgs/share/rvr_msgs/hook/cmake_prefix_path.dsv'
[2.176s] INFO:colcon.colcon_core.shell:Creating environment hook '/home/mztejero/rvr_ros2_ws/install/rvr_msgs/share/rvr_msgs/hook/cmake_prefix_path.sh'
[2.177s] Level 1:colcon.colcon_core.environment:checking '/home/mztejero/rvr_ros2_ws/install/rvr_msgs/lib'
[2.178s] Level 1:colcon.colcon_core.shell:create_environment_hook('rvr_msgs', 'ld_library_path_lib')
[2.178s] INFO:colcon.colcon_core.shell:Creating environment hook '/home/mztejero/rvr_ros2_ws/install/rvr_msgs/share/rvr_msgs/hook/ld_library_path_lib.ps1'
[2.179s] INFO:colcon.colcon_core.shell:Creating environment descriptor '/home/mztejero/rvr_ros2_ws/install/rvr_msgs/share/rvr_msgs/hook/ld_library_path_lib.dsv'
[2.181s] INFO:colcon.colcon_core.shell:Creating environment hook '/home/mztejero/rvr_ros2_ws/install/rvr_msgs/share/rvr_msgs/hook/ld_library_path_lib.sh'
[2.182s] Level 1:colcon.colcon_core.environment:checking '/home/mztejero/rvr_ros2_ws/install/rvr_msgs/bin'
[2.182s] Level 1:colcon.colcon_core.environment:checking '/home/mztejero/rvr_ros2_ws/install/rvr_msgs/lib/pkgconfig/rvr_msgs.pc'
[2.183s] Level 1:colcon.colcon_core.environment:checking '/home/mztejero/rvr_ros2_ws/install/rvr_msgs/lib/python3.10/site-packages'
[2.183s] Level 1:colcon.colcon_core.environment:checking '/home/mztejero/rvr_ros2_ws/install/rvr_msgs/bin'
[2.184s] INFO:colcon.colcon_core.shell:Creating package script '/home/mztejero/rvr_ros2_ws/install/rvr_msgs/share/rvr_msgs/package.ps1'
[2.185s] INFO:colcon.colcon_core.shell:Creating package descriptor '/home/mztejero/rvr_ros2_ws/install/rvr_msgs/share/rvr_msgs/package.dsv'
[2.186s] INFO:colcon.colcon_core.shell:Creating package script '/home/mztejero/rvr_ros2_ws/install/rvr_msgs/share/rvr_msgs/package.sh'
[2.188s] INFO:colcon.colcon_core.shell:Creating package script '/home/mztejero/rvr_ros2_ws/install/rvr_msgs/share/rvr_msgs/package.bash'
[2.189s] INFO:colcon.colcon_core.shell:Creating package script '/home/mztejero/rvr_ros2_ws/install/rvr_msgs/share/rvr_msgs/package.zsh'
[2.190s] Level 1:colcon.colcon_core.environment:create_file_with_runtime_dependencies(/home/mztejero/rvr_ros2_ws/install/rvr_msgs/share/colcon-core/packages/rvr_msgs)
[2.192s] Level 1:colcon.colcon_core.environment:create_environment_scripts_only(rvr_msgs)
[2.193s] Level 1:colcon.colcon_core.environment:checking '/home/mztejero/rvr_ros2_ws/install/rvr_msgs' for CMake module files
[2.194s] Level 1:colcon.colcon_core.environment:checking '/home/mztejero/rvr_ros2_ws/install/rvr_msgs' for CMake config files
[2.195s] Level 1:colcon.colcon_core.shell:create_environment_hook('rvr_msgs', 'cmake_prefix_path')
[2.195s] INFO:colcon.colcon_core.shell:Creating environment hook '/home/mztejero/rvr_ros2_ws/install/rvr_msgs/share/rvr_msgs/hook/cmake_prefix_path.ps1'
[2.199s] INFO:colcon.colcon_core.shell:Creating environment descriptor '/home/mztejero/rvr_ros2_ws/install/rvr_msgs/share/rvr_msgs/hook/cmake_prefix_path.dsv'
[2.200s] INFO:colcon.colcon_core.shell:Creating environment hook '/home/mztejero/rvr_ros2_ws/install/rvr_msgs/share/rvr_msgs/hook/cmake_prefix_path.sh'
[2.202s] Level 1:colcon.colcon_core.environment:checking '/home/mztejero/rvr_ros2_ws/install/rvr_msgs/lib'
[2.203s] Level 1:colcon.colcon_core.shell:create_environment_hook('rvr_msgs', 'ld_library_path_lib')
[2.203s] INFO:colcon.colcon_core.shell:Creating environment hook '/home/mztejero/rvr_ros2_ws/install/rvr_msgs/share/rvr_msgs/hook/ld_library_path_lib.ps1'
[2.204s] INFO:colcon.colcon_core.shell:Creating environment descriptor '/home/mztejero/rvr_ros2_ws/install/rvr_msgs/share/rvr_msgs/hook/ld_library_path_lib.dsv'
[2.205s] INFO:colcon.colcon_core.shell:Creating environment hook '/home/mztejero/rvr_ros2_ws/install/rvr_msgs/share/rvr_msgs/hook/ld_library_path_lib.sh'
[2.206s] Level 1:colcon.colcon_core.environment:checking '/home/mztejero/rvr_ros2_ws/install/rvr_msgs/bin'
[2.207s] Level 1:colcon.colcon_core.environment:checking '/home/mztejero/rvr_ros2_ws/install/rvr_msgs/lib/pkgconfig/rvr_msgs.pc'
[2.207s] Level 1:colcon.colcon_core.environment:checking '/home/mztejero/rvr_ros2_ws/install/rvr_msgs/lib/python3.10/site-packages'
[2.207s] Level 1:colcon.colcon_core.environment:checking '/home/mztejero/rvr_ros2_ws/install/rvr_msgs/bin'
[2.209s] INFO:colcon.colcon_core.shell:Creating package script '/home/mztejero/rvr_ros2_ws/install/rvr_msgs/share/rvr_msgs/package.ps1'
[2.210s] INFO:colcon.colcon_core.shell:Creating package descriptor '/home/mztejero/rvr_ros2_ws/install/rvr_msgs/share/rvr_msgs/package.dsv'
[2.211s] INFO:colcon.colcon_core.shell:Creating package script '/home/mztejero/rvr_ros2_ws/install/rvr_msgs/share/rvr_msgs/package.sh'
[2.213s] INFO:colcon.colcon_core.shell:Creating package script '/home/mztejero/rvr_ros2_ws/install/rvr_msgs/share/rvr_msgs/package.bash'
[2.214s] INFO:colcon.colcon_core.shell:Creating package script '/home/mztejero/rvr_ros2_ws/install/rvr_msgs/share/rvr_msgs/package.zsh'
[2.216s] Level 1:colcon.colcon_core.environment:create_file_with_runtime_dependencies(/home/mztejero/rvr_ros2_ws/install/rvr_msgs/share/colcon-core/packages/rvr_msgs)
[2.219s] INFO:colcon.colcon_ros.task.ament_cmake.build:Building ROS package in '/home/mztejero/rvr_ros2_ws/src/controller' with build type 'ament_cmake'
[2.222s] INFO:colcon.colcon_cmake.task.cmake.build:Building CMake package in '/home/mztejero/rvr_ros2_ws/src/controller'
[2.223s] INFO:colcon.colcon_core.shell:Skip shell extension 'powershell' for command environment: Not usable outside of PowerShell
[2.223s] DEBUG:colcon.colcon_core.shell:Skip shell extension 'dsv' for command environment
[2.240s] INFO:colcon.colcon_ros.task.ament_cmake.build:Building ROS package in '/home/mztejero/rvr_ros2_ws/src/onboard_pkg' with build type 'ament_cmake'
[2.240s] INFO:colcon.colcon_cmake.task.cmake.build:Building CMake package in '/home/mztejero/rvr_ros2_ws/src/onboard_pkg'
[2.241s] INFO:colcon.colcon_core.shell:Skip shell extension 'powershell' for command environment: Not usable outside of PowerShell
[2.242s] DEBUG:colcon.colcon_core.shell:Skip shell extension 'dsv' for command environment
[2.308s] DEBUG:colcon.colcon_core.event_handler.log_command:Invoking command in '/home/mztejero/rvr_ros2_ws/build/controller': CMAKE_PREFIX_PATH=/home/mztejero/rvr_ros2_ws/install/rvr_msgs:/home/mztejero/rvr_ros2_ws/install/visualization:/home/mztejero/rvr_ros2_ws/install/onboard_pkg:/home/mztejero/rvr_ros2_ws/install/controller:/home/mztejero/rvr_ros2_ws/install/data_processor:/home/mztejero/ros2_ws/install/cpp_pubsub:/home/mztejero/ros2_ws/install/rover_msg:/home/mztejero/rover_ws/install/rvr_launch:/home/mztejero/rover_ws/install/msg_types:/home/mztejero/rover_ws/install/hardware_interface:/opt/ros/humble /usr/bin/cmake --build /home/mztejero/rvr_ros2_ws/build/controller -- -j4 -l4
[2.325s] DEBUG:colcon.colcon_core.event_handler.log_command:Invoking command in '/home/mztejero/rvr_ros2_ws/build/onboard_pkg': CMAKE_PREFIX_PATH=/home/mztejero/rvr_ros2_ws/install/rvr_msgs:/home/mztejero/rvr_ros2_ws/install/visualization:/home/mztejero/rvr_ros2_ws/install/onboard_pkg:/home/mztejero/rvr_ros2_ws/install/controller:/home/mztejero/rvr_ros2_ws/install/data_processor:/home/mztejero/ros2_ws/install/cpp_pubsub:/home/mztejero/ros2_ws/install/rover_msg:/home/mztejero/rover_ws/install/rvr_launch:/home/mztejero/rover_ws/install/msg_types:/home/mztejero/rover_ws/install/hardware_interface:/opt/ros/humble /usr/bin/cmake --build /home/mztejero/rvr_ros2_ws/build/onboard_pkg -- -j4 -l4
[2.542s] DEBUG:colcon.colcon_core.event_handler.log_command:Invoked command in '/home/mztejero/rvr_ros2_ws/build/onboard_pkg' returned '0': CMAKE_PREFIX_PATH=/home/mztejero/rvr_ros2_ws/install/rvr_msgs:/home/mztejero/rvr_ros2_ws/install/visualization:/home/mztejero/rvr_ros2_ws/install/onboard_pkg:/home/mztejero/rvr_ros2_ws/install/controller:/home/mztejero/rvr_ros2_ws/install/data_processor:/home/mztejero/ros2_ws/install/cpp_pubsub:/home/mztejero/ros2_ws/install/rover_msg:/home/mztejero/rover_ws/install/rvr_launch:/home/mztejero/rover_ws/install/msg_types:/home/mztejero/rover_ws/install/hardware_interface:/opt/ros/humble /usr/bin/cmake --build /home/mztejero/rvr_ros2_ws/build/onboard_pkg -- -j4 -l4
[2.544s] DEBUG:colcon.colcon_core.event_handler.log_command:Invoking command in '/home/mztejero/rvr_ros2_ws/build/onboard_pkg': CMAKE_PREFIX_PATH=/home/mztejero/rvr_ros2_ws/install/rvr_msgs:/home/mztejero/rvr_ros2_ws/install/visualization:/home/mztejero/rvr_ros2_ws/install/onboard_pkg:/home/mztejero/rvr_ros2_ws/install/controller:/home/mztejero/rvr_ros2_ws/install/data_processor:/home/mztejero/ros2_ws/install/cpp_pubsub:/home/mztejero/ros2_ws/install/rover_msg:/home/mztejero/rover_ws/install/rvr_launch:/home/mztejero/rover_ws/install/msg_types:/home/mztejero/rover_ws/install/hardware_interface:/opt/ros/humble /usr/bin/cmake --install /home/mztejero/rvr_ros2_ws/build/onboard_pkg
[2.569s] Level 1:colcon.colcon_core.environment:create_environment_scripts_only(onboard_pkg)
[2.569s] Level 1:colcon.colcon_core.environment:checking '/home/mztejero/rvr_ros2_ws/install/onboard_pkg' for CMake module files
[2.570s] Level 1:colcon.colcon_core.environment:checking '/home/mztejero/rvr_ros2_ws/install/onboard_pkg' for CMake config files
[2.570s] Level 1:colcon.colcon_core.shell:create_environment_hook('onboard_pkg', 'cmake_prefix_path')
[2.570s] INFO:colcon.colcon_core.shell:Creating environment hook '/home/mztejero/rvr_ros2_ws/install/onboard_pkg/share/onboard_pkg/hook/cmake_prefix_path.ps1'
[2.572s] INFO:colcon.colcon_core.shell:Creating environment descriptor '/home/mztejero/rvr_ros2_ws/install/onboard_pkg/share/onboard_pkg/hook/cmake_prefix_path.dsv'
[2.585s] DEBUG:colcon.colcon_core.event_handler.log_command:Invoked command in '/home/mztejero/rvr_ros2_ws/build/onboard_pkg' returned '0': CMAKE_PREFIX_PATH=/home/mztejero/rvr_ros2_ws/install/rvr_msgs:/home/mztejero/rvr_ros2_ws/install/visualization:/home/mztejero/rvr_ros2_ws/install/onboard_pkg:/home/mztejero/rvr_ros2_ws/install/controller:/home/mztejero/rvr_ros2_ws/install/data_processor:/home/mztejero/ros2_ws/install/cpp_pubsub:/home/mztejero/ros2_ws/install/rover_msg:/home/mztejero/rover_ws/install/rvr_launch:/home/mztejero/rover_ws/install/msg_types:/home/mztejero/rover_ws/install/hardware_interface:/opt/ros/humble /usr/bin/cmake --install /home/mztejero/rvr_ros2_ws/build/onboard_pkg
[2.586s] INFO:colcon.colcon_core.shell:Creating environment hook '/home/mztejero/rvr_ros2_ws/install/onboard_pkg/share/onboard_pkg/hook/cmake_prefix_path.sh'
[2.588s] Level 1:colcon.colcon_core.environment:checking '/home/mztejero/rvr_ros2_ws/install/onboard_pkg/lib'
[2.589s] Level 1:colcon.colcon_core.environment:checking '/home/mztejero/rvr_ros2_ws/install/onboard_pkg/bin'
[2.589s] Level 1:colcon.colcon_core.environment:checking '/home/mztejero/rvr_ros2_ws/install/onboard_pkg/lib/pkgconfig/onboard_pkg.pc'
[2.590s] Level 1:colcon.colcon_core.environment:checking '/home/mztejero/rvr_ros2_ws/install/onboard_pkg/lib/python3.10/site-packages'
[2.590s] Level 1:colcon.colcon_core.environment:checking '/home/mztejero/rvr_ros2_ws/install/onboard_pkg/bin'
[2.591s] INFO:colcon.colcon_core.shell:Creating package script '/home/mztejero/rvr_ros2_ws/install/onboard_pkg/share/onboard_pkg/package.ps1'
[2.593s] INFO:colcon.colcon_core.shell:Creating package descriptor '/home/mztejero/rvr_ros2_ws/install/onboard_pkg/share/onboard_pkg/package.dsv'
[2.594s] INFO:colcon.colcon_core.shell:Creating package script '/home/mztejero/rvr_ros2_ws/install/onboard_pkg/share/onboard_pkg/package.sh'
[2.596s] INFO:colcon.colcon_core.shell:Creating package script '/home/mztejero/rvr_ros2_ws/install/onboard_pkg/share/onboard_pkg/package.bash'
[2.598s] INFO:colcon.colcon_core.shell:Creating package script '/home/mztejero/rvr_ros2_ws/install/onboard_pkg/share/onboard_pkg/package.zsh'
[2.600s] Level 1:colcon.colcon_core.environment:create_file_with_runtime_dependencies(/home/mztejero/rvr_ros2_ws/install/onboard_pkg/share/colcon-core/packages/onboard_pkg)
[2.603s] Level 1:colcon.colcon_core.environment:create_environment_scripts_only(onboard_pkg)
[2.604s] Level 1:colcon.colcon_core.environment:checking '/home/mztejero/rvr_ros2_ws/install/onboard_pkg' for CMake module files
[2.606s] Level 1:colcon.colcon_core.environment:checking '/home/mztejero/rvr_ros2_ws/install/onboard_pkg' for CMake config files
[2.607s] Level 1:colcon.colcon_core.shell:create_environment_hook('onboard_pkg', 'cmake_prefix_path')
[2.608s] INFO:colcon.colcon_core.shell:Creating environment hook '/home/mztejero/rvr_ros2_ws/install/onboard_pkg/share/onboard_pkg/hook/cmake_prefix_path.ps1'
[2.611s] INFO:colcon.colcon_core.shell:Creating environment descriptor '/home/mztejero/rvr_ros2_ws/install/onboard_pkg/share/onboard_pkg/hook/cmake_prefix_path.dsv'
[2.614s] INFO:colcon.colcon_core.shell:Creating environment hook '/home/mztejero/rvr_ros2_ws/install/onboard_pkg/share/onboard_pkg/hook/cmake_prefix_path.sh'
[2.617s] Level 1:colcon.colcon_core.environment:checking '/home/mztejero/rvr_ros2_ws/install/onboard_pkg/lib'
[2.617s] Level 1:colcon.colcon_core.environment:checking '/home/mztejero/rvr_ros2_ws/install/onboard_pkg/bin'
[2.618s] Level 1:colcon.colcon_core.environment:checking '/home/mztejero/rvr_ros2_ws/install/onboard_pkg/lib/pkgconfig/onboard_pkg.pc'
[2.619s] Level 1:colcon.colcon_core.environment:checking '/home/mztejero/rvr_ros2_ws/install/onboard_pkg/lib/python3.10/site-packages'
[2.619s] Level 1:colcon.colcon_core.environment:checking '/home/mztejero/rvr_ros2_ws/install/onboard_pkg/bin'
[2.620s] INFO:colcon.colcon_core.shell:Creating package script '/home/mztejero/rvr_ros2_ws/install/onboard_pkg/share/onboard_pkg/package.ps1'
[2.622s] INFO:colcon.colcon_core.shell:Creating package descriptor '/home/mztejero/rvr_ros2_ws/install/onboard_pkg/share/onboard_pkg/package.dsv'
[2.624s] INFO:colcon.colcon_core.shell:Creating package script '/home/mztejero/rvr_ros2_ws/install/onboard_pkg/share/onboard_pkg/package.sh'
[2.626s] INFO:colcon.colcon_core.shell:Creating package script '/home/mztejero/rvr_ros2_ws/install/onboard_pkg/share/onboard_pkg/package.bash'
[2.628s] INFO:colcon.colcon_core.shell:Creating package script '/home/mztejero/rvr_ros2_ws/install/onboard_pkg/share/onboard_pkg/package.zsh'
[2.631s] Level 1:colcon.colcon_core.environment:create_file_with_runtime_dependencies(/home/mztejero/rvr_ros2_ws/install/onboard_pkg/share/colcon-core/packages/onboard_pkg)
[3.733s] DEBUG:colcon.colcon_core.event_handler.log_command:Invoked command in '/home/mztejero/rvr_ros2_ws/build/controller' returned '0': CMAKE_PREFIX_PATH=/home/mztejero/rvr_ros2_ws/install/rvr_msgs:/home/mztejero/rvr_ros2_ws/install/visualization:/home/mztejero/rvr_ros2_ws/install/onboard_pkg:/home/mztejero/rvr_ros2_ws/install/controller:/home/mztejero/rvr_ros2_ws/install/data_processor:/home/mztejero/ros2_ws/install/cpp_pubsub:/home/mztejero/ros2_ws/install/rover_msg:/home/mztejero/rover_ws/install/rvr_launch:/home/mztejero/rover_ws/install/msg_types:/home/mztejero/rover_ws/install/hardware_interface:/opt/ros/humble /usr/bin/cmake --build /home/mztejero/rvr_ros2_ws/build/controller -- -j4 -l4
[3.736s] DEBUG:colcon.colcon_core.event_handler.log_command:Invoking command in '/home/mztejero/rvr_ros2_ws/build/controller': CMAKE_PREFIX_PATH=/home/mztejero/rvr_ros2_ws/install/rvr_msgs:/home/mztejero/rvr_ros2_ws/install/visualization:/home/mztejero/rvr_ros2_ws/install/onboard_pkg:/home/mztejero/rvr_ros2_ws/install/controller:/home/mztejero/rvr_ros2_ws/install/data_processor:/home/mztejero/ros2_ws/install/cpp_pubsub:/home/mztejero/ros2_ws/install/rover_msg:/home/mztejero/rover_ws/install/rvr_launch:/home/mztejero/rover_ws/install/msg_types:/home/mztejero/rover_ws/install/hardware_interface:/opt/ros/humble /usr/bin/cmake --install /home/mztejero/rvr_ros2_ws/build/controller
[3.758s] Level 1:colcon.colcon_core.environment:create_environment_scripts_only(controller)
[3.759s] Level 1:colcon.colcon_core.environment:checking '/home/mztejero/rvr_ros2_ws/install/controller' for CMake module files
[3.761s] DEBUG:colcon.colcon_core.event_handler.log_command:Invoked command in '/home/mztejero/rvr_ros2_ws/build/controller' returned '0': CMAKE_PREFIX_PATH=/home/mztejero/rvr_ros2_ws/install/rvr_msgs:/home/mztejero/rvr_ros2_ws/install/visualization:/home/mztejero/rvr_ros2_ws/install/onboard_pkg:/home/mztejero/rvr_ros2_ws/install/controller:/home/mztejero/rvr_ros2_ws/install/data_processor:/home/mztejero/ros2_ws/install/cpp_pubsub:/home/mztejero/ros2_ws/install/rover_msg:/home/mztejero/rover_ws/install/rvr_launch:/home/mztejero/rover_ws/install/msg_types:/home/mztejero/rover_ws/install/hardware_interface:/opt/ros/humble /usr/bin/cmake --install /home/mztejero/rvr_ros2_ws/build/controller
[3.762s] Level 1:colcon.colcon_core.environment:checking '/home/mztejero/rvr_ros2_ws/install/controller' for CMake config files
[3.762s] Level 1:colcon.colcon_core.shell:create_environment_hook('controller', 'cmake_prefix_path')
[3.763s] INFO:colcon.colcon_core.shell:Creating environment hook '/home/mztejero/rvr_ros2_ws/install/controller/share/controller/hook/cmake_prefix_path.ps1'
[3.764s] INFO:colcon.colcon_core.shell:Creating environment descriptor '/home/mztejero/rvr_ros2_ws/install/controller/share/controller/hook/cmake_prefix_path.dsv'
[3.766s] INFO:colcon.colcon_core.shell:Creating environment hook '/home/mztejero/rvr_ros2_ws/install/controller/share/controller/hook/cmake_prefix_path.sh'
[3.767s] Level 1:colcon.colcon_core.environment:checking '/home/mztejero/rvr_ros2_ws/install/controller/lib'
[3.767s] Level 1:colcon.colcon_core.environment:checking '/home/mztejero/rvr_ros2_ws/install/controller/bin'
[3.768s] Level 1:colcon.colcon_core.environment:checking '/home/mztejero/rvr_ros2_ws/install/controller/lib/pkgconfig/controller.pc'
[3.768s] Level 1:colcon.colcon_core.environment:checking '/home/mztejero/rvr_ros2_ws/install/controller/lib/python3.10/site-packages'
[3.768s] Level 1:colcon.colcon_core.environment:checking '/home/mztejero/rvr_ros2_ws/install/controller/bin'
[3.769s] INFO:colcon.colcon_core.shell:Creating package script '/home/mztejero/rvr_ros2_ws/install/controller/share/controller/package.ps1'
[3.772s] INFO:colcon.colcon_core.shell:Creating package descriptor '/home/mztejero/rvr_ros2_ws/install/controller/share/controller/package.dsv'
[3.774s] INFO:colcon.colcon_core.shell:Creating package script '/home/mztejero/rvr_ros2_ws/install/controller/share/controller/package.sh'
[3.776s] INFO:colcon.colcon_core.shell:Creating package script '/home/mztejero/rvr_ros2_ws/install/controller/share/controller/package.bash'
[3.778s] INFO:colcon.colcon_core.shell:Creating package script '/home/mztejero/rvr_ros2_ws/install/controller/share/controller/package.zsh'
[3.780s] Level 1:colcon.colcon_core.environment:create_file_with_runtime_dependencies(/home/mztejero/rvr_ros2_ws/install/controller/share/colcon-core/packages/controller)
[3.782s] Level 1:colcon.colcon_core.environment:create_environment_scripts_only(controller)
[3.782s] Level 1:colcon.colcon_core.environment:checking '/home/mztejero/rvr_ros2_ws/install/controller' for CMake module files
[3.783s] Level 1:colcon.colcon_core.environment:checking '/home/mztejero/rvr_ros2_ws/install/controller' for CMake config files
[3.784s] Level 1:colcon.colcon_core.shell:create_environment_hook('controller', 'cmake_prefix_path')
[3.784s] INFO:colcon.colcon_core.shell:Creating environment hook '/home/mztejero/rvr_ros2_ws/install/controller/share/controller/hook/cmake_prefix_path.ps1'
[3.785s] INFO:colcon.colcon_core.shell:Creating environment descriptor '/home/mztejero/rvr_ros2_ws/install/controller/share/controller/hook/cmake_prefix_path.dsv'
[3.787s] INFO:colcon.colcon_core.shell:Creating environment hook '/home/mztejero/rvr_ros2_ws/install/controller/share/controller/hook/cmake_prefix_path.sh'
[3.789s] Level 1:colcon.colcon_core.environment:checking '/home/mztejero/rvr_ros2_ws/install/controller/lib'
[3.789s] Level 1:colcon.colcon_core.environment:checking '/home/mztejero/rvr_ros2_ws/install/controller/bin'
[3.789s] Level 1:colcon.colcon_core.environment:checking '/home/mztejero/rvr_ros2_ws/install/controller/lib/pkgconfig/controller.pc'
[3.790s] Level 1:colcon.colcon_core.environment:checking '/home/mztejero/rvr_ros2_ws/install/controller/lib/python3.10/site-packages'
[3.790s] Level 1:colcon.colcon_core.environment:checking '/home/mztejero/rvr_ros2_ws/install/controller/bin'
[3.791s] INFO:colcon.colcon_core.shell:Creating package script '/home/mztejero/rvr_ros2_ws/install/controller/share/controller/package.ps1'
[3.793s] INFO:colcon.colcon_core.shell:Creating package descriptor '/home/mztejero/rvr_ros2_ws/install/controller/share/controller/package.dsv'
[3.794s] INFO:colcon.colcon_core.shell:Creating package script '/home/mztejero/rvr_ros2_ws/install/controller/share/controller/package.sh'
[3.796s] INFO:colcon.colcon_core.shell:Creating package script '/home/mztejero/rvr_ros2_ws/install/controller/share/controller/package.bash'
[3.797s] INFO:colcon.colcon_core.shell:Creating package script '/home/mztejero/rvr_ros2_ws/install/controller/share/controller/package.zsh'
[3.798s] Level 1:colcon.colcon_core.environment:create_file_with_runtime_dependencies(/home/mztejero/rvr_ros2_ws/install/controller/share/colcon-core/packages/controller)
[3.800s] DEBUG:colcon.colcon_parallel_executor.executor.parallel:closing loop
[3.801s] DEBUG:colcon.colcon_parallel_executor.executor.parallel:loop closed
[3.802s] DEBUG:colcon.colcon_parallel_executor.executor.parallel:run_until_complete finished with '0'
[3.803s] DEBUG:colcon.colcon_core.event_reactor:joining thread
[3.824s] INFO:colcon.colcon_core.plugin_system:Skipping extension 'colcon_notification.desktop_notification.terminal_notifier': Not used on non-Darwin systems
[3.824s] INFO:colcon.colcon_core.plugin_system:Skipping extension 'colcon_notification.desktop_notification.win32': Not used on non-Windows systems
[3.824s] INFO:colcon.colcon_notification.desktop_notification:Sending desktop notification using 'notify2'
[3.835s] DEBUG:colcon.colcon_notification.desktop_notification.notify2:Failed to initialize notify2: org.freedesktop.DBus.Error.ServiceUnknown: The name org.freedesktop.Notifications was not provided by any .service files
[3.836s] DEBUG:colcon.colcon_core.event_reactor:joined thread
[3.841s] INFO:colcon.colcon_core.shell:Creating prefix script '/home/mztejero/rvr_ros2_ws/install/local_setup.ps1'
[3.846s] INFO:colcon.colcon_core.shell:Creating prefix util module '/home/mztejero/rvr_ros2_ws/install/_local_setup_util_ps1.py'
[3.852s] INFO:colcon.colcon_core.shell:Creating prefix chain script '/home/mztejero/rvr_ros2_ws/install/setup.ps1'
[3.857s] INFO:colcon.colcon_core.shell:Creating prefix script '/home/mztejero/rvr_ros2_ws/install/local_setup.sh'
[3.859s] INFO:colcon.colcon_core.shell:Creating prefix util module '/home/mztejero/rvr_ros2_ws/install/_local_setup_util_sh.py'
[3.863s] INFO:colcon.colcon_core.shell:Creating prefix chain script '/home/mztejero/rvr_ros2_ws/install/setup.sh'
[3.872s] INFO:colcon.colcon_core.shell:Creating prefix script '/home/mztejero/rvr_ros2_ws/install/local_setup.bash'
[3.875s] INFO:colcon.colcon_core.shell:Creating prefix chain script '/home/mztejero/rvr_ros2_ws/install/setup.bash'
[3.879s] INFO:colcon.colcon_core.shell:Creating prefix script '/home/mztejero/rvr_ros2_ws/install/local_setup.zsh'
[3.881s] INFO:colcon.colcon_core.shell:Creating prefix chain script '/home/mztejero/rvr_ros2_ws/install/setup.zsh'
