[0.127s] Invoking command in '/home/mztejero/rvr_ros2_ws/build/visualization': CMAKE_PREFIX_PATH=${CMAKE_PREFIX_PATH}:/opt/ros/humble /usr/bin/cmake --build /home/mztejero/rvr_ros2_ws/build/visualization -- -j4 -l4
[0.303s] Invoked command in '/home/mztejero/rvr_ros2_ws/build/visualization' returned '0': CMAKE_PREFIX_PATH=${CMAKE_PREFIX_PATH}:/opt/ros/humble /usr/bin/cmake --build /home/mztejero/rvr_ros2_ws/build/visualization -- -j4 -l4
[0.321s] Invoking command in '/home/mztejero/rvr_ros2_ws/build/visualization': CMAKE_PREFIX_PATH=${CMAKE_PREFIX_PATH}:/opt/ros/humble /usr/bin/cmake --install /home/mztejero/rvr_ros2_ws/build/visualization
[0.360s] -- Install configuration: ""
[0.360s] -- Up-to-date: /home/mztejero/rvr_ros2_ws/install/visualization/share/ament_index/resource_index/package_run_dependencies/visualization
[0.360s] -- Up-to-date: /home/mztejero/rvr_ros2_ws/install/visualization/share/ament_index/resource_index/parent_prefix_path/visualization
[0.361s] -- Up-to-date: /home/mztejero/rvr_ros2_ws/install/visualization/share/visualization/environment/ament_prefix_path.sh
[0.361s] -- Up-to-date: /home/mztejero/rvr_ros2_ws/install/visualization/share/visualization/environment/ament_prefix_path.dsv
[0.361s] -- Up-to-date: /home/mztejero/rvr_ros2_ws/install/visualization/share/visualization/environment/path.sh
[0.361s] -- Up-to-date: /home/mztejero/rvr_ros2_ws/install/visualization/share/visualization/environment/path.dsv
[0.361s] -- Up-to-date: /home/mztejero/rvr_ros2_ws/install/visualization/share/visualization/local_setup.bash
[0.362s] -- Up-to-date: /home/mztejero/rvr_ros2_ws/install/visualization/share/visualization/local_setup.sh
[0.362s] -- Up-to-date: /home/mztejero/rvr_ros2_ws/install/visualization/share/visualization/local_setup.zsh
[0.365s] -- Up-to-date: /home/mztejero/rvr_ros2_ws/install/visualization/share/visualization/local_setup.dsv
[0.365s] -- Installing: /home/mztejero/rvr_ros2_ws/install/visualization/share/visualization/package.dsv
[0.366s] -- Up-to-date: /home/mztejero/rvr_ros2_ws/install/visualization/share/ament_index/resource_index/packages/visualization
[0.366s] -- Up-to-date: /home/mztejero/rvr_ros2_ws/install/visualization/share/visualization/cmake/visualizationConfig.cmake
[0.366s] -- Up-to-date: /home/mztejero/rvr_ros2_ws/install/visualization/share/visualization/cmake/visualizationConfig-version.cmake
[0.366s] -- Up-to-date: /home/mztejero/rvr_ros2_ws/install/visualization/share/visualization/package.xml
[0.581s] Invoked command in '/home/mztejero/rvr_ros2_ws/build/visualization' returned '0': CMAKE_PREFIX_PATH=${CMAKE_PREFIX_PATH}:/opt/ros/humble /usr/bin/cmake --install /home/mztejero/rvr_ros2_ws/build/visualization
