[0.088s] Invoking command in '/home/mztejero/rvr_ros2_ws/build/visualization': CMAKE_PREFIX_PATH=${CMAKE_PREFIX_PATH}:/home/mztejero/rover_ws/install/hardware_interface:/opt/ros/humble /usr/bin/cmake --build /home/mztejero/rvr_ros2_ws/build/visualization -- -j4 -l4
[0.297s] Invoked command in '/home/mztejero/rvr_ros2_ws/build/visualization' returned '0': CMAKE_PREFIX_PATH=${CMAKE_PREFIX_PATH}:/home/mztejero/rover_ws/install/hardware_interface:/opt/ros/humble /usr/bin/cmake --build /home/mztejero/rvr_ros2_ws/build/visualization -- -j4 -l4
[0.298s] Invoking command in '/home/mztejero/rvr_ros2_ws/build/visualization': CMAKE_PREFIX_PATH=${CMAKE_PREFIX_PATH}:/home/mztejero/rover_ws/install/hardware_interface:/opt/ros/humble /usr/bin/cmake --install /home/mztejero/rvr_ros2_ws/build/visualization
[0.332s] -- Install configuration: ""
[0.333s] -- Up-to-date: /home/mztejero/rvr_ros2_ws/install/visualization/share/ament_index/resource_index/package_run_dependencies/visualization
[0.366s] -- Up-to-date: /home/mztejero/rvr_ros2_ws/install/visualization/share/ament_index/resource_index/parent_prefix_path/visualization
[0.367s] -- Up-to-date: /home/mztejero/rvr_ros2_ws/install/visualization/share/visualization/environment/ament_prefix_path.sh
[0.367s] -- Up-to-date: /home/mztejero/rvr_ros2_ws/install/visualization/share/visualization/environment/ament_prefix_path.dsv
[0.367s] -- Up-to-date: /home/mztejero/rvr_ros2_ws/install/visualization/share/visualization/environment/path.sh
[0.367s] -- Up-to-date: /home/mztejero/rvr_ros2_ws/install/visualization/share/visualization/environment/path.dsv
[0.367s] -- Up-to-date: /home/mztejero/rvr_ros2_ws/install/visualization/share/visualization/local_setup.bash
[0.367s] -- Up-to-date: /home/mztejero/rvr_ros2_ws/install/visualization/share/visualization/local_setup.sh
[0.368s] -- Up-to-date: /home/mztejero/rvr_ros2_ws/install/visualization/share/visualization/local_setup.zsh
[0.368s] -- Up-to-date: /home/mztejero/rvr_ros2_ws/install/visualization/share/visualization/local_setup.dsv
[0.368s] -- Up-to-date: /home/mztejero/rvr_ros2_ws/install/visualization/share/visualization/package.dsv
[0.368s] -- Up-to-date: /home/mztejero/rvr_ros2_ws/install/visualization/share/ament_index/resource_index/packages/visualization
[0.368s] -- Up-to-date: /home/mztejero/rvr_ros2_ws/install/visualization/share/visualization/cmake/visualizationConfig.cmake
[0.368s] -- Up-to-date: /home/mztejero/rvr_ros2_ws/install/visualization/share/visualization/cmake/visualizationConfig-version.cmake
[0.368s] -- Up-to-date: /home/mztejero/rvr_ros2_ws/install/visualization/share/visualization/package.xml
[0.370s] Invoked command in '/home/mztejero/rvr_ros2_ws/build/visualization' returned '0': CMAKE_PREFIX_PATH=${CMAKE_PREFIX_PATH}:/home/mztejero/rover_ws/install/hardware_interface:/opt/ros/humble /usr/bin/cmake --install /home/mztejero/rvr_ros2_ws/build/visualization
