[0.279s] Invoking command in '/home/mztejero/rvr_ros2_ws/build/rvr_msgs': CMAKE_PREFIX_PATH=${CMAKE_PREFIX_PATH}:/home/mztejero/rover_ws/install/hardware_interface:/opt/ros/humble /usr/bin/cmake --build /home/mztejero/rvr_ros2_ws/build/rvr_msgs -- -j4 -l4
[0.684s] [  1%] Built target rvr_msgs__cpp
[0.772s] [ 12%] Built target rvr_msgs__rosidl_generator_c
[0.806s] [ 12%] Built target ament_cmake_python_copy_rvr_msgs
[0.833s] [ 23%] Built target rvr_msgs__rosidl_typesupport_fastrtps_cpp
[0.863s] [ 34%] Built target rvr_msgs__rosidl_typesupport_cpp
[0.877s] [ 46%] Built target rvr_msgs__rosidl_typesupport_introspection_cpp
[0.918s] [ 57%] Built target rvr_msgs__rosidl_typesupport_fastrtps_c
[0.957s] [ 68%] Built target rvr_msgs__rosidl_typesupport_introspection_c
[0.971s] [ 79%] Built target rvr_msgs__rosidl_typesupport_c
[1.032s] [ 79%] Built target rvr_msgs
[1.087s] [ 80%] Built target rvr_msgs__py
[1.138s] [ 90%] Built target rvr_msgs__rosidl_generator_py
[1.197s] [ 93%] Built target rvr_msgs__rosidl_typesupport_fastrtps_c__pyext
[1.205s] [ 98%] Built target rvr_msgs__rosidl_typesupport_c__pyext
[1.205s] [100%] Built target rvr_msgs__rosidl_typesupport_introspection_c__pyext
[1.479s] running egg_info
[1.481s] writing rvr_msgs.egg-info/PKG-INFO
[1.484s] writing dependency_links to rvr_msgs.egg-info/dependency_links.txt
[1.484s] writing top-level names to rvr_msgs.egg-info/top_level.txt
[1.488s] reading manifest file 'rvr_msgs.egg-info/SOURCES.txt'
[1.491s] writing manifest file 'rvr_msgs.egg-info/SOURCES.txt'
[1.547s] [100%] Built target ament_cmake_python_build_rvr_msgs_egg
[1.578s] Invoked command in '/home/mztejero/rvr_ros2_ws/build/rvr_msgs' returned '0': CMAKE_PREFIX_PATH=${CMAKE_PREFIX_PATH}:/home/mztejero/rover_ws/install/hardware_interface:/opt/ros/humble /usr/bin/cmake --build /home/mztejero/rvr_ros2_ws/build/rvr_msgs -- -j4 -l4
[1.581s] Invoking command in '/home/mztejero/rvr_ros2_ws/build/rvr_msgs': CMAKE_PREFIX_PATH=${CMAKE_PREFIX_PATH}:/home/mztejero/rover_ws/install/hardware_interface:/opt/ros/humble /usr/bin/cmake --install /home/mztejero/rvr_ros2_ws/build/rvr_msgs
[1.592s] -- Install configuration: ""
[1.593s] -- Up-to-date: /home/mztejero/rvr_ros2_ws/install/rvr_msgs/share/ament_index/resource_index/rosidl_interfaces/rvr_msgs
[1.594s] -- Up-to-date: /home/mztejero/rvr_ros2_ws/install/rvr_msgs/include/rvr_msgs/rvr_msgs
[1.595s] -- Up-to-date: /home/mztejero/rvr_ros2_ws/install/rvr_msgs/include/rvr_msgs/rvr_msgs/msg
[1.595s] -- Up-to-date: /home/mztejero/rvr_ros2_ws/install/rvr_msgs/include/rvr_msgs/rvr_msgs/msg/rover_data.h
[1.595s] -- Up-to-date: /home/mztejero/rvr_ros2_ws/install/rvr_msgs/include/rvr_msgs/rvr_msgs/msg/vector3.h
[1.595s] -- Up-to-date: /home/mztejero/rvr_ros2_ws/install/rvr_msgs/include/rvr_msgs/rvr_msgs/msg/wheel4.h
[1.596s] -- Up-to-date: /home/mztejero/rvr_ros2_ws/install/rvr_msgs/include/rvr_msgs/rvr_msgs/msg/detail
[1.596s] -- Up-to-date: /home/mztejero/rvr_ros2_ws/install/rvr_msgs/include/rvr_msgs/rvr_msgs/msg/detail/rover_data__type_support.h
[1.596s] -- Up-to-date: /home/mztejero/rvr_ros2_ws/install/rvr_msgs/include/rvr_msgs/rvr_msgs/msg/detail/wheel4__functions.c
[1.596s] -- Up-to-date: /home/mztejero/rvr_ros2_ws/install/rvr_msgs/include/rvr_msgs/rvr_msgs/msg/detail/vector3__struct.h
[1.596s] -- Up-to-date: /home/mztejero/rvr_ros2_ws/install/rvr_msgs/include/rvr_msgs/rvr_msgs/msg/detail/pos_data__struct.h
[1.597s] -- Up-to-date: /home/mztejero/rvr_ros2_ws/install/rvr_msgs/include/rvr_msgs/rvr_msgs/msg/detail/command_velocities__struct.h
[1.597s] -- Up-to-date: /home/mztejero/rvr_ros2_ws/install/rvr_msgs/include/rvr_msgs/rvr_msgs/msg/detail/vector3__functions.c
[1.597s] -- Up-to-date: /home/mztejero/rvr_ros2_ws/install/rvr_msgs/include/rvr_msgs/rvr_msgs/msg/detail/vector3__functions.h
[1.597s] -- Up-to-date: /home/mztejero/rvr_ros2_ws/install/rvr_msgs/include/rvr_msgs/rvr_msgs/msg/detail/command_velocities__type_support.h
[1.597s] -- Up-to-date: /home/mztejero/rvr_ros2_ws/install/rvr_msgs/include/rvr_msgs/rvr_msgs/msg/detail/wheel4__struct.h
[1.598s] -- Up-to-date: /home/mztejero/rvr_ros2_ws/install/rvr_msgs/include/rvr_msgs/rvr_msgs/msg/detail/command_velocities__functions.c
[1.598s] -- Up-to-date: /home/mztejero/rvr_ros2_ws/install/rvr_msgs/include/rvr_msgs/rvr_msgs/msg/detail/rover_data__functions.h
[1.599s] -- Up-to-date: /home/mztejero/rvr_ros2_ws/install/rvr_msgs/include/rvr_msgs/rvr_msgs/msg/detail/wheel4__functions.h
[1.599s] -- Up-to-date: /home/mztejero/rvr_ros2_ws/install/rvr_msgs/include/rvr_msgs/rvr_msgs/msg/detail/pos_data__functions.h
[1.599s] -- Up-to-date: /home/mztejero/rvr_ros2_ws/install/rvr_msgs/include/rvr_msgs/rvr_msgs/msg/detail/rover_data__struct.h
[1.600s] -- Up-to-date: /home/mztejero/rvr_ros2_ws/install/rvr_msgs/include/rvr_msgs/rvr_msgs/msg/detail/rover_data__functions.c
[1.600s] -- Up-to-date: /home/mztejero/rvr_ros2_ws/install/rvr_msgs/include/rvr_msgs/rvr_msgs/msg/detail/vector3__type_support.h
[1.600s] -- Up-to-date: /home/mztejero/rvr_ros2_ws/install/rvr_msgs/include/rvr_msgs/rvr_msgs/msg/detail/pos_data__functions.c
[1.600s] -- Up-to-date: /home/mztejero/rvr_ros2_ws/install/rvr_msgs/include/rvr_msgs/rvr_msgs/msg/detail/command_velocities__functions.h
[1.600s] -- Up-to-date: /home/mztejero/rvr_ros2_ws/install/rvr_msgs/include/rvr_msgs/rvr_msgs/msg/detail/wheel4__type_support.h
[1.600s] -- Up-to-date: /home/mztejero/rvr_ros2_ws/install/rvr_msgs/include/rvr_msgs/rvr_msgs/msg/detail/pos_data__type_support.h
[1.600s] -- Up-to-date: /home/mztejero/rvr_ros2_ws/install/rvr_msgs/include/rvr_msgs/rvr_msgs/msg/command_velocities.h
[1.601s] -- Up-to-date: /home/mztejero/rvr_ros2_ws/install/rvr_msgs/include/rvr_msgs/rvr_msgs/msg/pos_data.h
[1.601s] -- Up-to-date: /home/mztejero/rvr_ros2_ws/install/rvr_msgs/include/rvr_msgs/rvr_msgs/msg/rosidl_generator_c__visibility_control.h
[1.601s] -- Up-to-date: /home/mztejero/rvr_ros2_ws/install/rvr_msgs/share/rvr_msgs/environment/library_path.sh
[1.601s] -- Up-to-date: /home/mztejero/rvr_ros2_ws/install/rvr_msgs/share/rvr_msgs/environment/library_path.dsv
[1.601s] -- Up-to-date: /home/mztejero/rvr_ros2_ws/install/rvr_msgs/lib/librvr_msgs__rosidl_generator_c.so
[1.601s] -- Up-to-date: /home/mztejero/rvr_ros2_ws/install/rvr_msgs/include/rvr_msgs/rvr_msgs
[1.601s] -- Up-to-date: /home/mztejero/rvr_ros2_ws/install/rvr_msgs/include/rvr_msgs/rvr_msgs/msg
[1.601s] -- Up-to-date: /home/mztejero/rvr_ros2_ws/install/rvr_msgs/include/rvr_msgs/rvr_msgs/msg/detail
[1.602s] -- Up-to-date: /home/mztejero/rvr_ros2_ws/install/rvr_msgs/include/rvr_msgs/rvr_msgs/msg/detail/vector3__rosidl_typesupport_fastrtps_c.h
[1.602s] -- Up-to-date: /home/mztejero/rvr_ros2_ws/install/rvr_msgs/include/rvr_msgs/rvr_msgs/msg/detail/wheel4__rosidl_typesupport_fastrtps_c.h
[1.602s] -- Up-to-date: /home/mztejero/rvr_ros2_ws/install/rvr_msgs/include/rvr_msgs/rvr_msgs/msg/detail/rover_data__rosidl_typesupport_fastrtps_c.h
[1.602s] -- Up-to-date: /home/mztejero/rvr_ros2_ws/install/rvr_msgs/include/rvr_msgs/rvr_msgs/msg/detail/pos_data__rosidl_typesupport_fastrtps_c.h
[1.602s] -- Up-to-date: /home/mztejero/rvr_ros2_ws/install/rvr_msgs/include/rvr_msgs/rvr_msgs/msg/detail/command_velocities__rosidl_typesupport_fastrtps_c.h
[1.602s] -- Up-to-date: /home/mztejero/rvr_ros2_ws/install/rvr_msgs/include/rvr_msgs/rvr_msgs/msg/rosidl_typesupport_fastrtps_c__visibility_control.h
[1.602s] -- Up-to-date: /home/mztejero/rvr_ros2_ws/install/rvr_msgs/lib/librvr_msgs__rosidl_typesupport_fastrtps_c.so
[1.603s] -- Up-to-date: /home/mztejero/rvr_ros2_ws/install/rvr_msgs/include/rvr_msgs/rvr_msgs
[1.603s] -- Up-to-date: /home/mztejero/rvr_ros2_ws/install/rvr_msgs/include/rvr_msgs/rvr_msgs/msg
[1.605s] -- Up-to-date: /home/mztejero/rvr_ros2_ws/install/rvr_msgs/include/rvr_msgs/rvr_msgs/msg/detail
[1.606s] -- Up-to-date: /home/mztejero/rvr_ros2_ws/install/rvr_msgs/include/rvr_msgs/rvr_msgs/msg/detail/pos_data__type_support.c
[1.606s] -- Up-to-date: /home/mztejero/rvr_ros2_ws/install/rvr_msgs/include/rvr_msgs/rvr_msgs/msg/detail/vector3__type_support.c
[1.606s] -- Up-to-date: /home/mztejero/rvr_ros2_ws/install/rvr_msgs/include/rvr_msgs/rvr_msgs/msg/detail/wheel4__rosidl_typesupport_introspection_c.h
[1.606s] -- Up-to-date: /home/mztejero/rvr_ros2_ws/install/rvr_msgs/include/rvr_msgs/rvr_msgs/msg/detail/command_velocities__rosidl_typesupport_introspection_c.h
[1.606s] -- Up-to-date: /home/mztejero/rvr_ros2_ws/install/rvr_msgs/include/rvr_msgs/rvr_msgs/msg/detail/rover_data__rosidl_typesupport_introspection_c.h
[1.606s] -- Up-to-date: /home/mztejero/rvr_ros2_ws/install/rvr_msgs/include/rvr_msgs/rvr_msgs/msg/detail/rover_data__type_support.c
[1.607s] -- Up-to-date: /home/mztejero/rvr_ros2_ws/install/rvr_msgs/include/rvr_msgs/rvr_msgs/msg/detail/vector3__rosidl_typesupport_introspection_c.h
[1.607s] -- Up-to-date: /home/mztejero/rvr_ros2_ws/install/rvr_msgs/include/rvr_msgs/rvr_msgs/msg/detail/pos_data__rosidl_typesupport_introspection_c.h
[1.607s] -- Up-to-date: /home/mztejero/rvr_ros2_ws/install/rvr_msgs/include/rvr_msgs/rvr_msgs/msg/detail/wheel4__type_support.c
[1.607s] -- Up-to-date: /home/mztejero/rvr_ros2_ws/install/rvr_msgs/include/rvr_msgs/rvr_msgs/msg/detail/command_velocities__type_support.c
[1.608s] -- Up-to-date: /home/mztejero/rvr_ros2_ws/install/rvr_msgs/include/rvr_msgs/rvr_msgs/msg/rosidl_typesupport_introspection_c__visibility_control.h
[1.608s] -- Up-to-date: /home/mztejero/rvr_ros2_ws/install/rvr_msgs/lib/librvr_msgs__rosidl_typesupport_introspection_c.so
[1.609s] -- Up-to-date: /home/mztejero/rvr_ros2_ws/install/rvr_msgs/lib/librvr_msgs__rosidl_typesupport_c.so
[1.609s] -- Up-to-date: /home/mztejero/rvr_ros2_ws/install/rvr_msgs/include/rvr_msgs/rvr_msgs
[1.609s] -- Up-to-date: /home/mztejero/rvr_ros2_ws/install/rvr_msgs/include/rvr_msgs/rvr_msgs/msg
[1.609s] -- Up-to-date: /home/mztejero/rvr_ros2_ws/install/rvr_msgs/include/rvr_msgs/rvr_msgs/msg/vector3.hpp
[1.610s] -- Up-to-date: /home/mztejero/rvr_ros2_ws/install/rvr_msgs/include/rvr_msgs/rvr_msgs/msg/pos_data.hpp
[1.610s] -- Up-to-date: /home/mztejero/rvr_ros2_ws/install/rvr_msgs/include/rvr_msgs/rvr_msgs/msg/wheel4.hpp
[1.610s] -- Up-to-date: /home/mztejero/rvr_ros2_ws/install/rvr_msgs/include/rvr_msgs/rvr_msgs/msg/detail
[1.610s] -- Up-to-date: /home/mztejero/rvr_ros2_ws/install/rvr_msgs/include/rvr_msgs/rvr_msgs/msg/detail/rover_data__builder.hpp
[1.610s] -- Up-to-date: /home/mztejero/rvr_ros2_ws/install/rvr_msgs/include/rvr_msgs/rvr_msgs/msg/detail/rover_data__type_support.hpp
[1.611s] -- Up-to-date: /home/mztejero/rvr_ros2_ws/install/rvr_msgs/include/rvr_msgs/rvr_msgs/msg/detail/vector3__traits.hpp
[1.611s] -- Up-to-date: /home/mztejero/rvr_ros2_ws/install/rvr_msgs/include/rvr_msgs/rvr_msgs/msg/detail/command_velocities__type_support.hpp
[1.611s] -- Up-to-date: /home/mztejero/rvr_ros2_ws/install/rvr_msgs/include/rvr_msgs/rvr_msgs/msg/detail/pos_data__traits.hpp
[1.611s] -- Up-to-date: /home/mztejero/rvr_ros2_ws/install/rvr_msgs/include/rvr_msgs/rvr_msgs/msg/detail/wheel4__type_support.hpp
[1.611s] -- Up-to-date: /home/mztejero/rvr_ros2_ws/install/rvr_msgs/include/rvr_msgs/rvr_msgs/msg/detail/wheel4__builder.hpp
[1.611s] -- Up-to-date: /home/mztejero/rvr_ros2_ws/install/rvr_msgs/include/rvr_msgs/rvr_msgs/msg/detail/command_velocities__builder.hpp
[1.611s] -- Up-to-date: /home/mztejero/rvr_ros2_ws/install/rvr_msgs/include/rvr_msgs/rvr_msgs/msg/detail/pos_data__struct.hpp
[1.611s] -- Up-to-date: /home/mztejero/rvr_ros2_ws/install/rvr_msgs/include/rvr_msgs/rvr_msgs/msg/detail/rover_data__struct.hpp
[1.612s] -- Up-to-date: /home/mztejero/rvr_ros2_ws/install/rvr_msgs/include/rvr_msgs/rvr_msgs/msg/detail/rover_data__traits.hpp
[1.612s] -- Up-to-date: /home/mztejero/rvr_ros2_ws/install/rvr_msgs/include/rvr_msgs/rvr_msgs/msg/detail/vector3__struct.hpp
[1.612s] -- Up-to-date: /home/mztejero/rvr_ros2_ws/install/rvr_msgs/include/rvr_msgs/rvr_msgs/msg/detail/wheel4__traits.hpp
[1.612s] -- Up-to-date: /home/mztejero/rvr_ros2_ws/install/rvr_msgs/include/rvr_msgs/rvr_msgs/msg/detail/pos_data__type_support.hpp
[1.612s] -- Up-to-date: /home/mztejero/rvr_ros2_ws/install/rvr_msgs/include/rvr_msgs/rvr_msgs/msg/detail/wheel4__struct.hpp
[1.612s] -- Up-to-date: /home/mztejero/rvr_ros2_ws/install/rvr_msgs/include/rvr_msgs/rvr_msgs/msg/detail/vector3__builder.hpp
[1.613s] -- Up-to-date: /home/mztejero/rvr_ros2_ws/install/rvr_msgs/include/rvr_msgs/rvr_msgs/msg/detail/pos_data__builder.hpp
[1.613s] -- Up-to-date: /home/mztejero/rvr_ros2_ws/install/rvr_msgs/include/rvr_msgs/rvr_msgs/msg/detail/vector3__type_support.hpp
[1.613s] -- Up-to-date: /home/mztejero/rvr_ros2_ws/install/rvr_msgs/include/rvr_msgs/rvr_msgs/msg/detail/command_velocities__traits.hpp
[1.613s] -- Up-to-date: /home/mztejero/rvr_ros2_ws/install/rvr_msgs/include/rvr_msgs/rvr_msgs/msg/detail/command_velocities__struct.hpp
[1.613s] -- Up-to-date: /home/mztejero/rvr_ros2_ws/install/rvr_msgs/include/rvr_msgs/rvr_msgs/msg/command_velocities.hpp
[1.614s] -- Up-to-date: /home/mztejero/rvr_ros2_ws/install/rvr_msgs/include/rvr_msgs/rvr_msgs/msg/rosidl_generator_cpp__visibility_control.hpp
[1.614s] -- Up-to-date: /home/mztejero/rvr_ros2_ws/install/rvr_msgs/include/rvr_msgs/rvr_msgs/msg/rover_data.hpp
[1.614s] -- Up-to-date: /home/mztejero/rvr_ros2_ws/install/rvr_msgs/include/rvr_msgs/rvr_msgs
[1.614s] -- Up-to-date: /home/mztejero/rvr_ros2_ws/install/rvr_msgs/include/rvr_msgs/rvr_msgs/msg
[1.614s] -- Up-to-date: /home/mztejero/rvr_ros2_ws/install/rvr_msgs/include/rvr_msgs/rvr_msgs/msg/detail
[1.615s] -- Up-to-date: /home/mztejero/rvr_ros2_ws/install/rvr_msgs/include/rvr_msgs/rvr_msgs/msg/detail/command_velocities__rosidl_typesupport_fastrtps_cpp.hpp
[1.615s] -- Up-to-date: /home/mztejero/rvr_ros2_ws/install/rvr_msgs/include/rvr_msgs/rvr_msgs/msg/detail/wheel4__rosidl_typesupport_fastrtps_cpp.hpp
[1.615s] -- Up-to-date: /home/mztejero/rvr_ros2_ws/install/rvr_msgs/include/rvr_msgs/rvr_msgs/msg/detail/vector3__rosidl_typesupport_fastrtps_cpp.hpp
[1.615s] -- Up-to-date: /home/mztejero/rvr_ros2_ws/install/rvr_msgs/include/rvr_msgs/rvr_msgs/msg/detail/rover_data__rosidl_typesupport_fastrtps_cpp.hpp
[1.615s] -- Up-to-date: /home/mztejero/rvr_ros2_ws/install/rvr_msgs/include/rvr_msgs/rvr_msgs/msg/detail/pos_data__rosidl_typesupport_fastrtps_cpp.hpp
[1.615s] -- Up-to-date: /home/mztejero/rvr_ros2_ws/install/rvr_msgs/include/rvr_msgs/rvr_msgs/msg/detail/dds_fastrtps
[1.615s] -- Up-to-date: /home/mztejero/rvr_ros2_ws/install/rvr_msgs/include/rvr_msgs/rvr_msgs/msg/rosidl_typesupport_fastrtps_cpp__visibility_control.h
[1.615s] -- Up-to-date: /home/mztejero/rvr_ros2_ws/install/rvr_msgs/lib/librvr_msgs__rosidl_typesupport_fastrtps_cpp.so
[1.615s] -- Up-to-date: /home/mztejero/rvr_ros2_ws/install/rvr_msgs/include/rvr_msgs/rvr_msgs
[1.615s] -- Up-to-date: /home/mztejero/rvr_ros2_ws/install/rvr_msgs/include/rvr_msgs/rvr_msgs/msg
[1.616s] -- Up-to-date: /home/mztejero/rvr_ros2_ws/install/rvr_msgs/include/rvr_msgs/rvr_msgs/msg/detail
[1.616s] -- Up-to-date: /home/mztejero/rvr_ros2_ws/install/rvr_msgs/include/rvr_msgs/rvr_msgs/msg/detail/wheel4__rosidl_typesupport_introspection_cpp.hpp
[1.616s] -- Up-to-date: /home/mztejero/rvr_ros2_ws/install/rvr_msgs/include/rvr_msgs/rvr_msgs/msg/detail/vector3__rosidl_typesupport_introspection_cpp.hpp
[1.616s] -- Up-to-date: /home/mztejero/rvr_ros2_ws/install/rvr_msgs/include/rvr_msgs/rvr_msgs/msg/detail/command_velocities__type_support.cpp
[1.616s] -- Up-to-date: /home/mztejero/rvr_ros2_ws/install/rvr_msgs/include/rvr_msgs/rvr_msgs/msg/detail/wheel4__type_support.cpp
[1.617s] -- Up-to-date: /home/mztejero/rvr_ros2_ws/install/rvr_msgs/include/rvr_msgs/rvr_msgs/msg/detail/rover_data__type_support.cpp
[1.617s] -- Up-to-date: /home/mztejero/rvr_ros2_ws/install/rvr_msgs/include/rvr_msgs/rvr_msgs/msg/detail/vector3__type_support.cpp
[1.617s] -- Up-to-date: /home/mztejero/rvr_ros2_ws/install/rvr_msgs/include/rvr_msgs/rvr_msgs/msg/detail/rover_data__rosidl_typesupport_introspection_cpp.hpp
[1.617s] -- Up-to-date: /home/mztejero/rvr_ros2_ws/install/rvr_msgs/include/rvr_msgs/rvr_msgs/msg/detail/pos_data__type_support.cpp
[1.617s] -- Up-to-date: /home/mztejero/rvr_ros2_ws/install/rvr_msgs/include/rvr_msgs/rvr_msgs/msg/detail/pos_data__rosidl_typesupport_introspection_cpp.hpp
[1.618s] -- Up-to-date: /home/mztejero/rvr_ros2_ws/install/rvr_msgs/include/rvr_msgs/rvr_msgs/msg/detail/command_velocities__rosidl_typesupport_introspection_cpp.hpp
[1.618s] -- Up-to-date: /home/mztejero/rvr_ros2_ws/install/rvr_msgs/lib/librvr_msgs__rosidl_typesupport_introspection_cpp.so
[1.618s] -- Up-to-date: /home/mztejero/rvr_ros2_ws/install/rvr_msgs/lib/librvr_msgs__rosidl_typesupport_cpp.so
[1.618s] -- Up-to-date: /home/mztejero/rvr_ros2_ws/install/rvr_msgs/share/rvr_msgs/environment/pythonpath.sh
[1.618s] -- Up-to-date: /home/mztejero/rvr_ros2_ws/install/rvr_msgs/share/rvr_msgs/environment/pythonpath.dsv
[1.619s] -- Up-to-date: /home/mztejero/rvr_ros2_ws/install/rvr_msgs/local/lib/python3.10/dist-packages/rvr_msgs-0.0.0-py3.10.egg-info
[1.619s] -- Installing: /home/mztejero/rvr_ros2_ws/install/rvr_msgs/local/lib/python3.10/dist-packages/rvr_msgs-0.0.0-py3.10.egg-info/PKG-INFO
[1.619s] -- Installing: /home/mztejero/rvr_ros2_ws/install/rvr_msgs/local/lib/python3.10/dist-packages/rvr_msgs-0.0.0-py3.10.egg-info/SOURCES.txt
[1.619s] -- Installing: /home/mztejero/rvr_ros2_ws/install/rvr_msgs/local/lib/python3.10/dist-packages/rvr_msgs-0.0.0-py3.10.egg-info/top_level.txt
[1.620s] -- Installing: /home/mztejero/rvr_ros2_ws/install/rvr_msgs/local/lib/python3.10/dist-packages/rvr_msgs-0.0.0-py3.10.egg-info/dependency_links.txt
[1.620s] -- Up-to-date: /home/mztejero/rvr_ros2_ws/install/rvr_msgs/local/lib/python3.10/dist-packages/rvr_msgs
[1.620s] -- Up-to-date: /home/mztejero/rvr_ros2_ws/install/rvr_msgs/local/lib/python3.10/dist-packages/rvr_msgs/msg
[1.620s] -- Up-to-date: /home/mztejero/rvr_ros2_ws/install/rvr_msgs/local/lib/python3.10/dist-packages/rvr_msgs/msg/_vector3.py
[1.621s] -- Up-to-date: /home/mztejero/rvr_ros2_ws/install/rvr_msgs/local/lib/python3.10/dist-packages/rvr_msgs/msg/_wheel4_s.c
[1.621s] -- Up-to-date: /home/mztejero/rvr_ros2_ws/install/rvr_msgs/local/lib/python3.10/dist-packages/rvr_msgs/msg/_command_velocities_s.c
[1.621s] -- Up-to-date: /home/mztejero/rvr_ros2_ws/install/rvr_msgs/local/lib/python3.10/dist-packages/rvr_msgs/msg/__init__.py
[1.621s] -- Up-to-date: /home/mztejero/rvr_ros2_ws/install/rvr_msgs/local/lib/python3.10/dist-packages/rvr_msgs/msg/_rover_data.py
[1.621s] -- Up-to-date: /home/mztejero/rvr_ros2_ws/install/rvr_msgs/local/lib/python3.10/dist-packages/rvr_msgs/msg/_pos_data_s.c
[1.621s] -- Up-to-date: /home/mztejero/rvr_ros2_ws/install/rvr_msgs/local/lib/python3.10/dist-packages/rvr_msgs/msg/_wheel4.py
[1.621s] -- Up-to-date: /home/mztejero/rvr_ros2_ws/install/rvr_msgs/local/lib/python3.10/dist-packages/rvr_msgs/msg/_command_velocities.py
[1.622s] -- Up-to-date: /home/mztejero/rvr_ros2_ws/install/rvr_msgs/local/lib/python3.10/dist-packages/rvr_msgs/msg/_rover_data_s.c
[1.622s] -- Up-to-date: /home/mztejero/rvr_ros2_ws/install/rvr_msgs/local/lib/python3.10/dist-packages/rvr_msgs/msg/_vector3_s.c
[1.622s] -- Up-to-date: /home/mztejero/rvr_ros2_ws/install/rvr_msgs/local/lib/python3.10/dist-packages/rvr_msgs/msg/_pos_data.py
[1.622s] -- Up-to-date: /home/mztejero/rvr_ros2_ws/install/rvr_msgs/local/lib/python3.10/dist-packages/rvr_msgs/__init__.py
[1.622s] -- Up-to-date: /home/mztejero/rvr_ros2_ws/install/rvr_msgs/local/lib/python3.10/dist-packages/rvr_msgs/librvr_msgs__rosidl_generator_py.so
[1.622s] -- Up-to-date: /home/mztejero/rvr_ros2_ws/install/rvr_msgs/local/lib/python3.10/dist-packages/rvr_msgs/_rvr_msgs_s.ep.rosidl_typesupport_fastrtps_c.c
[1.623s] -- Up-to-date: /home/mztejero/rvr_ros2_ws/install/rvr_msgs/local/lib/python3.10/dist-packages/rvr_msgs/_rvr_msgs_s.ep.rosidl_typesupport_introspection_c.c
[1.623s] -- Up-to-date: /home/mztejero/rvr_ros2_ws/install/rvr_msgs/local/lib/python3.10/dist-packages/rvr_msgs/rvr_msgs_s__rosidl_typesupport_fastrtps_c.cpython-310-x86_64-linux-gnu.so
[1.623s] -- Up-to-date: /home/mztejero/rvr_ros2_ws/install/rvr_msgs/local/lib/python3.10/dist-packages/rvr_msgs/_rvr_msgs_s.ep.rosidl_typesupport_c.c
[1.623s] -- Up-to-date: /home/mztejero/rvr_ros2_ws/install/rvr_msgs/local/lib/python3.10/dist-packages/rvr_msgs/rvr_msgs_s__rosidl_typesupport_c.cpython-310-x86_64-linux-gnu.so
[1.623s] -- Up-to-date: /home/mztejero/rvr_ros2_ws/install/rvr_msgs/local/lib/python3.10/dist-packages/rvr_msgs/rvr_msgs_s__rosidl_typesupport_introspection_c.cpython-310-x86_64-linux-gnu.so
[1.675s] Listing '/home/mztejero/rvr_ros2_ws/install/rvr_msgs/local/lib/python3.10/dist-packages/rvr_msgs'...
[1.675s] Listing '/home/mztejero/rvr_ros2_ws/install/rvr_msgs/local/lib/python3.10/dist-packages/rvr_msgs/msg'...
[1.684s] -- Up-to-date: /home/mztejero/rvr_ros2_ws/install/rvr_msgs/local/lib/python3.10/dist-packages/rvr_msgs/rvr_msgs_s__rosidl_typesupport_fastrtps_c.cpython-310-x86_64-linux-gnu.so
[1.685s] -- Up-to-date: /home/mztejero/rvr_ros2_ws/install/rvr_msgs/local/lib/python3.10/dist-packages/rvr_msgs/rvr_msgs_s__rosidl_typesupport_introspection_c.cpython-310-x86_64-linux-gnu.so
[1.685s] -- Up-to-date: /home/mztejero/rvr_ros2_ws/install/rvr_msgs/local/lib/python3.10/dist-packages/rvr_msgs/rvr_msgs_s__rosidl_typesupport_c.cpython-310-x86_64-linux-gnu.so
[1.687s] -- Up-to-date: /home/mztejero/rvr_ros2_ws/install/rvr_msgs/lib/librvr_msgs__rosidl_generator_py.so
[1.688s] -- Up-to-date: /home/mztejero/rvr_ros2_ws/install/rvr_msgs/share/rvr_msgs/msg/CommandVelocities.idl
[1.688s] -- Up-to-date: /home/mztejero/rvr_ros2_ws/install/rvr_msgs/share/rvr_msgs/msg/Vector3.idl
[1.689s] -- Up-to-date: /home/mztejero/rvr_ros2_ws/install/rvr_msgs/share/rvr_msgs/msg/Wheel4.idl
[1.689s] -- Up-to-date: /home/mztejero/rvr_ros2_ws/install/rvr_msgs/share/rvr_msgs/msg/RoverData.idl
[1.690s] -- Up-to-date: /home/mztejero/rvr_ros2_ws/install/rvr_msgs/share/rvr_msgs/msg/PosData.idl
[1.690s] -- Up-to-date: /home/mztejero/rvr_ros2_ws/install/rvr_msgs/share/rvr_msgs/msg/CommandVelocities.msg
[1.690s] -- Up-to-date: /home/mztejero/rvr_ros2_ws/install/rvr_msgs/share/rvr_msgs/msg/Vector3.msg
[1.691s] -- Up-to-date: /home/mztejero/rvr_ros2_ws/install/rvr_msgs/share/rvr_msgs/msg/Wheel4.msg
[1.691s] -- Up-to-date: /home/mztejero/rvr_ros2_ws/install/rvr_msgs/share/rvr_msgs/msg/RoverData.msg
[1.691s] -- Up-to-date: /home/mztejero/rvr_ros2_ws/install/rvr_msgs/share/rvr_msgs/msg/PosData.msg
[1.691s] -- Up-to-date: /home/mztejero/rvr_ros2_ws/install/rvr_msgs/share/ament_index/resource_index/package_run_dependencies/rvr_msgs
[1.693s] -- Up-to-date: /home/mztejero/rvr_ros2_ws/install/rvr_msgs/share/ament_index/resource_index/parent_prefix_path/rvr_msgs
[1.695s] -- Up-to-date: /home/mztejero/rvr_ros2_ws/install/rvr_msgs/share/rvr_msgs/environment/ament_prefix_path.sh
[1.695s] -- Up-to-date: /home/mztejero/rvr_ros2_ws/install/rvr_msgs/share/rvr_msgs/environment/ament_prefix_path.dsv
[1.696s] -- Up-to-date: /home/mztejero/rvr_ros2_ws/install/rvr_msgs/share/rvr_msgs/environment/path.sh
[1.696s] -- Up-to-date: /home/mztejero/rvr_ros2_ws/install/rvr_msgs/share/rvr_msgs/environment/path.dsv
[1.696s] -- Up-to-date: /home/mztejero/rvr_ros2_ws/install/rvr_msgs/share/rvr_msgs/local_setup.bash
[1.696s] -- Up-to-date: /home/mztejero/rvr_ros2_ws/install/rvr_msgs/share/rvr_msgs/local_setup.sh
[1.696s] -- Up-to-date: /home/mztejero/rvr_ros2_ws/install/rvr_msgs/share/rvr_msgs/local_setup.zsh
[1.698s] -- Up-to-date: /home/mztejero/rvr_ros2_ws/install/rvr_msgs/share/rvr_msgs/local_setup.dsv
[1.698s] -- Installing: /home/mztejero/rvr_ros2_ws/install/rvr_msgs/share/rvr_msgs/package.dsv
[1.698s] -- Up-to-date: /home/mztejero/rvr_ros2_ws/install/rvr_msgs/share/ament_index/resource_index/packages/rvr_msgs
[1.700s] -- Up-to-date: /home/mztejero/rvr_ros2_ws/install/rvr_msgs/share/rvr_msgs/cmake/export_rvr_msgs__rosidl_generator_cExport.cmake
[1.700s] -- Up-to-date: /home/mztejero/rvr_ros2_ws/install/rvr_msgs/share/rvr_msgs/cmake/export_rvr_msgs__rosidl_generator_cExport-noconfig.cmake
[1.700s] -- Up-to-date: /home/mztejero/rvr_ros2_ws/install/rvr_msgs/share/rvr_msgs/cmake/export_rvr_msgs__rosidl_typesupport_fastrtps_cExport.cmake
[1.700s] -- Up-to-date: /home/mztejero/rvr_ros2_ws/install/rvr_msgs/share/rvr_msgs/cmake/export_rvr_msgs__rosidl_typesupport_fastrtps_cExport-noconfig.cmake
[1.701s] -- Up-to-date: /home/mztejero/rvr_ros2_ws/install/rvr_msgs/share/rvr_msgs/cmake/rvr_msgs__rosidl_typesupport_introspection_cExport.cmake
[1.702s] -- Up-to-date: /home/mztejero/rvr_ros2_ws/install/rvr_msgs/share/rvr_msgs/cmake/rvr_msgs__rosidl_typesupport_introspection_cExport-noconfig.cmake
[1.703s] -- Up-to-date: /home/mztejero/rvr_ros2_ws/install/rvr_msgs/share/rvr_msgs/cmake/rvr_msgs__rosidl_typesupport_cExport.cmake
[1.703s] -- Up-to-date: /home/mztejero/rvr_ros2_ws/install/rvr_msgs/share/rvr_msgs/cmake/rvr_msgs__rosidl_typesupport_cExport-noconfig.cmake
[1.704s] -- Up-to-date: /home/mztejero/rvr_ros2_ws/install/rvr_msgs/share/rvr_msgs/cmake/export_rvr_msgs__rosidl_generator_cppExport.cmake
[1.705s] -- Up-to-date: /home/mztejero/rvr_ros2_ws/install/rvr_msgs/share/rvr_msgs/cmake/export_rvr_msgs__rosidl_typesupport_fastrtps_cppExport.cmake
[1.707s] -- Up-to-date: /home/mztejero/rvr_ros2_ws/install/rvr_msgs/share/rvr_msgs/cmake/export_rvr_msgs__rosidl_typesupport_fastrtps_cppExport-noconfig.cmake
[1.710s] -- Up-to-date: /home/mztejero/rvr_ros2_ws/install/rvr_msgs/share/rvr_msgs/cmake/rvr_msgs__rosidl_typesupport_introspection_cppExport.cmake
[1.711s] -- Up-to-date: /home/mztejero/rvr_ros2_ws/install/rvr_msgs/share/rvr_msgs/cmake/rvr_msgs__rosidl_typesupport_introspection_cppExport-noconfig.cmake
[1.711s] -- Up-to-date: /home/mztejero/rvr_ros2_ws/install/rvr_msgs/share/rvr_msgs/cmake/rvr_msgs__rosidl_typesupport_cppExport.cmake
[1.712s] -- Up-to-date: /home/mztejero/rvr_ros2_ws/install/rvr_msgs/share/rvr_msgs/cmake/rvr_msgs__rosidl_typesupport_cppExport-noconfig.cmake
[1.712s] -- Up-to-date: /home/mztejero/rvr_ros2_ws/install/rvr_msgs/share/rvr_msgs/cmake/export_rvr_msgs__rosidl_generator_pyExport.cmake
[1.712s] -- Up-to-date: /home/mztejero/rvr_ros2_ws/install/rvr_msgs/share/rvr_msgs/cmake/export_rvr_msgs__rosidl_generator_pyExport-noconfig.cmake
[1.713s] -- Up-to-date: /home/mztejero/rvr_ros2_ws/install/rvr_msgs/share/rvr_msgs/cmake/rosidl_cmake-extras.cmake
[1.714s] -- Up-to-date: /home/mztejero/rvr_ros2_ws/install/rvr_msgs/share/rvr_msgs/cmake/ament_cmake_export_dependencies-extras.cmake
[1.714s] -- Up-to-date: /home/mztejero/rvr_ros2_ws/install/rvr_msgs/share/rvr_msgs/cmake/ament_cmake_export_include_directories-extras.cmake
[1.715s] -- Up-to-date: /home/mztejero/rvr_ros2_ws/install/rvr_msgs/share/rvr_msgs/cmake/ament_cmake_export_libraries-extras.cmake
[1.715s] -- Up-to-date: /home/mztejero/rvr_ros2_ws/install/rvr_msgs/share/rvr_msgs/cmake/ament_cmake_export_targets-extras.cmake
[1.715s] -- Up-to-date: /home/mztejero/rvr_ros2_ws/install/rvr_msgs/share/rvr_msgs/cmake/rosidl_cmake_export_typesupport_targets-extras.cmake
[1.716s] -- Up-to-date: /home/mztejero/rvr_ros2_ws/install/rvr_msgs/share/rvr_msgs/cmake/rosidl_cmake_export_typesupport_libraries-extras.cmake
[1.716s] -- Up-to-date: /home/mztejero/rvr_ros2_ws/install/rvr_msgs/share/rvr_msgs/cmake/rvr_msgsConfig.cmake
[1.718s] -- Up-to-date: /home/mztejero/rvr_ros2_ws/install/rvr_msgs/share/rvr_msgs/cmake/rvr_msgsConfig-version.cmake
[1.721s] -- Up-to-date: /home/mztejero/rvr_ros2_ws/install/rvr_msgs/share/rvr_msgs/package.xml
[1.721s] Invoked command in '/home/mztejero/rvr_ros2_ws/build/rvr_msgs' returned '0': CMAKE_PREFIX_PATH=${CMAKE_PREFIX_PATH}:/home/mztejero/rover_ws/install/hardware_interface:/opt/ros/humble /usr/bin/cmake --install /home/mztejero/rvr_ros2_ws/build/rvr_msgs
