[0.262s] Invoking command in '/home/mztejero/rvr_ros2_ws/build/rvr_msgs': CMAKE_PREFIX_PATH=${CMAKE_PREFIX_PATH}:/home/mztejero/rover_ws/install/hardware_interface:/opt/ros/humble /usr/bin/cmake --build /home/mztejero/rvr_ros2_ws/build/rvr_msgs -- -j4 -l4
[0.494s] [  3%] Built target rvr_msgs__cpp
[0.508s] [ 12%] Built target rvr_msgs__rosidl_generator_c
[0.554s] [ 12%] Built target ament_cmake_python_copy_rvr_msgs
[0.601s] [ 22%] Built target rvr_msgs__rosidl_typesupport_cpp
[0.621s] [ 35%] Built target rvr_msgs__rosidl_typesupport_fastrtps_cpp
[0.622s] [ 41%] Built target rvr_msgs__rosidl_typesupport_introspection_cpp
[0.647s] [ 51%] Built target rvr_msgs__rosidl_typesupport_fastrtps_c
[0.667s] [ 61%] Built target rvr_msgs__rosidl_typesupport_introspection_c
[0.694s] [ 70%] Built target rvr_msgs__rosidl_typesupport_c
[0.768s] [ 70%] Built target rvr_msgs
[0.866s] [ 74%] Built target rvr_msgs__py
[0.942s] [ 80%] Built target rvr_msgs__rosidl_generator_py
[1.059s] [ 93%] Built target rvr_msgs__rosidl_typesupport_fastrtps_c__pyext
[1.073s] [100%] Built target rvr_msgs__rosidl_typesupport_c__pyext
[1.089s] [100%] Built target rvr_msgs__rosidl_typesupport_introspection_c__pyext
[1.341s] running egg_info
[1.344s] writing rvr_msgs.egg-info/PKG-INFO
[1.345s] writing dependency_links to rvr_msgs.egg-info/dependency_links.txt
[1.345s] writing top-level names to rvr_msgs.egg-info/top_level.txt
[1.349s] reading manifest file 'rvr_msgs.egg-info/SOURCES.txt'
[1.351s] writing manifest file 'rvr_msgs.egg-info/SOURCES.txt'
[1.409s] [100%] Built target ament_cmake_python_build_rvr_msgs_egg
[1.437s] Invoked command in '/home/mztejero/rvr_ros2_ws/build/rvr_msgs' returned '0': CMAKE_PREFIX_PATH=${CMAKE_PREFIX_PATH}:/home/mztejero/rover_ws/install/hardware_interface:/opt/ros/humble /usr/bin/cmake --build /home/mztejero/rvr_ros2_ws/build/rvr_msgs -- -j4 -l4
[1.445s] Invoking command in '/home/mztejero/rvr_ros2_ws/build/rvr_msgs': CMAKE_PREFIX_PATH=${CMAKE_PREFIX_PATH}:/home/mztejero/rover_ws/install/hardware_interface:/opt/ros/humble /usr/bin/cmake --install /home/mztejero/rvr_ros2_ws/build/rvr_msgs
[1.457s] -- Install configuration: ""
[1.458s] -- Up-to-date: /home/mztejero/rvr_ros2_ws/install/rvr_msgs/share/ament_index/resource_index/rosidl_interfaces/rvr_msgs
[1.458s] -- Up-to-date: /home/mztejero/rvr_ros2_ws/install/rvr_msgs/include/rvr_msgs/rvr_msgs
[1.458s] -- Up-to-date: /home/mztejero/rvr_ros2_ws/install/rvr_msgs/include/rvr_msgs/rvr_msgs/msg
[1.458s] -- Up-to-date: /home/mztejero/rvr_ros2_ws/install/rvr_msgs/include/rvr_msgs/rvr_msgs/msg/detail
[1.459s] -- Up-to-date: /home/mztejero/rvr_ros2_ws/install/rvr_msgs/include/rvr_msgs/rvr_msgs/msg/detail/command_velocities__struct.h
[1.459s] -- Up-to-date: /home/mztejero/rvr_ros2_ws/install/rvr_msgs/include/rvr_msgs/rvr_msgs/msg/detail/command_velocities__type_support.h
[1.459s] -- Up-to-date: /home/mztejero/rvr_ros2_ws/install/rvr_msgs/include/rvr_msgs/rvr_msgs/msg/detail/command_velocities__functions.c
[1.459s] -- Up-to-date: /home/mztejero/rvr_ros2_ws/install/rvr_msgs/include/rvr_msgs/rvr_msgs/msg/detail/command_velocities__functions.h
[1.460s] -- Up-to-date: /home/mztejero/rvr_ros2_ws/install/rvr_msgs/include/rvr_msgs/rvr_msgs/msg/command_velocities.h
[1.460s] -- Up-to-date: /home/mztejero/rvr_ros2_ws/install/rvr_msgs/include/rvr_msgs/rvr_msgs/msg/rosidl_generator_c__visibility_control.h
[1.460s] -- Up-to-date: /home/mztejero/rvr_ros2_ws/install/rvr_msgs/share/rvr_msgs/environment/library_path.sh
[1.460s] -- Up-to-date: /home/mztejero/rvr_ros2_ws/install/rvr_msgs/share/rvr_msgs/environment/library_path.dsv
[1.460s] -- Up-to-date: /home/mztejero/rvr_ros2_ws/install/rvr_msgs/lib/librvr_msgs__rosidl_generator_c.so
[1.461s] -- Up-to-date: /home/mztejero/rvr_ros2_ws/install/rvr_msgs/include/rvr_msgs/rvr_msgs
[1.461s] -- Up-to-date: /home/mztejero/rvr_ros2_ws/install/rvr_msgs/include/rvr_msgs/rvr_msgs/msg
[1.461s] -- Up-to-date: /home/mztejero/rvr_ros2_ws/install/rvr_msgs/include/rvr_msgs/rvr_msgs/msg/detail
[1.461s] -- Up-to-date: /home/mztejero/rvr_ros2_ws/install/rvr_msgs/include/rvr_msgs/rvr_msgs/msg/detail/command_velocities__rosidl_typesupport_fastrtps_c.h
[1.462s] -- Up-to-date: /home/mztejero/rvr_ros2_ws/install/rvr_msgs/include/rvr_msgs/rvr_msgs/msg/rosidl_typesupport_fastrtps_c__visibility_control.h
[1.462s] -- Up-to-date: /home/mztejero/rvr_ros2_ws/install/rvr_msgs/lib/librvr_msgs__rosidl_typesupport_fastrtps_c.so
[1.462s] -- Up-to-date: /home/mztejero/rvr_ros2_ws/install/rvr_msgs/include/rvr_msgs/rvr_msgs
[1.462s] -- Up-to-date: /home/mztejero/rvr_ros2_ws/install/rvr_msgs/include/rvr_msgs/rvr_msgs/msg
[1.463s] -- Up-to-date: /home/mztejero/rvr_ros2_ws/install/rvr_msgs/include/rvr_msgs/rvr_msgs/msg/detail
[1.463s] -- Up-to-date: /home/mztejero/rvr_ros2_ws/install/rvr_msgs/include/rvr_msgs/rvr_msgs/msg/detail/command_velocities__rosidl_typesupport_introspection_c.h
[1.463s] -- Up-to-date: /home/mztejero/rvr_ros2_ws/install/rvr_msgs/include/rvr_msgs/rvr_msgs/msg/detail/command_velocities__type_support.c
[1.464s] -- Up-to-date: /home/mztejero/rvr_ros2_ws/install/rvr_msgs/include/rvr_msgs/rvr_msgs/msg/rosidl_typesupport_introspection_c__visibility_control.h
[1.464s] -- Up-to-date: /home/mztejero/rvr_ros2_ws/install/rvr_msgs/lib/librvr_msgs__rosidl_typesupport_introspection_c.so
[1.466s] -- Up-to-date: /home/mztejero/rvr_ros2_ws/install/rvr_msgs/lib/librvr_msgs__rosidl_typesupport_c.so
[1.466s] -- Up-to-date: /home/mztejero/rvr_ros2_ws/install/rvr_msgs/include/rvr_msgs/rvr_msgs
[1.466s] -- Up-to-date: /home/mztejero/rvr_ros2_ws/install/rvr_msgs/include/rvr_msgs/rvr_msgs/msg
[1.466s] -- Up-to-date: /home/mztejero/rvr_ros2_ws/install/rvr_msgs/include/rvr_msgs/rvr_msgs/msg/detail
[1.466s] -- Up-to-date: /home/mztejero/rvr_ros2_ws/install/rvr_msgs/include/rvr_msgs/rvr_msgs/msg/detail/command_velocities__type_support.hpp
[1.466s] -- Up-to-date: /home/mztejero/rvr_ros2_ws/install/rvr_msgs/include/rvr_msgs/rvr_msgs/msg/detail/command_velocities__builder.hpp
[1.466s] -- Up-to-date: /home/mztejero/rvr_ros2_ws/install/rvr_msgs/include/rvr_msgs/rvr_msgs/msg/detail/command_velocities__traits.hpp
[1.467s] -- Up-to-date: /home/mztejero/rvr_ros2_ws/install/rvr_msgs/include/rvr_msgs/rvr_msgs/msg/detail/command_velocities__struct.hpp
[1.467s] -- Up-to-date: /home/mztejero/rvr_ros2_ws/install/rvr_msgs/include/rvr_msgs/rvr_msgs/msg/command_velocities.hpp
[1.467s] -- Up-to-date: /home/mztejero/rvr_ros2_ws/install/rvr_msgs/include/rvr_msgs/rvr_msgs/msg/rosidl_generator_cpp__visibility_control.hpp
[1.468s] -- Up-to-date: /home/mztejero/rvr_ros2_ws/install/rvr_msgs/include/rvr_msgs/rvr_msgs
[1.469s] -- Up-to-date: /home/mztejero/rvr_ros2_ws/install/rvr_msgs/include/rvr_msgs/rvr_msgs/msg
[1.469s] -- Up-to-date: /home/mztejero/rvr_ros2_ws/install/rvr_msgs/include/rvr_msgs/rvr_msgs/msg/detail
[1.469s] -- Up-to-date: /home/mztejero/rvr_ros2_ws/install/rvr_msgs/include/rvr_msgs/rvr_msgs/msg/detail/command_velocities__rosidl_typesupport_fastrtps_cpp.hpp
[1.470s] -- Up-to-date: /home/mztejero/rvr_ros2_ws/install/rvr_msgs/include/rvr_msgs/rvr_msgs/msg/detail/dds_fastrtps
[1.470s] -- Up-to-date: /home/mztejero/rvr_ros2_ws/install/rvr_msgs/include/rvr_msgs/rvr_msgs/msg/rosidl_typesupport_fastrtps_cpp__visibility_control.h
[1.471s] -- Up-to-date: /home/mztejero/rvr_ros2_ws/install/rvr_msgs/lib/librvr_msgs__rosidl_typesupport_fastrtps_cpp.so
[1.471s] -- Up-to-date: /home/mztejero/rvr_ros2_ws/install/rvr_msgs/include/rvr_msgs/rvr_msgs
[1.471s] -- Up-to-date: /home/mztejero/rvr_ros2_ws/install/rvr_msgs/include/rvr_msgs/rvr_msgs/msg
[1.471s] -- Up-to-date: /home/mztejero/rvr_ros2_ws/install/rvr_msgs/include/rvr_msgs/rvr_msgs/msg/detail
[1.471s] -- Up-to-date: /home/mztejero/rvr_ros2_ws/install/rvr_msgs/include/rvr_msgs/rvr_msgs/msg/detail/command_velocities__type_support.cpp
[1.471s] -- Up-to-date: /home/mztejero/rvr_ros2_ws/install/rvr_msgs/include/rvr_msgs/rvr_msgs/msg/detail/command_velocities__rosidl_typesupport_introspection_cpp.hpp
[1.471s] -- Up-to-date: /home/mztejero/rvr_ros2_ws/install/rvr_msgs/lib/librvr_msgs__rosidl_typesupport_introspection_cpp.so
[1.472s] -- Up-to-date: /home/mztejero/rvr_ros2_ws/install/rvr_msgs/lib/librvr_msgs__rosidl_typesupport_cpp.so
[1.472s] -- Up-to-date: /home/mztejero/rvr_ros2_ws/install/rvr_msgs/share/rvr_msgs/environment/pythonpath.sh
[1.472s] -- Up-to-date: /home/mztejero/rvr_ros2_ws/install/rvr_msgs/share/rvr_msgs/environment/pythonpath.dsv
[1.472s] -- Up-to-date: /home/mztejero/rvr_ros2_ws/install/rvr_msgs/local/lib/python3.10/dist-packages/rvr_msgs-0.0.0-py3.10.egg-info
[1.472s] -- Installing: /home/mztejero/rvr_ros2_ws/install/rvr_msgs/local/lib/python3.10/dist-packages/rvr_msgs-0.0.0-py3.10.egg-info/PKG-INFO
[1.472s] -- Installing: /home/mztejero/rvr_ros2_ws/install/rvr_msgs/local/lib/python3.10/dist-packages/rvr_msgs-0.0.0-py3.10.egg-info/SOURCES.txt
[1.473s] -- Installing: /home/mztejero/rvr_ros2_ws/install/rvr_msgs/local/lib/python3.10/dist-packages/rvr_msgs-0.0.0-py3.10.egg-info/top_level.txt
[1.473s] -- Installing: /home/mztejero/rvr_ros2_ws/install/rvr_msgs/local/lib/python3.10/dist-packages/rvr_msgs-0.0.0-py3.10.egg-info/dependency_links.txt
[1.473s] -- Up-to-date: /home/mztejero/rvr_ros2_ws/install/rvr_msgs/local/lib/python3.10/dist-packages/rvr_msgs
[1.473s] -- Up-to-date: /home/mztejero/rvr_ros2_ws/install/rvr_msgs/local/lib/python3.10/dist-packages/rvr_msgs/msg
[1.473s] -- Up-to-date: /home/mztejero/rvr_ros2_ws/install/rvr_msgs/local/lib/python3.10/dist-packages/rvr_msgs/msg/_command_velocities_s.c
[1.473s] -- Up-to-date: /home/mztejero/rvr_ros2_ws/install/rvr_msgs/local/lib/python3.10/dist-packages/rvr_msgs/msg/__init__.py
[1.474s] -- Up-to-date: /home/mztejero/rvr_ros2_ws/install/rvr_msgs/local/lib/python3.10/dist-packages/rvr_msgs/msg/_command_velocities.py
[1.474s] -- Up-to-date: /home/mztejero/rvr_ros2_ws/install/rvr_msgs/local/lib/python3.10/dist-packages/rvr_msgs/__init__.py
[1.474s] -- Up-to-date: /home/mztejero/rvr_ros2_ws/install/rvr_msgs/local/lib/python3.10/dist-packages/rvr_msgs/librvr_msgs__rosidl_generator_py.so
[1.474s] -- Up-to-date: /home/mztejero/rvr_ros2_ws/install/rvr_msgs/local/lib/python3.10/dist-packages/rvr_msgs/_rvr_msgs_s.ep.rosidl_typesupport_fastrtps_c.c
[1.475s] -- Up-to-date: /home/mztejero/rvr_ros2_ws/install/rvr_msgs/local/lib/python3.10/dist-packages/rvr_msgs/_rvr_msgs_s.ep.rosidl_typesupport_introspection_c.c
[1.475s] -- Up-to-date: /home/mztejero/rvr_ros2_ws/install/rvr_msgs/local/lib/python3.10/dist-packages/rvr_msgs/rvr_msgs_s__rosidl_typesupport_fastrtps_c.cpython-310-x86_64-linux-gnu.so
[1.475s] -- Up-to-date: /home/mztejero/rvr_ros2_ws/install/rvr_msgs/local/lib/python3.10/dist-packages/rvr_msgs/_rvr_msgs_s.ep.rosidl_typesupport_c.c
[1.475s] -- Up-to-date: /home/mztejero/rvr_ros2_ws/install/rvr_msgs/local/lib/python3.10/dist-packages/rvr_msgs/rvr_msgs_s__rosidl_typesupport_c.cpython-310-x86_64-linux-gnu.so
[1.475s] -- Up-to-date: /home/mztejero/rvr_ros2_ws/install/rvr_msgs/local/lib/python3.10/dist-packages/rvr_msgs/rvr_msgs_s__rosidl_typesupport_introspection_c.cpython-310-x86_64-linux-gnu.so
[1.582s] Listing '/home/mztejero/rvr_ros2_ws/install/rvr_msgs/local/lib/python3.10/dist-packages/rvr_msgs'...
[1.582s] Listing '/home/mztejero/rvr_ros2_ws/install/rvr_msgs/local/lib/python3.10/dist-packages/rvr_msgs/msg'...
[1.596s] -- Up-to-date: /home/mztejero/rvr_ros2_ws/install/rvr_msgs/local/lib/python3.10/dist-packages/rvr_msgs/rvr_msgs_s__rosidl_typesupport_fastrtps_c.cpython-310-x86_64-linux-gnu.so
[1.598s] -- Up-to-date: /home/mztejero/rvr_ros2_ws/install/rvr_msgs/local/lib/python3.10/dist-packages/rvr_msgs/rvr_msgs_s__rosidl_typesupport_introspection_c.cpython-310-x86_64-linux-gnu.so
[1.599s] -- Up-to-date: /home/mztejero/rvr_ros2_ws/install/rvr_msgs/local/lib/python3.10/dist-packages/rvr_msgs/rvr_msgs_s__rosidl_typesupport_c.cpython-310-x86_64-linux-gnu.so
[1.599s] -- Up-to-date: /home/mztejero/rvr_ros2_ws/install/rvr_msgs/lib/librvr_msgs__rosidl_generator_py.so
[1.600s] -- Up-to-date: /home/mztejero/rvr_ros2_ws/install/rvr_msgs/share/rvr_msgs/msg/CommandVelocities.idl
[1.600s] -- Up-to-date: /home/mztejero/rvr_ros2_ws/install/rvr_msgs/share/rvr_msgs/msg/CommandVelocities.msg
[1.601s] -- Up-to-date: /home/mztejero/rvr_ros2_ws/install/rvr_msgs/share/ament_index/resource_index/package_run_dependencies/rvr_msgs
[1.602s] -- Up-to-date: /home/mztejero/rvr_ros2_ws/install/rvr_msgs/share/ament_index/resource_index/parent_prefix_path/rvr_msgs
[1.603s] -- Up-to-date: /home/mztejero/rvr_ros2_ws/install/rvr_msgs/share/rvr_msgs/environment/ament_prefix_path.sh
[1.606s] -- Up-to-date: /home/mztejero/rvr_ros2_ws/install/rvr_msgs/share/rvr_msgs/environment/ament_prefix_path.dsv
[1.606s] -- Up-to-date: /home/mztejero/rvr_ros2_ws/install/rvr_msgs/share/rvr_msgs/environment/path.sh
[1.607s] -- Up-to-date: /home/mztejero/rvr_ros2_ws/install/rvr_msgs/share/rvr_msgs/environment/path.dsv
[1.607s] -- Up-to-date: /home/mztejero/rvr_ros2_ws/install/rvr_msgs/share/rvr_msgs/local_setup.bash
[1.607s] -- Up-to-date: /home/mztejero/rvr_ros2_ws/install/rvr_msgs/share/rvr_msgs/local_setup.sh
[1.607s] -- Up-to-date: /home/mztejero/rvr_ros2_ws/install/rvr_msgs/share/rvr_msgs/local_setup.zsh
[1.608s] -- Up-to-date: /home/mztejero/rvr_ros2_ws/install/rvr_msgs/share/rvr_msgs/local_setup.dsv
[1.608s] -- Installing: /home/mztejero/rvr_ros2_ws/install/rvr_msgs/share/rvr_msgs/package.dsv
[1.608s] -- Up-to-date: /home/mztejero/rvr_ros2_ws/install/rvr_msgs/share/ament_index/resource_index/packages/rvr_msgs
[1.608s] -- Up-to-date: /home/mztejero/rvr_ros2_ws/install/rvr_msgs/share/rvr_msgs/cmake/export_rvr_msgs__rosidl_generator_cExport.cmake
[1.609s] -- Up-to-date: /home/mztejero/rvr_ros2_ws/install/rvr_msgs/share/rvr_msgs/cmake/export_rvr_msgs__rosidl_generator_cExport-noconfig.cmake
[1.611s] -- Up-to-date: /home/mztejero/rvr_ros2_ws/install/rvr_msgs/share/rvr_msgs/cmake/export_rvr_msgs__rosidl_typesupport_fastrtps_cExport.cmake
[1.611s] -- Up-to-date: /home/mztejero/rvr_ros2_ws/install/rvr_msgs/share/rvr_msgs/cmake/export_rvr_msgs__rosidl_typesupport_fastrtps_cExport-noconfig.cmake
[1.612s] -- Up-to-date: /home/mztejero/rvr_ros2_ws/install/rvr_msgs/share/rvr_msgs/cmake/rvr_msgs__rosidl_typesupport_introspection_cExport.cmake
[1.612s] -- Up-to-date: /home/mztejero/rvr_ros2_ws/install/rvr_msgs/share/rvr_msgs/cmake/rvr_msgs__rosidl_typesupport_introspection_cExport-noconfig.cmake
[1.612s] -- Up-to-date: /home/mztejero/rvr_ros2_ws/install/rvr_msgs/share/rvr_msgs/cmake/rvr_msgs__rosidl_typesupport_cExport.cmake
[1.613s] -- Up-to-date: /home/mztejero/rvr_ros2_ws/install/rvr_msgs/share/rvr_msgs/cmake/rvr_msgs__rosidl_typesupport_cExport-noconfig.cmake
[1.613s] -- Up-to-date: /home/mztejero/rvr_ros2_ws/install/rvr_msgs/share/rvr_msgs/cmake/export_rvr_msgs__rosidl_generator_cppExport.cmake
[1.614s] -- Up-to-date: /home/mztejero/rvr_ros2_ws/install/rvr_msgs/share/rvr_msgs/cmake/export_rvr_msgs__rosidl_typesupport_fastrtps_cppExport.cmake
[1.614s] -- Up-to-date: /home/mztejero/rvr_ros2_ws/install/rvr_msgs/share/rvr_msgs/cmake/export_rvr_msgs__rosidl_typesupport_fastrtps_cppExport-noconfig.cmake
[1.614s] -- Up-to-date: /home/mztejero/rvr_ros2_ws/install/rvr_msgs/share/rvr_msgs/cmake/rvr_msgs__rosidl_typesupport_introspection_cppExport.cmake
[1.614s] -- Up-to-date: /home/mztejero/rvr_ros2_ws/install/rvr_msgs/share/rvr_msgs/cmake/rvr_msgs__rosidl_typesupport_introspection_cppExport-noconfig.cmake
[1.614s] -- Up-to-date: /home/mztejero/rvr_ros2_ws/install/rvr_msgs/share/rvr_msgs/cmake/rvr_msgs__rosidl_typesupport_cppExport.cmake
[1.616s] -- Up-to-date: /home/mztejero/rvr_ros2_ws/install/rvr_msgs/share/rvr_msgs/cmake/rvr_msgs__rosidl_typesupport_cppExport-noconfig.cmake
[1.619s] -- Up-to-date: /home/mztejero/rvr_ros2_ws/install/rvr_msgs/share/rvr_msgs/cmake/export_rvr_msgs__rosidl_generator_pyExport.cmake
[1.620s] -- Up-to-date: /home/mztejero/rvr_ros2_ws/install/rvr_msgs/share/rvr_msgs/cmake/export_rvr_msgs__rosidl_generator_pyExport-noconfig.cmake
[1.621s] -- Up-to-date: /home/mztejero/rvr_ros2_ws/install/rvr_msgs/share/rvr_msgs/cmake/rosidl_cmake-extras.cmake
[1.621s] -- Up-to-date: /home/mztejero/rvr_ros2_ws/install/rvr_msgs/share/rvr_msgs/cmake/ament_cmake_export_dependencies-extras.cmake
[1.622s] -- Up-to-date: /home/mztejero/rvr_ros2_ws/install/rvr_msgs/share/rvr_msgs/cmake/ament_cmake_export_include_directories-extras.cmake
[1.622s] -- Up-to-date: /home/mztejero/rvr_ros2_ws/install/rvr_msgs/share/rvr_msgs/cmake/ament_cmake_export_libraries-extras.cmake
[1.622s] -- Up-to-date: /home/mztejero/rvr_ros2_ws/install/rvr_msgs/share/rvr_msgs/cmake/ament_cmake_export_targets-extras.cmake
[1.623s] -- Up-to-date: /home/mztejero/rvr_ros2_ws/install/rvr_msgs/share/rvr_msgs/cmake/rosidl_cmake_export_typesupport_targets-extras.cmake
[1.635s] -- Up-to-date: /home/mztejero/rvr_ros2_ws/install/rvr_msgs/share/rvr_msgs/cmake/rosidl_cmake_export_typesupport_libraries-extras.cmake
[1.641s] -- Up-to-date: /home/mztejero/rvr_ros2_ws/install/rvr_msgs/share/rvr_msgs/cmake/rvr_msgsConfig.cmake
[1.642s] -- Up-to-date: /home/mztejero/rvr_ros2_ws/install/rvr_msgs/share/rvr_msgs/cmake/rvr_msgsConfig-version.cmake
[1.642s] -- Up-to-date: /home/mztejero/rvr_ros2_ws/install/rvr_msgs/share/rvr_msgs/package.xml
[1.644s] Invoked command in '/home/mztejero/rvr_ros2_ws/build/rvr_msgs' returned '0': CMAKE_PREFIX_PATH=${CMAKE_PREFIX_PATH}:/home/mztejero/rover_ws/install/hardware_interface:/opt/ros/humble /usr/bin/cmake --install /home/mztejero/rvr_ros2_ws/build/rvr_msgs
