[0.052s] Invoking command in '/home/mztejero/rvr_ros2_ws/build/visualization': CMAKE_PREFIX_PATH=${CMAKE_PREFIX_PATH}:/home/mztejero/rover_ws/install/hardware_interface:/opt/ros/humble /usr/bin/cmake /home/mztejero/rvr_ros2_ws/src/visualization -DCMAKE_INSTALL_PREFIX=/home/mztejero/rvr_ros2_ws/install/visualization
[0.502s] -- The C compiler identification is GNU 11.4.0
[0.688s] -- The CXX compiler identification is GNU 11.4.0
[0.708s] -- Detecting C compiler ABI info
[0.948s] -- Detecting C compiler ABI info - done
[0.985s] -- Check for working C compiler: /usr/bin/cc - skipped
[0.990s] -- Detecting C compile features
[0.998s] -- Detecting C compile features - done
[1.005s] -- Detecting CXX compiler ABI info
[1.208s] -- Detecting CXX compiler ABI info - done
[1.238s] -- Check for working CXX compiler: /usr/bin/c++ - skipped
[1.239s] -- Detecting CXX compile features
[1.240s] -- Detecting CXX compile features - done
[1.245s] -- Found ament_cmake: 1.3.12 (/opt/ros/humble/share/ament_cmake/cmake)
[1.614s] -- Found Python3: /usr/bin/python3 (found version "3.10.12") found components: Interpreter 
[2.006s] -- Found ament_lint_auto: 0.12.14 (/opt/ros/humble/share/ament_lint_auto/cmake)
[2.248s] -- Added test 'lint_cmake' to check CMake code style
[2.249s] -- Added test 'xmllint' to check XML markup files
[2.255s] -- Configuring done
[2.262s] -- Generating done
[2.269s] -- Build files have been written to: /home/mztejero/rvr_ros2_ws/build/visualization
[2.281s] Invoked command in '/home/mztejero/rvr_ros2_ws/build/visualization' returned '0': CMAKE_PREFIX_PATH=${CMAKE_PREFIX_PATH}:/home/mztejero/rover_ws/install/hardware_interface:/opt/ros/humble /usr/bin/cmake /home/mztejero/rvr_ros2_ws/src/visualization -DCMAKE_INSTALL_PREFIX=/home/mztejero/rvr_ros2_ws/install/visualization
[2.282s] Invoking command in '/home/mztejero/rvr_ros2_ws/build/visualization': CMAKE_PREFIX_PATH=${CMAKE_PREFIX_PATH}:/home/mztejero/rover_ws/install/hardware_interface:/opt/ros/humble /usr/bin/cmake --build /home/mztejero/rvr_ros2_ws/build/visualization -- -j4 -l4
[2.419s] Invoked command in '/home/mztejero/rvr_ros2_ws/build/visualization' returned '0': CMAKE_PREFIX_PATH=${CMAKE_PREFIX_PATH}:/home/mztejero/rover_ws/install/hardware_interface:/opt/ros/humble /usr/bin/cmake --build /home/mztejero/rvr_ros2_ws/build/visualization -- -j4 -l4
[2.423s] Invoking command in '/home/mztejero/rvr_ros2_ws/build/visualization': CMAKE_PREFIX_PATH=${CMAKE_PREFIX_PATH}:/home/mztejero/rover_ws/install/hardware_interface:/opt/ros/humble /usr/bin/cmake --install /home/mztejero/rvr_ros2_ws/build/visualization
[2.445s] -- Install configuration: ""
[2.449s] -- Installing: /home/mztejero/rvr_ros2_ws/install/visualization/share/ament_index/resource_index/package_run_dependencies/visualization
[2.449s] -- Installing: /home/mztejero/rvr_ros2_ws/install/visualization/share/ament_index/resource_index/parent_prefix_path/visualization
[2.450s] -- Installing: /home/mztejero/rvr_ros2_ws/install/visualization/share/visualization/environment/ament_prefix_path.sh
[2.450s] -- Installing: /home/mztejero/rvr_ros2_ws/install/visualization/share/visualization/environment/ament_prefix_path.dsv
[2.450s] -- Installing: /home/mztejero/rvr_ros2_ws/install/visualization/share/visualization/environment/path.sh
[2.453s] -- Installing: /home/mztejero/rvr_ros2_ws/install/visualization/share/visualization/environment/path.dsv
[2.453s] -- Installing: /home/mztejero/rvr_ros2_ws/install/visualization/share/visualization/local_setup.bash
[2.453s] -- Installing: /home/mztejero/rvr_ros2_ws/install/visualization/share/visualization/local_setup.sh
[2.455s] -- Installing: /home/mztejero/rvr_ros2_ws/install/visualization/share/visualization/local_setup.zsh
[2.456s] -- Installing: /home/mztejero/rvr_ros2_ws/install/visualization/share/visualization/local_setup.dsv
[2.457s] -- Installing: /home/mztejero/rvr_ros2_ws/install/visualization/share/visualization/package.dsv
[2.458s] -- Installing: /home/mztejero/rvr_ros2_ws/install/visualization/share/ament_index/resource_index/packages/visualization
[2.459s] -- Installing: /home/mztejero/rvr_ros2_ws/install/visualization/share/visualization/cmake/visualizationConfig.cmake
[2.465s] -- Installing: /home/mztejero/rvr_ros2_ws/install/visualization/share/visualization/cmake/visualizationConfig-version.cmake
[2.467s] -- Installing: /home/mztejero/rvr_ros2_ws/install/visualization/share/visualization/package.xml
[2.470s] Invoked command in '/home/mztejero/rvr_ros2_ws/build/visualization' returned '0': CMAKE_PREFIX_PATH=${CMAKE_PREFIX_PATH}:/home/mztejero/rover_ws/install/hardware_interface:/opt/ros/humble /usr/bin/cmake --install /home/mztejero/rvr_ros2_ws/build/visualization
