[35m[1mConsolidate compiler generated dependencies of target cmd_vel_sub[0m
[35m[1mConsolidate compiler generated dependencies of target rvr_data_pub[0m
[ 14%] [32mBuilding CXX object CMakeFiles/cmd_vel_sub.dir/src/cmd_vel_sub_lib.cpp.o[0m
[ 28%] [32mBuilding CXX object CMakeFiles/cmd_vel_sub.dir/src/cmd_vel_sub_main.cpp.o[0m
[ 85%] Built target rvr_data_pub
In file included from [01m[K/home/mztejero/rvr_ros2_ws/src/onboard_pkg/src/cmd_vel_sub_main.cpp:1[m[K:
[01m[K/home/mztejero/rvr_ros2_ws/src/onboard_pkg/include/onboard_pkg/cmd_vel_sub_lib.hpp:12:3:[m[K [01;31m[Kerror: [m[K‘[01m[KrvrUsbInterface[m[K’ does not name a type
   12 |   [01;31m[KrvrUsbInterface[m[K serial;
      |   [01;31m[K^~~~~~~~~~~~~~~[m[K
In file included from [01m[K/home/mztejero/rvr_ros2_ws/src/onboard_pkg/src/cmd_vel_sub_lib.cpp:1[m[K:
[01m[K/home/mztejero/rvr_ros2_ws/src/onboard_pkg/include/onboard_pkg/cmd_vel_sub_lib.hpp:12:3:[m[K [01;31m[Kerror: [m[K‘[01m[KrvrUsbInterface[m[K’ does not name a type
   12 |   [01;31m[KrvrUsbInterface[m[K serial;
      |   [01;31m[K^~~~~~~~~~~~~~~[m[K
[01m[K/home/mztejero/rvr_ros2_ws/src/onboard_pkg/src/cmd_vel_sub_lib.cpp:[m[K In member function ‘[01m[Kvoid CmdVelSubscriber::topic_callback(const CommandVelocities&)[m[K’:
[01m[K/home/mztejero/rvr_ros2_ws/src/onboard_pkg/src/cmd_vel_sub_lib.cpp:11:3:[m[K [01;31m[Kerror: [m[K‘[01m[Kserial[m[K’ was not declared in this scope
   11 |   [01;31m[Kserial[m[K.setCmdVel(msg.v1, msg.v2, msg.v3, msg.v4);
      |   [01;31m[K^~~~~~[m[K
gmake[2]: *** [CMakeFiles/cmd_vel_sub.dir/build.make:90: CMakeFiles/cmd_vel_sub.dir/src/cmd_vel_sub_main.cpp.o] Error 1
gmake[2]: *** Waiting for unfinished jobs....
gmake[2]: *** [CMakeFiles/cmd_vel_sub.dir/build.make:76: CMakeFiles/cmd_vel_sub.dir/src/cmd_vel_sub_lib.cpp.o] Error 1
gmake[1]: *** [CMakeFiles/Makefile2:139: CMakeFiles/cmd_vel_sub.dir/all] Error 2
gmake: *** [Makefile:146: all] Error 2
