[0.078s] Invoking command in '/home/mztejero/rvr_ros2_ws/build/onboard_pkg': CMAKE_PREFIX_PATH=/home/mztejero/rvr_ros2_ws/install/rvr_msgs:/home/mztejero/rvr_ros2_ws/install/visualization:/home/mztejero/rvr_ros2_ws/install/onboard_pkg:/home/mztejero/rvr_ros2_ws/install/controller:/home/mztejero/rvr_ros2_ws/install/rvr_launch:/home/mztejero/rvr_ros2_ws/install/data_processor:/opt/ros/humble /usr/bin/cmake --build /home/mztejero/rvr_ros2_ws/build/onboard_pkg -- -j4 -l4
[0.251s] [35m[1mConsolidate compiler generated dependencies of target cmd_vel_sub[0m
[0.259s] [35m[1mConsolidate compiler generated dependencies of target rvr_data_pub[0m
[0.354s] [ 14%] [32mBuilding CXX object CMakeFiles/cmd_vel_sub.dir/src/cmd_vel_sub_lib.cpp.o[0m
[0.364s] [ 28%] [32mBuilding CXX object CMakeFiles/cmd_vel_sub.dir/src/cmd_vel_sub_main.cpp.o[0m
[0.364s] [ 85%] Built target rvr_data_pub
[11.888s] In file included from [01m[K/home/mztejero/rvr_ros2_ws/src/onboard_pkg/src/cmd_vel_sub_main.cpp:1[m[K:
[11.889s] [01m[K/home/mztejero/rvr_ros2_ws/src/onboard_pkg/include/onboard_pkg/cmd_vel_sub_lib.hpp:12:3:[m[K [01;31m[Kerror: [m[K‘[01m[KrvrUsbInterface[m[K’ does not name a type
[11.889s]    12 |   [01;31m[KrvrUsbInterface[m[K serial;
[11.889s]       |   [01;31m[K^~~~~~~~~~~~~~~[m[K
[12.150s] In file included from [01m[K/home/mztejero/rvr_ros2_ws/src/onboard_pkg/src/cmd_vel_sub_lib.cpp:1[m[K:
[12.150s] [01m[K/home/mztejero/rvr_ros2_ws/src/onboard_pkg/include/onboard_pkg/cmd_vel_sub_lib.hpp:12:3:[m[K [01;31m[Kerror: [m[K‘[01m[KrvrUsbInterface[m[K’ does not name a type
[12.151s]    12 |   [01;31m[KrvrUsbInterface[m[K serial;
[12.151s]       |   [01;31m[K^~~~~~~~~~~~~~~[m[K
[12.186s] [01m[K/home/mztejero/rvr_ros2_ws/src/onboard_pkg/src/cmd_vel_sub_lib.cpp:[m[K In member function ‘[01m[Kvoid CmdVelSubscriber::topic_callback(const CommandVelocities&)[m[K’:
[12.186s] [01m[K/home/mztejero/rvr_ros2_ws/src/onboard_pkg/src/cmd_vel_sub_lib.cpp:11:3:[m[K [01;31m[Kerror: [m[K‘[01m[Kserial[m[K’ was not declared in this scope
[12.187s]    11 |   [01;31m[Kserial[m[K.setCmdVel(msg.v1, msg.v2, msg.v3, msg.v4);
[12.187s]       |   [01;31m[K^~~~~~[m[K
[13.414s] gmake[2]: *** [CMakeFiles/cmd_vel_sub.dir/build.make:90: CMakeFiles/cmd_vel_sub.dir/src/cmd_vel_sub_main.cpp.o] Error 1
[13.415s] gmake[2]: *** Waiting for unfinished jobs....
[19.151s] gmake[2]: *** [CMakeFiles/cmd_vel_sub.dir/build.make:76: CMakeFiles/cmd_vel_sub.dir/src/cmd_vel_sub_lib.cpp.o] Error 1
[19.151s] gmake[1]: *** [CMakeFiles/Makefile2:139: CMakeFiles/cmd_vel_sub.dir/all] Error 2
[19.154s] gmake: *** [Makefile:146: all] Error 2
[19.160s] Invoked command in '/home/mztejero/rvr_ros2_ws/build/onboard_pkg' returned '2': CMAKE_PREFIX_PATH=/home/mztejero/rvr_ros2_ws/install/rvr_msgs:/home/mztejero/rvr_ros2_ws/install/visualization:/home/mztejero/rvr_ros2_ws/install/onboard_pkg:/home/mztejero/rvr_ros2_ws/install/controller:/home/mztejero/rvr_ros2_ws/install/rvr_launch:/home/mztejero/rvr_ros2_ws/install/data_processor:/opt/ros/humble /usr/bin/cmake --build /home/mztejero/rvr_ros2_ws/build/onboard_pkg -- -j4 -l4
