-- Found ament_cmake: 1.3.14 (/opt/ros/humble/share/ament_cmake/cmake)
-- Found rclcpp: 16.0.19 (/opt/ros/humble/share/rclcpp/cmake)
-- Found rosidl_generator_c: 3.1.8 (/opt/ros/humble/share/rosidl_generator_c/cmake)
-- Found rosidl_adapter: 3.1.8 (/opt/ros/humble/share/rosidl_adapter/cmake)
-- Found rosidl_generator_cpp: 3.1.8 (/opt/ros/humble/share/rosidl_generator_cpp/cmake)
-- Using all available rosidl_typesupport_c: rosidl_typesupport_fastrtps_c;rosidl_typesupport_introspection_c
-- Using all available rosidl_typesupport_cpp: rosidl_typesupport_fastrtps_cpp;rosidl_typesupport_introspection_cpp
-- Found rmw_implementation_cmake: 6.1.2 (/opt/ros/humble/share/rmw_implementation_cmake/cmake)
-- Found rmw_fastrtps_cpp: 6.2.10 (/opt/ros/humble/share/rmw_fastrtps_cpp/cmake)
-- Using RMW implementation 'rmw_fastrtps_cpp' as default
-- Found rvr_msgs: 0.0.0 (/home/mztejero/rvr_ros2_ws/install/rvr_msgs/share/rvr_msgs/cmake)
-- Found ament_lint_auto: 0.12.15 (/opt/ros/humble/share/ament_lint_auto/cmake)
-- Added test 'cppcheck' to perform static code analysis on C / C++ code
-- Configured cppcheck include dirs: /home/mztejero/rvr_ros2_ws/src/controller/include
-- Configured cppcheck exclude dirs and/or files: 
-- Added test 'lint_cmake' to check CMake code style
-- Added test 'uncrustify' to check C / C++ code style
-- Configured uncrustify additional arguments: 
-- Added test 'xmllint' to check XML markup files
-- Configuring done
-- Generating done
-- Build files have been written to: /home/mztejero/rvr_ros2_ws/build/controller
[35m[1mConsolidate compiler generated dependencies of target usb_interface_lib[0m
[35m[1mConsolidate compiler generated dependencies of target rc_pub[0m
[ 25%] Built target usb_interface_lib
[35m[1mConsolidate compiler generated dependencies of target controller_test[0m
[ 50%] Built target controller_test
[ 62%] [32mBuilding CXX object CMakeFiles/rc_pub.dir/src/rc_pub_lib.cpp.o[0m
[ 75%] [32mBuilding CXX object CMakeFiles/rc_pub.dir/src/rc_pub_main.cpp.o[0m
[ 87%] [32mBuilding CXX object CMakeFiles/rc_pub.dir/src/usb_interface_lib.cpp.o[0m
[100%] [32m[1mLinking CXX executable rc_pub[0m
[100%] Built target rc_pub
-- Install configuration: ""
-- Installing: /home/mztejero/rvr_ros2_ws/install/controller/lib/controller/rc_pub
-- Set runtime path of "/home/mztejero/rvr_ros2_ws/install/controller/lib/controller/rc_pub" to ""
-- Up-to-date: /home/mztejero/rvr_ros2_ws/install/controller/share/ament_index/resource_index/package_run_dependencies/controller
-- Installing: /home/mztejero/rvr_ros2_ws/install/controller/share/ament_index/resource_index/parent_prefix_path/controller
-- Installing: /home/mztejero/rvr_ros2_ws/install/controller/share/controller/environment/ament_prefix_path.sh
-- Installing: /home/mztejero/rvr_ros2_ws/install/controller/share/controller/environment/ament_prefix_path.dsv
-- Installing: /home/mztejero/rvr_ros2_ws/install/controller/share/controller/environment/path.sh
-- Installing: /home/mztejero/rvr_ros2_ws/install/controller/share/controller/environment/path.dsv
-- Up-to-date: /home/mztejero/rvr_ros2_ws/install/controller/share/controller/local_setup.bash
-- Up-to-date: /home/mztejero/rvr_ros2_ws/install/controller/share/controller/local_setup.sh
-- Up-to-date: /home/mztejero/rvr_ros2_ws/install/controller/share/controller/local_setup.zsh
-- Installing: /home/mztejero/rvr_ros2_ws/install/controller/share/controller/local_setup.dsv
-- Installing: /home/mztejero/rvr_ros2_ws/install/controller/share/controller/package.dsv
-- Up-to-date: /home/mztejero/rvr_ros2_ws/install/controller/share/ament_index/resource_index/packages/controller
-- Up-to-date: /home/mztejero/rvr_ros2_ws/install/controller/share/controller/cmake/controllerConfig.cmake
-- Up-to-date: /home/mztejero/rvr_ros2_ws/install/controller/share/controller/cmake/controllerConfig-version.cmake
-- Up-to-date: /home/mztejero/rvr_ros2_ws/install/controller/share/controller/package.xml
