[0.089s] Invoking command in '/home/mztejero/rvr_ros2_ws/build/controller': CMAKE_PREFIX_PATH=/home/mztejero/rvr_ros2_ws/install/rvr_msgs:/home/mztejero/rvr_ros2_ws/install/visualization:/home/mztejero/rvr_ros2_ws/install/onboard_pkg:/home/mztejero/rvr_ros2_ws/install/controller:/home/mztejero/rvr_ros2_ws/install/rvr_launch:/home/mztejero/rvr_ros2_ws/install/data_processor:/opt/ros/humble /usr/bin/cmake --build /home/mztejero/rvr_ros2_ws/build/controller -- -j4 -l4
[0.157s] -- Found ament_cmake: 1.3.14 (/opt/ros/humble/share/ament_cmake/cmake)
[0.447s] -- Found rclcpp: 16.0.19 (/opt/ros/humble/share/rclcpp/cmake)
[0.561s] -- Found rosidl_generator_c: 3.1.8 (/opt/ros/humble/share/rosidl_generator_c/cmake)
[0.567s] -- Found rosidl_adapter: 3.1.8 (/opt/ros/humble/share/rosidl_adapter/cmake)
[0.580s] -- Found rosidl_generator_cpp: 3.1.8 (/opt/ros/humble/share/rosidl_generator_cpp/cmake)
[0.597s] -- Using all available rosidl_typesupport_c: rosidl_typesupport_fastrtps_c;rosidl_typesupport_introspection_c
[0.631s] -- Using all available rosidl_typesupport_cpp: rosidl_typesupport_fastrtps_cpp;rosidl_typesupport_introspection_cpp
[0.812s] -- Found rmw_implementation_cmake: 6.1.2 (/opt/ros/humble/share/rmw_implementation_cmake/cmake)
[0.835s] -- Found rmw_fastrtps_cpp: 6.2.10 (/opt/ros/humble/share/rmw_fastrtps_cpp/cmake)
[1.151s] -- Using RMW implementation 'rmw_fastrtps_cpp' as default
[1.448s] -- Found rvr_msgs: 0.0.0 (/home/mztejero/rvr_ros2_ws/install/rvr_msgs/share/rvr_msgs/cmake)
[1.509s] -- Found ament_lint_auto: 0.12.15 (/opt/ros/humble/share/ament_lint_auto/cmake)
[1.688s] -- Added test 'cppcheck' to perform static code analysis on C / C++ code
[1.688s] -- Configured cppcheck include dirs: /home/mztejero/rvr_ros2_ws/src/controller/include
[1.689s] -- Configured cppcheck exclude dirs and/or files: 
[1.692s] -- Added test 'lint_cmake' to check CMake code style
[1.693s] -- Added test 'uncrustify' to check C / C++ code style
[1.695s] -- Configured uncrustify additional arguments: 
[1.695s] -- Added test 'xmllint' to check XML markup files
[1.704s] -- Configuring done
[1.770s] -- Generating done
[1.784s] -- Build files have been written to: /home/mztejero/rvr_ros2_ws/build/controller
[1.850s] [35m[1mConsolidate compiler generated dependencies of target usb_interface_lib[0m
[1.870s] [35m[1mConsolidate compiler generated dependencies of target rc_pub[0m
[1.902s] [ 25%] Built target usb_interface_lib
[1.939s] [35m[1mConsolidate compiler generated dependencies of target controller_test[0m
[1.977s] [ 50%] Built target controller_test
[2.056s] [ 62%] [32mBuilding CXX object CMakeFiles/rc_pub.dir/src/rc_pub_lib.cpp.o[0m
[2.075s] [ 75%] [32mBuilding CXX object CMakeFiles/rc_pub.dir/src/rc_pub_main.cpp.o[0m
[2.119s] [ 87%] [32mBuilding CXX object CMakeFiles/rc_pub.dir/src/usb_interface_lib.cpp.o[0m
[58.320s] [100%] [32m[1mLinking CXX executable rc_pub[0m
[60.834s] [100%] Built target rc_pub
[62.397s] Invoked command in '/home/mztejero/rvr_ros2_ws/build/controller' returned '0': CMAKE_PREFIX_PATH=/home/mztejero/rvr_ros2_ws/install/rvr_msgs:/home/mztejero/rvr_ros2_ws/install/visualization:/home/mztejero/rvr_ros2_ws/install/onboard_pkg:/home/mztejero/rvr_ros2_ws/install/controller:/home/mztejero/rvr_ros2_ws/install/rvr_launch:/home/mztejero/rvr_ros2_ws/install/data_processor:/opt/ros/humble /usr/bin/cmake --build /home/mztejero/rvr_ros2_ws/build/controller -- -j4 -l4
[64.020s] Invoking command in '/home/mztejero/rvr_ros2_ws/build/controller': CMAKE_PREFIX_PATH=/home/mztejero/rvr_ros2_ws/install/rvr_msgs:/home/mztejero/rvr_ros2_ws/install/visualization:/home/mztejero/rvr_ros2_ws/install/onboard_pkg:/home/mztejero/rvr_ros2_ws/install/controller:/home/mztejero/rvr_ros2_ws/install/rvr_launch:/home/mztejero/rvr_ros2_ws/install/data_processor:/opt/ros/humble /usr/bin/cmake --install /home/mztejero/rvr_ros2_ws/build/controller
[64.309s] -- Install configuration: ""
[64.309s] -- Installing: /home/mztejero/rvr_ros2_ws/install/controller/lib/controller/rc_pub
[64.309s] -- Set runtime path of "/home/mztejero/rvr_ros2_ws/install/controller/lib/controller/rc_pub" to ""
[64.309s] -- Up-to-date: /home/mztejero/rvr_ros2_ws/install/controller/share/ament_index/resource_index/package_run_dependencies/controller
[64.309s] -- Installing: /home/mztejero/rvr_ros2_ws/install/controller/share/ament_index/resource_index/parent_prefix_path/controller
[64.310s] -- Installing: /home/mztejero/rvr_ros2_ws/install/controller/share/controller/environment/ament_prefix_path.sh
[64.310s] -- Installing: /home/mztejero/rvr_ros2_ws/install/controller/share/controller/environment/ament_prefix_path.dsv
[64.310s] -- Installing: /home/mztejero/rvr_ros2_ws/install/controller/share/controller/environment/path.sh
[64.310s] -- Installing: /home/mztejero/rvr_ros2_ws/install/controller/share/controller/environment/path.dsv
[64.310s] -- Up-to-date: /home/mztejero/rvr_ros2_ws/install/controller/share/controller/local_setup.bash
[64.310s] -- Up-to-date: /home/mztejero/rvr_ros2_ws/install/controller/share/controller/local_setup.sh
[64.311s] -- Up-to-date: /home/mztejero/rvr_ros2_ws/install/controller/share/controller/local_setup.zsh
[64.311s] -- Installing: /home/mztejero/rvr_ros2_ws/install/controller/share/controller/local_setup.dsv
[64.311s] -- Installing: /home/mztejero/rvr_ros2_ws/install/controller/share/controller/package.dsv
[64.311s] -- Up-to-date: /home/mztejero/rvr_ros2_ws/install/controller/share/ament_index/resource_index/packages/controller
[64.311s] -- Up-to-date: /home/mztejero/rvr_ros2_ws/install/controller/share/controller/cmake/controllerConfig.cmake
[64.311s] -- Up-to-date: /home/mztejero/rvr_ros2_ws/install/controller/share/controller/cmake/controllerConfig-version.cmake
[64.312s] -- Up-to-date: /home/mztejero/rvr_ros2_ws/install/controller/share/controller/package.xml
[64.340s] Invoked command in '/home/mztejero/rvr_ros2_ws/build/controller' returned '0': CMAKE_PREFIX_PATH=/home/mztejero/rvr_ros2_ws/install/rvr_msgs:/home/mztejero/rvr_ros2_ws/install/visualization:/home/mztejero/rvr_ros2_ws/install/onboard_pkg:/home/mztejero/rvr_ros2_ws/install/controller:/home/mztejero/rvr_ros2_ws/install/rvr_launch:/home/mztejero/rvr_ros2_ws/install/data_processor:/opt/ros/humble /usr/bin/cmake --install /home/mztejero/rvr_ros2_ws/build/controller
