[0.192s] DEBUG:colcon:Command line arguments: ['/usr/bin/colcon', 'build']
[0.192s] DEBUG:colcon:Parsed command line arguments: Namespace(log_base=None, log_level=None, verb_name='build', build_base='build', install_base='install', merge_install=False, symlink_install=False, test_result_base=None, continue_on_error=False, executor='parallel', parallel_workers=4, event_handlers=None, ignore_user_meta=False, metas=['./colcon.meta'], base_paths=['.'], packages_ignore=None, packages_ignore_regex=None, paths=None, packages_up_to=None, packages_up_to_regex=None, packages_above=None, packages_above_and_dependencies=None, packages_above_depth=None, packages_select_by_dep=None, packages_skip_by_dep=None, packages_skip_up_to=None, packages_select_build_failed=False, packages_skip_build_finished=False, packages_select_test_failures=False, packages_skip_test_passed=False, packages_select=None, packages_skip=None, packages_select_regex=None, packages_skip_regex=None, packages_start=None, packages_end=None, allow_overriding=[], cmake_args=None, cmake_target=None, cmake_target_skip_unavailable=False, cmake_clean_cache=False, cmake_clean_first=False, cmake_force_configure=False, ament_cmake_args=None, catkin_cmake_args=None, catkin_skip_building_tests=False, verb_parser=<colcon_defaults.argument_parser.defaults.DefaultArgumentsDecorator object at 0x7ccbc86505b0>, verb_extension=<colcon_core.verb.build.BuildVerb object at 0x7ccbc86500a0>, main=<bound method BuildVerb.main of <colcon_core.verb.build.BuildVerb object at 0x7ccbc86500a0>>)
[0.504s] Level 1:colcon.colcon_core.package_discovery:discover_packages(colcon_meta) check parameters
[0.505s] Level 1:colcon.colcon_core.package_discovery:discover_packages(recursive) check parameters
[0.505s] Level 1:colcon.colcon_core.package_discovery:discover_packages(ignore) check parameters
[0.505s] Level 1:colcon.colcon_core.package_discovery:discover_packages(path) check parameters
[0.505s] Level 1:colcon.colcon_core.package_discovery:discover_packages(colcon_meta) discover
[0.505s] Level 1:colcon.colcon_core.package_discovery:discover_packages(recursive) discover
[0.505s] INFO:colcon.colcon_core.package_discovery:Crawling recursively for packages in '/home/mztejero/rvr_ros2_ws'
[0.506s] Level 1:colcon.colcon_core.package_identification:_identify(.) by extensions ['ignore', 'ignore_ament_install']
[0.506s] Level 1:colcon.colcon_core.package_identification:_identify(.) by extension 'ignore'
[0.506s] Level 1:colcon.colcon_core.package_identification:_identify(.) by extension 'ignore_ament_install'
[0.506s] Level 1:colcon.colcon_core.package_identification:_identify(.) by extensions ['colcon_pkg']
[0.506s] Level 1:colcon.colcon_core.package_identification:_identify(.) by extension 'colcon_pkg'
[0.506s] Level 1:colcon.colcon_core.package_identification:_identify(.) by extensions ['colcon_meta']
[0.506s] Level 1:colcon.colcon_core.package_identification:_identify(.) by extension 'colcon_meta'
[0.507s] Level 1:colcon.colcon_core.package_identification:_identify(.) by extensions ['ros']
[0.507s] Level 1:colcon.colcon_core.package_identification:_identify(.) by extension 'ros'
[0.529s] Level 1:colcon.colcon_core.package_identification:_identify(.) by extensions ['cmake', 'python']
[0.530s] Level 1:colcon.colcon_core.package_identification:_identify(.) by extension 'cmake'
[0.530s] Level 1:colcon.colcon_core.package_identification:_identify(.) by extension 'python'
[0.530s] Level 1:colcon.colcon_core.package_identification:_identify(.) by extensions ['python_setup_py']
[0.530s] Level 1:colcon.colcon_core.package_identification:_identify(.) by extension 'python_setup_py'
[0.530s] Level 1:colcon.colcon_core.package_identification:_identify(build) by extensions ['ignore', 'ignore_ament_install']
[0.530s] Level 1:colcon.colcon_core.package_identification:_identify(build) by extension 'ignore'
[0.531s] Level 1:colcon.colcon_core.package_identification:_identify(build) ignored
[0.531s] Level 1:colcon.colcon_core.package_identification:_identify(install) by extensions ['ignore', 'ignore_ament_install']
[0.531s] Level 1:colcon.colcon_core.package_identification:_identify(install) by extension 'ignore'
[0.531s] Level 1:colcon.colcon_core.package_identification:_identify(install) ignored
[0.532s] Level 1:colcon.colcon_core.package_identification:_identify(log) by extensions ['ignore', 'ignore_ament_install']
[0.532s] Level 1:colcon.colcon_core.package_identification:_identify(log) by extension 'ignore'
[0.532s] Level 1:colcon.colcon_core.package_identification:_identify(log) ignored
[0.532s] Level 1:colcon.colcon_core.package_identification:_identify(src) by extensions ['ignore', 'ignore_ament_install']
[0.532s] Level 1:colcon.colcon_core.package_identification:_identify(src) by extension 'ignore'
[0.533s] Level 1:colcon.colcon_core.package_identification:_identify(src) by extension 'ignore_ament_install'
[0.533s] Level 1:colcon.colcon_core.package_identification:_identify(src) by extensions ['colcon_pkg']
[0.533s] Level 1:colcon.colcon_core.package_identification:_identify(src) by extension 'colcon_pkg'
[0.533s] Level 1:colcon.colcon_core.package_identification:_identify(src) by extensions ['colcon_meta']
[0.533s] Level 1:colcon.colcon_core.package_identification:_identify(src) by extension 'colcon_meta'
[0.533s] Level 1:colcon.colcon_core.package_identification:_identify(src) by extensions ['ros']
[0.533s] Level 1:colcon.colcon_core.package_identification:_identify(src) by extension 'ros'
[0.534s] Level 1:colcon.colcon_core.package_identification:_identify(src) by extensions ['cmake', 'python']
[0.534s] Level 1:colcon.colcon_core.package_identification:_identify(src) by extension 'cmake'
[0.534s] Level 1:colcon.colcon_core.package_identification:_identify(src) by extension 'python'
[0.534s] Level 1:colcon.colcon_core.package_identification:_identify(src) by extensions ['python_setup_py']
[0.534s] Level 1:colcon.colcon_core.package_identification:_identify(src) by extension 'python_setup_py'
[0.534s] Level 1:colcon.colcon_core.package_identification:_identify(src/controller) by extensions ['ignore', 'ignore_ament_install']
[0.534s] Level 1:colcon.colcon_core.package_identification:_identify(src/controller) by extension 'ignore'
[0.534s] Level 1:colcon.colcon_core.package_identification:_identify(src/controller) by extension 'ignore_ament_install'
[0.534s] Level 1:colcon.colcon_core.package_identification:_identify(src/controller) by extensions ['colcon_pkg']
[0.535s] Level 1:colcon.colcon_core.package_identification:_identify(src/controller) by extension 'colcon_pkg'
[0.535s] Level 1:colcon.colcon_core.package_identification:_identify(src/controller) by extensions ['colcon_meta']
[0.535s] Level 1:colcon.colcon_core.package_identification:_identify(src/controller) by extension 'colcon_meta'
[0.535s] Level 1:colcon.colcon_core.package_identification:_identify(src/controller) by extensions ['ros']
[0.535s] Level 1:colcon.colcon_core.package_identification:_identify(src/controller) by extension 'ros'
[0.540s] DEBUG:colcon.colcon_core.package_identification:Package 'src/controller' with type 'ros.ament_cmake' and name 'controller'
[0.540s] Level 1:colcon.colcon_core.package_identification:_identify(src/data_processor) by extensions ['ignore', 'ignore_ament_install']
[0.540s] Level 1:colcon.colcon_core.package_identification:_identify(src/data_processor) by extension 'ignore'
[0.541s] Level 1:colcon.colcon_core.package_identification:_identify(src/data_processor) by extension 'ignore_ament_install'
[0.541s] Level 1:colcon.colcon_core.package_identification:_identify(src/data_processor) by extensions ['colcon_pkg']
[0.541s] Level 1:colcon.colcon_core.package_identification:_identify(src/data_processor) by extension 'colcon_pkg'
[0.541s] Level 1:colcon.colcon_core.package_identification:_identify(src/data_processor) by extensions ['colcon_meta']
[0.541s] Level 1:colcon.colcon_core.package_identification:_identify(src/data_processor) by extension 'colcon_meta'
[0.541s] Level 1:colcon.colcon_core.package_identification:_identify(src/data_processor) by extensions ['ros']
[0.541s] Level 1:colcon.colcon_core.package_identification:_identify(src/data_processor) by extension 'ros'
[0.542s] DEBUG:colcon.colcon_core.package_identification:Package 'src/data_processor' with type 'ros.ament_cmake' and name 'data_processor'
[0.542s] Level 1:colcon.colcon_core.package_identification:_identify(src/onboard_pkg) by extensions ['ignore', 'ignore_ament_install']
[0.542s] Level 1:colcon.colcon_core.package_identification:_identify(src/onboard_pkg) by extension 'ignore'
[0.543s] Level 1:colcon.colcon_core.package_identification:_identify(src/onboard_pkg) by extension 'ignore_ament_install'
[0.543s] Level 1:colcon.colcon_core.package_identification:_identify(src/onboard_pkg) by extensions ['colcon_pkg']
[0.543s] Level 1:colcon.colcon_core.package_identification:_identify(src/onboard_pkg) by extension 'colcon_pkg'
[0.543s] Level 1:colcon.colcon_core.package_identification:_identify(src/onboard_pkg) by extensions ['colcon_meta']
[0.543s] Level 1:colcon.colcon_core.package_identification:_identify(src/onboard_pkg) by extension 'colcon_meta'
[0.543s] Level 1:colcon.colcon_core.package_identification:_identify(src/onboard_pkg) by extensions ['ros']
[0.543s] Level 1:colcon.colcon_core.package_identification:_identify(src/onboard_pkg) by extension 'ros'
[0.544s] DEBUG:colcon.colcon_core.package_identification:Package 'src/onboard_pkg' with type 'ros.ament_cmake' and name 'onboard_pkg'
[0.545s] Level 1:colcon.colcon_core.package_identification:_identify(src/rvr_msgs) by extensions ['ignore', 'ignore_ament_install']
[0.545s] Level 1:colcon.colcon_core.package_identification:_identify(src/rvr_msgs) by extension 'ignore'
[0.545s] Level 1:colcon.colcon_core.package_identification:_identify(src/rvr_msgs) by extension 'ignore_ament_install'
[0.545s] Level 1:colcon.colcon_core.package_identification:_identify(src/rvr_msgs) by extensions ['colcon_pkg']
[0.545s] Level 1:colcon.colcon_core.package_identification:_identify(src/rvr_msgs) by extension 'colcon_pkg'
[0.546s] Level 1:colcon.colcon_core.package_identification:_identify(src/rvr_msgs) by extensions ['colcon_meta']
[0.546s] Level 1:colcon.colcon_core.package_identification:_identify(src/rvr_msgs) by extension 'colcon_meta'
[0.546s] Level 1:colcon.colcon_core.package_identification:_identify(src/rvr_msgs) by extensions ['ros']
[0.546s] Level 1:colcon.colcon_core.package_identification:_identify(src/rvr_msgs) by extension 'ros'
[0.547s] DEBUG:colcon.colcon_core.package_identification:Package 'src/rvr_msgs' with type 'ros.ament_cmake' and name 'rvr_msgs'
[0.547s] Level 1:colcon.colcon_core.package_identification:_identify(src/visualization) by extensions ['ignore', 'ignore_ament_install']
[0.547s] Level 1:colcon.colcon_core.package_identification:_identify(src/visualization) by extension 'ignore'
[0.548s] Level 1:colcon.colcon_core.package_identification:_identify(src/visualization) by extension 'ignore_ament_install'
[0.548s] Level 1:colcon.colcon_core.package_identification:_identify(src/visualization) by extensions ['colcon_pkg']
[0.548s] Level 1:colcon.colcon_core.package_identification:_identify(src/visualization) by extension 'colcon_pkg'
[0.548s] Level 1:colcon.colcon_core.package_identification:_identify(src/visualization) by extensions ['colcon_meta']
[0.548s] Level 1:colcon.colcon_core.package_identification:_identify(src/visualization) by extension 'colcon_meta'
[0.548s] Level 1:colcon.colcon_core.package_identification:_identify(src/visualization) by extensions ['ros']
[0.548s] Level 1:colcon.colcon_core.package_identification:_identify(src/visualization) by extension 'ros'
[0.549s] DEBUG:colcon.colcon_core.package_identification:Package 'src/visualization' with type 'ros.ament_cmake' and name 'visualization'
[0.549s] Level 1:colcon.colcon_core.package_discovery:discover_packages(recursive) using defaults
[0.549s] Level 1:colcon.colcon_core.package_discovery:discover_packages(ignore) discover
[0.549s] Level 1:colcon.colcon_core.package_discovery:discover_packages(ignore) using defaults
[0.549s] Level 1:colcon.colcon_core.package_discovery:discover_packages(path) discover
[0.549s] Level 1:colcon.colcon_core.package_discovery:discover_packages(path) using defaults
[0.586s] Level 1:colcon.colcon_core.package_discovery:discover_packages(prefix_path) check parameters
[0.586s] Level 1:colcon.colcon_core.package_discovery:discover_packages(prefix_path) discover
[0.591s] DEBUG:colcon.colcon_installed_package_information.package_discovery:Found 5 installed packages in /home/mztejero/rvr_ros2_ws/install
[0.592s] DEBUG:colcon.colcon_installed_package_information.package_discovery:Found 2 installed packages in /home/mztejero/ros2_ws/install
[0.593s] DEBUG:colcon.colcon_installed_package_information.package_discovery:Found 3 installed packages in /home/mztejero/rover_ws/install
[0.595s] DEBUG:colcon.colcon_installed_package_information.package_discovery:Found 271 installed packages in /opt/ros/humble
[0.615s] Level 1:colcon.colcon_core.package_discovery:discover_packages(prefix_path) using defaults
[0.696s] Level 5:colcon.colcon_core.verb:set package 'data_processor' build argument 'cmake_args' from command line to 'None'
[0.696s] Level 5:colcon.colcon_core.verb:set package 'data_processor' build argument 'cmake_target' from command line to 'None'
[0.697s] Level 5:colcon.colcon_core.verb:set package 'data_processor' build argument 'cmake_target_skip_unavailable' from command line to 'False'
[0.697s] Level 5:colcon.colcon_core.verb:set package 'data_processor' build argument 'cmake_clean_cache' from command line to 'False'
[0.697s] Level 5:colcon.colcon_core.verb:set package 'data_processor' build argument 'cmake_clean_first' from command line to 'False'
[0.697s] Level 5:colcon.colcon_core.verb:set package 'data_processor' build argument 'cmake_force_configure' from command line to 'False'
[0.697s] Level 5:colcon.colcon_core.verb:set package 'data_processor' build argument 'ament_cmake_args' from command line to 'None'
[0.697s] Level 5:colcon.colcon_core.verb:set package 'data_processor' build argument 'catkin_cmake_args' from command line to 'None'
[0.697s] Level 5:colcon.colcon_core.verb:set package 'data_processor' build argument 'catkin_skip_building_tests' from command line to 'False'
[0.697s] DEBUG:colcon.colcon_core.verb:Building package 'data_processor' with the following arguments: {'ament_cmake_args': None, 'build_base': '/home/mztejero/rvr_ros2_ws/build/data_processor', 'catkin_cmake_args': None, 'catkin_skip_building_tests': False, 'cmake_args': None, 'cmake_clean_cache': False, 'cmake_clean_first': False, 'cmake_force_configure': False, 'cmake_target': None, 'cmake_target_skip_unavailable': False, 'install_base': '/home/mztejero/rvr_ros2_ws/install/data_processor', 'merge_install': False, 'path': '/home/mztejero/rvr_ros2_ws/src/data_processor', 'symlink_install': False, 'test_result_base': None}
[0.698s] Level 5:colcon.colcon_core.verb:set package 'rvr_msgs' build argument 'cmake_args' from command line to 'None'
[0.698s] Level 5:colcon.colcon_core.verb:set package 'rvr_msgs' build argument 'cmake_target' from command line to 'None'
[0.698s] Level 5:colcon.colcon_core.verb:set package 'rvr_msgs' build argument 'cmake_target_skip_unavailable' from command line to 'False'
[0.698s] Level 5:colcon.colcon_core.verb:set package 'rvr_msgs' build argument 'cmake_clean_cache' from command line to 'False'
[0.698s] Level 5:colcon.colcon_core.verb:set package 'rvr_msgs' build argument 'cmake_clean_first' from command line to 'False'
[0.699s] Level 5:colcon.colcon_core.verb:set package 'rvr_msgs' build argument 'cmake_force_configure' from command line to 'False'
[0.699s] Level 5:colcon.colcon_core.verb:set package 'rvr_msgs' build argument 'ament_cmake_args' from command line to 'None'
[0.699s] Level 5:colcon.colcon_core.verb:set package 'rvr_msgs' build argument 'catkin_cmake_args' from command line to 'None'
[0.699s] Level 5:colcon.colcon_core.verb:set package 'rvr_msgs' build argument 'catkin_skip_building_tests' from command line to 'False'
[0.699s] DEBUG:colcon.colcon_core.verb:Building package 'rvr_msgs' with the following arguments: {'ament_cmake_args': None, 'build_base': '/home/mztejero/rvr_ros2_ws/build/rvr_msgs', 'catkin_cmake_args': None, 'catkin_skip_building_tests': False, 'cmake_args': None, 'cmake_clean_cache': False, 'cmake_clean_first': False, 'cmake_force_configure': False, 'cmake_target': None, 'cmake_target_skip_unavailable': False, 'install_base': '/home/mztejero/rvr_ros2_ws/install/rvr_msgs', 'merge_install': False, 'path': '/home/mztejero/rvr_ros2_ws/src/rvr_msgs', 'symlink_install': False, 'test_result_base': None}
[0.699s] Level 5:colcon.colcon_core.verb:set package 'visualization' build argument 'cmake_args' from command line to 'None'
[0.700s] Level 5:colcon.colcon_core.verb:set package 'visualization' build argument 'cmake_target' from command line to 'None'
[0.700s] Level 5:colcon.colcon_core.verb:set package 'visualization' build argument 'cmake_target_skip_unavailable' from command line to 'False'
[0.700s] Level 5:colcon.colcon_core.verb:set package 'visualization' build argument 'cmake_clean_cache' from command line to 'False'
[0.700s] Level 5:colcon.colcon_core.verb:set package 'visualization' build argument 'cmake_clean_first' from command line to 'False'
[0.700s] Level 5:colcon.colcon_core.verb:set package 'visualization' build argument 'cmake_force_configure' from command line to 'False'
[0.700s] Level 5:colcon.colcon_core.verb:set package 'visualization' build argument 'ament_cmake_args' from command line to 'None'
[0.700s] Level 5:colcon.colcon_core.verb:set package 'visualization' build argument 'catkin_cmake_args' from command line to 'None'
[0.701s] Level 5:colcon.colcon_core.verb:set package 'visualization' build argument 'catkin_skip_building_tests' from command line to 'False'
[0.701s] DEBUG:colcon.colcon_core.verb:Building package 'visualization' with the following arguments: {'ament_cmake_args': None, 'build_base': '/home/mztejero/rvr_ros2_ws/build/visualization', 'catkin_cmake_args': None, 'catkin_skip_building_tests': False, 'cmake_args': None, 'cmake_clean_cache': False, 'cmake_clean_first': False, 'cmake_force_configure': False, 'cmake_target': None, 'cmake_target_skip_unavailable': False, 'install_base': '/home/mztejero/rvr_ros2_ws/install/visualization', 'merge_install': False, 'path': '/home/mztejero/rvr_ros2_ws/src/visualization', 'symlink_install': False, 'test_result_base': None}
[0.701s] Level 5:colcon.colcon_core.verb:set package 'controller' build argument 'cmake_args' from command line to 'None'
[0.702s] Level 5:colcon.colcon_core.verb:set package 'controller' build argument 'cmake_target' from command line to 'None'
[0.702s] Level 5:colcon.colcon_core.verb:set package 'controller' build argument 'cmake_target_skip_unavailable' from command line to 'False'
[0.702s] Level 5:colcon.colcon_core.verb:set package 'controller' build argument 'cmake_clean_cache' from command line to 'False'
[0.702s] Level 5:colcon.colcon_core.verb:set package 'controller' build argument 'cmake_clean_first' from command line to 'False'
[0.702s] Level 5:colcon.colcon_core.verb:set package 'controller' build argument 'cmake_force_configure' from command line to 'False'
[0.702s] Level 5:colcon.colcon_core.verb:set package 'controller' build argument 'ament_cmake_args' from command line to 'None'
[0.702s] Level 5:colcon.colcon_core.verb:set package 'controller' build argument 'catkin_cmake_args' from command line to 'None'
[0.702s] Level 5:colcon.colcon_core.verb:set package 'controller' build argument 'catkin_skip_building_tests' from command line to 'False'
[0.702s] DEBUG:colcon.colcon_core.verb:Building package 'controller' with the following arguments: {'ament_cmake_args': None, 'build_base': '/home/mztejero/rvr_ros2_ws/build/controller', 'catkin_cmake_args': None, 'catkin_skip_building_tests': False, 'cmake_args': None, 'cmake_clean_cache': False, 'cmake_clean_first': False, 'cmake_force_configure': False, 'cmake_target': None, 'cmake_target_skip_unavailable': False, 'install_base': '/home/mztejero/rvr_ros2_ws/install/controller', 'merge_install': False, 'path': '/home/mztejero/rvr_ros2_ws/src/controller', 'symlink_install': False, 'test_result_base': None}
[0.702s] Level 5:colcon.colcon_core.verb:set package 'onboard_pkg' build argument 'cmake_args' from command line to 'None'
[0.703s] Level 5:colcon.colcon_core.verb:set package 'onboard_pkg' build argument 'cmake_target' from command line to 'None'
[0.703s] Level 5:colcon.colcon_core.verb:set package 'onboard_pkg' build argument 'cmake_target_skip_unavailable' from command line to 'False'
[0.703s] Level 5:colcon.colcon_core.verb:set package 'onboard_pkg' build argument 'cmake_clean_cache' from command line to 'False'
[0.703s] Level 5:colcon.colcon_core.verb:set package 'onboard_pkg' build argument 'cmake_clean_first' from command line to 'False'
[0.703s] Level 5:colcon.colcon_core.verb:set package 'onboard_pkg' build argument 'cmake_force_configure' from command line to 'False'
[0.703s] Level 5:colcon.colcon_core.verb:set package 'onboard_pkg' build argument 'ament_cmake_args' from command line to 'None'
[0.703s] Level 5:colcon.colcon_core.verb:set package 'onboard_pkg' build argument 'catkin_cmake_args' from command line to 'None'
[0.703s] Level 5:colcon.colcon_core.verb:set package 'onboard_pkg' build argument 'catkin_skip_building_tests' from command line to 'False'
[0.703s] DEBUG:colcon.colcon_core.verb:Building package 'onboard_pkg' with the following arguments: {'ament_cmake_args': None, 'build_base': '/home/mztejero/rvr_ros2_ws/build/onboard_pkg', 'catkin_cmake_args': None, 'catkin_skip_building_tests': False, 'cmake_args': None, 'cmake_clean_cache': False, 'cmake_clean_first': False, 'cmake_force_configure': False, 'cmake_target': None, 'cmake_target_skip_unavailable': False, 'install_base': '/home/mztejero/rvr_ros2_ws/install/onboard_pkg', 'merge_install': False, 'path': '/home/mztejero/rvr_ros2_ws/src/onboard_pkg', 'symlink_install': False, 'test_result_base': None}
[0.704s] INFO:colcon.colcon_core.executor:Executing jobs using 'parallel' executor
[0.706s] DEBUG:colcon.colcon_parallel_executor.executor.parallel:run_until_complete
[0.708s] INFO:colcon.colcon_ros.task.ament_cmake.build:Building ROS package in '/home/mztejero/rvr_ros2_ws/src/rvr_msgs' with build type 'ament_cmake'
[0.708s] INFO:colcon.colcon_cmake.task.cmake.build:Building CMake package in '/home/mztejero/rvr_ros2_ws/src/rvr_msgs'
[0.716s] INFO:colcon.colcon_core.plugin_system:Skipping extension 'colcon_core.shell.bat': Not used on non-Windows systems
[0.717s] INFO:colcon.colcon_core.shell:Skip shell extension 'powershell' for command environment: Not usable outside of PowerShell
[0.717s] DEBUG:colcon.colcon_core.shell:Skip shell extension 'dsv' for command environment
[0.725s] INFO:colcon.colcon_ros.task.ament_cmake.build:Building ROS package in '/home/mztejero/rvr_ros2_ws/src/data_processor' with build type 'ament_cmake'
[0.725s] INFO:colcon.colcon_cmake.task.cmake.build:Building CMake package in '/home/mztejero/rvr_ros2_ws/src/data_processor'
[0.726s] INFO:colcon.colcon_core.shell:Skip shell extension 'powershell' for command environment: Not usable outside of PowerShell
[0.727s] DEBUG:colcon.colcon_core.shell:Skip shell extension 'dsv' for command environment
[0.740s] INFO:colcon.colcon_ros.task.ament_cmake.build:Building ROS package in '/home/mztejero/rvr_ros2_ws/src/visualization' with build type 'ament_cmake'
[0.740s] INFO:colcon.colcon_cmake.task.cmake.build:Building CMake package in '/home/mztejero/rvr_ros2_ws/src/visualization'
[0.741s] INFO:colcon.colcon_core.shell:Skip shell extension 'powershell' for command environment: Not usable outside of PowerShell
[0.741s] DEBUG:colcon.colcon_core.shell:Skip shell extension 'dsv' for command environment
[0.992s] DEBUG:colcon.colcon_core.event_handler.log_command:Invoking command in '/home/mztejero/rvr_ros2_ws/build/rvr_msgs': CMAKE_PREFIX_PATH=${CMAKE_PREFIX_PATH}:/home/mztejero/rover_ws/install/hardware_interface:/opt/ros/humble /usr/bin/cmake --build /home/mztejero/rvr_ros2_ws/build/rvr_msgs -- -j4 -l4
[1.024s] DEBUG:colcon.colcon_core.event_handler.log_command:Invoking command in '/home/mztejero/rvr_ros2_ws/build/data_processor': CMAKE_PREFIX_PATH=${CMAKE_PREFIX_PATH}:/home/mztejero/rover_ws/install/hardware_interface:/opt/ros/humble /usr/bin/cmake --build /home/mztejero/rvr_ros2_ws/build/data_processor -- -j4 -l4
[1.189s] DEBUG:colcon.colcon_core.event_handler.log_command:Invoking command in '/home/mztejero/rvr_ros2_ws/build/visualization': CMAKE_PREFIX_PATH=${CMAKE_PREFIX_PATH}:/home/mztejero/rover_ws/install/hardware_interface:/opt/ros/humble /usr/bin/cmake --build /home/mztejero/rvr_ros2_ws/build/visualization -- -j4 -l4
[1.335s] DEBUG:colcon.colcon_core.event_handler.log_command:Invoked command in '/home/mztejero/rvr_ros2_ws/build/data_processor' returned '0': CMAKE_PREFIX_PATH=${CMAKE_PREFIX_PATH}:/home/mztejero/rover_ws/install/hardware_interface:/opt/ros/humble /usr/bin/cmake --build /home/mztejero/rvr_ros2_ws/build/data_processor -- -j4 -l4
[1.394s] DEBUG:colcon.colcon_core.event_handler.log_command:Invoking command in '/home/mztejero/rvr_ros2_ws/build/data_processor': CMAKE_PREFIX_PATH=${CMAKE_PREFIX_PATH}:/home/mztejero/rover_ws/install/hardware_interface:/opt/ros/humble /usr/bin/cmake --install /home/mztejero/rvr_ros2_ws/build/data_processor
[1.411s] DEBUG:colcon.colcon_core.event_handler.log_command:Invoked command in '/home/mztejero/rvr_ros2_ws/build/visualization' returned '0': CMAKE_PREFIX_PATH=${CMAKE_PREFIX_PATH}:/home/mztejero/rover_ws/install/hardware_interface:/opt/ros/humble /usr/bin/cmake --build /home/mztejero/rvr_ros2_ws/build/visualization -- -j4 -l4
[1.426s] DEBUG:colcon.colcon_core.event_handler.log_command:Invoking command in '/home/mztejero/rvr_ros2_ws/build/visualization': CMAKE_PREFIX_PATH=${CMAKE_PREFIX_PATH}:/home/mztejero/rover_ws/install/hardware_interface:/opt/ros/humble /usr/bin/cmake --install /home/mztejero/rvr_ros2_ws/build/visualization
[1.494s] Level 1:colcon.colcon_core.environment:create_environment_scripts_only(data_processor)
[1.514s] Level 1:colcon.colcon_core.environment:checking '/home/mztejero/rvr_ros2_ws/install/data_processor' for CMake module files
[1.505s] DEBUG:colcon.colcon_core.event_handler.log_command:Invoked command in '/home/mztejero/rvr_ros2_ws/build/data_processor' returned '0': CMAKE_PREFIX_PATH=${CMAKE_PREFIX_PATH}:/home/mztejero/rover_ws/install/hardware_interface:/opt/ros/humble /usr/bin/cmake --install /home/mztejero/rvr_ros2_ws/build/data_processor
[1.517s] Level 1:colcon.colcon_core.environment:checking '/home/mztejero/rvr_ros2_ws/install/data_processor' for CMake config files
[1.518s] Level 1:colcon.colcon_core.shell:create_environment_hook('data_processor', 'cmake_prefix_path')
[1.518s] INFO:colcon.colcon_core.shell:Creating environment hook '/home/mztejero/rvr_ros2_ws/install/data_processor/share/data_processor/hook/cmake_prefix_path.ps1'
[1.520s] INFO:colcon.colcon_core.shell:Creating environment descriptor '/home/mztejero/rvr_ros2_ws/install/data_processor/share/data_processor/hook/cmake_prefix_path.dsv'
[1.523s] INFO:colcon.colcon_core.shell:Creating environment hook '/home/mztejero/rvr_ros2_ws/install/data_processor/share/data_processor/hook/cmake_prefix_path.sh'
[1.525s] Level 1:colcon.colcon_core.environment:checking '/home/mztejero/rvr_ros2_ws/install/data_processor/bin'
[1.526s] Level 1:colcon.colcon_core.environment:checking '/home/mztejero/rvr_ros2_ws/install/data_processor/lib/pkgconfig/data_processor.pc'
[1.526s] Level 1:colcon.colcon_core.environment:checking '/home/mztejero/rvr_ros2_ws/install/data_processor/lib/python3.10/site-packages'
[1.527s] Level 1:colcon.colcon_core.environment:checking '/home/mztejero/rvr_ros2_ws/install/data_processor/bin'
[1.528s] INFO:colcon.colcon_core.shell:Creating package script '/home/mztejero/rvr_ros2_ws/install/data_processor/share/data_processor/package.ps1'
[1.530s] INFO:colcon.colcon_core.shell:Creating package descriptor '/home/mztejero/rvr_ros2_ws/install/data_processor/share/data_processor/package.dsv'
[1.533s] INFO:colcon.colcon_core.shell:Creating package script '/home/mztejero/rvr_ros2_ws/install/data_processor/share/data_processor/package.sh'
[1.536s] INFO:colcon.colcon_core.shell:Creating package script '/home/mztejero/rvr_ros2_ws/install/data_processor/share/data_processor/package.bash'
[1.541s] INFO:colcon.colcon_core.shell:Creating package script '/home/mztejero/rvr_ros2_ws/install/data_processor/share/data_processor/package.zsh'
[1.544s] Level 1:colcon.colcon_core.environment:create_file_with_runtime_dependencies(/home/mztejero/rvr_ros2_ws/install/data_processor/share/colcon-core/packages/data_processor)
[1.546s] Level 1:colcon.colcon_core.environment:create_environment_scripts_only(data_processor)
[1.548s] Level 1:colcon.colcon_core.environment:checking '/home/mztejero/rvr_ros2_ws/install/data_processor' for CMake module files
[1.549s] Level 1:colcon.colcon_core.environment:checking '/home/mztejero/rvr_ros2_ws/install/data_processor' for CMake config files
[1.558s] Level 1:colcon.colcon_core.shell:create_environment_hook('data_processor', 'cmake_prefix_path')
[1.560s] INFO:colcon.colcon_core.shell:Creating environment hook '/home/mztejero/rvr_ros2_ws/install/data_processor/share/data_processor/hook/cmake_prefix_path.ps1'
[1.570s] INFO:colcon.colcon_core.shell:Creating environment descriptor '/home/mztejero/rvr_ros2_ws/install/data_processor/share/data_processor/hook/cmake_prefix_path.dsv'
[1.571s] INFO:colcon.colcon_core.shell:Creating environment hook '/home/mztejero/rvr_ros2_ws/install/data_processor/share/data_processor/hook/cmake_prefix_path.sh'
[1.575s] Level 1:colcon.colcon_core.environment:checking '/home/mztejero/rvr_ros2_ws/install/data_processor/bin'
[1.575s] Level 1:colcon.colcon_core.environment:checking '/home/mztejero/rvr_ros2_ws/install/data_processor/lib/pkgconfig/data_processor.pc'
[1.576s] Level 1:colcon.colcon_core.environment:checking '/home/mztejero/rvr_ros2_ws/install/data_processor/lib/python3.10/site-packages'
[1.577s] Level 1:colcon.colcon_core.environment:checking '/home/mztejero/rvr_ros2_ws/install/data_processor/bin'
[1.581s] INFO:colcon.colcon_core.shell:Creating package script '/home/mztejero/rvr_ros2_ws/install/data_processor/share/data_processor/package.ps1'
[1.587s] INFO:colcon.colcon_core.shell:Creating package descriptor '/home/mztejero/rvr_ros2_ws/install/data_processor/share/data_processor/package.dsv'
[1.590s] INFO:colcon.colcon_core.shell:Creating package script '/home/mztejero/rvr_ros2_ws/install/data_processor/share/data_processor/package.sh'
[1.592s] INFO:colcon.colcon_core.shell:Creating package script '/home/mztejero/rvr_ros2_ws/install/data_processor/share/data_processor/package.bash'
[1.594s] INFO:colcon.colcon_core.shell:Creating package script '/home/mztejero/rvr_ros2_ws/install/data_processor/share/data_processor/package.zsh'
[1.598s] Level 1:colcon.colcon_core.environment:create_file_with_runtime_dependencies(/home/mztejero/rvr_ros2_ws/install/data_processor/share/colcon-core/packages/data_processor)
[1.605s] Level 1:colcon.colcon_core.environment:create_environment_scripts_only(visualization)
[1.612s] Level 1:colcon.colcon_core.environment:checking '/home/mztejero/rvr_ros2_ws/install/visualization' for CMake module files
[1.613s] DEBUG:colcon.colcon_core.event_handler.log_command:Invoked command in '/home/mztejero/rvr_ros2_ws/build/visualization' returned '0': CMAKE_PREFIX_PATH=${CMAKE_PREFIX_PATH}:/home/mztejero/rover_ws/install/hardware_interface:/opt/ros/humble /usr/bin/cmake --install /home/mztejero/rvr_ros2_ws/build/visualization
[1.614s] Level 1:colcon.colcon_core.environment:checking '/home/mztejero/rvr_ros2_ws/install/visualization' for CMake config files
[1.615s] Level 1:colcon.colcon_core.shell:create_environment_hook('visualization', 'cmake_prefix_path')
[1.616s] INFO:colcon.colcon_core.shell:Creating environment hook '/home/mztejero/rvr_ros2_ws/install/visualization/share/visualization/hook/cmake_prefix_path.ps1'
[1.618s] INFO:colcon.colcon_core.shell:Creating environment descriptor '/home/mztejero/rvr_ros2_ws/install/visualization/share/visualization/hook/cmake_prefix_path.dsv'
[1.619s] INFO:colcon.colcon_core.shell:Creating environment hook '/home/mztejero/rvr_ros2_ws/install/visualization/share/visualization/hook/cmake_prefix_path.sh'
[1.621s] Level 1:colcon.colcon_core.environment:checking '/home/mztejero/rvr_ros2_ws/install/visualization/bin'
[1.622s] Level 1:colcon.colcon_core.environment:checking '/home/mztejero/rvr_ros2_ws/install/visualization/lib/pkgconfig/visualization.pc'
[1.623s] Level 1:colcon.colcon_core.environment:checking '/home/mztejero/rvr_ros2_ws/install/visualization/lib/python3.10/site-packages'
[1.623s] Level 1:colcon.colcon_core.environment:checking '/home/mztejero/rvr_ros2_ws/install/visualization/bin'
[1.624s] INFO:colcon.colcon_core.shell:Creating package script '/home/mztejero/rvr_ros2_ws/install/visualization/share/visualization/package.ps1'
[1.628s] INFO:colcon.colcon_core.shell:Creating package descriptor '/home/mztejero/rvr_ros2_ws/install/visualization/share/visualization/package.dsv'
[1.630s] INFO:colcon.colcon_core.shell:Creating package script '/home/mztejero/rvr_ros2_ws/install/visualization/share/visualization/package.sh'
[1.633s] INFO:colcon.colcon_core.shell:Creating package script '/home/mztejero/rvr_ros2_ws/install/visualization/share/visualization/package.bash'
[1.636s] INFO:colcon.colcon_core.shell:Creating package script '/home/mztejero/rvr_ros2_ws/install/visualization/share/visualization/package.zsh'
[1.638s] Level 1:colcon.colcon_core.environment:create_file_with_runtime_dependencies(/home/mztejero/rvr_ros2_ws/install/visualization/share/colcon-core/packages/visualization)
[1.640s] Level 1:colcon.colcon_core.environment:create_environment_scripts_only(visualization)
[1.641s] Level 1:colcon.colcon_core.environment:checking '/home/mztejero/rvr_ros2_ws/install/visualization' for CMake module files
[1.642s] Level 1:colcon.colcon_core.environment:checking '/home/mztejero/rvr_ros2_ws/install/visualization' for CMake config files
[1.644s] Level 1:colcon.colcon_core.shell:create_environment_hook('visualization', 'cmake_prefix_path')
[1.645s] INFO:colcon.colcon_core.shell:Creating environment hook '/home/mztejero/rvr_ros2_ws/install/visualization/share/visualization/hook/cmake_prefix_path.ps1'
[1.647s] INFO:colcon.colcon_core.shell:Creating environment descriptor '/home/mztejero/rvr_ros2_ws/install/visualization/share/visualization/hook/cmake_prefix_path.dsv'
[1.649s] INFO:colcon.colcon_core.shell:Creating environment hook '/home/mztejero/rvr_ros2_ws/install/visualization/share/visualization/hook/cmake_prefix_path.sh'
[1.653s] Level 1:colcon.colcon_core.environment:checking '/home/mztejero/rvr_ros2_ws/install/visualization/bin'
[1.653s] Level 1:colcon.colcon_core.environment:checking '/home/mztejero/rvr_ros2_ws/install/visualization/lib/pkgconfig/visualization.pc'
[1.654s] Level 1:colcon.colcon_core.environment:checking '/home/mztejero/rvr_ros2_ws/install/visualization/lib/python3.10/site-packages'
[1.654s] Level 1:colcon.colcon_core.environment:checking '/home/mztejero/rvr_ros2_ws/install/visualization/bin'
[1.654s] INFO:colcon.colcon_core.shell:Creating package script '/home/mztejero/rvr_ros2_ws/install/visualization/share/visualization/package.ps1'
[1.656s] INFO:colcon.colcon_core.shell:Creating package descriptor '/home/mztejero/rvr_ros2_ws/install/visualization/share/visualization/package.dsv'
[1.659s] INFO:colcon.colcon_core.shell:Creating package script '/home/mztejero/rvr_ros2_ws/install/visualization/share/visualization/package.sh'
[1.662s] INFO:colcon.colcon_core.shell:Creating package script '/home/mztejero/rvr_ros2_ws/install/visualization/share/visualization/package.bash'
[1.665s] INFO:colcon.colcon_core.shell:Creating package script '/home/mztejero/rvr_ros2_ws/install/visualization/share/visualization/package.zsh'
[1.668s] Level 1:colcon.colcon_core.environment:create_file_with_runtime_dependencies(/home/mztejero/rvr_ros2_ws/install/visualization/share/colcon-core/packages/visualization)
[2.291s] DEBUG:colcon.colcon_core.event_handler.log_command:Invoked command in '/home/mztejero/rvr_ros2_ws/build/rvr_msgs' returned '0': CMAKE_PREFIX_PATH=${CMAKE_PREFIX_PATH}:/home/mztejero/rover_ws/install/hardware_interface:/opt/ros/humble /usr/bin/cmake --build /home/mztejero/rvr_ros2_ws/build/rvr_msgs -- -j4 -l4
[2.293s] DEBUG:colcon.colcon_core.event_handler.log_command:Invoking command in '/home/mztejero/rvr_ros2_ws/build/rvr_msgs': CMAKE_PREFIX_PATH=${CMAKE_PREFIX_PATH}:/home/mztejero/rover_ws/install/hardware_interface:/opt/ros/humble /usr/bin/cmake --install /home/mztejero/rvr_ros2_ws/build/rvr_msgs
[2.420s] Level 1:colcon.colcon_core.environment:create_environment_scripts_only(rvr_msgs)
[2.421s] Level 1:colcon.colcon_core.environment:checking '/home/mztejero/rvr_ros2_ws/install/rvr_msgs' for CMake module files
[2.432s] DEBUG:colcon.colcon_core.event_handler.log_command:Invoked command in '/home/mztejero/rvr_ros2_ws/build/rvr_msgs' returned '0': CMAKE_PREFIX_PATH=${CMAKE_PREFIX_PATH}:/home/mztejero/rover_ws/install/hardware_interface:/opt/ros/humble /usr/bin/cmake --install /home/mztejero/rvr_ros2_ws/build/rvr_msgs
[2.436s] Level 1:colcon.colcon_core.environment:checking '/home/mztejero/rvr_ros2_ws/install/rvr_msgs' for CMake config files
[2.437s] Level 1:colcon.colcon_core.shell:create_environment_hook('rvr_msgs', 'cmake_prefix_path')
[2.438s] INFO:colcon.colcon_core.shell:Creating environment hook '/home/mztejero/rvr_ros2_ws/install/rvr_msgs/share/rvr_msgs/hook/cmake_prefix_path.ps1'
[2.440s] INFO:colcon.colcon_core.shell:Creating environment descriptor '/home/mztejero/rvr_ros2_ws/install/rvr_msgs/share/rvr_msgs/hook/cmake_prefix_path.dsv'
[2.441s] INFO:colcon.colcon_core.shell:Creating environment hook '/home/mztejero/rvr_ros2_ws/install/rvr_msgs/share/rvr_msgs/hook/cmake_prefix_path.sh'
[2.443s] Level 1:colcon.colcon_core.environment:checking '/home/mztejero/rvr_ros2_ws/install/rvr_msgs/lib'
[2.445s] Level 1:colcon.colcon_core.shell:create_environment_hook('rvr_msgs', 'ld_library_path_lib')
[2.446s] INFO:colcon.colcon_core.shell:Creating environment hook '/home/mztejero/rvr_ros2_ws/install/rvr_msgs/share/rvr_msgs/hook/ld_library_path_lib.ps1'
[2.447s] INFO:colcon.colcon_core.shell:Creating environment descriptor '/home/mztejero/rvr_ros2_ws/install/rvr_msgs/share/rvr_msgs/hook/ld_library_path_lib.dsv'
[2.449s] INFO:colcon.colcon_core.shell:Creating environment hook '/home/mztejero/rvr_ros2_ws/install/rvr_msgs/share/rvr_msgs/hook/ld_library_path_lib.sh'
[2.450s] Level 1:colcon.colcon_core.environment:checking '/home/mztejero/rvr_ros2_ws/install/rvr_msgs/bin'
[2.451s] Level 1:colcon.colcon_core.environment:checking '/home/mztejero/rvr_ros2_ws/install/rvr_msgs/lib/pkgconfig/rvr_msgs.pc'
[2.451s] Level 1:colcon.colcon_core.environment:checking '/home/mztejero/rvr_ros2_ws/install/rvr_msgs/lib/python3.10/site-packages'
[2.451s] Level 1:colcon.colcon_core.environment:checking '/home/mztejero/rvr_ros2_ws/install/rvr_msgs/bin'
[2.452s] INFO:colcon.colcon_core.shell:Creating package script '/home/mztejero/rvr_ros2_ws/install/rvr_msgs/share/rvr_msgs/package.ps1'
[2.454s] INFO:colcon.colcon_core.shell:Creating package descriptor '/home/mztejero/rvr_ros2_ws/install/rvr_msgs/share/rvr_msgs/package.dsv'
[2.456s] INFO:colcon.colcon_core.shell:Creating package script '/home/mztejero/rvr_ros2_ws/install/rvr_msgs/share/rvr_msgs/package.sh'
[2.458s] INFO:colcon.colcon_core.shell:Creating package script '/home/mztejero/rvr_ros2_ws/install/rvr_msgs/share/rvr_msgs/package.bash'
[2.460s] INFO:colcon.colcon_core.shell:Creating package script '/home/mztejero/rvr_ros2_ws/install/rvr_msgs/share/rvr_msgs/package.zsh'
[2.461s] Level 1:colcon.colcon_core.environment:create_file_with_runtime_dependencies(/home/mztejero/rvr_ros2_ws/install/rvr_msgs/share/colcon-core/packages/rvr_msgs)
[2.463s] Level 1:colcon.colcon_core.environment:create_environment_scripts_only(rvr_msgs)
[2.464s] Level 1:colcon.colcon_core.environment:checking '/home/mztejero/rvr_ros2_ws/install/rvr_msgs' for CMake module files
[2.465s] Level 1:colcon.colcon_core.environment:checking '/home/mztejero/rvr_ros2_ws/install/rvr_msgs' for CMake config files
[2.466s] Level 1:colcon.colcon_core.shell:create_environment_hook('rvr_msgs', 'cmake_prefix_path')
[2.467s] INFO:colcon.colcon_core.shell:Creating environment hook '/home/mztejero/rvr_ros2_ws/install/rvr_msgs/share/rvr_msgs/hook/cmake_prefix_path.ps1'
[2.468s] INFO:colcon.colcon_core.shell:Creating environment descriptor '/home/mztejero/rvr_ros2_ws/install/rvr_msgs/share/rvr_msgs/hook/cmake_prefix_path.dsv'
[2.469s] INFO:colcon.colcon_core.shell:Creating environment hook '/home/mztejero/rvr_ros2_ws/install/rvr_msgs/share/rvr_msgs/hook/cmake_prefix_path.sh'
[2.471s] Level 1:colcon.colcon_core.environment:checking '/home/mztejero/rvr_ros2_ws/install/rvr_msgs/lib'
[2.471s] Level 1:colcon.colcon_core.shell:create_environment_hook('rvr_msgs', 'ld_library_path_lib')
[2.472s] INFO:colcon.colcon_core.shell:Creating environment hook '/home/mztejero/rvr_ros2_ws/install/rvr_msgs/share/rvr_msgs/hook/ld_library_path_lib.ps1'
[2.473s] INFO:colcon.colcon_core.shell:Creating environment descriptor '/home/mztejero/rvr_ros2_ws/install/rvr_msgs/share/rvr_msgs/hook/ld_library_path_lib.dsv'
[2.474s] INFO:colcon.colcon_core.shell:Creating environment hook '/home/mztejero/rvr_ros2_ws/install/rvr_msgs/share/rvr_msgs/hook/ld_library_path_lib.sh'
[2.476s] Level 1:colcon.colcon_core.environment:checking '/home/mztejero/rvr_ros2_ws/install/rvr_msgs/bin'
[2.476s] Level 1:colcon.colcon_core.environment:checking '/home/mztejero/rvr_ros2_ws/install/rvr_msgs/lib/pkgconfig/rvr_msgs.pc'
[2.477s] Level 1:colcon.colcon_core.environment:checking '/home/mztejero/rvr_ros2_ws/install/rvr_msgs/lib/python3.10/site-packages'
[2.477s] Level 1:colcon.colcon_core.environment:checking '/home/mztejero/rvr_ros2_ws/install/rvr_msgs/bin'
[2.478s] INFO:colcon.colcon_core.shell:Creating package script '/home/mztejero/rvr_ros2_ws/install/rvr_msgs/share/rvr_msgs/package.ps1'
[2.479s] INFO:colcon.colcon_core.shell:Creating package descriptor '/home/mztejero/rvr_ros2_ws/install/rvr_msgs/share/rvr_msgs/package.dsv'
[2.481s] INFO:colcon.colcon_core.shell:Creating package script '/home/mztejero/rvr_ros2_ws/install/rvr_msgs/share/rvr_msgs/package.sh'
[2.482s] INFO:colcon.colcon_core.shell:Creating package script '/home/mztejero/rvr_ros2_ws/install/rvr_msgs/share/rvr_msgs/package.bash'
[2.484s] INFO:colcon.colcon_core.shell:Creating package script '/home/mztejero/rvr_ros2_ws/install/rvr_msgs/share/rvr_msgs/package.zsh'
[2.485s] Level 1:colcon.colcon_core.environment:create_file_with_runtime_dependencies(/home/mztejero/rvr_ros2_ws/install/rvr_msgs/share/colcon-core/packages/rvr_msgs)
[2.487s] INFO:colcon.colcon_ros.task.ament_cmake.build:Building ROS package in '/home/mztejero/rvr_ros2_ws/src/controller' with build type 'ament_cmake'
[2.487s] INFO:colcon.colcon_cmake.task.cmake.build:Building CMake package in '/home/mztejero/rvr_ros2_ws/src/controller'
[2.488s] INFO:colcon.colcon_core.shell:Skip shell extension 'powershell' for command environment: Not usable outside of PowerShell
[2.488s] DEBUG:colcon.colcon_core.shell:Skip shell extension 'dsv' for command environment
[2.503s] INFO:colcon.colcon_ros.task.ament_cmake.build:Building ROS package in '/home/mztejero/rvr_ros2_ws/src/onboard_pkg' with build type 'ament_cmake'
[2.504s] INFO:colcon.colcon_cmake.task.cmake.build:Building CMake package in '/home/mztejero/rvr_ros2_ws/src/onboard_pkg'
[2.506s] INFO:colcon.colcon_core.shell:Skip shell extension 'powershell' for command environment: Not usable outside of PowerShell
[2.506s] DEBUG:colcon.colcon_core.shell:Skip shell extension 'dsv' for command environment
[2.548s] DEBUG:colcon.colcon_core.event_handler.log_command:Invoking command in '/home/mztejero/rvr_ros2_ws/build/controller': CMAKE_PREFIX_PATH=/home/mztejero/rvr_ros2_ws/install/rvr_msgs:/home/mztejero/rvr_ros2_ws/install/visualization:/home/mztejero/rvr_ros2_ws/install/onboard_pkg:/home/mztejero/rvr_ros2_ws/install/controller:/home/mztejero/rvr_ros2_ws/install/data_processor:/home/mztejero/ros2_ws/install/cpp_pubsub:/home/mztejero/ros2_ws/install/rover_msg:/home/mztejero/rover_ws/install/rvr_launch:/home/mztejero/rover_ws/install/msg_types:/home/mztejero/rover_ws/install/hardware_interface:/opt/ros/humble /usr/bin/cmake --build /home/mztejero/rvr_ros2_ws/build/controller -- -j4 -l4
[2.565s] DEBUG:colcon.colcon_core.event_handler.log_command:Invoking command in '/home/mztejero/rvr_ros2_ws/build/onboard_pkg': CMAKE_PREFIX_PATH=/home/mztejero/rvr_ros2_ws/install/rvr_msgs:/home/mztejero/rvr_ros2_ws/install/visualization:/home/mztejero/rvr_ros2_ws/install/onboard_pkg:/home/mztejero/rvr_ros2_ws/install/controller:/home/mztejero/rvr_ros2_ws/install/data_processor:/home/mztejero/ros2_ws/install/cpp_pubsub:/home/mztejero/ros2_ws/install/rover_msg:/home/mztejero/rover_ws/install/rvr_launch:/home/mztejero/rover_ws/install/msg_types:/home/mztejero/rover_ws/install/hardware_interface:/opt/ros/humble /usr/bin/cmake --build /home/mztejero/rvr_ros2_ws/build/onboard_pkg -- -j4 -l4
[2.731s] DEBUG:colcon.colcon_core.event_handler.log_command:Invoked command in '/home/mztejero/rvr_ros2_ws/build/controller' returned '0': CMAKE_PREFIX_PATH=/home/mztejero/rvr_ros2_ws/install/rvr_msgs:/home/mztejero/rvr_ros2_ws/install/visualization:/home/mztejero/rvr_ros2_ws/install/onboard_pkg:/home/mztejero/rvr_ros2_ws/install/controller:/home/mztejero/rvr_ros2_ws/install/data_processor:/home/mztejero/ros2_ws/install/cpp_pubsub:/home/mztejero/ros2_ws/install/rover_msg:/home/mztejero/rover_ws/install/rvr_launch:/home/mztejero/rover_ws/install/msg_types:/home/mztejero/rover_ws/install/hardware_interface:/opt/ros/humble /usr/bin/cmake --build /home/mztejero/rvr_ros2_ws/build/controller -- -j4 -l4
[2.738s] DEBUG:colcon.colcon_core.event_handler.log_command:Invoking command in '/home/mztejero/rvr_ros2_ws/build/controller': CMAKE_PREFIX_PATH=/home/mztejero/rvr_ros2_ws/install/rvr_msgs:/home/mztejero/rvr_ros2_ws/install/visualization:/home/mztejero/rvr_ros2_ws/install/onboard_pkg:/home/mztejero/rvr_ros2_ws/install/controller:/home/mztejero/rvr_ros2_ws/install/data_processor:/home/mztejero/ros2_ws/install/cpp_pubsub:/home/mztejero/ros2_ws/install/rover_msg:/home/mztejero/rover_ws/install/rvr_launch:/home/mztejero/rover_ws/install/msg_types:/home/mztejero/rover_ws/install/hardware_interface:/opt/ros/humble /usr/bin/cmake --install /home/mztejero/rvr_ros2_ws/build/controller
[2.772s] Level 1:colcon.colcon_core.environment:create_environment_scripts_only(controller)
[2.774s] DEBUG:colcon.colcon_core.event_handler.log_command:Invoked command in '/home/mztejero/rvr_ros2_ws/build/controller' returned '0': CMAKE_PREFIX_PATH=/home/mztejero/rvr_ros2_ws/install/rvr_msgs:/home/mztejero/rvr_ros2_ws/install/visualization:/home/mztejero/rvr_ros2_ws/install/onboard_pkg:/home/mztejero/rvr_ros2_ws/install/controller:/home/mztejero/rvr_ros2_ws/install/data_processor:/home/mztejero/ros2_ws/install/cpp_pubsub:/home/mztejero/ros2_ws/install/rover_msg:/home/mztejero/rover_ws/install/rvr_launch:/home/mztejero/rover_ws/install/msg_types:/home/mztejero/rover_ws/install/hardware_interface:/opt/ros/humble /usr/bin/cmake --install /home/mztejero/rvr_ros2_ws/build/controller
[2.775s] Level 1:colcon.colcon_core.environment:checking '/home/mztejero/rvr_ros2_ws/install/controller' for CMake module files
[2.777s] Level 1:colcon.colcon_core.environment:checking '/home/mztejero/rvr_ros2_ws/install/controller' for CMake config files
[2.778s] Level 1:colcon.colcon_core.shell:create_environment_hook('controller', 'cmake_prefix_path')
[2.779s] INFO:colcon.colcon_core.shell:Creating environment hook '/home/mztejero/rvr_ros2_ws/install/controller/share/controller/hook/cmake_prefix_path.ps1'
[2.781s] INFO:colcon.colcon_core.shell:Creating environment descriptor '/home/mztejero/rvr_ros2_ws/install/controller/share/controller/hook/cmake_prefix_path.dsv'
[2.782s] INFO:colcon.colcon_core.shell:Creating environment hook '/home/mztejero/rvr_ros2_ws/install/controller/share/controller/hook/cmake_prefix_path.sh'
[2.785s] Level 1:colcon.colcon_core.environment:checking '/home/mztejero/rvr_ros2_ws/install/controller/lib'
[2.785s] Level 1:colcon.colcon_core.environment:checking '/home/mztejero/rvr_ros2_ws/install/controller/bin'
[2.786s] Level 1:colcon.colcon_core.environment:checking '/home/mztejero/rvr_ros2_ws/install/controller/lib/pkgconfig/controller.pc'
[2.786s] Level 1:colcon.colcon_core.environment:checking '/home/mztejero/rvr_ros2_ws/install/controller/lib/python3.10/site-packages'
[2.787s] Level 1:colcon.colcon_core.environment:checking '/home/mztejero/rvr_ros2_ws/install/controller/bin'
[2.789s] INFO:colcon.colcon_core.shell:Creating package script '/home/mztejero/rvr_ros2_ws/install/controller/share/controller/package.ps1'
[2.791s] INFO:colcon.colcon_core.shell:Creating package descriptor '/home/mztejero/rvr_ros2_ws/install/controller/share/controller/package.dsv'
[2.792s] INFO:colcon.colcon_core.shell:Creating package script '/home/mztejero/rvr_ros2_ws/install/controller/share/controller/package.sh'
[2.794s] INFO:colcon.colcon_core.shell:Creating package script '/home/mztejero/rvr_ros2_ws/install/controller/share/controller/package.bash'
[2.795s] INFO:colcon.colcon_core.shell:Creating package script '/home/mztejero/rvr_ros2_ws/install/controller/share/controller/package.zsh'
[2.797s] Level 1:colcon.colcon_core.environment:create_file_with_runtime_dependencies(/home/mztejero/rvr_ros2_ws/install/controller/share/colcon-core/packages/controller)
[2.800s] Level 1:colcon.colcon_core.environment:create_environment_scripts_only(controller)
[2.801s] Level 1:colcon.colcon_core.environment:checking '/home/mztejero/rvr_ros2_ws/install/controller' for CMake module files
[2.802s] Level 1:colcon.colcon_core.environment:checking '/home/mztejero/rvr_ros2_ws/install/controller' for CMake config files
[2.803s] Level 1:colcon.colcon_core.shell:create_environment_hook('controller', 'cmake_prefix_path')
[2.803s] INFO:colcon.colcon_core.shell:Creating environment hook '/home/mztejero/rvr_ros2_ws/install/controller/share/controller/hook/cmake_prefix_path.ps1'
[2.805s] INFO:colcon.colcon_core.shell:Creating environment descriptor '/home/mztejero/rvr_ros2_ws/install/controller/share/controller/hook/cmake_prefix_path.dsv'
[2.808s] INFO:colcon.colcon_core.shell:Creating environment hook '/home/mztejero/rvr_ros2_ws/install/controller/share/controller/hook/cmake_prefix_path.sh'
[2.810s] Level 1:colcon.colcon_core.environment:checking '/home/mztejero/rvr_ros2_ws/install/controller/lib'
[2.810s] Level 1:colcon.colcon_core.environment:checking '/home/mztejero/rvr_ros2_ws/install/controller/bin'
[2.811s] Level 1:colcon.colcon_core.environment:checking '/home/mztejero/rvr_ros2_ws/install/controller/lib/pkgconfig/controller.pc'
[2.811s] Level 1:colcon.colcon_core.environment:checking '/home/mztejero/rvr_ros2_ws/install/controller/lib/python3.10/site-packages'
[2.812s] Level 1:colcon.colcon_core.environment:checking '/home/mztejero/rvr_ros2_ws/install/controller/bin'
[2.813s] INFO:colcon.colcon_core.shell:Creating package script '/home/mztejero/rvr_ros2_ws/install/controller/share/controller/package.ps1'
[2.817s] INFO:colcon.colcon_core.shell:Creating package descriptor '/home/mztejero/rvr_ros2_ws/install/controller/share/controller/package.dsv'
[2.819s] INFO:colcon.colcon_core.shell:Creating package script '/home/mztejero/rvr_ros2_ws/install/controller/share/controller/package.sh'
[2.821s] INFO:colcon.colcon_core.shell:Creating package script '/home/mztejero/rvr_ros2_ws/install/controller/share/controller/package.bash'
[2.824s] INFO:colcon.colcon_core.shell:Creating package script '/home/mztejero/rvr_ros2_ws/install/controller/share/controller/package.zsh'
[2.826s] Level 1:colcon.colcon_core.environment:create_file_with_runtime_dependencies(/home/mztejero/rvr_ros2_ws/install/controller/share/colcon-core/packages/controller)
[13.618s] DEBUG:colcon.colcon_core.event_handler.log_command:Invoked command in '/home/mztejero/rvr_ros2_ws/build/onboard_pkg' returned '0': CMAKE_PREFIX_PATH=/home/mztejero/rvr_ros2_ws/install/rvr_msgs:/home/mztejero/rvr_ros2_ws/install/visualization:/home/mztejero/rvr_ros2_ws/install/onboard_pkg:/home/mztejero/rvr_ros2_ws/install/controller:/home/mztejero/rvr_ros2_ws/install/data_processor:/home/mztejero/ros2_ws/install/cpp_pubsub:/home/mztejero/ros2_ws/install/rover_msg:/home/mztejero/rover_ws/install/rvr_launch:/home/mztejero/rover_ws/install/msg_types:/home/mztejero/rover_ws/install/hardware_interface:/opt/ros/humble /usr/bin/cmake --build /home/mztejero/rvr_ros2_ws/build/onboard_pkg -- -j4 -l4
[13.620s] DEBUG:colcon.colcon_core.event_handler.log_command:Invoking command in '/home/mztejero/rvr_ros2_ws/build/onboard_pkg': CMAKE_PREFIX_PATH=/home/mztejero/rvr_ros2_ws/install/rvr_msgs:/home/mztejero/rvr_ros2_ws/install/visualization:/home/mztejero/rvr_ros2_ws/install/onboard_pkg:/home/mztejero/rvr_ros2_ws/install/controller:/home/mztejero/rvr_ros2_ws/install/data_processor:/home/mztejero/ros2_ws/install/cpp_pubsub:/home/mztejero/ros2_ws/install/rover_msg:/home/mztejero/rover_ws/install/rvr_launch:/home/mztejero/rover_ws/install/msg_types:/home/mztejero/rover_ws/install/hardware_interface:/opt/ros/humble /usr/bin/cmake --install /home/mztejero/rvr_ros2_ws/build/onboard_pkg
[13.647s] Level 1:colcon.colcon_core.environment:create_environment_scripts_only(onboard_pkg)
[13.648s] Level 1:colcon.colcon_core.environment:checking '/home/mztejero/rvr_ros2_ws/install/onboard_pkg' for CMake module files
[13.650s] DEBUG:colcon.colcon_core.event_handler.log_command:Invoked command in '/home/mztejero/rvr_ros2_ws/build/onboard_pkg' returned '0': CMAKE_PREFIX_PATH=/home/mztejero/rvr_ros2_ws/install/rvr_msgs:/home/mztejero/rvr_ros2_ws/install/visualization:/home/mztejero/rvr_ros2_ws/install/onboard_pkg:/home/mztejero/rvr_ros2_ws/install/controller:/home/mztejero/rvr_ros2_ws/install/data_processor:/home/mztejero/ros2_ws/install/cpp_pubsub:/home/mztejero/ros2_ws/install/rover_msg:/home/mztejero/rover_ws/install/rvr_launch:/home/mztejero/rover_ws/install/msg_types:/home/mztejero/rover_ws/install/hardware_interface:/opt/ros/humble /usr/bin/cmake --install /home/mztejero/rvr_ros2_ws/build/onboard_pkg
[13.652s] Level 1:colcon.colcon_core.environment:checking '/home/mztejero/rvr_ros2_ws/install/onboard_pkg' for CMake config files
[13.652s] Level 1:colcon.colcon_core.shell:create_environment_hook('onboard_pkg', 'cmake_prefix_path')
[13.653s] INFO:colcon.colcon_core.shell:Creating environment hook '/home/mztejero/rvr_ros2_ws/install/onboard_pkg/share/onboard_pkg/hook/cmake_prefix_path.ps1'
[13.654s] INFO:colcon.colcon_core.shell:Creating environment descriptor '/home/mztejero/rvr_ros2_ws/install/onboard_pkg/share/onboard_pkg/hook/cmake_prefix_path.dsv'
[13.655s] INFO:colcon.colcon_core.shell:Creating environment hook '/home/mztejero/rvr_ros2_ws/install/onboard_pkg/share/onboard_pkg/hook/cmake_prefix_path.sh'
[13.657s] Level 1:colcon.colcon_core.environment:checking '/home/mztejero/rvr_ros2_ws/install/onboard_pkg/lib'
[13.657s] Level 1:colcon.colcon_core.environment:checking '/home/mztejero/rvr_ros2_ws/install/onboard_pkg/bin'
[13.657s] Level 1:colcon.colcon_core.environment:checking '/home/mztejero/rvr_ros2_ws/install/onboard_pkg/lib/pkgconfig/onboard_pkg.pc'
[13.658s] Level 1:colcon.colcon_core.environment:checking '/home/mztejero/rvr_ros2_ws/install/onboard_pkg/lib/python3.10/site-packages'
[13.659s] Level 1:colcon.colcon_core.environment:checking '/home/mztejero/rvr_ros2_ws/install/onboard_pkg/bin'
[13.659s] INFO:colcon.colcon_core.shell:Creating package script '/home/mztejero/rvr_ros2_ws/install/onboard_pkg/share/onboard_pkg/package.ps1'
[13.661s] INFO:colcon.colcon_core.shell:Creating package descriptor '/home/mztejero/rvr_ros2_ws/install/onboard_pkg/share/onboard_pkg/package.dsv'
[13.662s] INFO:colcon.colcon_core.shell:Creating package script '/home/mztejero/rvr_ros2_ws/install/onboard_pkg/share/onboard_pkg/package.sh'
[13.664s] INFO:colcon.colcon_core.shell:Creating package script '/home/mztejero/rvr_ros2_ws/install/onboard_pkg/share/onboard_pkg/package.bash'
[13.669s] INFO:colcon.colcon_core.shell:Creating package script '/home/mztejero/rvr_ros2_ws/install/onboard_pkg/share/onboard_pkg/package.zsh'
[13.670s] Level 1:colcon.colcon_core.environment:create_file_with_runtime_dependencies(/home/mztejero/rvr_ros2_ws/install/onboard_pkg/share/colcon-core/packages/onboard_pkg)
[13.672s] Level 1:colcon.colcon_core.environment:create_environment_scripts_only(onboard_pkg)
[13.673s] Level 1:colcon.colcon_core.environment:checking '/home/mztejero/rvr_ros2_ws/install/onboard_pkg' for CMake module files
[13.673s] Level 1:colcon.colcon_core.environment:checking '/home/mztejero/rvr_ros2_ws/install/onboard_pkg' for CMake config files
[13.674s] Level 1:colcon.colcon_core.shell:create_environment_hook('onboard_pkg', 'cmake_prefix_path')
[13.674s] INFO:colcon.colcon_core.shell:Creating environment hook '/home/mztejero/rvr_ros2_ws/install/onboard_pkg/share/onboard_pkg/hook/cmake_prefix_path.ps1'
[13.675s] INFO:colcon.colcon_core.shell:Creating environment descriptor '/home/mztejero/rvr_ros2_ws/install/onboard_pkg/share/onboard_pkg/hook/cmake_prefix_path.dsv'
[13.676s] INFO:colcon.colcon_core.shell:Creating environment hook '/home/mztejero/rvr_ros2_ws/install/onboard_pkg/share/onboard_pkg/hook/cmake_prefix_path.sh'
[13.678s] Level 1:colcon.colcon_core.environment:checking '/home/mztejero/rvr_ros2_ws/install/onboard_pkg/lib'
[13.678s] Level 1:colcon.colcon_core.environment:checking '/home/mztejero/rvr_ros2_ws/install/onboard_pkg/bin'
[13.678s] Level 1:colcon.colcon_core.environment:checking '/home/mztejero/rvr_ros2_ws/install/onboard_pkg/lib/pkgconfig/onboard_pkg.pc'
[13.679s] Level 1:colcon.colcon_core.environment:checking '/home/mztejero/rvr_ros2_ws/install/onboard_pkg/lib/python3.10/site-packages'
[13.679s] Level 1:colcon.colcon_core.environment:checking '/home/mztejero/rvr_ros2_ws/install/onboard_pkg/bin'
[13.680s] INFO:colcon.colcon_core.shell:Creating package script '/home/mztejero/rvr_ros2_ws/install/onboard_pkg/share/onboard_pkg/package.ps1'
[13.681s] INFO:colcon.colcon_core.shell:Creating package descriptor '/home/mztejero/rvr_ros2_ws/install/onboard_pkg/share/onboard_pkg/package.dsv'
[13.682s] INFO:colcon.colcon_core.shell:Creating package script '/home/mztejero/rvr_ros2_ws/install/onboard_pkg/share/onboard_pkg/package.sh'
[13.684s] INFO:colcon.colcon_core.shell:Creating package script '/home/mztejero/rvr_ros2_ws/install/onboard_pkg/share/onboard_pkg/package.bash'
[13.686s] INFO:colcon.colcon_core.shell:Creating package script '/home/mztejero/rvr_ros2_ws/install/onboard_pkg/share/onboard_pkg/package.zsh'
[13.688s] Level 1:colcon.colcon_core.environment:create_file_with_runtime_dependencies(/home/mztejero/rvr_ros2_ws/install/onboard_pkg/share/colcon-core/packages/onboard_pkg)
[13.689s] DEBUG:colcon.colcon_parallel_executor.executor.parallel:closing loop
[13.691s] DEBUG:colcon.colcon_parallel_executor.executor.parallel:loop closed
[13.691s] DEBUG:colcon.colcon_parallel_executor.executor.parallel:run_until_complete finished with '0'
[13.692s] DEBUG:colcon.colcon_core.event_reactor:joining thread
[13.713s] INFO:colcon.colcon_core.plugin_system:Skipping extension 'colcon_notification.desktop_notification.terminal_notifier': Not used on non-Darwin systems
[13.713s] INFO:colcon.colcon_core.plugin_system:Skipping extension 'colcon_notification.desktop_notification.win32': Not used on non-Windows systems
[13.713s] INFO:colcon.colcon_notification.desktop_notification:Sending desktop notification using 'notify2'
[13.721s] DEBUG:colcon.colcon_notification.desktop_notification.notify2:Failed to initialize notify2: org.freedesktop.DBus.Error.ServiceUnknown: The name org.freedesktop.Notifications was not provided by any .service files
[13.721s] DEBUG:colcon.colcon_core.event_reactor:joined thread
[13.723s] INFO:colcon.colcon_core.shell:Creating prefix script '/home/mztejero/rvr_ros2_ws/install/local_setup.ps1'
[13.732s] INFO:colcon.colcon_core.shell:Creating prefix util module '/home/mztejero/rvr_ros2_ws/install/_local_setup_util_ps1.py'
[13.738s] INFO:colcon.colcon_core.shell:Creating prefix chain script '/home/mztejero/rvr_ros2_ws/install/setup.ps1'
[13.743s] INFO:colcon.colcon_core.shell:Creating prefix script '/home/mztejero/rvr_ros2_ws/install/local_setup.sh'
[13.745s] INFO:colcon.colcon_core.shell:Creating prefix util module '/home/mztejero/rvr_ros2_ws/install/_local_setup_util_sh.py'
[13.747s] INFO:colcon.colcon_core.shell:Creating prefix chain script '/home/mztejero/rvr_ros2_ws/install/setup.sh'
[13.751s] INFO:colcon.colcon_core.shell:Creating prefix script '/home/mztejero/rvr_ros2_ws/install/local_setup.bash'
[13.753s] INFO:colcon.colcon_core.shell:Creating prefix chain script '/home/mztejero/rvr_ros2_ws/install/setup.bash'
[13.755s] INFO:colcon.colcon_core.shell:Creating prefix script '/home/mztejero/rvr_ros2_ws/install/local_setup.zsh'
[13.758s] INFO:colcon.colcon_core.shell:Creating prefix chain script '/home/mztejero/rvr_ros2_ws/install/setup.zsh'
