[0.250s] Invoking command in '/home/mztejero/rvr_ros2_ws/build/data_processor': CMAKE_PREFIX_PATH=/opt/ros/humble /usr/bin/cmake /home/mztejero/rvr_ros2_ws/src/data_processor -DCMAKE_INSTALL_PREFIX=/home/mztejero/rvr_ros2_ws/install/data_processor
[1.229s] -- The C compiler identification is GNU 11.4.0
[1.789s] -- The CXX compiler identification is GNU 11.4.0
[1.835s] -- Detecting C compiler ABI info
[2.165s] -- Detecting C compiler ABI info - done
[2.215s] -- Check for working C compiler: /usr/bin/cc - skipped
[2.216s] -- Detecting C compile features
[2.225s] -- Detecting C compile features - done
[2.240s] -- Detecting CXX compiler ABI info
[2.553s] -- Detecting CXX compiler ABI info - done
[2.610s] -- Check for working CXX compiler: /usr/bin/c++ - skipped
[2.615s] -- Detecting CXX compile features
[2.621s] -- Detecting CXX compile features - done
[2.627s] -- Found ament_cmake: 1.3.12 (/opt/ros/humble/share/ament_cmake/cmake)
[3.155s] -- Found Python3: /usr/bin/python3 (found version "3.10.12") found components: Interpreter 
[3.635s] -- Found ament_lint_auto: 0.12.14 (/opt/ros/humble/share/ament_lint_auto/cmake)
[3.986s] -- Added test 'cppcheck' to perform static code analysis on C / C++ code
[3.986s] -- Configured cppcheck include dirs: 
[3.987s] -- Configured cppcheck exclude dirs and/or files: 
[3.989s] -- Added test 'lint_cmake' to check CMake code style
[4.026s] -- Added test 'uncrustify' to check C / C++ code style
[4.027s] -- Configured uncrustify additional arguments: 
[4.027s] -- Added test 'xmllint' to check XML markup files
[4.027s] -- Configuring done
[4.048s] -- Generating done
[4.067s] -- Build files have been written to: /home/mztejero/rvr_ros2_ws/build/data_processor
[4.085s] Invoked command in '/home/mztejero/rvr_ros2_ws/build/data_processor' returned '0': CMAKE_PREFIX_PATH=/opt/ros/humble /usr/bin/cmake /home/mztejero/rvr_ros2_ws/src/data_processor -DCMAKE_INSTALL_PREFIX=/home/mztejero/rvr_ros2_ws/install/data_processor
[4.097s] Invoking command in '/home/mztejero/rvr_ros2_ws/build/data_processor': CMAKE_PREFIX_PATH=/opt/ros/humble /usr/bin/cmake --build /home/mztejero/rvr_ros2_ws/build/data_processor -- -j4 -l4
[4.245s] Invoked command in '/home/mztejero/rvr_ros2_ws/build/data_processor' returned '0': CMAKE_PREFIX_PATH=/opt/ros/humble /usr/bin/cmake --build /home/mztejero/rvr_ros2_ws/build/data_processor -- -j4 -l4
[4.261s] Invoking command in '/home/mztejero/rvr_ros2_ws/build/data_processor': CMAKE_PREFIX_PATH=/opt/ros/humble /usr/bin/cmake --install /home/mztejero/rvr_ros2_ws/build/data_processor
[4.291s] -- Install configuration: ""
[4.292s] -- Installing: /home/mztejero/rvr_ros2_ws/install/data_processor/share/ament_index/resource_index/package_run_dependencies/data_processor
[4.292s] -- Installing: /home/mztejero/rvr_ros2_ws/install/data_processor/share/ament_index/resource_index/parent_prefix_path/data_processor
[4.293s] -- Installing: /home/mztejero/rvr_ros2_ws/install/data_processor/share/data_processor/environment/ament_prefix_path.sh
[4.296s] -- Installing: /home/mztejero/rvr_ros2_ws/install/data_processor/share/data_processor/environment/ament_prefix_path.dsv
[4.296s] -- Installing: /home/mztejero/rvr_ros2_ws/install/data_processor/share/data_processor/environment/path.sh
[4.297s] -- Installing: /home/mztejero/rvr_ros2_ws/install/data_processor/share/data_processor/environment/path.dsv
[4.299s] -- Installing: /home/mztejero/rvr_ros2_ws/install/data_processor/share/data_processor/local_setup.bash
[4.300s] -- Installing: /home/mztejero/rvr_ros2_ws/install/data_processor/share/data_processor/local_setup.sh
[4.301s] -- Installing: /home/mztejero/rvr_ros2_ws/install/data_processor/share/data_processor/local_setup.zsh
[4.301s] -- Installing: /home/mztejero/rvr_ros2_ws/install/data_processor/share/data_processor/local_setup.dsv
[4.302s] -- Installing: /home/mztejero/rvr_ros2_ws/install/data_processor/share/data_processor/package.dsv
[4.302s] -- Installing: /home/mztejero/rvr_ros2_ws/install/data_processor/share/ament_index/resource_index/packages/data_processor
[4.302s] -- Installing: /home/mztejero/rvr_ros2_ws/install/data_processor/share/data_processor/cmake/data_processorConfig.cmake
[4.303s] -- Installing: /home/mztejero/rvr_ros2_ws/install/data_processor/share/data_processor/cmake/data_processorConfig-version.cmake
[4.303s] -- Installing: /home/mztejero/rvr_ros2_ws/install/data_processor/share/data_processor/package.xml
[4.321s] Invoked command in '/home/mztejero/rvr_ros2_ws/build/data_processor' returned '0': CMAKE_PREFIX_PATH=/opt/ros/humble /usr/bin/cmake --install /home/mztejero/rvr_ros2_ws/build/data_processor
