[0.114s] Invoking command in '/home/mztejero/rvr_ros2_ws/build/visualization': CMAKE_PREFIX_PATH=${CMAKE_PREFIX_PATH}:/home/mztejero/rover_ws/install/hardware_interface:/opt/ros/humble /usr/bin/cmake --build /home/mztejero/rvr_ros2_ws/build/visualization -- -j4 -l4
[0.416s] Invoked command in '/home/mztejero/rvr_ros2_ws/build/visualization' returned '0': CMAKE_PREFIX_PATH=${CMAKE_PREFIX_PATH}:/home/mztejero/rover_ws/install/hardware_interface:/opt/ros/humble /usr/bin/cmake --build /home/mztejero/rvr_ros2_ws/build/visualization -- -j4 -l4
[0.442s] Invoking command in '/home/mztejero/rvr_ros2_ws/build/visualization': CMAKE_PREFIX_PATH=${CMAKE_PREFIX_PATH}:/home/mztejero/rover_ws/install/hardware_interface:/opt/ros/humble /usr/bin/cmake --install /home/mztejero/rvr_ros2_ws/build/visualization
[0.603s] -- Install configuration: ""
[0.603s] -- Up-to-date: /home/mztejero/rvr_ros2_ws/install/visualization/share/ament_index/resource_index/package_run_dependencies/visualization
[0.609s] -- Up-to-date: /home/mztejero/rvr_ros2_ws/install/visualization/share/ament_index/resource_index/parent_prefix_path/visualization
[0.609s] -- Up-to-date: /home/mztejero/rvr_ros2_ws/install/visualization/share/visualization/environment/ament_prefix_path.sh
[0.610s] -- Up-to-date: /home/mztejero/rvr_ros2_ws/install/visualization/share/visualization/environment/ament_prefix_path.dsv
[0.610s] -- Up-to-date: /home/mztejero/rvr_ros2_ws/install/visualization/share/visualization/environment/path.sh
[0.610s] -- Up-to-date: /home/mztejero/rvr_ros2_ws/install/visualization/share/visualization/environment/path.dsv
[0.610s] -- Up-to-date: /home/mztejero/rvr_ros2_ws/install/visualization/share/visualization/local_setup.bash
[0.616s] -- Up-to-date: /home/mztejero/rvr_ros2_ws/install/visualization/share/visualization/local_setup.sh
[0.617s] -- Up-to-date: /home/mztejero/rvr_ros2_ws/install/visualization/share/visualization/local_setup.zsh
[0.617s] -- Up-to-date: /home/mztejero/rvr_ros2_ws/install/visualization/share/visualization/local_setup.dsv
[0.618s] -- Installing: /home/mztejero/rvr_ros2_ws/install/visualization/share/visualization/package.dsv
[0.618s] -- Up-to-date: /home/mztejero/rvr_ros2_ws/install/visualization/share/ament_index/resource_index/packages/visualization
[0.618s] -- Up-to-date: /home/mztejero/rvr_ros2_ws/install/visualization/share/visualization/cmake/visualizationConfig.cmake
[0.619s] -- Up-to-date: /home/mztejero/rvr_ros2_ws/install/visualization/share/visualization/cmake/visualizationConfig-version.cmake
[0.619s] -- Up-to-date: /home/mztejero/rvr_ros2_ws/install/visualization/share/visualization/package.xml
[0.824s] Invoked command in '/home/mztejero/rvr_ros2_ws/build/visualization' returned '0': CMAKE_PREFIX_PATH=${CMAKE_PREFIX_PATH}:/home/mztejero/rover_ws/install/hardware_interface:/opt/ros/humble /usr/bin/cmake --install /home/mztejero/rvr_ros2_ws/build/visualization
