[35m[1mConsolidate compiler generated dependencies of target rvr_data_sub[0m
[ 33%] [32mBuilding CXX object CMakeFiles/rvr_data_sub.dir/src/rvr_data_sub_lib.cpp.o[0m
[ 66%] [32m[1mLinking CXX executable rvr_data_sub[0m
[100%] Built target rvr_data_sub
-- Install configuration: ""
-- Installing: /home/mztejero/rvr_ros2_ws/install/data_processor/lib/data_processor/rvr_data_sub
-- Set runtime path of "/home/mztejero/rvr_ros2_ws/install/data_processor/lib/data_processor/rvr_data_sub" to ""
-- Up-to-date: /home/mztejero/rvr_ros2_ws/install/data_processor/share/ament_index/resource_index/package_run_dependencies/data_processor
-- Up-to-date: /home/mztejero/rvr_ros2_ws/install/data_processor/share/ament_index/resource_index/parent_prefix_path/data_processor
-- Up-to-date: /home/mztejero/rvr_ros2_ws/install/data_processor/share/data_processor/environment/ament_prefix_path.sh
-- Up-to-date: /home/mztejero/rvr_ros2_ws/install/data_processor/share/data_processor/environment/ament_prefix_path.dsv
-- Up-to-date: /home/mztejero/rvr_ros2_ws/install/data_processor/share/data_processor/environment/path.sh
-- Up-to-date: /home/mztejero/rvr_ros2_ws/install/data_processor/share/data_processor/environment/path.dsv
-- Up-to-date: /home/mztejero/rvr_ros2_ws/install/data_processor/share/data_processor/local_setup.bash
-- Up-to-date: /home/mztejero/rvr_ros2_ws/install/data_processor/share/data_processor/local_setup.sh
-- Up-to-date: /home/mztejero/rvr_ros2_ws/install/data_processor/share/data_processor/local_setup.zsh
-- Up-to-date: /home/mztejero/rvr_ros2_ws/install/data_processor/share/data_processor/local_setup.dsv
-- Installing: /home/mztejero/rvr_ros2_ws/install/data_processor/share/data_processor/package.dsv
-- Up-to-date: /home/mztejero/rvr_ros2_ws/install/data_processor/share/ament_index/resource_index/packages/data_processor
-- Up-to-date: /home/mztejero/rvr_ros2_ws/install/data_processor/share/data_processor/cmake/data_processorConfig.cmake
-- Up-to-date: /home/mztejero/rvr_ros2_ws/install/data_processor/share/data_processor/cmake/data_processorConfig-version.cmake
-- Up-to-date: /home/mztejero/rvr_ros2_ws/install/data_processor/share/data_processor/package.xml
