[0.048s] Invoking command in '/home/mztejero/rvr_ros2_ws/build/data_processor': CMAKE_PREFIX_PATH=${CMAKE_PREFIX_PATH}:/opt/ros/humble /usr/bin/cmake --build /home/mztejero/rvr_ros2_ws/build/data_processor -- -j4 -l4
[0.206s] [35m[1mConsolidate compiler generated dependencies of target rvr_data_sub[0m
[0.282s] [ 33%] [32mBuilding CXX object CMakeFiles/rvr_data_sub.dir/src/rvr_data_sub_lib.cpp.o[0m
[16.945s] [ 66%] [32m[1mLinking CXX executable rvr_data_sub[0m
[17.754s] [100%] Built target rvr_data_sub
[17.785s] Invoked command in '/home/mztejero/rvr_ros2_ws/build/data_processor' returned '0': CMAKE_PREFIX_PATH=${CMAKE_PREFIX_PATH}:/opt/ros/humble /usr/bin/cmake --build /home/mztejero/rvr_ros2_ws/build/data_processor -- -j4 -l4
[17.808s] Invoking command in '/home/mztejero/rvr_ros2_ws/build/data_processor': CMAKE_PREFIX_PATH=${CMAKE_PREFIX_PATH}:/opt/ros/humble /usr/bin/cmake --install /home/mztejero/rvr_ros2_ws/build/data_processor
[17.821s] -- Install configuration: ""
[17.822s] -- Installing: /home/mztejero/rvr_ros2_ws/install/data_processor/lib/data_processor/rvr_data_sub
[17.829s] -- Set runtime path of "/home/mztejero/rvr_ros2_ws/install/data_processor/lib/data_processor/rvr_data_sub" to ""
[17.829s] -- Up-to-date: /home/mztejero/rvr_ros2_ws/install/data_processor/share/ament_index/resource_index/package_run_dependencies/data_processor
[17.830s] -- Up-to-date: /home/mztejero/rvr_ros2_ws/install/data_processor/share/ament_index/resource_index/parent_prefix_path/data_processor
[17.830s] -- Up-to-date: /home/mztejero/rvr_ros2_ws/install/data_processor/share/data_processor/environment/ament_prefix_path.sh
[17.831s] -- Up-to-date: /home/mztejero/rvr_ros2_ws/install/data_processor/share/data_processor/environment/ament_prefix_path.dsv
[17.831s] -- Up-to-date: /home/mztejero/rvr_ros2_ws/install/data_processor/share/data_processor/environment/path.sh
[17.832s] -- Up-to-date: /home/mztejero/rvr_ros2_ws/install/data_processor/share/data_processor/environment/path.dsv
[17.833s] -- Up-to-date: /home/mztejero/rvr_ros2_ws/install/data_processor/share/data_processor/local_setup.bash
[17.833s] -- Up-to-date: /home/mztejero/rvr_ros2_ws/install/data_processor/share/data_processor/local_setup.sh
[17.833s] -- Up-to-date: /home/mztejero/rvr_ros2_ws/install/data_processor/share/data_processor/local_setup.zsh
[17.834s] -- Up-to-date: /home/mztejero/rvr_ros2_ws/install/data_processor/share/data_processor/local_setup.dsv
[17.834s] -- Installing: /home/mztejero/rvr_ros2_ws/install/data_processor/share/data_processor/package.dsv
[17.837s] -- Up-to-date: /home/mztejero/rvr_ros2_ws/install/data_processor/share/ament_index/resource_index/packages/data_processor
[17.838s] -- Up-to-date: /home/mztejero/rvr_ros2_ws/install/data_processor/share/data_processor/cmake/data_processorConfig.cmake
[17.839s] -- Up-to-date: /home/mztejero/rvr_ros2_ws/install/data_processor/share/data_processor/cmake/data_processorConfig-version.cmake
[17.841s] -- Up-to-date: /home/mztejero/rvr_ros2_ws/install/data_processor/share/data_processor/package.xml
[17.849s] Invoked command in '/home/mztejero/rvr_ros2_ws/build/data_processor' returned '0': CMAKE_PREFIX_PATH=${CMAKE_PREFIX_PATH}:/opt/ros/humble /usr/bin/cmake --install /home/mztejero/rvr_ros2_ws/build/data_processor
