-- Found ament_cmake: 1.3.12 (/opt/ros/humble/share/ament_cmake/cmake)
-- Found rclcpp: 16.0.15 (/opt/ros/humble/share/rclcpp/cmake)
-- Found rosidl_generator_c: 3.1.7 (/opt/ros/humble/share/rosidl_generator_c/cmake)
-- Found rosidl_adapter: 3.1.7 (/opt/ros/humble/share/rosidl_adapter/cmake)
-- Found rosidl_generator_cpp: 3.1.7 (/opt/ros/humble/share/rosidl_generator_cpp/cmake)
-- Using all available rosidl_typesupport_c: rosidl_typesupport_fastrtps_c;rosidl_typesupport_introspection_c
-- Using all available rosidl_typesupport_cpp: rosidl_typesupport_fastrtps_cpp;rosidl_typesupport_introspection_cpp
-- Found rmw_implementation_cmake: 6.1.2 (/opt/ros/humble/share/rmw_implementation_cmake/cmake)
-- Found rmw_fastrtps_cpp: 6.2.8 (/opt/ros/humble/share/rmw_fastrtps_cpp/cmake)
-- Using RMW implementation 'rmw_fastrtps_cpp' as default
-- Found rvr_msgs: 0.0.0 (/home/mztejero/rvr_ros2_ws/install/rvr_msgs/share/rvr_msgs/cmake)
-- Found ament_lint_auto: 0.12.14 (/opt/ros/humble/share/ament_lint_auto/cmake)
-- Added test 'cppcheck' to perform static code analysis on C / C++ code
-- Configured cppcheck include dirs: /home/mztejero/rvr_ros2_ws/src/onboard_pkg/include
-- Configured cppcheck exclude dirs and/or files: 
-- Added test 'lint_cmake' to check CMake code style
-- Added test 'uncrustify' to check C / C++ code style
-- Configured uncrustify additional arguments: 
-- Added test 'xmllint' to check XML markup files
-- Configuring done
-- Generating done
-- Build files have been written to: /home/mztejero/rvr_ros2_ws/build/onboard_pkg
[35m[1mConsolidate compiler generated dependencies of target cmd_vel_sub[0m
[35m[1mConsolidate compiler generated dependencies of target rvr_data_pub[0m
[ 14%] [32mBuilding CXX object CMakeFiles/rvr_data_pub.dir/src/rvr_usb_interface_lib.cpp.o[0m
[ 28%] [32mBuilding CXX object CMakeFiles/rvr_data_pub.dir/src/rvr_data_pub_lib.cpp.o[0m
[ 71%] Built target cmd_vel_sub
[ 85%] [32mBuilding CXX object CMakeFiles/rvr_data_pub.dir/src/rvr_data_pub_main.cpp.o[0m
[01m[K/home/mztejero/rvr_ros2_ws/src/onboard_pkg/src/rvr_usb_interface_lib.cpp:[m[K In constructor ‘[01m[KrvrUsbInterface::rvrUsbInterface()[m[K’:
[01m[K/home/mztejero/rvr_ros2_ws/src/onboard_pkg/src/rvr_usb_interface_lib.cpp:3:62:[m[K [01;31m[Kerror: [m[Kclass ‘[01m[KrvrUsbInterface[m[K’ does not have any field named ‘[01m[KW[m[K’
    3 | rvrUsbInterface::rvrUsbInterface() : device("/dev/ttyUSB0"), [01;31m[KW[m[K(16e-2), v1(0.00), v2(0.00), v3(0.00), v4(0.00) {
      |                                                              [01;31m[K^[m[K
gmake[2]: *** [CMakeFiles/rvr_data_pub.dir/build.make:104: CMakeFiles/rvr_data_pub.dir/src/rvr_usb_interface_lib.cpp.o] Error 1
gmake[2]: *** Waiting for unfinished jobs....
gmake[1]: *** [CMakeFiles/Makefile2:165: CMakeFiles/rvr_data_pub.dir/all] Error 2
gmake: *** [Makefile:146: all] Error 2
