[0.063s] Invoking command in '/home/mztejero/rvr_ros2_ws/build/onboard_pkg': CMAKE_PREFIX_PATH=/home/mztejero/rvr_ros2_ws/install/rvr_msgs:/home/mztejero/rvr_ros2_ws/install/visualization:/home/mztejero/rvr_ros2_ws/install/onboard_pkg:/home/mztejero/rvr_ros2_ws/install/controller:/home/mztejero/rvr_ros2_ws/install/data_processor:/home/mztejero/ros2_ws/install/cpp_pubsub:/home/mztejero/ros2_ws/install/rover_msg:/home/mztejero/rover_ws/install/rvr_launch:/home/mztejero/rover_ws/install/msg_types:/home/mztejero/rover_ws/install/hardware_interface:/opt/ros/humble /usr/bin/cmake --build /home/mztejero/rvr_ros2_ws/build/onboard_pkg -- -j4 -l4
[0.172s] -- Found ament_cmake: 1.3.12 (/opt/ros/humble/share/ament_cmake/cmake)
[0.469s] -- Found rclcpp: 16.0.15 (/opt/ros/humble/share/rclcpp/cmake)
[0.533s] -- Found rosidl_generator_c: 3.1.7 (/opt/ros/humble/share/rosidl_generator_c/cmake)
[0.539s] -- Found rosidl_adapter: 3.1.7 (/opt/ros/humble/share/rosidl_adapter/cmake)
[0.552s] -- Found rosidl_generator_cpp: 3.1.7 (/opt/ros/humble/share/rosidl_generator_cpp/cmake)
[0.573s] -- Using all available rosidl_typesupport_c: rosidl_typesupport_fastrtps_c;rosidl_typesupport_introspection_c
[0.598s] -- Using all available rosidl_typesupport_cpp: rosidl_typesupport_fastrtps_cpp;rosidl_typesupport_introspection_cpp
[0.672s] -- Found rmw_implementation_cmake: 6.1.2 (/opt/ros/humble/share/rmw_implementation_cmake/cmake)
[0.676s] -- Found rmw_fastrtps_cpp: 6.2.8 (/opt/ros/humble/share/rmw_fastrtps_cpp/cmake)
[0.893s] -- Using RMW implementation 'rmw_fastrtps_cpp' as default
[1.028s] -- Found rvr_msgs: 0.0.0 (/home/mztejero/rvr_ros2_ws/install/rvr_msgs/share/rvr_msgs/cmake)
[1.074s] -- Found ament_lint_auto: 0.12.14 (/opt/ros/humble/share/ament_lint_auto/cmake)
[1.215s] -- Added test 'cppcheck' to perform static code analysis on C / C++ code
[1.216s] -- Configured cppcheck include dirs: /home/mztejero/rvr_ros2_ws/src/onboard_pkg/include
[1.216s] -- Configured cppcheck exclude dirs and/or files: 
[1.217s] -- Added test 'lint_cmake' to check CMake code style
[1.221s] -- Added test 'uncrustify' to check C / C++ code style
[1.222s] -- Configured uncrustify additional arguments: 
[1.224s] -- Added test 'xmllint' to check XML markup files
[1.226s] -- Configuring done
[1.451s] -- Generating done
[1.478s] -- Build files have been written to: /home/mztejero/rvr_ros2_ws/build/onboard_pkg
[1.546s] [35m[1mConsolidate compiler generated dependencies of target cmd_vel_sub[0m
[1.549s] [35m[1mConsolidate compiler generated dependencies of target rvr_data_pub[0m
[1.613s] [ 14%] [32mBuilding CXX object CMakeFiles/rvr_data_pub.dir/src/rvr_usb_interface_lib.cpp.o[0m
[1.619s] [ 28%] [32mBuilding CXX object CMakeFiles/rvr_data_pub.dir/src/rvr_data_pub_lib.cpp.o[0m
[1.628s] [ 71%] Built target cmd_vel_sub
[1.632s] [ 85%] [32mBuilding CXX object CMakeFiles/rvr_data_pub.dir/src/rvr_data_pub_main.cpp.o[0m
[2.637s] [01m[K/home/mztejero/rvr_ros2_ws/src/onboard_pkg/src/rvr_usb_interface_lib.cpp:[m[K In constructor ‘[01m[KrvrUsbInterface::rvrUsbInterface()[m[K’:
[2.638s] [01m[K/home/mztejero/rvr_ros2_ws/src/onboard_pkg/src/rvr_usb_interface_lib.cpp:3:62:[m[K [01;31m[Kerror: [m[Kclass ‘[01m[KrvrUsbInterface[m[K’ does not have any field named ‘[01m[KW[m[K’
[2.638s]     3 | rvrUsbInterface::rvrUsbInterface() : device("/dev/ttyUSB0"), [01;31m[KW[m[K(16e-2), v1(0.00), v2(0.00), v3(0.00), v4(0.00) {
[2.638s]       |                                                              [01;31m[K^[m[K
[2.776s] gmake[2]: *** [CMakeFiles/rvr_data_pub.dir/build.make:104: CMakeFiles/rvr_data_pub.dir/src/rvr_usb_interface_lib.cpp.o] Error 1
[2.777s] gmake[2]: *** Waiting for unfinished jobs....
[12.680s] gmake[1]: *** [CMakeFiles/Makefile2:165: CMakeFiles/rvr_data_pub.dir/all] Error 2
[12.682s] gmake: *** [Makefile:146: all] Error 2
[12.695s] Invoked command in '/home/mztejero/rvr_ros2_ws/build/onboard_pkg' returned '2': CMAKE_PREFIX_PATH=/home/mztejero/rvr_ros2_ws/install/rvr_msgs:/home/mztejero/rvr_ros2_ws/install/visualization:/home/mztejero/rvr_ros2_ws/install/onboard_pkg:/home/mztejero/rvr_ros2_ws/install/controller:/home/mztejero/rvr_ros2_ws/install/data_processor:/home/mztejero/ros2_ws/install/cpp_pubsub:/home/mztejero/ros2_ws/install/rover_msg:/home/mztejero/rover_ws/install/rvr_launch:/home/mztejero/rover_ws/install/msg_types:/home/mztejero/rover_ws/install/hardware_interface:/opt/ros/humble /usr/bin/cmake --build /home/mztejero/rvr_ros2_ws/build/onboard_pkg -- -j4 -l4
