[0.058s] Invoking command in '/home/mztejero/rvr_ros2_ws/build/onboard_pkg': CMAKE_PREFIX_PATH=/home/mztejero/rvr_ros2_ws/install/rvr_msgs:/home/mztejero/rvr_ros2_ws/install/rvr_files:/home/mztejero/ros2_ws/install/cpp_pubsub:/home/mztejero/ros2_ws/install/rover_msg:/home/mztejero/rover_ws/install/rvr_launch:/home/mztejero/rover_ws/install/msg_types:/home/mztejero/rover_ws/install/hardware_interface:/opt/ros/humble /usr/bin/cmake /home/mztejero/rvr_ros2_ws/src/onboard_pkg -DCMAKE_INSTALL_PREFIX=/home/mztejero/rvr_ros2_ws/install/onboard_pkg
[0.198s] -- The C compiler identification is GNU 11.4.0
[0.321s] -- The CXX compiler identification is GNU 11.4.0
[0.350s] -- Detecting C compiler ABI info
[0.595s] -- Detecting C compiler ABI info - done
[0.624s] -- Check for working C compiler: /usr/bin/cc - skipped
[0.624s] -- Detecting C compile features
[0.627s] -- Detecting C compile features - done
[0.634s] -- Detecting CXX compiler ABI info
[1.001s] -- Detecting CXX compiler ABI info - done
[1.068s] -- Check for working CXX compiler: /usr/bin/c++ - skipped
[1.070s] -- Detecting CXX compile features
[1.071s] -- Detecting CXX compile features - done
[1.075s] -- Found ament_cmake: 1.3.12 (/opt/ros/humble/share/ament_cmake/cmake)
[1.468s] -- Found Python3: /usr/bin/python3 (found version "3.10.12") found components: Interpreter 
[1.658s] -- Found rclcpp: 16.0.15 (/opt/ros/humble/share/rclcpp/cmake)
[1.737s] -- Found rosidl_generator_c: 3.1.7 (/opt/ros/humble/share/rosidl_generator_c/cmake)
[1.748s] -- Found rosidl_adapter: 3.1.7 (/opt/ros/humble/share/rosidl_adapter/cmake)
[1.763s] -- Found rosidl_generator_cpp: 3.1.7 (/opt/ros/humble/share/rosidl_generator_cpp/cmake)
[1.803s] -- Using all available rosidl_typesupport_c: rosidl_typesupport_fastrtps_c;rosidl_typesupport_introspection_c
[1.835s] -- Using all available rosidl_typesupport_cpp: rosidl_typesupport_fastrtps_cpp;rosidl_typesupport_introspection_cpp
[1.941s] -- Found rmw_implementation_cmake: 6.1.2 (/opt/ros/humble/share/rmw_implementation_cmake/cmake)
[1.948s] -- Found rmw_fastrtps_cpp: 6.2.8 (/opt/ros/humble/share/rmw_fastrtps_cpp/cmake)
[2.161s] -- Found OpenSSL: /usr/lib/x86_64-linux-gnu/libcrypto.so (found version "3.0.2")  
[2.211s] -- Found FastRTPS: /opt/ros/humble/include  
[2.283s] -- Using RMW implementation 'rmw_fastrtps_cpp' as default
[2.300s] -- Looking for pthread.h
[2.456s] -- Looking for pthread.h - found
[2.458s] -- Performing Test CMAKE_HAVE_LIBC_PTHREAD
[2.670s] -- Performing Test CMAKE_HAVE_LIBC_PTHREAD - Success
[2.672s] -- Found Threads: TRUE  
[2.894s] -- Found rvr_msgs: 0.0.0 (/home/mztejero/rvr_ros2_ws/install/rvr_msgs/share/rvr_msgs/cmake)
[2.965s] -- Found ament_lint_auto: 0.12.14 (/opt/ros/humble/share/ament_lint_auto/cmake)
[3.187s] -- Added test 'cppcheck' to perform static code analysis on C / C++ code
[3.187s] -- Configured cppcheck include dirs: /home/mztejero/rvr_ros2_ws/src/onboard_pkg/include
[3.187s] -- Configured cppcheck exclude dirs and/or files: 
[3.188s] -- Added test 'lint_cmake' to check CMake code style
[3.193s] -- Added test 'uncrustify' to check C / C++ code style
[3.193s] -- Configured uncrustify additional arguments: 
[3.194s] -- Added test 'xmllint' to check XML markup files
[3.202s] -- Configuring done
[3.228s] -- Generating done
[3.235s] -- Build files have been written to: /home/mztejero/rvr_ros2_ws/build/onboard_pkg
[3.288s] Invoked command in '/home/mztejero/rvr_ros2_ws/build/onboard_pkg' returned '0': CMAKE_PREFIX_PATH=/home/mztejero/rvr_ros2_ws/install/rvr_msgs:/home/mztejero/rvr_ros2_ws/install/rvr_files:/home/mztejero/ros2_ws/install/cpp_pubsub:/home/mztejero/ros2_ws/install/rover_msg:/home/mztejero/rover_ws/install/rvr_launch:/home/mztejero/rover_ws/install/msg_types:/home/mztejero/rover_ws/install/hardware_interface:/opt/ros/humble /usr/bin/cmake /home/mztejero/rvr_ros2_ws/src/onboard_pkg -DCMAKE_INSTALL_PREFIX=/home/mztejero/rvr_ros2_ws/install/onboard_pkg
[3.289s] Invoking command in '/home/mztejero/rvr_ros2_ws/build/onboard_pkg': CMAKE_PREFIX_PATH=/home/mztejero/rvr_ros2_ws/install/rvr_msgs:/home/mztejero/rvr_ros2_ws/install/rvr_files:/home/mztejero/ros2_ws/install/cpp_pubsub:/home/mztejero/ros2_ws/install/rover_msg:/home/mztejero/rover_ws/install/rvr_launch:/home/mztejero/rover_ws/install/msg_types:/home/mztejero/rover_ws/install/hardware_interface:/opt/ros/humble /usr/bin/cmake --build /home/mztejero/rvr_ros2_ws/build/onboard_pkg -- -j4 -l4
[3.416s] [ 33%] [32mBuilding CXX object CMakeFiles/cmd_vel_sub.dir/src/cmd_vel_sub_main.cpp.o[0m
[3.417s] [ 66%] [32mBuilding CXX object CMakeFiles/cmd_vel_sub.dir/src/cmd_vel_sub_lib.cpp.o[0m
[3.496s] [01m[K/home/mztejero/rvr_ros2_ws/src/onboard_pkg/src/cmd_vel_sub_main.cpp:1:10:[m[K [01;31m[Kfatal error: [m[Krvr_files/cmd_vel_sub_lib.hpp: No such file or directory
[3.498s]     1 | #include [01;31m[K"rvr_files/cmd_vel_sub_lib.hpp"[m[K
[3.498s]       |          [01;31m[K^~~~~~~~~~~~~~~~~~~~~~~~~~~~~~~[m[K
[3.498s] compilation terminated.
[3.498s] [01m[K/home/mztejero/rvr_ros2_ws/src/onboard_pkg/src/cmd_vel_sub_lib.cpp:1:10:[m[K [01;31m[Kfatal error: [m[Krvr_files/cmd_vel_sub_lib.hpp: No such file or directory
[3.498s]     1 | #include [01;31m[K"rvr_files/cmd_vel_sub_lib.hpp"[m[K
[3.499s]       |          [01;31m[K^~~~~~~~~~~~~~~~~~~~~~~~~~~~~~~[m[K
[3.499s] compilation terminated.
[3.501s] gmake[2]: *** [CMakeFiles/cmd_vel_sub.dir/build.make:90: CMakeFiles/cmd_vel_sub.dir/src/cmd_vel_sub_main.cpp.o] Error 1
[3.501s] gmake[2]: *** Waiting for unfinished jobs....
[3.506s] gmake[2]: *** [CMakeFiles/cmd_vel_sub.dir/build.make:76: CMakeFiles/cmd_vel_sub.dir/src/cmd_vel_sub_lib.cpp.o] Error 1
[3.507s] gmake[1]: *** [CMakeFiles/Makefile2:137: CMakeFiles/cmd_vel_sub.dir/all] Error 2
[3.508s] gmake: *** [Makefile:146: all] Error 2
[3.520s] Invoked command in '/home/mztejero/rvr_ros2_ws/build/onboard_pkg' returned '2': CMAKE_PREFIX_PATH=/home/mztejero/rvr_ros2_ws/install/rvr_msgs:/home/mztejero/rvr_ros2_ws/install/rvr_files:/home/mztejero/ros2_ws/install/cpp_pubsub:/home/mztejero/ros2_ws/install/rover_msg:/home/mztejero/rover_ws/install/rvr_launch:/home/mztejero/rover_ws/install/msg_types:/home/mztejero/rover_ws/install/hardware_interface:/opt/ros/humble /usr/bin/cmake --build /home/mztejero/rvr_ros2_ws/build/onboard_pkg -- -j4 -l4
