[0.036s] Invoking command in '/home/mztejero/rvr_ros2_ws/build/onboard_pkg': CMAKE_PREFIX_PATH=/home/mztejero/rvr_ros2_ws/install/rvr_msgs:/home/mztejero/rvr_ros2_ws/install/visualization:/home/mztejero/rvr_ros2_ws/install/onboard_pkg:/home/mztejero/rvr_ros2_ws/install/controller:/home/mztejero/rvr_ros2_ws/install/data_processor:/home/mztejero/ros2_ws/install/cpp_pubsub:/home/mztejero/ros2_ws/install/rover_msg:/home/mztejero/rover_ws/install/rvr_launch:/home/mztejero/rover_ws/install/msg_types:/home/mztejero/rover_ws/install/hardware_interface:/opt/ros/humble /usr/bin/cmake --build /home/mztejero/rvr_ros2_ws/build/onboard_pkg -- -j4 -l4
[0.165s] [35m[1mConsolidate compiler generated dependencies of target rvr_data_pub[0m
[0.220s] [ 42%] Built target cmd_vel_sub
[0.221s] [ 57%] [32mBuilding CXX object CMakeFiles/rvr_data_pub.dir/src/rvr_usb_interface_lib.cpp.o[0m
[0.747s] [01m[K/home/mztejero/rvr_ros2_ws/src/onboard_pkg/src/rvr_usb_interface_lib.cpp:[m[K In member function ‘[01m[Kstd::string rvrUsbInterface::usbRead()[m[K’:
[0.747s] [01m[K/home/mztejero/rvr_ros2_ws/src/onboard_pkg/src/rvr_usb_interface_lib.cpp:64:27:[m[K [01;35m[Kwarning: [m[Kcomparison of integer expressions of different signedness: ‘[01m[Kint[m[K’ and ‘[01m[Klong unsigned int[m[K’ [[01;35m[K]8;;https://gcc.gnu.org/onlinedocs/gcc/Warning-Options.html#index-Wsign-compare-Wsign-compare]8;;[m[K]
[0.747s]    64 |         for (int i = 0; [01;35m[Ki < sizeof(buffer)[m[K; i++) {
[0.747s]       |                         [01;35m[K~~^~~~~~~~~~~~~~~~[m[K
[0.750s] [01m[K/home/mztejero/rvr_ros2_ws/src/onboard_pkg/src/rvr_usb_interface_lib.cpp:61:13:[m[K [01;35m[Kwarning: [m[Kunused variable ‘[01m[Kbytes_read[m[K’ [[01;35m[K]8;;https://gcc.gnu.org/onlinedocs/gcc/Warning-Options.html#index-Wunused-variable-Wunused-variable]8;;[m[K]
[0.750s]    61 |     ssize_t [01;35m[Kbytes_read[m[K = read(fd, buffer, sizeof(buffer) - 1);
[0.750s]       |             [01;35m[K^~~~~~~~~~[m[K
[0.876s] [ 71%] [32m[1mLinking CXX executable rvr_data_pub[0m
[1.218s] [100%] Built target rvr_data_pub
[1.242s] Invoked command in '/home/mztejero/rvr_ros2_ws/build/onboard_pkg' returned '0': CMAKE_PREFIX_PATH=/home/mztejero/rvr_ros2_ws/install/rvr_msgs:/home/mztejero/rvr_ros2_ws/install/visualization:/home/mztejero/rvr_ros2_ws/install/onboard_pkg:/home/mztejero/rvr_ros2_ws/install/controller:/home/mztejero/rvr_ros2_ws/install/data_processor:/home/mztejero/ros2_ws/install/cpp_pubsub:/home/mztejero/ros2_ws/install/rover_msg:/home/mztejero/rover_ws/install/rvr_launch:/home/mztejero/rover_ws/install/msg_types:/home/mztejero/rover_ws/install/hardware_interface:/opt/ros/humble /usr/bin/cmake --build /home/mztejero/rvr_ros2_ws/build/onboard_pkg -- -j4 -l4
[1.268s] Invoking command in '/home/mztejero/rvr_ros2_ws/build/onboard_pkg': CMAKE_PREFIX_PATH=/home/mztejero/rvr_ros2_ws/install/rvr_msgs:/home/mztejero/rvr_ros2_ws/install/visualization:/home/mztejero/rvr_ros2_ws/install/onboard_pkg:/home/mztejero/rvr_ros2_ws/install/controller:/home/mztejero/rvr_ros2_ws/install/data_processor:/home/mztejero/ros2_ws/install/cpp_pubsub:/home/mztejero/ros2_ws/install/rover_msg:/home/mztejero/rover_ws/install/rvr_launch:/home/mztejero/rover_ws/install/msg_types:/home/mztejero/rover_ws/install/hardware_interface:/opt/ros/humble /usr/bin/cmake --install /home/mztejero/rvr_ros2_ws/build/onboard_pkg
[1.282s] -- Install configuration: ""
[1.283s] -- Up-to-date: /home/mztejero/rvr_ros2_ws/install/onboard_pkg/lib/onboard_pkg/cmd_vel_sub
[1.283s] -- Installing: /home/mztejero/rvr_ros2_ws/install/onboard_pkg/lib/onboard_pkg/rvr_data_pub
[1.286s] -- Set runtime path of "/home/mztejero/rvr_ros2_ws/install/onboard_pkg/lib/onboard_pkg/rvr_data_pub" to ""
[1.286s] -- Up-to-date: /home/mztejero/rvr_ros2_ws/install/onboard_pkg/share/ament_index/resource_index/package_run_dependencies/onboard_pkg
[1.287s] -- Up-to-date: /home/mztejero/rvr_ros2_ws/install/onboard_pkg/share/ament_index/resource_index/parent_prefix_path/onboard_pkg
[1.287s] -- Up-to-date: /home/mztejero/rvr_ros2_ws/install/onboard_pkg/share/onboard_pkg/environment/ament_prefix_path.sh
[1.287s] -- Up-to-date: /home/mztejero/rvr_ros2_ws/install/onboard_pkg/share/onboard_pkg/environment/ament_prefix_path.dsv
[1.287s] -- Up-to-date: /home/mztejero/rvr_ros2_ws/install/onboard_pkg/share/onboard_pkg/environment/path.sh
[1.288s] -- Up-to-date: /home/mztejero/rvr_ros2_ws/install/onboard_pkg/share/onboard_pkg/environment/path.dsv
[1.289s] -- Up-to-date: /home/mztejero/rvr_ros2_ws/install/onboard_pkg/share/onboard_pkg/local_setup.bash
[1.289s] -- Up-to-date: /home/mztejero/rvr_ros2_ws/install/onboard_pkg/share/onboard_pkg/local_setup.sh
[1.289s] -- Up-to-date: /home/mztejero/rvr_ros2_ws/install/onboard_pkg/share/onboard_pkg/local_setup.zsh
[1.289s] -- Up-to-date: /home/mztejero/rvr_ros2_ws/install/onboard_pkg/share/onboard_pkg/local_setup.dsv
[1.289s] -- Installing: /home/mztejero/rvr_ros2_ws/install/onboard_pkg/share/onboard_pkg/package.dsv
[1.290s] -- Up-to-date: /home/mztejero/rvr_ros2_ws/install/onboard_pkg/share/ament_index/resource_index/packages/onboard_pkg
[1.290s] -- Up-to-date: /home/mztejero/rvr_ros2_ws/install/onboard_pkg/share/onboard_pkg/cmake/onboard_pkgConfig.cmake
[1.290s] -- Up-to-date: /home/mztejero/rvr_ros2_ws/install/onboard_pkg/share/onboard_pkg/cmake/onboard_pkgConfig-version.cmake
[1.291s] -- Up-to-date: /home/mztejero/rvr_ros2_ws/install/onboard_pkg/share/onboard_pkg/package.xml
[1.295s] Invoked command in '/home/mztejero/rvr_ros2_ws/build/onboard_pkg' returned '0': CMAKE_PREFIX_PATH=/home/mztejero/rvr_ros2_ws/install/rvr_msgs:/home/mztejero/rvr_ros2_ws/install/visualization:/home/mztejero/rvr_ros2_ws/install/onboard_pkg:/home/mztejero/rvr_ros2_ws/install/controller:/home/mztejero/rvr_ros2_ws/install/data_processor:/home/mztejero/ros2_ws/install/cpp_pubsub:/home/mztejero/ros2_ws/install/rover_msg:/home/mztejero/rover_ws/install/rvr_launch:/home/mztejero/rover_ws/install/msg_types:/home/mztejero/rover_ws/install/hardware_interface:/opt/ros/humble /usr/bin/cmake --install /home/mztejero/rvr_ros2_ws/build/onboard_pkg
