[0.052s] Invoking command in '/home/mztejero/rvr_ros2_ws/build/data_processor': CMAKE_PREFIX_PATH=${CMAKE_PREFIX_PATH}:/home/mztejero/rover_ws/install/hardware_interface:/opt/ros/humble /usr/bin/cmake /home/mztejero/rvr_ros2_ws/src/data_processor -DCMAKE_INSTALL_PREFIX=/home/mztejero/rvr_ros2_ws/install/data_processor
[0.463s] -- The C compiler identification is GNU 11.4.0
[0.664s] -- The CXX compiler identification is GNU 11.4.0
[0.685s] -- Detecting C compiler ABI info
[0.942s] -- Detecting C compiler ABI info - done
[0.969s] -- Check for working C compiler: /usr/bin/cc - skipped
[0.970s] -- Detecting C compile features
[0.971s] -- Detecting C compile features - done
[0.977s] -- Detecting CXX compiler ABI info
[1.195s] -- Detecting CXX compiler ABI info - done
[1.214s] -- Check for working CXX compiler: /usr/bin/c++ - skipped
[1.215s] -- Detecting CXX compile features
[1.216s] -- Detecting CXX compile features - done
[1.222s] -- Found ament_cmake: 1.3.12 (/opt/ros/humble/share/ament_cmake/cmake)
[1.603s] -- Found Python3: /usr/bin/python3 (found version "3.10.12") found components: Interpreter 
[1.961s] -- Found ament_lint_auto: 0.12.14 (/opt/ros/humble/share/ament_lint_auto/cmake)
[2.161s] -- Added test 'lint_cmake' to check CMake code style
[2.165s] -- Added test 'xmllint' to check XML markup files
[2.176s] -- Configuring done
[2.188s] -- Generating done
[2.194s] -- Build files have been written to: /home/mztejero/rvr_ros2_ws/build/data_processor
[2.207s] Invoked command in '/home/mztejero/rvr_ros2_ws/build/data_processor' returned '0': CMAKE_PREFIX_PATH=${CMAKE_PREFIX_PATH}:/home/mztejero/rover_ws/install/hardware_interface:/opt/ros/humble /usr/bin/cmake /home/mztejero/rvr_ros2_ws/src/data_processor -DCMAKE_INSTALL_PREFIX=/home/mztejero/rvr_ros2_ws/install/data_processor
[2.216s] Invoking command in '/home/mztejero/rvr_ros2_ws/build/data_processor': CMAKE_PREFIX_PATH=${CMAKE_PREFIX_PATH}:/home/mztejero/rover_ws/install/hardware_interface:/opt/ros/humble /usr/bin/cmake --build /home/mztejero/rvr_ros2_ws/build/data_processor -- -j4 -l4
[2.316s] Invoked command in '/home/mztejero/rvr_ros2_ws/build/data_processor' returned '0': CMAKE_PREFIX_PATH=${CMAKE_PREFIX_PATH}:/home/mztejero/rover_ws/install/hardware_interface:/opt/ros/humble /usr/bin/cmake --build /home/mztejero/rvr_ros2_ws/build/data_processor -- -j4 -l4
[2.340s] Invoking command in '/home/mztejero/rvr_ros2_ws/build/data_processor': CMAKE_PREFIX_PATH=${CMAKE_PREFIX_PATH}:/home/mztejero/rover_ws/install/hardware_interface:/opt/ros/humble /usr/bin/cmake --install /home/mztejero/rvr_ros2_ws/build/data_processor
[2.357s] -- Install configuration: ""
[2.358s] -- Installing: /home/mztejero/rvr_ros2_ws/install/data_processor/share/ament_index/resource_index/package_run_dependencies/data_processor
[2.359s] -- Installing: /home/mztejero/rvr_ros2_ws/install/data_processor/share/ament_index/resource_index/parent_prefix_path/data_processor
[2.359s] -- Installing: /home/mztejero/rvr_ros2_ws/install/data_processor/share/data_processor/environment/ament_prefix_path.sh
[2.359s] -- Installing: /home/mztejero/rvr_ros2_ws/install/data_processor/share/data_processor/environment/ament_prefix_path.dsv
[2.360s] -- Installing: /home/mztejero/rvr_ros2_ws/install/data_processor/share/data_processor/environment/path.sh
[2.361s] -- Installing: /home/mztejero/rvr_ros2_ws/install/data_processor/share/data_processor/environment/path.dsv
[2.361s] -- Installing: /home/mztejero/rvr_ros2_ws/install/data_processor/share/data_processor/local_setup.bash
[2.362s] -- Installing: /home/mztejero/rvr_ros2_ws/install/data_processor/share/data_processor/local_setup.sh
[2.362s] -- Installing: /home/mztejero/rvr_ros2_ws/install/data_processor/share/data_processor/local_setup.zsh
[2.362s] -- Installing: /home/mztejero/rvr_ros2_ws/install/data_processor/share/data_processor/local_setup.dsv
[2.364s] -- Installing: /home/mztejero/rvr_ros2_ws/install/data_processor/share/data_processor/package.dsv
[2.364s] -- Installing: /home/mztejero/rvr_ros2_ws/install/data_processor/share/ament_index/resource_index/packages/data_processor
[2.364s] -- Installing: /home/mztejero/rvr_ros2_ws/install/data_processor/share/data_processor/cmake/data_processorConfig.cmake
[2.366s] -- Installing: /home/mztejero/rvr_ros2_ws/install/data_processor/share/data_processor/cmake/data_processorConfig-version.cmake
[2.366s] -- Installing: /home/mztejero/rvr_ros2_ws/install/data_processor/share/data_processor/package.xml
[2.373s] Invoked command in '/home/mztejero/rvr_ros2_ws/build/data_processor' returned '0': CMAKE_PREFIX_PATH=${CMAKE_PREFIX_PATH}:/home/mztejero/rover_ws/install/hardware_interface:/opt/ros/humble /usr/bin/cmake --install /home/mztejero/rvr_ros2_ws/build/data_processor
