[0.033s] Invoking command in '/home/mztejero/rvr_ros2_ws/build/data_processor': CMAKE_PREFIX_PATH=${CMAKE_PREFIX_PATH}:/opt/ros/humble /usr/bin/cmake --build /home/mztejero/rvr_ros2_ws/build/data_processor -- -j4 -l4
[0.137s] [35m[1mConsolidate compiler generated dependencies of target rvr_data_sub[0m
[0.205s] [ 33%] [32mBuilding CXX object CMakeFiles/rvr_data_sub.dir/src/rvr_data_sub_lib.cpp.o[0m
[6.481s] [01m[K/home/mztejero/rvr_ros2_ws/src/data_processor/src/rvr_data_sub_lib.cpp:[m[K In member function ‘[01m[Kvoid RvrDataSubscriber::topic_callback(const RoverData&)[m[K’:
[6.482s] [01m[K/home/mztejero/rvr_ros2_ws/src/data_processor/src/rvr_data_sub_lib.cpp:10:73:[m[K [01;35m[Kwarning: [m[Kunused parameter ‘[01m[Kmsg[m[K’ [[01;35m[K]8;;https://gcc.gnu.org/onlinedocs/gcc/Warning-Options.html#index-Wunused-parameter-Wunused-parameter]8;;[m[K]
[6.482s]    10 | rDataSubscriber::topic_callback([01;35m[Kconst rvr_msgs::msg::RoverData & msg[m[K) {
[6.482s]       |                                 [01;35m[K~~~~~~~~~~~~~~~~~~~~~~~~~~~~~~~~~^~~[m[K
[6.482s] 
[19.236s] [ 66%] [32m[1mLinking CXX executable rvr_data_sub[0m
[20.034s] [100%] Built target rvr_data_sub
[20.068s] Invoked command in '/home/mztejero/rvr_ros2_ws/build/data_processor' returned '0': CMAKE_PREFIX_PATH=${CMAKE_PREFIX_PATH}:/opt/ros/humble /usr/bin/cmake --build /home/mztejero/rvr_ros2_ws/build/data_processor -- -j4 -l4
[20.094s] Invoking command in '/home/mztejero/rvr_ros2_ws/build/data_processor': CMAKE_PREFIX_PATH=${CMAKE_PREFIX_PATH}:/opt/ros/humble /usr/bin/cmake --install /home/mztejero/rvr_ros2_ws/build/data_processor
[20.104s] -- Install configuration: ""
[20.104s] -- Installing: /home/mztejero/rvr_ros2_ws/install/data_processor/lib/data_processor/rvr_data_sub
[20.113s] -- Set runtime path of "/home/mztejero/rvr_ros2_ws/install/data_processor/lib/data_processor/rvr_data_sub" to ""
[20.113s] -- Up-to-date: /home/mztejero/rvr_ros2_ws/install/data_processor/share/ament_index/resource_index/package_run_dependencies/data_processor
[20.114s] -- Installing: /home/mztejero/rvr_ros2_ws/install/data_processor/share/ament_index/resource_index/parent_prefix_path/data_processor
[20.114s] -- Up-to-date: /home/mztejero/rvr_ros2_ws/install/data_processor/share/data_processor/environment/ament_prefix_path.sh
[20.115s] -- Installing: /home/mztejero/rvr_ros2_ws/install/data_processor/share/data_processor/environment/ament_prefix_path.dsv
[20.115s] -- Up-to-date: /home/mztejero/rvr_ros2_ws/install/data_processor/share/data_processor/environment/path.sh
[20.115s] -- Installing: /home/mztejero/rvr_ros2_ws/install/data_processor/share/data_processor/environment/path.dsv
[20.117s] -- Up-to-date: /home/mztejero/rvr_ros2_ws/install/data_processor/share/data_processor/local_setup.bash
[20.118s] -- Up-to-date: /home/mztejero/rvr_ros2_ws/install/data_processor/share/data_processor/local_setup.sh
[20.118s] -- Up-to-date: /home/mztejero/rvr_ros2_ws/install/data_processor/share/data_processor/local_setup.zsh
[20.119s] -- Installing: /home/mztejero/rvr_ros2_ws/install/data_processor/share/data_processor/local_setup.dsv
[20.119s] -- Installing: /home/mztejero/rvr_ros2_ws/install/data_processor/share/data_processor/package.dsv
[20.120s] -- Up-to-date: /home/mztejero/rvr_ros2_ws/install/data_processor/share/ament_index/resource_index/packages/data_processor
[20.120s] -- Up-to-date: /home/mztejero/rvr_ros2_ws/install/data_processor/share/data_processor/cmake/data_processorConfig.cmake
[20.120s] -- Up-to-date: /home/mztejero/rvr_ros2_ws/install/data_processor/share/data_processor/cmake/data_processorConfig-version.cmake
[20.120s] -- Up-to-date: /home/mztejero/rvr_ros2_ws/install/data_processor/share/data_processor/package.xml
[20.125s] Invoked command in '/home/mztejero/rvr_ros2_ws/build/data_processor' returned '0': CMAKE_PREFIX_PATH=${CMAKE_PREFIX_PATH}:/opt/ros/humble /usr/bin/cmake --install /home/mztejero/rvr_ros2_ws/build/data_processor
