-- Found ament_cmake: 1.3.14 (/opt/ros/humble/share/ament_cmake/cmake)
-- Found rclcpp: 16.0.19 (/opt/ros/humble/share/rclcpp/cmake)
-- Found rosidl_generator_c: 3.1.8 (/opt/ros/humble/share/rosidl_generator_c/cmake)
-- Found rosidl_adapter: 3.1.8 (/opt/ros/humble/share/rosidl_adapter/cmake)
-- Found rosidl_generator_cpp: 3.1.8 (/opt/ros/humble/share/rosidl_generator_cpp/cmake)
-- Using all available rosidl_typesupport_c: rosidl_typesupport_fastrtps_c;rosidl_typesupport_introspection_c
-- Using all available rosidl_typesupport_cpp: rosidl_typesupport_fastrtps_cpp;rosidl_typesupport_introspection_cpp
-- Found rmw_implementation_cmake: 6.1.2 (/opt/ros/humble/share/rmw_implementation_cmake/cmake)
-- Found rmw_fastrtps_cpp: 6.2.10 (/opt/ros/humble/share/rmw_fastrtps_cpp/cmake)
-- Using RMW implementation 'rmw_fastrtps_cpp' as default
-- Found rvr_msgs: 0.0.0 (/home/mztejero/rvr_ros2_ws/install/rvr_msgs/share/rvr_msgs/cmake)
-- Found ament_lint_auto: 0.12.15 (/opt/ros/humble/share/ament_lint_auto/cmake)
-- Added test 'cppcheck' to perform static code analysis on C / C++ code
-- Configured cppcheck include dirs: /home/mztejero/rvr_ros2_ws/src/onboard_pkg/include
-- Configured cppcheck exclude dirs and/or files: 
-- Added test 'lint_cmake' to check CMake code style
-- Added test 'uncrustify' to check C / C++ code style
-- Configured uncrustify additional arguments: 
-- Added test 'xmllint' to check XML markup files
-- Configuring done
-- Generating done
-- Build files have been written to: /home/mztejero/rvr_ros2_ws/build/onboard_pkg
[35m[1mConsolidate compiler generated dependencies of target cmd_vel_sub[0m
[35m[1mConsolidate compiler generated dependencies of target rvr_data_pub[0m
[ 14%] [32mBuilding CXX object CMakeFiles/rvr_data_pub.dir/src/rvr_data_pub_main.cpp.o[0m
[ 28%] [32mBuilding CXX object CMakeFiles/cmd_vel_sub.dir/src/cmd_vel_sub_lib.cpp.o[0m
[ 42%] [32mBuilding CXX object CMakeFiles/rvr_data_pub.dir/src/rvr_data_pub_lib.cpp.o[0m
[ 57%] [32mBuilding CXX object CMakeFiles/cmd_vel_sub.dir/src/cmd_vel_sub_main.cpp.o[0m
[ 71%] [32mBuilding CXX object CMakeFiles/rvr_data_pub.dir/src/rvr_usb_interface_lib.cpp.o[0m
[ 85%] [32m[1mLinking CXX executable rvr_data_pub[0m
[ 85%] Built target rvr_data_pub
[100%] [32m[1mLinking CXX executable cmd_vel_sub[0m
/usr/bin/ld: CMakeFiles/cmd_vel_sub.dir/src/cmd_vel_sub_lib.cpp.o: in function `CmdVelSubscriber::CmdVelSubscriber()':
cmd_vel_sub_lib.cpp:(.text+0x187): undefined reference to `rvrUsbInterface::rvrUsbInterface()'
/usr/bin/ld: cmd_vel_sub_lib.cpp:(.text+0x3c6): undefined reference to `rvrUsbInterface::~rvrUsbInterface()'
/usr/bin/ld: CMakeFiles/cmd_vel_sub.dir/src/cmd_vel_sub_lib.cpp.o: in function `CmdVelSubscriber::topic_callback(rvr_msgs::msg::CommandVelocities_<std::allocator<void> > const&)':
cmd_vel_sub_lib.cpp:(.text+0x489): undefined reference to `rvrUsbInterface::setCmdVel(float, float, float, float)'
/usr/bin/ld: cmd_vel_sub_lib.cpp:(.text+0x49e): undefined reference to `rvrUsbInterface::usbWrite()'
/usr/bin/ld: CMakeFiles/cmd_vel_sub.dir/src/cmd_vel_sub_lib.cpp.o: in function `CmdVelSubscriber::~CmdVelSubscriber()':
cmd_vel_sub_lib.cpp:(.text._ZN16CmdVelSubscriberD2Ev[_ZN16CmdVelSubscriberD5Ev]+0x2c): undefined reference to `rvrUsbInterface::~rvrUsbInterface()'
collect2: error: ld returned 1 exit status
gmake[2]: *** [CMakeFiles/cmd_vel_sub.dir/build.make:175: cmd_vel_sub] Error 1
gmake[1]: *** [CMakeFiles/Makefile2:139: CMakeFiles/cmd_vel_sub.dir/all] Error 2
gmake: *** [Makefile:146: all] Error 2
