[0.077s] Invoking command in '/home/mztejero/rvr_ros2_ws/build/onboard_pkg': CMAKE_PREFIX_PATH=/home/mztejero/rvr_ros2_ws/install/rvr_msgs:/home/mztejero/rvr_ros2_ws/install/visualization:/home/mztejero/rvr_ros2_ws/install/onboard_pkg:/home/mztejero/rvr_ros2_ws/install/controller:/home/mztejero/rvr_ros2_ws/install/rvr_launch:/home/mztejero/rvr_ros2_ws/install/data_processor:/opt/ros/humble /usr/bin/cmake --build /home/mztejero/rvr_ros2_ws/build/onboard_pkg -- -j4 -l4
[0.145s] -- Found ament_cmake: 1.3.14 (/opt/ros/humble/share/ament_cmake/cmake)
[0.445s] -- Found rclcpp: 16.0.19 (/opt/ros/humble/share/rclcpp/cmake)
[0.546s] -- Found rosidl_generator_c: 3.1.8 (/opt/ros/humble/share/rosidl_generator_c/cmake)
[0.553s] -- Found rosidl_adapter: 3.1.8 (/opt/ros/humble/share/rosidl_adapter/cmake)
[0.565s] -- Found rosidl_generator_cpp: 3.1.8 (/opt/ros/humble/share/rosidl_generator_cpp/cmake)
[0.584s] -- Using all available rosidl_typesupport_c: rosidl_typesupport_fastrtps_c;rosidl_typesupport_introspection_c
[0.615s] -- Using all available rosidl_typesupport_cpp: rosidl_typesupport_fastrtps_cpp;rosidl_typesupport_introspection_cpp
[0.797s] -- Found rmw_implementation_cmake: 6.1.2 (/opt/ros/humble/share/rmw_implementation_cmake/cmake)
[0.821s] -- Found rmw_fastrtps_cpp: 6.2.10 (/opt/ros/humble/share/rmw_fastrtps_cpp/cmake)
[1.136s] -- Using RMW implementation 'rmw_fastrtps_cpp' as default
[1.434s] -- Found rvr_msgs: 0.0.0 (/home/mztejero/rvr_ros2_ws/install/rvr_msgs/share/rvr_msgs/cmake)
[1.500s] -- Found ament_lint_auto: 0.12.15 (/opt/ros/humble/share/ament_lint_auto/cmake)
[1.672s] -- Added test 'cppcheck' to perform static code analysis on C / C++ code
[1.673s] -- Configured cppcheck include dirs: /home/mztejero/rvr_ros2_ws/src/onboard_pkg/include
[1.673s] -- Configured cppcheck exclude dirs and/or files: 
[1.677s] -- Added test 'lint_cmake' to check CMake code style
[1.677s] -- Added test 'uncrustify' to check C / C++ code style
[1.677s] -- Configured uncrustify additional arguments: 
[1.677s] -- Added test 'xmllint' to check XML markup files
[1.687s] -- Configuring done
[1.760s] -- Generating done
[1.773s] -- Build files have been written to: /home/mztejero/rvr_ros2_ws/build/onboard_pkg
[1.844s] [35m[1mConsolidate compiler generated dependencies of target cmd_vel_sub[0m
[1.850s] [35m[1mConsolidate compiler generated dependencies of target rvr_data_pub[0m
[2.043s] [ 14%] [32mBuilding CXX object CMakeFiles/rvr_data_pub.dir/src/rvr_data_pub_main.cpp.o[0m
[2.046s] [ 28%] [32mBuilding CXX object CMakeFiles/cmd_vel_sub.dir/src/cmd_vel_sub_lib.cpp.o[0m
[2.090s] [ 42%] [32mBuilding CXX object CMakeFiles/rvr_data_pub.dir/src/rvr_data_pub_lib.cpp.o[0m
[2.110s] [ 57%] [32mBuilding CXX object CMakeFiles/cmd_vel_sub.dir/src/cmd_vel_sub_main.cpp.o[0m
[64.445s] [ 71%] [32mBuilding CXX object CMakeFiles/rvr_data_pub.dir/src/rvr_usb_interface_lib.cpp.o[0m
[71.302s] [ 85%] [32m[1mLinking CXX executable rvr_data_pub[0m
[73.039s] [ 85%] Built target rvr_data_pub
[86.749s] [100%] [32m[1mLinking CXX executable cmd_vel_sub[0m
[87.924s] /usr/bin/ld: CMakeFiles/cmd_vel_sub.dir/src/cmd_vel_sub_lib.cpp.o: in function `CmdVelSubscriber::CmdVelSubscriber()':
[87.924s] cmd_vel_sub_lib.cpp:(.text+0x187): undefined reference to `rvrUsbInterface::rvrUsbInterface()'
[87.925s] /usr/bin/ld: cmd_vel_sub_lib.cpp:(.text+0x3c6): undefined reference to `rvrUsbInterface::~rvrUsbInterface()'
[87.927s] /usr/bin/ld: CMakeFiles/cmd_vel_sub.dir/src/cmd_vel_sub_lib.cpp.o: in function `CmdVelSubscriber::topic_callback(rvr_msgs::msg::CommandVelocities_<std::allocator<void> > const&)':
[87.928s] cmd_vel_sub_lib.cpp:(.text+0x489): undefined reference to `rvrUsbInterface::setCmdVel(float, float, float, float)'
[87.929s] /usr/bin/ld: cmd_vel_sub_lib.cpp:(.text+0x49e): undefined reference to `rvrUsbInterface::usbWrite()'
[87.978s] /usr/bin/ld: CMakeFiles/cmd_vel_sub.dir/src/cmd_vel_sub_lib.cpp.o: in function `CmdVelSubscriber::~CmdVelSubscriber()':
[87.978s] cmd_vel_sub_lib.cpp:(.text._ZN16CmdVelSubscriberD2Ev[_ZN16CmdVelSubscriberD5Ev]+0x2c): undefined reference to `rvrUsbInterface::~rvrUsbInterface()'
[88.127s] collect2: error: ld returned 1 exit status
[88.138s] gmake[2]: *** [CMakeFiles/cmd_vel_sub.dir/build.make:175: cmd_vel_sub] Error 1
[88.172s] gmake[1]: *** [CMakeFiles/Makefile2:139: CMakeFiles/cmd_vel_sub.dir/all] Error 2
[88.241s] gmake: *** [Makefile:146: all] Error 2
[88.562s] Invoked command in '/home/mztejero/rvr_ros2_ws/build/onboard_pkg' returned '2': CMAKE_PREFIX_PATH=/home/mztejero/rvr_ros2_ws/install/rvr_msgs:/home/mztejero/rvr_ros2_ws/install/visualization:/home/mztejero/rvr_ros2_ws/install/onboard_pkg:/home/mztejero/rvr_ros2_ws/install/controller:/home/mztejero/rvr_ros2_ws/install/rvr_launch:/home/mztejero/rvr_ros2_ws/install/data_processor:/opt/ros/humble /usr/bin/cmake --build /home/mztejero/rvr_ros2_ws/build/onboard_pkg -- -j4 -l4
