[0.222s] DEBUG:colcon:Command line arguments: ['/usr/bin/colcon', 'build']
[0.222s] DEBUG:colcon:Parsed command line arguments: Namespace(log_base=None, log_level=None, verb_name='build', build_base='build', install_base='install', merge_install=False, symlink_install=False, test_result_base=None, continue_on_error=False, executor='parallel', parallel_workers=4, event_handlers=None, ignore_user_meta=False, metas=['./colcon.meta'], base_paths=['.'], packages_ignore=None, packages_ignore_regex=None, paths=None, packages_up_to=None, packages_up_to_regex=None, packages_above=None, packages_above_and_dependencies=None, packages_above_depth=None, packages_select_by_dep=None, packages_skip_by_dep=None, packages_skip_up_to=None, packages_select_build_failed=False, packages_skip_build_finished=False, packages_select_test_failures=False, packages_skip_test_passed=False, packages_select=None, packages_skip=None, packages_select_regex=None, packages_skip_regex=None, packages_start=None, packages_end=None, allow_overriding=[], cmake_args=None, cmake_target=None, cmake_target_skip_unavailable=False, cmake_clean_cache=False, cmake_clean_first=False, cmake_force_configure=False, ament_cmake_args=None, catkin_cmake_args=None, catkin_skip_building_tests=False, verb_parser=<colcon_defaults.argument_parser.defaults.DefaultArgumentsDecorator object at 0x72f615f1c580>, verb_extension=<colcon_core.verb.build.BuildVerb object at 0x72f615f1c100>, main=<bound method BuildVerb.main of <colcon_core.verb.build.BuildVerb object at 0x72f615f1c100>>)
[0.535s] Level 1:colcon.colcon_core.package_discovery:discover_packages(colcon_meta) check parameters
[0.535s] Level 1:colcon.colcon_core.package_discovery:discover_packages(recursive) check parameters
[0.536s] Level 1:colcon.colcon_core.package_discovery:discover_packages(ignore) check parameters
[0.536s] Level 1:colcon.colcon_core.package_discovery:discover_packages(path) check parameters
[0.536s] Level 1:colcon.colcon_core.package_discovery:discover_packages(colcon_meta) discover
[0.536s] Level 1:colcon.colcon_core.package_discovery:discover_packages(recursive) discover
[0.536s] INFO:colcon.colcon_core.package_discovery:Crawling recursively for packages in '/home/mztejero/rvr_ros2_ws'
[0.537s] Level 1:colcon.colcon_core.package_identification:_identify(.) by extensions ['ignore', 'ignore_ament_install']
[0.537s] Level 1:colcon.colcon_core.package_identification:_identify(.) by extension 'ignore'
[0.538s] Level 1:colcon.colcon_core.package_identification:_identify(.) by extension 'ignore_ament_install'
[0.538s] Level 1:colcon.colcon_core.package_identification:_identify(.) by extensions ['colcon_pkg']
[0.538s] Level 1:colcon.colcon_core.package_identification:_identify(.) by extension 'colcon_pkg'
[0.538s] Level 1:colcon.colcon_core.package_identification:_identify(.) by extensions ['colcon_meta']
[0.538s] Level 1:colcon.colcon_core.package_identification:_identify(.) by extension 'colcon_meta'
[0.538s] Level 1:colcon.colcon_core.package_identification:_identify(.) by extensions ['ros']
[0.538s] Level 1:colcon.colcon_core.package_identification:_identify(.) by extension 'ros'
[0.564s] Level 1:colcon.colcon_core.package_identification:_identify(.) by extensions ['cmake', 'python']
[0.564s] Level 1:colcon.colcon_core.package_identification:_identify(.) by extension 'cmake'
[0.564s] Level 1:colcon.colcon_core.package_identification:_identify(.) by extension 'python'
[0.565s] Level 1:colcon.colcon_core.package_identification:_identify(.) by extensions ['python_setup_py']
[0.565s] Level 1:colcon.colcon_core.package_identification:_identify(.) by extension 'python_setup_py'
[0.565s] Level 1:colcon.colcon_core.package_identification:_identify(build) by extensions ['ignore', 'ignore_ament_install']
[0.565s] Level 1:colcon.colcon_core.package_identification:_identify(build) by extension 'ignore'
[0.566s] Level 1:colcon.colcon_core.package_identification:_identify(build) ignored
[0.567s] Level 1:colcon.colcon_core.package_identification:_identify(install) by extensions ['ignore', 'ignore_ament_install']
[0.567s] Level 1:colcon.colcon_core.package_identification:_identify(install) by extension 'ignore'
[0.567s] Level 1:colcon.colcon_core.package_identification:_identify(install) ignored
[0.567s] Level 1:colcon.colcon_core.package_identification:_identify(log) by extensions ['ignore', 'ignore_ament_install']
[0.567s] Level 1:colcon.colcon_core.package_identification:_identify(log) by extension 'ignore'
[0.567s] Level 1:colcon.colcon_core.package_identification:_identify(log) ignored
[0.567s] Level 1:colcon.colcon_core.package_identification:_identify(src) by extensions ['ignore', 'ignore_ament_install']
[0.568s] Level 1:colcon.colcon_core.package_identification:_identify(src) by extension 'ignore'
[0.568s] Level 1:colcon.colcon_core.package_identification:_identify(src) by extension 'ignore_ament_install'
[0.569s] Level 1:colcon.colcon_core.package_identification:_identify(src) by extensions ['colcon_pkg']
[0.569s] Level 1:colcon.colcon_core.package_identification:_identify(src) by extension 'colcon_pkg'
[0.570s] Level 1:colcon.colcon_core.package_identification:_identify(src) by extensions ['colcon_meta']
[0.570s] Level 1:colcon.colcon_core.package_identification:_identify(src) by extension 'colcon_meta'
[0.570s] Level 1:colcon.colcon_core.package_identification:_identify(src) by extensions ['ros']
[0.570s] Level 1:colcon.colcon_core.package_identification:_identify(src) by extension 'ros'
[0.571s] Level 1:colcon.colcon_core.package_identification:_identify(src) by extensions ['cmake', 'python']
[0.571s] Level 1:colcon.colcon_core.package_identification:_identify(src) by extension 'cmake'
[0.571s] Level 1:colcon.colcon_core.package_identification:_identify(src) by extension 'python'
[0.571s] Level 1:colcon.colcon_core.package_identification:_identify(src) by extensions ['python_setup_py']
[0.571s] Level 1:colcon.colcon_core.package_identification:_identify(src) by extension 'python_setup_py'
[0.572s] Level 1:colcon.colcon_core.package_identification:_identify(src/controller) by extensions ['ignore', 'ignore_ament_install']
[0.572s] Level 1:colcon.colcon_core.package_identification:_identify(src/controller) by extension 'ignore'
[0.572s] Level 1:colcon.colcon_core.package_identification:_identify(src/controller) by extension 'ignore_ament_install'
[0.572s] Level 1:colcon.colcon_core.package_identification:_identify(src/controller) by extensions ['colcon_pkg']
[0.572s] Level 1:colcon.colcon_core.package_identification:_identify(src/controller) by extension 'colcon_pkg'
[0.572s] Level 1:colcon.colcon_core.package_identification:_identify(src/controller) by extensions ['colcon_meta']
[0.572s] Level 1:colcon.colcon_core.package_identification:_identify(src/controller) by extension 'colcon_meta'
[0.572s] Level 1:colcon.colcon_core.package_identification:_identify(src/controller) by extensions ['ros']
[0.573s] Level 1:colcon.colcon_core.package_identification:_identify(src/controller) by extension 'ros'
[0.580s] DEBUG:colcon.colcon_core.package_identification:Package 'src/controller' with type 'ros.ament_cmake' and name 'controller'
[0.581s] Level 1:colcon.colcon_core.package_identification:_identify(src/data_processor) by extensions ['ignore', 'ignore_ament_install']
[0.581s] Level 1:colcon.colcon_core.package_identification:_identify(src/data_processor) by extension 'ignore'
[0.581s] Level 1:colcon.colcon_core.package_identification:_identify(src/data_processor) by extension 'ignore_ament_install'
[0.582s] Level 1:colcon.colcon_core.package_identification:_identify(src/data_processor) by extensions ['colcon_pkg']
[0.582s] Level 1:colcon.colcon_core.package_identification:_identify(src/data_processor) by extension 'colcon_pkg'
[0.582s] Level 1:colcon.colcon_core.package_identification:_identify(src/data_processor) by extensions ['colcon_meta']
[0.582s] Level 1:colcon.colcon_core.package_identification:_identify(src/data_processor) by extension 'colcon_meta'
[0.582s] Level 1:colcon.colcon_core.package_identification:_identify(src/data_processor) by extensions ['ros']
[0.582s] Level 1:colcon.colcon_core.package_identification:_identify(src/data_processor) by extension 'ros'
[0.583s] DEBUG:colcon.colcon_core.package_identification:Package 'src/data_processor' with type 'ros.ament_cmake' and name 'data_processor'
[0.584s] Level 1:colcon.colcon_core.package_identification:_identify(src/onboard_pkg) by extensions ['ignore', 'ignore_ament_install']
[0.584s] Level 1:colcon.colcon_core.package_identification:_identify(src/onboard_pkg) by extension 'ignore'
[0.585s] Level 1:colcon.colcon_core.package_identification:_identify(src/onboard_pkg) by extension 'ignore_ament_install'
[0.586s] Level 1:colcon.colcon_core.package_identification:_identify(src/onboard_pkg) by extensions ['colcon_pkg']
[0.586s] Level 1:colcon.colcon_core.package_identification:_identify(src/onboard_pkg) by extension 'colcon_pkg'
[0.586s] Level 1:colcon.colcon_core.package_identification:_identify(src/onboard_pkg) by extensions ['colcon_meta']
[0.586s] Level 1:colcon.colcon_core.package_identification:_identify(src/onboard_pkg) by extension 'colcon_meta'
[0.586s] Level 1:colcon.colcon_core.package_identification:_identify(src/onboard_pkg) by extensions ['ros']
[0.586s] Level 1:colcon.colcon_core.package_identification:_identify(src/onboard_pkg) by extension 'ros'
[0.588s] DEBUG:colcon.colcon_core.package_identification:Package 'src/onboard_pkg' with type 'ros.ament_cmake' and name 'onboard_pkg'
[0.589s] Level 1:colcon.colcon_core.package_identification:_identify(src/rvr_msgs) by extensions ['ignore', 'ignore_ament_install']
[0.589s] Level 1:colcon.colcon_core.package_identification:_identify(src/rvr_msgs) by extension 'ignore'
[0.589s] Level 1:colcon.colcon_core.package_identification:_identify(src/rvr_msgs) by extension 'ignore_ament_install'
[0.589s] Level 1:colcon.colcon_core.package_identification:_identify(src/rvr_msgs) by extensions ['colcon_pkg']
[0.589s] Level 1:colcon.colcon_core.package_identification:_identify(src/rvr_msgs) by extension 'colcon_pkg'
[0.590s] Level 1:colcon.colcon_core.package_identification:_identify(src/rvr_msgs) by extensions ['colcon_meta']
[0.590s] Level 1:colcon.colcon_core.package_identification:_identify(src/rvr_msgs) by extension 'colcon_meta'
[0.590s] Level 1:colcon.colcon_core.package_identification:_identify(src/rvr_msgs) by extensions ['ros']
[0.590s] Level 1:colcon.colcon_core.package_identification:_identify(src/rvr_msgs) by extension 'ros'
[0.592s] DEBUG:colcon.colcon_core.package_identification:Package 'src/rvr_msgs' with type 'ros.ament_cmake' and name 'rvr_msgs'
[0.592s] Level 1:colcon.colcon_core.package_identification:_identify(src/visualization) by extensions ['ignore', 'ignore_ament_install']
[0.593s] Level 1:colcon.colcon_core.package_identification:_identify(src/visualization) by extension 'ignore'
[0.593s] Level 1:colcon.colcon_core.package_identification:_identify(src/visualization) by extension 'ignore_ament_install'
[0.593s] Level 1:colcon.colcon_core.package_identification:_identify(src/visualization) by extensions ['colcon_pkg']
[0.593s] Level 1:colcon.colcon_core.package_identification:_identify(src/visualization) by extension 'colcon_pkg'
[0.594s] Level 1:colcon.colcon_core.package_identification:_identify(src/visualization) by extensions ['colcon_meta']
[0.594s] Level 1:colcon.colcon_core.package_identification:_identify(src/visualization) by extension 'colcon_meta'
[0.594s] Level 1:colcon.colcon_core.package_identification:_identify(src/visualization) by extensions ['ros']
[0.594s] Level 1:colcon.colcon_core.package_identification:_identify(src/visualization) by extension 'ros'
[0.595s] DEBUG:colcon.colcon_core.package_identification:Package 'src/visualization' with type 'ros.ament_cmake' and name 'visualization'
[0.595s] Level 1:colcon.colcon_core.package_discovery:discover_packages(recursive) using defaults
[0.595s] Level 1:colcon.colcon_core.package_discovery:discover_packages(ignore) discover
[0.596s] Level 1:colcon.colcon_core.package_discovery:discover_packages(ignore) using defaults
[0.596s] Level 1:colcon.colcon_core.package_discovery:discover_packages(path) discover
[0.596s] Level 1:colcon.colcon_core.package_discovery:discover_packages(path) using defaults
[0.637s] Level 1:colcon.colcon_core.package_discovery:discover_packages(prefix_path) check parameters
[0.637s] Level 1:colcon.colcon_core.package_discovery:discover_packages(prefix_path) discover
[0.644s] DEBUG:colcon.colcon_installed_package_information.package_discovery:Found 5 installed packages in /home/mztejero/rvr_ros2_ws/install
[0.645s] DEBUG:colcon.colcon_installed_package_information.package_discovery:Found 2 installed packages in /home/mztejero/ros2_ws/install
[0.646s] DEBUG:colcon.colcon_installed_package_information.package_discovery:Found 3 installed packages in /home/mztejero/rover_ws/install
[0.650s] DEBUG:colcon.colcon_installed_package_information.package_discovery:Found 271 installed packages in /opt/ros/humble
[0.674s] Level 1:colcon.colcon_core.package_discovery:discover_packages(prefix_path) using defaults
[0.868s] Level 5:colcon.colcon_core.verb:set package 'data_processor' build argument 'cmake_args' from command line to 'None'
[0.868s] Level 5:colcon.colcon_core.verb:set package 'data_processor' build argument 'cmake_target' from command line to 'None'
[0.868s] Level 5:colcon.colcon_core.verb:set package 'data_processor' build argument 'cmake_target_skip_unavailable' from command line to 'False'
[0.868s] Level 5:colcon.colcon_core.verb:set package 'data_processor' build argument 'cmake_clean_cache' from command line to 'False'
[0.868s] Level 5:colcon.colcon_core.verb:set package 'data_processor' build argument 'cmake_clean_first' from command line to 'False'
[0.868s] Level 5:colcon.colcon_core.verb:set package 'data_processor' build argument 'cmake_force_configure' from command line to 'False'
[0.868s] Level 5:colcon.colcon_core.verb:set package 'data_processor' build argument 'ament_cmake_args' from command line to 'None'
[0.868s] Level 5:colcon.colcon_core.verb:set package 'data_processor' build argument 'catkin_cmake_args' from command line to 'None'
[0.869s] Level 5:colcon.colcon_core.verb:set package 'data_processor' build argument 'catkin_skip_building_tests' from command line to 'False'
[0.869s] DEBUG:colcon.colcon_core.verb:Building package 'data_processor' with the following arguments: {'ament_cmake_args': None, 'build_base': '/home/mztejero/rvr_ros2_ws/build/data_processor', 'catkin_cmake_args': None, 'catkin_skip_building_tests': False, 'cmake_args': None, 'cmake_clean_cache': False, 'cmake_clean_first': False, 'cmake_force_configure': False, 'cmake_target': None, 'cmake_target_skip_unavailable': False, 'install_base': '/home/mztejero/rvr_ros2_ws/install/data_processor', 'merge_install': False, 'path': '/home/mztejero/rvr_ros2_ws/src/data_processor', 'symlink_install': False, 'test_result_base': None}
[0.870s] Level 5:colcon.colcon_core.verb:set package 'rvr_msgs' build argument 'cmake_args' from command line to 'None'
[0.870s] Level 5:colcon.colcon_core.verb:set package 'rvr_msgs' build argument 'cmake_target' from command line to 'None'
[0.870s] Level 5:colcon.colcon_core.verb:set package 'rvr_msgs' build argument 'cmake_target_skip_unavailable' from command line to 'False'
[0.870s] Level 5:colcon.colcon_core.verb:set package 'rvr_msgs' build argument 'cmake_clean_cache' from command line to 'False'
[0.870s] Level 5:colcon.colcon_core.verb:set package 'rvr_msgs' build argument 'cmake_clean_first' from command line to 'False'
[0.870s] Level 5:colcon.colcon_core.verb:set package 'rvr_msgs' build argument 'cmake_force_configure' from command line to 'False'
[0.870s] Level 5:colcon.colcon_core.verb:set package 'rvr_msgs' build argument 'ament_cmake_args' from command line to 'None'
[0.871s] Level 5:colcon.colcon_core.verb:set package 'rvr_msgs' build argument 'catkin_cmake_args' from command line to 'None'
[0.871s] Level 5:colcon.colcon_core.verb:set package 'rvr_msgs' build argument 'catkin_skip_building_tests' from command line to 'False'
[0.871s] DEBUG:colcon.colcon_core.verb:Building package 'rvr_msgs' with the following arguments: {'ament_cmake_args': None, 'build_base': '/home/mztejero/rvr_ros2_ws/build/rvr_msgs', 'catkin_cmake_args': None, 'catkin_skip_building_tests': False, 'cmake_args': None, 'cmake_clean_cache': False, 'cmake_clean_first': False, 'cmake_force_configure': False, 'cmake_target': None, 'cmake_target_skip_unavailable': False, 'install_base': '/home/mztejero/rvr_ros2_ws/install/rvr_msgs', 'merge_install': False, 'path': '/home/mztejero/rvr_ros2_ws/src/rvr_msgs', 'symlink_install': False, 'test_result_base': None}
[0.874s] Level 5:colcon.colcon_core.verb:set package 'visualization' build argument 'cmake_args' from command line to 'None'
[0.874s] Level 5:colcon.colcon_core.verb:set package 'visualization' build argument 'cmake_target' from command line to 'None'
[0.875s] Level 5:colcon.colcon_core.verb:set package 'visualization' build argument 'cmake_target_skip_unavailable' from command line to 'False'
[0.875s] Level 5:colcon.colcon_core.verb:set package 'visualization' build argument 'cmake_clean_cache' from command line to 'False'
[0.875s] Level 5:colcon.colcon_core.verb:set package 'visualization' build argument 'cmake_clean_first' from command line to 'False'
[0.875s] Level 5:colcon.colcon_core.verb:set package 'visualization' build argument 'cmake_force_configure' from command line to 'False'
[0.875s] Level 5:colcon.colcon_core.verb:set package 'visualization' build argument 'ament_cmake_args' from command line to 'None'
[0.876s] Level 5:colcon.colcon_core.verb:set package 'visualization' build argument 'catkin_cmake_args' from command line to 'None'
[0.876s] Level 5:colcon.colcon_core.verb:set package 'visualization' build argument 'catkin_skip_building_tests' from command line to 'False'
[0.877s] DEBUG:colcon.colcon_core.verb:Building package 'visualization' with the following arguments: {'ament_cmake_args': None, 'build_base': '/home/mztejero/rvr_ros2_ws/build/visualization', 'catkin_cmake_args': None, 'catkin_skip_building_tests': False, 'cmake_args': None, 'cmake_clean_cache': False, 'cmake_clean_first': False, 'cmake_force_configure': False, 'cmake_target': None, 'cmake_target_skip_unavailable': False, 'install_base': '/home/mztejero/rvr_ros2_ws/install/visualization', 'merge_install': False, 'path': '/home/mztejero/rvr_ros2_ws/src/visualization', 'symlink_install': False, 'test_result_base': None}
[0.878s] Level 5:colcon.colcon_core.verb:set package 'controller' build argument 'cmake_args' from command line to 'None'
[0.879s] Level 5:colcon.colcon_core.verb:set package 'controller' build argument 'cmake_target' from command line to 'None'
[0.879s] Level 5:colcon.colcon_core.verb:set package 'controller' build argument 'cmake_target_skip_unavailable' from command line to 'False'
[0.879s] Level 5:colcon.colcon_core.verb:set package 'controller' build argument 'cmake_clean_cache' from command line to 'False'
[0.879s] Level 5:colcon.colcon_core.verb:set package 'controller' build argument 'cmake_clean_first' from command line to 'False'
[0.879s] Level 5:colcon.colcon_core.verb:set package 'controller' build argument 'cmake_force_configure' from command line to 'False'
[0.879s] Level 5:colcon.colcon_core.verb:set package 'controller' build argument 'ament_cmake_args' from command line to 'None'
[0.880s] Level 5:colcon.colcon_core.verb:set package 'controller' build argument 'catkin_cmake_args' from command line to 'None'
[0.880s] Level 5:colcon.colcon_core.verb:set package 'controller' build argument 'catkin_skip_building_tests' from command line to 'False'
[0.880s] DEBUG:colcon.colcon_core.verb:Building package 'controller' with the following arguments: {'ament_cmake_args': None, 'build_base': '/home/mztejero/rvr_ros2_ws/build/controller', 'catkin_cmake_args': None, 'catkin_skip_building_tests': False, 'cmake_args': None, 'cmake_clean_cache': False, 'cmake_clean_first': False, 'cmake_force_configure': False, 'cmake_target': None, 'cmake_target_skip_unavailable': False, 'install_base': '/home/mztejero/rvr_ros2_ws/install/controller', 'merge_install': False, 'path': '/home/mztejero/rvr_ros2_ws/src/controller', 'symlink_install': False, 'test_result_base': None}
[0.881s] Level 5:colcon.colcon_core.verb:set package 'onboard_pkg' build argument 'cmake_args' from command line to 'None'
[0.881s] Level 5:colcon.colcon_core.verb:set package 'onboard_pkg' build argument 'cmake_target' from command line to 'None'
[0.881s] Level 5:colcon.colcon_core.verb:set package 'onboard_pkg' build argument 'cmake_target_skip_unavailable' from command line to 'False'
[0.881s] Level 5:colcon.colcon_core.verb:set package 'onboard_pkg' build argument 'cmake_clean_cache' from command line to 'False'
[0.881s] Level 5:colcon.colcon_core.verb:set package 'onboard_pkg' build argument 'cmake_clean_first' from command line to 'False'
[0.882s] Level 5:colcon.colcon_core.verb:set package 'onboard_pkg' build argument 'cmake_force_configure' from command line to 'False'
[0.882s] Level 5:colcon.colcon_core.verb:set package 'onboard_pkg' build argument 'ament_cmake_args' from command line to 'None'
[0.882s] Level 5:colcon.colcon_core.verb:set package 'onboard_pkg' build argument 'catkin_cmake_args' from command line to 'None'
[0.882s] Level 5:colcon.colcon_core.verb:set package 'onboard_pkg' build argument 'catkin_skip_building_tests' from command line to 'False'
[0.882s] DEBUG:colcon.colcon_core.verb:Building package 'onboard_pkg' with the following arguments: {'ament_cmake_args': None, 'build_base': '/home/mztejero/rvr_ros2_ws/build/onboard_pkg', 'catkin_cmake_args': None, 'catkin_skip_building_tests': False, 'cmake_args': None, 'cmake_clean_cache': False, 'cmake_clean_first': False, 'cmake_force_configure': False, 'cmake_target': None, 'cmake_target_skip_unavailable': False, 'install_base': '/home/mztejero/rvr_ros2_ws/install/onboard_pkg', 'merge_install': False, 'path': '/home/mztejero/rvr_ros2_ws/src/onboard_pkg', 'symlink_install': False, 'test_result_base': None}
[0.882s] INFO:colcon.colcon_core.executor:Executing jobs using 'parallel' executor
[0.889s] DEBUG:colcon.colcon_parallel_executor.executor.parallel:run_until_complete
[0.891s] INFO:colcon.colcon_ros.task.ament_cmake.build:Building ROS package in '/home/mztejero/rvr_ros2_ws/src/rvr_msgs' with build type 'ament_cmake'
[0.892s] INFO:colcon.colcon_cmake.task.cmake.build:Building CMake package in '/home/mztejero/rvr_ros2_ws/src/rvr_msgs'
[0.909s] INFO:colcon.colcon_core.plugin_system:Skipping extension 'colcon_core.shell.bat': Not used on non-Windows systems
[0.912s] INFO:colcon.colcon_core.shell:Skip shell extension 'powershell' for command environment: Not usable outside of PowerShell
[0.912s] DEBUG:colcon.colcon_core.shell:Skip shell extension 'dsv' for command environment
[0.932s] INFO:colcon.colcon_ros.task.ament_cmake.build:Building ROS package in '/home/mztejero/rvr_ros2_ws/src/data_processor' with build type 'ament_cmake'
[0.932s] INFO:colcon.colcon_cmake.task.cmake.build:Building CMake package in '/home/mztejero/rvr_ros2_ws/src/data_processor'
[0.933s] INFO:colcon.colcon_core.shell:Skip shell extension 'powershell' for command environment: Not usable outside of PowerShell
[0.933s] DEBUG:colcon.colcon_core.shell:Skip shell extension 'dsv' for command environment
[0.997s] INFO:colcon.colcon_ros.task.ament_cmake.build:Building ROS package in '/home/mztejero/rvr_ros2_ws/src/visualization' with build type 'ament_cmake'
[1.000s] INFO:colcon.colcon_cmake.task.cmake.build:Building CMake package in '/home/mztejero/rvr_ros2_ws/src/visualization'
[1.004s] INFO:colcon.colcon_core.shell:Skip shell extension 'powershell' for command environment: Not usable outside of PowerShell
[1.005s] DEBUG:colcon.colcon_core.shell:Skip shell extension 'dsv' for command environment
[1.089s] DEBUG:colcon.colcon_core.event_handler.log_command:Invoking command in '/home/mztejero/rvr_ros2_ws/build/rvr_msgs': CMAKE_PREFIX_PATH=${CMAKE_PREFIX_PATH}:/home/mztejero/rover_ws/install/hardware_interface:/opt/ros/humble /usr/bin/cmake --build /home/mztejero/rvr_ros2_ws/build/rvr_msgs -- -j4 -l4
[1.092s] DEBUG:colcon.colcon_core.event_handler.log_command:Invoking command in '/home/mztejero/rvr_ros2_ws/build/data_processor': CMAKE_PREFIX_PATH=${CMAKE_PREFIX_PATH}:/home/mztejero/rover_ws/install/hardware_interface:/opt/ros/humble /usr/bin/cmake --build /home/mztejero/rvr_ros2_ws/build/data_processor -- -j4 -l4
[1.132s] DEBUG:colcon.colcon_core.event_handler.log_command:Invoking command in '/home/mztejero/rvr_ros2_ws/build/visualization': CMAKE_PREFIX_PATH=${CMAKE_PREFIX_PATH}:/home/mztejero/rover_ws/install/hardware_interface:/opt/ros/humble /usr/bin/cmake --build /home/mztejero/rvr_ros2_ws/build/visualization -- -j4 -l4
[1.245s] DEBUG:colcon.colcon_core.event_handler.log_command:Invoked command in '/home/mztejero/rvr_ros2_ws/build/data_processor' returned '0': CMAKE_PREFIX_PATH=${CMAKE_PREFIX_PATH}:/home/mztejero/rover_ws/install/hardware_interface:/opt/ros/humble /usr/bin/cmake --build /home/mztejero/rvr_ros2_ws/build/data_processor -- -j4 -l4
[1.291s] DEBUG:colcon.colcon_core.event_handler.log_command:Invoking command in '/home/mztejero/rvr_ros2_ws/build/data_processor': CMAKE_PREFIX_PATH=${CMAKE_PREFIX_PATH}:/home/mztejero/rover_ws/install/hardware_interface:/opt/ros/humble /usr/bin/cmake --install /home/mztejero/rvr_ros2_ws/build/data_processor
[1.327s] DEBUG:colcon.colcon_core.event_handler.log_command:Invoked command in '/home/mztejero/rvr_ros2_ws/build/visualization' returned '0': CMAKE_PREFIX_PATH=${CMAKE_PREFIX_PATH}:/home/mztejero/rover_ws/install/hardware_interface:/opt/ros/humble /usr/bin/cmake --build /home/mztejero/rvr_ros2_ws/build/visualization -- -j4 -l4
[1.335s] DEBUG:colcon.colcon_core.event_handler.log_command:Invoking command in '/home/mztejero/rvr_ros2_ws/build/visualization': CMAKE_PREFIX_PATH=${CMAKE_PREFIX_PATH}:/home/mztejero/rover_ws/install/hardware_interface:/opt/ros/humble /usr/bin/cmake --install /home/mztejero/rvr_ros2_ws/build/visualization
[1.355s] Level 1:colcon.colcon_core.environment:create_environment_scripts_only(data_processor)
[1.360s] DEBUG:colcon.colcon_core.event_handler.log_command:Invoked command in '/home/mztejero/rvr_ros2_ws/build/data_processor' returned '0': CMAKE_PREFIX_PATH=${CMAKE_PREFIX_PATH}:/home/mztejero/rover_ws/install/hardware_interface:/opt/ros/humble /usr/bin/cmake --install /home/mztejero/rvr_ros2_ws/build/data_processor
[1.368s] Level 1:colcon.colcon_core.environment:checking '/home/mztejero/rvr_ros2_ws/install/data_processor' for CMake module files
[1.370s] Level 1:colcon.colcon_core.environment:checking '/home/mztejero/rvr_ros2_ws/install/data_processor' for CMake config files
[1.376s] Level 1:colcon.colcon_core.shell:create_environment_hook('data_processor', 'cmake_prefix_path')
[1.376s] INFO:colcon.colcon_core.shell:Creating environment hook '/home/mztejero/rvr_ros2_ws/install/data_processor/share/data_processor/hook/cmake_prefix_path.ps1'
[1.384s] INFO:colcon.colcon_core.shell:Creating environment descriptor '/home/mztejero/rvr_ros2_ws/install/data_processor/share/data_processor/hook/cmake_prefix_path.dsv'
[1.394s] INFO:colcon.colcon_core.shell:Creating environment hook '/home/mztejero/rvr_ros2_ws/install/data_processor/share/data_processor/hook/cmake_prefix_path.sh'
[1.405s] Level 1:colcon.colcon_core.environment:checking '/home/mztejero/rvr_ros2_ws/install/data_processor/bin'
[1.405s] Level 1:colcon.colcon_core.environment:checking '/home/mztejero/rvr_ros2_ws/install/data_processor/lib/pkgconfig/data_processor.pc'
[1.406s] Level 1:colcon.colcon_core.environment:checking '/home/mztejero/rvr_ros2_ws/install/data_processor/lib/python3.10/site-packages'
[1.407s] Level 1:colcon.colcon_core.environment:checking '/home/mztejero/rvr_ros2_ws/install/data_processor/bin'
[1.408s] INFO:colcon.colcon_core.shell:Creating package script '/home/mztejero/rvr_ros2_ws/install/data_processor/share/data_processor/package.ps1'
[1.415s] INFO:colcon.colcon_core.shell:Creating package descriptor '/home/mztejero/rvr_ros2_ws/install/data_processor/share/data_processor/package.dsv'
[1.426s] INFO:colcon.colcon_core.shell:Creating package script '/home/mztejero/rvr_ros2_ws/install/data_processor/share/data_processor/package.sh'
[1.435s] INFO:colcon.colcon_core.shell:Creating package script '/home/mztejero/rvr_ros2_ws/install/data_processor/share/data_processor/package.bash'
[1.441s] INFO:colcon.colcon_core.shell:Creating package script '/home/mztejero/rvr_ros2_ws/install/data_processor/share/data_processor/package.zsh'
[1.447s] Level 1:colcon.colcon_core.environment:create_file_with_runtime_dependencies(/home/mztejero/rvr_ros2_ws/install/data_processor/share/colcon-core/packages/data_processor)
[1.453s] Level 1:colcon.colcon_core.environment:create_environment_scripts_only(data_processor)
[1.454s] Level 1:colcon.colcon_core.environment:checking '/home/mztejero/rvr_ros2_ws/install/data_processor' for CMake module files
[1.456s] Level 1:colcon.colcon_core.environment:checking '/home/mztejero/rvr_ros2_ws/install/data_processor' for CMake config files
[1.456s] Level 1:colcon.colcon_core.shell:create_environment_hook('data_processor', 'cmake_prefix_path')
[1.457s] INFO:colcon.colcon_core.shell:Creating environment hook '/home/mztejero/rvr_ros2_ws/install/data_processor/share/data_processor/hook/cmake_prefix_path.ps1'
[1.458s] INFO:colcon.colcon_core.shell:Creating environment descriptor '/home/mztejero/rvr_ros2_ws/install/data_processor/share/data_processor/hook/cmake_prefix_path.dsv'
[1.458s] INFO:colcon.colcon_core.shell:Creating environment hook '/home/mztejero/rvr_ros2_ws/install/data_processor/share/data_processor/hook/cmake_prefix_path.sh'
[1.459s] Level 1:colcon.colcon_core.environment:checking '/home/mztejero/rvr_ros2_ws/install/data_processor/bin'
[1.459s] Level 1:colcon.colcon_core.environment:checking '/home/mztejero/rvr_ros2_ws/install/data_processor/lib/pkgconfig/data_processor.pc'
[1.460s] Level 1:colcon.colcon_core.environment:checking '/home/mztejero/rvr_ros2_ws/install/data_processor/lib/python3.10/site-packages'
[1.460s] Level 1:colcon.colcon_core.environment:checking '/home/mztejero/rvr_ros2_ws/install/data_processor/bin'
[1.461s] INFO:colcon.colcon_core.shell:Creating package script '/home/mztejero/rvr_ros2_ws/install/data_processor/share/data_processor/package.ps1'
[1.462s] INFO:colcon.colcon_core.shell:Creating package descriptor '/home/mztejero/rvr_ros2_ws/install/data_processor/share/data_processor/package.dsv'
[1.463s] INFO:colcon.colcon_core.shell:Creating package script '/home/mztejero/rvr_ros2_ws/install/data_processor/share/data_processor/package.sh'
[1.464s] INFO:colcon.colcon_core.shell:Creating package script '/home/mztejero/rvr_ros2_ws/install/data_processor/share/data_processor/package.bash'
[1.464s] INFO:colcon.colcon_core.shell:Creating package script '/home/mztejero/rvr_ros2_ws/install/data_processor/share/data_processor/package.zsh'
[1.465s] Level 1:colcon.colcon_core.environment:create_file_with_runtime_dependencies(/home/mztejero/rvr_ros2_ws/install/data_processor/share/colcon-core/packages/data_processor)
[1.472s] Level 1:colcon.colcon_core.environment:create_environment_scripts_only(visualization)
[1.473s] Level 1:colcon.colcon_core.environment:checking '/home/mztejero/rvr_ros2_ws/install/visualization' for CMake module files
[1.475s] DEBUG:colcon.colcon_core.event_handler.log_command:Invoked command in '/home/mztejero/rvr_ros2_ws/build/visualization' returned '0': CMAKE_PREFIX_PATH=${CMAKE_PREFIX_PATH}:/home/mztejero/rover_ws/install/hardware_interface:/opt/ros/humble /usr/bin/cmake --install /home/mztejero/rvr_ros2_ws/build/visualization
[1.477s] Level 1:colcon.colcon_core.environment:checking '/home/mztejero/rvr_ros2_ws/install/visualization' for CMake config files
[1.479s] Level 1:colcon.colcon_core.shell:create_environment_hook('visualization', 'cmake_prefix_path')
[1.480s] INFO:colcon.colcon_core.shell:Creating environment hook '/home/mztejero/rvr_ros2_ws/install/visualization/share/visualization/hook/cmake_prefix_path.ps1'
[1.482s] INFO:colcon.colcon_core.shell:Creating environment descriptor '/home/mztejero/rvr_ros2_ws/install/visualization/share/visualization/hook/cmake_prefix_path.dsv'
[1.484s] INFO:colcon.colcon_core.shell:Creating environment hook '/home/mztejero/rvr_ros2_ws/install/visualization/share/visualization/hook/cmake_prefix_path.sh'
[1.488s] Level 1:colcon.colcon_core.environment:checking '/home/mztejero/rvr_ros2_ws/install/visualization/bin'
[1.488s] Level 1:colcon.colcon_core.environment:checking '/home/mztejero/rvr_ros2_ws/install/visualization/lib/pkgconfig/visualization.pc'
[1.489s] Level 1:colcon.colcon_core.environment:checking '/home/mztejero/rvr_ros2_ws/install/visualization/lib/python3.10/site-packages'
[1.490s] Level 1:colcon.colcon_core.environment:checking '/home/mztejero/rvr_ros2_ws/install/visualization/bin'
[1.491s] INFO:colcon.colcon_core.shell:Creating package script '/home/mztejero/rvr_ros2_ws/install/visualization/share/visualization/package.ps1'
[1.494s] INFO:colcon.colcon_core.shell:Creating package descriptor '/home/mztejero/rvr_ros2_ws/install/visualization/share/visualization/package.dsv'
[1.497s] INFO:colcon.colcon_core.shell:Creating package script '/home/mztejero/rvr_ros2_ws/install/visualization/share/visualization/package.sh'
[1.499s] INFO:colcon.colcon_core.shell:Creating package script '/home/mztejero/rvr_ros2_ws/install/visualization/share/visualization/package.bash'
[1.504s] INFO:colcon.colcon_core.shell:Creating package script '/home/mztejero/rvr_ros2_ws/install/visualization/share/visualization/package.zsh'
[1.505s] Level 1:colcon.colcon_core.environment:create_file_with_runtime_dependencies(/home/mztejero/rvr_ros2_ws/install/visualization/share/colcon-core/packages/visualization)
[1.507s] Level 1:colcon.colcon_core.environment:create_environment_scripts_only(visualization)
[1.507s] Level 1:colcon.colcon_core.environment:checking '/home/mztejero/rvr_ros2_ws/install/visualization' for CMake module files
[1.509s] Level 1:colcon.colcon_core.environment:checking '/home/mztejero/rvr_ros2_ws/install/visualization' for CMake config files
[1.509s] Level 1:colcon.colcon_core.shell:create_environment_hook('visualization', 'cmake_prefix_path')
[1.510s] INFO:colcon.colcon_core.shell:Creating environment hook '/home/mztejero/rvr_ros2_ws/install/visualization/share/visualization/hook/cmake_prefix_path.ps1'
[1.515s] INFO:colcon.colcon_core.shell:Creating environment descriptor '/home/mztejero/rvr_ros2_ws/install/visualization/share/visualization/hook/cmake_prefix_path.dsv'
[1.518s] INFO:colcon.colcon_core.shell:Creating environment hook '/home/mztejero/rvr_ros2_ws/install/visualization/share/visualization/hook/cmake_prefix_path.sh'
[1.525s] Level 1:colcon.colcon_core.environment:checking '/home/mztejero/rvr_ros2_ws/install/visualization/bin'
[1.525s] Level 1:colcon.colcon_core.environment:checking '/home/mztejero/rvr_ros2_ws/install/visualization/lib/pkgconfig/visualization.pc'
[1.534s] Level 1:colcon.colcon_core.environment:checking '/home/mztejero/rvr_ros2_ws/install/visualization/lib/python3.10/site-packages'
[1.535s] Level 1:colcon.colcon_core.environment:checking '/home/mztejero/rvr_ros2_ws/install/visualization/bin'
[1.537s] INFO:colcon.colcon_core.shell:Creating package script '/home/mztejero/rvr_ros2_ws/install/visualization/share/visualization/package.ps1'
[1.539s] INFO:colcon.colcon_core.shell:Creating package descriptor '/home/mztejero/rvr_ros2_ws/install/visualization/share/visualization/package.dsv'
[1.544s] INFO:colcon.colcon_core.shell:Creating package script '/home/mztejero/rvr_ros2_ws/install/visualization/share/visualization/package.sh'
[1.549s] INFO:colcon.colcon_core.shell:Creating package script '/home/mztejero/rvr_ros2_ws/install/visualization/share/visualization/package.bash'
[1.554s] INFO:colcon.colcon_core.shell:Creating package script '/home/mztejero/rvr_ros2_ws/install/visualization/share/visualization/package.zsh'
[1.558s] Level 1:colcon.colcon_core.environment:create_file_with_runtime_dependencies(/home/mztejero/rvr_ros2_ws/install/visualization/share/colcon-core/packages/visualization)
[2.314s] DEBUG:colcon.colcon_core.event_handler.log_command:Invoked command in '/home/mztejero/rvr_ros2_ws/build/rvr_msgs' returned '0': CMAKE_PREFIX_PATH=${CMAKE_PREFIX_PATH}:/home/mztejero/rover_ws/install/hardware_interface:/opt/ros/humble /usr/bin/cmake --build /home/mztejero/rvr_ros2_ws/build/rvr_msgs -- -j4 -l4
[2.318s] DEBUG:colcon.colcon_core.event_handler.log_command:Invoking command in '/home/mztejero/rvr_ros2_ws/build/rvr_msgs': CMAKE_PREFIX_PATH=${CMAKE_PREFIX_PATH}:/home/mztejero/rover_ws/install/hardware_interface:/opt/ros/humble /usr/bin/cmake --install /home/mztejero/rvr_ros2_ws/build/rvr_msgs
[2.497s] Level 1:colcon.colcon_core.environment:create_environment_scripts_only(rvr_msgs)
[2.498s] Level 1:colcon.colcon_core.environment:checking '/home/mztejero/rvr_ros2_ws/install/rvr_msgs' for CMake module files
[2.501s] Level 1:colcon.colcon_core.environment:checking '/home/mztejero/rvr_ros2_ws/install/rvr_msgs' for CMake config files
[2.504s] DEBUG:colcon.colcon_core.event_handler.log_command:Invoked command in '/home/mztejero/rvr_ros2_ws/build/rvr_msgs' returned '0': CMAKE_PREFIX_PATH=${CMAKE_PREFIX_PATH}:/home/mztejero/rover_ws/install/hardware_interface:/opt/ros/humble /usr/bin/cmake --install /home/mztejero/rvr_ros2_ws/build/rvr_msgs
[2.506s] Level 1:colcon.colcon_core.shell:create_environment_hook('rvr_msgs', 'cmake_prefix_path')
[2.507s] INFO:colcon.colcon_core.shell:Creating environment hook '/home/mztejero/rvr_ros2_ws/install/rvr_msgs/share/rvr_msgs/hook/cmake_prefix_path.ps1'
[2.509s] INFO:colcon.colcon_core.shell:Creating environment descriptor '/home/mztejero/rvr_ros2_ws/install/rvr_msgs/share/rvr_msgs/hook/cmake_prefix_path.dsv'
[2.510s] INFO:colcon.colcon_core.shell:Creating environment hook '/home/mztejero/rvr_ros2_ws/install/rvr_msgs/share/rvr_msgs/hook/cmake_prefix_path.sh'
[2.514s] Level 1:colcon.colcon_core.environment:checking '/home/mztejero/rvr_ros2_ws/install/rvr_msgs/lib'
[2.514s] Level 1:colcon.colcon_core.shell:create_environment_hook('rvr_msgs', 'ld_library_path_lib')
[2.514s] INFO:colcon.colcon_core.shell:Creating environment hook '/home/mztejero/rvr_ros2_ws/install/rvr_msgs/share/rvr_msgs/hook/ld_library_path_lib.ps1'
[2.516s] INFO:colcon.colcon_core.shell:Creating environment descriptor '/home/mztejero/rvr_ros2_ws/install/rvr_msgs/share/rvr_msgs/hook/ld_library_path_lib.dsv'
[2.518s] INFO:colcon.colcon_core.shell:Creating environment hook '/home/mztejero/rvr_ros2_ws/install/rvr_msgs/share/rvr_msgs/hook/ld_library_path_lib.sh'
[2.520s] Level 1:colcon.colcon_core.environment:checking '/home/mztejero/rvr_ros2_ws/install/rvr_msgs/bin'
[2.522s] Level 1:colcon.colcon_core.environment:checking '/home/mztejero/rvr_ros2_ws/install/rvr_msgs/lib/pkgconfig/rvr_msgs.pc'
[2.523s] Level 1:colcon.colcon_core.environment:checking '/home/mztejero/rvr_ros2_ws/install/rvr_msgs/lib/python3.10/site-packages'
[2.523s] Level 1:colcon.colcon_core.environment:checking '/home/mztejero/rvr_ros2_ws/install/rvr_msgs/bin'
[2.524s] INFO:colcon.colcon_core.shell:Creating package script '/home/mztejero/rvr_ros2_ws/install/rvr_msgs/share/rvr_msgs/package.ps1'
[2.526s] INFO:colcon.colcon_core.shell:Creating package descriptor '/home/mztejero/rvr_ros2_ws/install/rvr_msgs/share/rvr_msgs/package.dsv'
[2.528s] INFO:colcon.colcon_core.shell:Creating package script '/home/mztejero/rvr_ros2_ws/install/rvr_msgs/share/rvr_msgs/package.sh'
[2.530s] INFO:colcon.colcon_core.shell:Creating package script '/home/mztejero/rvr_ros2_ws/install/rvr_msgs/share/rvr_msgs/package.bash'
[2.531s] INFO:colcon.colcon_core.shell:Creating package script '/home/mztejero/rvr_ros2_ws/install/rvr_msgs/share/rvr_msgs/package.zsh'
[2.534s] Level 1:colcon.colcon_core.environment:create_file_with_runtime_dependencies(/home/mztejero/rvr_ros2_ws/install/rvr_msgs/share/colcon-core/packages/rvr_msgs)
[2.536s] Level 1:colcon.colcon_core.environment:create_environment_scripts_only(rvr_msgs)
[2.537s] Level 1:colcon.colcon_core.environment:checking '/home/mztejero/rvr_ros2_ws/install/rvr_msgs' for CMake module files
[2.538s] Level 1:colcon.colcon_core.environment:checking '/home/mztejero/rvr_ros2_ws/install/rvr_msgs' for CMake config files
[2.540s] Level 1:colcon.colcon_core.shell:create_environment_hook('rvr_msgs', 'cmake_prefix_path')
[2.541s] INFO:colcon.colcon_core.shell:Creating environment hook '/home/mztejero/rvr_ros2_ws/install/rvr_msgs/share/rvr_msgs/hook/cmake_prefix_path.ps1'
[2.543s] INFO:colcon.colcon_core.shell:Creating environment descriptor '/home/mztejero/rvr_ros2_ws/install/rvr_msgs/share/rvr_msgs/hook/cmake_prefix_path.dsv'
[2.544s] INFO:colcon.colcon_core.shell:Creating environment hook '/home/mztejero/rvr_ros2_ws/install/rvr_msgs/share/rvr_msgs/hook/cmake_prefix_path.sh'
[2.547s] Level 1:colcon.colcon_core.environment:checking '/home/mztejero/rvr_ros2_ws/install/rvr_msgs/lib'
[2.547s] Level 1:colcon.colcon_core.shell:create_environment_hook('rvr_msgs', 'ld_library_path_lib')
[2.548s] INFO:colcon.colcon_core.shell:Creating environment hook '/home/mztejero/rvr_ros2_ws/install/rvr_msgs/share/rvr_msgs/hook/ld_library_path_lib.ps1'
[2.549s] INFO:colcon.colcon_core.shell:Creating environment descriptor '/home/mztejero/rvr_ros2_ws/install/rvr_msgs/share/rvr_msgs/hook/ld_library_path_lib.dsv'
[2.551s] INFO:colcon.colcon_core.shell:Creating environment hook '/home/mztejero/rvr_ros2_ws/install/rvr_msgs/share/rvr_msgs/hook/ld_library_path_lib.sh'
[2.553s] Level 1:colcon.colcon_core.environment:checking '/home/mztejero/rvr_ros2_ws/install/rvr_msgs/bin'
[2.554s] Level 1:colcon.colcon_core.environment:checking '/home/mztejero/rvr_ros2_ws/install/rvr_msgs/lib/pkgconfig/rvr_msgs.pc'
[2.555s] Level 1:colcon.colcon_core.environment:checking '/home/mztejero/rvr_ros2_ws/install/rvr_msgs/lib/python3.10/site-packages'
[2.556s] Level 1:colcon.colcon_core.environment:checking '/home/mztejero/rvr_ros2_ws/install/rvr_msgs/bin'
[2.556s] INFO:colcon.colcon_core.shell:Creating package script '/home/mztejero/rvr_ros2_ws/install/rvr_msgs/share/rvr_msgs/package.ps1'
[2.558s] INFO:colcon.colcon_core.shell:Creating package descriptor '/home/mztejero/rvr_ros2_ws/install/rvr_msgs/share/rvr_msgs/package.dsv'
[2.561s] INFO:colcon.colcon_core.shell:Creating package script '/home/mztejero/rvr_ros2_ws/install/rvr_msgs/share/rvr_msgs/package.sh'
[2.563s] INFO:colcon.colcon_core.shell:Creating package script '/home/mztejero/rvr_ros2_ws/install/rvr_msgs/share/rvr_msgs/package.bash'
[2.565s] INFO:colcon.colcon_core.shell:Creating package script '/home/mztejero/rvr_ros2_ws/install/rvr_msgs/share/rvr_msgs/package.zsh'
[2.567s] Level 1:colcon.colcon_core.environment:create_file_with_runtime_dependencies(/home/mztejero/rvr_ros2_ws/install/rvr_msgs/share/colcon-core/packages/rvr_msgs)
[2.570s] INFO:colcon.colcon_ros.task.ament_cmake.build:Building ROS package in '/home/mztejero/rvr_ros2_ws/src/controller' with build type 'ament_cmake'
[2.571s] INFO:colcon.colcon_cmake.task.cmake.build:Building CMake package in '/home/mztejero/rvr_ros2_ws/src/controller'
[2.572s] INFO:colcon.colcon_core.shell:Skip shell extension 'powershell' for command environment: Not usable outside of PowerShell
[2.573s] DEBUG:colcon.colcon_core.shell:Skip shell extension 'dsv' for command environment
[2.589s] INFO:colcon.colcon_ros.task.ament_cmake.build:Building ROS package in '/home/mztejero/rvr_ros2_ws/src/onboard_pkg' with build type 'ament_cmake'
[2.590s] INFO:colcon.colcon_cmake.task.cmake.build:Building CMake package in '/home/mztejero/rvr_ros2_ws/src/onboard_pkg'
[2.590s] INFO:colcon.colcon_core.shell:Skip shell extension 'powershell' for command environment: Not usable outside of PowerShell
[2.591s] DEBUG:colcon.colcon_core.shell:Skip shell extension 'dsv' for command environment
[2.634s] DEBUG:colcon.colcon_core.event_handler.log_command:Invoking command in '/home/mztejero/rvr_ros2_ws/build/controller': CMAKE_PREFIX_PATH=/home/mztejero/rvr_ros2_ws/install/rvr_msgs:/home/mztejero/rvr_ros2_ws/install/visualization:/home/mztejero/rvr_ros2_ws/install/onboard_pkg:/home/mztejero/rvr_ros2_ws/install/controller:/home/mztejero/rvr_ros2_ws/install/data_processor:/home/mztejero/ros2_ws/install/cpp_pubsub:/home/mztejero/ros2_ws/install/rover_msg:/home/mztejero/rover_ws/install/rvr_launch:/home/mztejero/rover_ws/install/msg_types:/home/mztejero/rover_ws/install/hardware_interface:/opt/ros/humble /usr/bin/cmake --build /home/mztejero/rvr_ros2_ws/build/controller -- -j4 -l4
[2.669s] DEBUG:colcon.colcon_core.event_handler.log_command:Invoking command in '/home/mztejero/rvr_ros2_ws/build/onboard_pkg': CMAKE_PREFIX_PATH=/home/mztejero/rvr_ros2_ws/install/rvr_msgs:/home/mztejero/rvr_ros2_ws/install/visualization:/home/mztejero/rvr_ros2_ws/install/onboard_pkg:/home/mztejero/rvr_ros2_ws/install/controller:/home/mztejero/rvr_ros2_ws/install/data_processor:/home/mztejero/ros2_ws/install/cpp_pubsub:/home/mztejero/ros2_ws/install/rover_msg:/home/mztejero/rover_ws/install/rvr_launch:/home/mztejero/rover_ws/install/msg_types:/home/mztejero/rover_ws/install/hardware_interface:/opt/ros/humble /usr/bin/cmake --build /home/mztejero/rvr_ros2_ws/build/onboard_pkg -- -j4 -l4
[2.927s] DEBUG:colcon.colcon_core.event_handler.log_command:Invoked command in '/home/mztejero/rvr_ros2_ws/build/onboard_pkg' returned '0': CMAKE_PREFIX_PATH=/home/mztejero/rvr_ros2_ws/install/rvr_msgs:/home/mztejero/rvr_ros2_ws/install/visualization:/home/mztejero/rvr_ros2_ws/install/onboard_pkg:/home/mztejero/rvr_ros2_ws/install/controller:/home/mztejero/rvr_ros2_ws/install/data_processor:/home/mztejero/ros2_ws/install/cpp_pubsub:/home/mztejero/ros2_ws/install/rover_msg:/home/mztejero/rover_ws/install/rvr_launch:/home/mztejero/rover_ws/install/msg_types:/home/mztejero/rover_ws/install/hardware_interface:/opt/ros/humble /usr/bin/cmake --build /home/mztejero/rvr_ros2_ws/build/onboard_pkg -- -j4 -l4
[2.930s] DEBUG:colcon.colcon_core.event_handler.log_command:Invoking command in '/home/mztejero/rvr_ros2_ws/build/onboard_pkg': CMAKE_PREFIX_PATH=/home/mztejero/rvr_ros2_ws/install/rvr_msgs:/home/mztejero/rvr_ros2_ws/install/visualization:/home/mztejero/rvr_ros2_ws/install/onboard_pkg:/home/mztejero/rvr_ros2_ws/install/controller:/home/mztejero/rvr_ros2_ws/install/data_processor:/home/mztejero/ros2_ws/install/cpp_pubsub:/home/mztejero/ros2_ws/install/rover_msg:/home/mztejero/rover_ws/install/rvr_launch:/home/mztejero/rover_ws/install/msg_types:/home/mztejero/rover_ws/install/hardware_interface:/opt/ros/humble /usr/bin/cmake --install /home/mztejero/rvr_ros2_ws/build/onboard_pkg
[2.989s] Level 1:colcon.colcon_core.environment:create_environment_scripts_only(onboard_pkg)
[2.992s] Level 1:colcon.colcon_core.environment:checking '/home/mztejero/rvr_ros2_ws/install/onboard_pkg' for CMake module files
[2.994s] Level 1:colcon.colcon_core.environment:checking '/home/mztejero/rvr_ros2_ws/install/onboard_pkg' for CMake config files
[2.996s] Level 1:colcon.colcon_core.shell:create_environment_hook('onboard_pkg', 'cmake_prefix_path')
[2.998s] INFO:colcon.colcon_core.shell:Creating environment hook '/home/mztejero/rvr_ros2_ws/install/onboard_pkg/share/onboard_pkg/hook/cmake_prefix_path.ps1'
[3.000s] DEBUG:colcon.colcon_core.event_handler.log_command:Invoked command in '/home/mztejero/rvr_ros2_ws/build/onboard_pkg' returned '0': CMAKE_PREFIX_PATH=/home/mztejero/rvr_ros2_ws/install/rvr_msgs:/home/mztejero/rvr_ros2_ws/install/visualization:/home/mztejero/rvr_ros2_ws/install/onboard_pkg:/home/mztejero/rvr_ros2_ws/install/controller:/home/mztejero/rvr_ros2_ws/install/data_processor:/home/mztejero/ros2_ws/install/cpp_pubsub:/home/mztejero/ros2_ws/install/rover_msg:/home/mztejero/rover_ws/install/rvr_launch:/home/mztejero/rover_ws/install/msg_types:/home/mztejero/rover_ws/install/hardware_interface:/opt/ros/humble /usr/bin/cmake --install /home/mztejero/rvr_ros2_ws/build/onboard_pkg
[3.002s] INFO:colcon.colcon_core.shell:Creating environment descriptor '/home/mztejero/rvr_ros2_ws/install/onboard_pkg/share/onboard_pkg/hook/cmake_prefix_path.dsv'
[3.005s] INFO:colcon.colcon_core.shell:Creating environment hook '/home/mztejero/rvr_ros2_ws/install/onboard_pkg/share/onboard_pkg/hook/cmake_prefix_path.sh'
[3.008s] Level 1:colcon.colcon_core.environment:checking '/home/mztejero/rvr_ros2_ws/install/onboard_pkg/lib'
[3.009s] Level 1:colcon.colcon_core.environment:checking '/home/mztejero/rvr_ros2_ws/install/onboard_pkg/bin'
[3.010s] Level 1:colcon.colcon_core.environment:checking '/home/mztejero/rvr_ros2_ws/install/onboard_pkg/lib/pkgconfig/onboard_pkg.pc'
[3.010s] Level 1:colcon.colcon_core.environment:checking '/home/mztejero/rvr_ros2_ws/install/onboard_pkg/lib/python3.10/site-packages'
[3.011s] Level 1:colcon.colcon_core.environment:checking '/home/mztejero/rvr_ros2_ws/install/onboard_pkg/bin'
[3.014s] INFO:colcon.colcon_core.shell:Creating package script '/home/mztejero/rvr_ros2_ws/install/onboard_pkg/share/onboard_pkg/package.ps1'
[3.018s] INFO:colcon.colcon_core.shell:Creating package descriptor '/home/mztejero/rvr_ros2_ws/install/onboard_pkg/share/onboard_pkg/package.dsv'
[3.021s] INFO:colcon.colcon_core.shell:Creating package script '/home/mztejero/rvr_ros2_ws/install/onboard_pkg/share/onboard_pkg/package.sh'
[3.023s] INFO:colcon.colcon_core.shell:Creating package script '/home/mztejero/rvr_ros2_ws/install/onboard_pkg/share/onboard_pkg/package.bash'
[3.025s] INFO:colcon.colcon_core.shell:Creating package script '/home/mztejero/rvr_ros2_ws/install/onboard_pkg/share/onboard_pkg/package.zsh'
[3.026s] Level 1:colcon.colcon_core.environment:create_file_with_runtime_dependencies(/home/mztejero/rvr_ros2_ws/install/onboard_pkg/share/colcon-core/packages/onboard_pkg)
[3.028s] Level 1:colcon.colcon_core.environment:create_environment_scripts_only(onboard_pkg)
[3.031s] Level 1:colcon.colcon_core.environment:checking '/home/mztejero/rvr_ros2_ws/install/onboard_pkg' for CMake module files
[3.034s] Level 1:colcon.colcon_core.environment:checking '/home/mztejero/rvr_ros2_ws/install/onboard_pkg' for CMake config files
[3.035s] Level 1:colcon.colcon_core.shell:create_environment_hook('onboard_pkg', 'cmake_prefix_path')
[3.037s] INFO:colcon.colcon_core.shell:Creating environment hook '/home/mztejero/rvr_ros2_ws/install/onboard_pkg/share/onboard_pkg/hook/cmake_prefix_path.ps1'
[3.041s] INFO:colcon.colcon_core.shell:Creating environment descriptor '/home/mztejero/rvr_ros2_ws/install/onboard_pkg/share/onboard_pkg/hook/cmake_prefix_path.dsv'
[3.044s] INFO:colcon.colcon_core.shell:Creating environment hook '/home/mztejero/rvr_ros2_ws/install/onboard_pkg/share/onboard_pkg/hook/cmake_prefix_path.sh'
[3.050s] Level 1:colcon.colcon_core.environment:checking '/home/mztejero/rvr_ros2_ws/install/onboard_pkg/lib'
[3.060s] Level 1:colcon.colcon_core.environment:checking '/home/mztejero/rvr_ros2_ws/install/onboard_pkg/bin'
[3.061s] Level 1:colcon.colcon_core.environment:checking '/home/mztejero/rvr_ros2_ws/install/onboard_pkg/lib/pkgconfig/onboard_pkg.pc'
[3.062s] Level 1:colcon.colcon_core.environment:checking '/home/mztejero/rvr_ros2_ws/install/onboard_pkg/lib/python3.10/site-packages'
[3.063s] Level 1:colcon.colcon_core.environment:checking '/home/mztejero/rvr_ros2_ws/install/onboard_pkg/bin'
[3.064s] INFO:colcon.colcon_core.shell:Creating package script '/home/mztejero/rvr_ros2_ws/install/onboard_pkg/share/onboard_pkg/package.ps1'
[3.067s] INFO:colcon.colcon_core.shell:Creating package descriptor '/home/mztejero/rvr_ros2_ws/install/onboard_pkg/share/onboard_pkg/package.dsv'
[3.072s] INFO:colcon.colcon_core.shell:Creating package script '/home/mztejero/rvr_ros2_ws/install/onboard_pkg/share/onboard_pkg/package.sh'
[3.076s] INFO:colcon.colcon_core.shell:Creating package script '/home/mztejero/rvr_ros2_ws/install/onboard_pkg/share/onboard_pkg/package.bash'
[3.080s] INFO:colcon.colcon_core.shell:Creating package script '/home/mztejero/rvr_ros2_ws/install/onboard_pkg/share/onboard_pkg/package.zsh'
[3.084s] Level 1:colcon.colcon_core.environment:create_file_with_runtime_dependencies(/home/mztejero/rvr_ros2_ws/install/onboard_pkg/share/colcon-core/packages/onboard_pkg)
[15.557s] DEBUG:colcon.colcon_core.event_handler.log_command:Invoked command in '/home/mztejero/rvr_ros2_ws/build/controller' returned '0': CMAKE_PREFIX_PATH=/home/mztejero/rvr_ros2_ws/install/rvr_msgs:/home/mztejero/rvr_ros2_ws/install/visualization:/home/mztejero/rvr_ros2_ws/install/onboard_pkg:/home/mztejero/rvr_ros2_ws/install/controller:/home/mztejero/rvr_ros2_ws/install/data_processor:/home/mztejero/ros2_ws/install/cpp_pubsub:/home/mztejero/ros2_ws/install/rover_msg:/home/mztejero/rover_ws/install/rvr_launch:/home/mztejero/rover_ws/install/msg_types:/home/mztejero/rover_ws/install/hardware_interface:/opt/ros/humble /usr/bin/cmake --build /home/mztejero/rvr_ros2_ws/build/controller -- -j4 -l4
[15.564s] DEBUG:colcon.colcon_core.event_handler.log_command:Invoking command in '/home/mztejero/rvr_ros2_ws/build/controller': CMAKE_PREFIX_PATH=/home/mztejero/rvr_ros2_ws/install/rvr_msgs:/home/mztejero/rvr_ros2_ws/install/visualization:/home/mztejero/rvr_ros2_ws/install/onboard_pkg:/home/mztejero/rvr_ros2_ws/install/controller:/home/mztejero/rvr_ros2_ws/install/data_processor:/home/mztejero/ros2_ws/install/cpp_pubsub:/home/mztejero/ros2_ws/install/rover_msg:/home/mztejero/rover_ws/install/rvr_launch:/home/mztejero/rover_ws/install/msg_types:/home/mztejero/rover_ws/install/hardware_interface:/opt/ros/humble /usr/bin/cmake --install /home/mztejero/rvr_ros2_ws/build/controller
[15.602s] Level 1:colcon.colcon_core.environment:create_environment_scripts_only(controller)
[15.604s] DEBUG:colcon.colcon_core.event_handler.log_command:Invoked command in '/home/mztejero/rvr_ros2_ws/build/controller' returned '0': CMAKE_PREFIX_PATH=/home/mztejero/rvr_ros2_ws/install/rvr_msgs:/home/mztejero/rvr_ros2_ws/install/visualization:/home/mztejero/rvr_ros2_ws/install/onboard_pkg:/home/mztejero/rvr_ros2_ws/install/controller:/home/mztejero/rvr_ros2_ws/install/data_processor:/home/mztejero/ros2_ws/install/cpp_pubsub:/home/mztejero/ros2_ws/install/rover_msg:/home/mztejero/rover_ws/install/rvr_launch:/home/mztejero/rover_ws/install/msg_types:/home/mztejero/rover_ws/install/hardware_interface:/opt/ros/humble /usr/bin/cmake --install /home/mztejero/rvr_ros2_ws/build/controller
[15.605s] Level 1:colcon.colcon_core.environment:checking '/home/mztejero/rvr_ros2_ws/install/controller' for CMake module files
[15.608s] Level 1:colcon.colcon_core.environment:checking '/home/mztejero/rvr_ros2_ws/install/controller' for CMake config files
[15.609s] Level 1:colcon.colcon_core.shell:create_environment_hook('controller', 'cmake_prefix_path')
[15.610s] INFO:colcon.colcon_core.shell:Creating environment hook '/home/mztejero/rvr_ros2_ws/install/controller/share/controller/hook/cmake_prefix_path.ps1'
[15.612s] INFO:colcon.colcon_core.shell:Creating environment descriptor '/home/mztejero/rvr_ros2_ws/install/controller/share/controller/hook/cmake_prefix_path.dsv'
[15.614s] INFO:colcon.colcon_core.shell:Creating environment hook '/home/mztejero/rvr_ros2_ws/install/controller/share/controller/hook/cmake_prefix_path.sh'
[15.617s] Level 1:colcon.colcon_core.environment:checking '/home/mztejero/rvr_ros2_ws/install/controller/lib'
[15.618s] Level 1:colcon.colcon_core.environment:checking '/home/mztejero/rvr_ros2_ws/install/controller/bin'
[15.618s] Level 1:colcon.colcon_core.environment:checking '/home/mztejero/rvr_ros2_ws/install/controller/lib/pkgconfig/controller.pc'
[15.620s] Level 1:colcon.colcon_core.environment:checking '/home/mztejero/rvr_ros2_ws/install/controller/lib/python3.10/site-packages'
[15.620s] Level 1:colcon.colcon_core.environment:checking '/home/mztejero/rvr_ros2_ws/install/controller/bin'
[15.621s] INFO:colcon.colcon_core.shell:Creating package script '/home/mztejero/rvr_ros2_ws/install/controller/share/controller/package.ps1'
[15.623s] INFO:colcon.colcon_core.shell:Creating package descriptor '/home/mztejero/rvr_ros2_ws/install/controller/share/controller/package.dsv'
[15.626s] INFO:colcon.colcon_core.shell:Creating package script '/home/mztejero/rvr_ros2_ws/install/controller/share/controller/package.sh'
[15.628s] INFO:colcon.colcon_core.shell:Creating package script '/home/mztejero/rvr_ros2_ws/install/controller/share/controller/package.bash'
[15.630s] INFO:colcon.colcon_core.shell:Creating package script '/home/mztejero/rvr_ros2_ws/install/controller/share/controller/package.zsh'
[15.632s] Level 1:colcon.colcon_core.environment:create_file_with_runtime_dependencies(/home/mztejero/rvr_ros2_ws/install/controller/share/colcon-core/packages/controller)
[15.634s] Level 1:colcon.colcon_core.environment:create_environment_scripts_only(controller)
[15.635s] Level 1:colcon.colcon_core.environment:checking '/home/mztejero/rvr_ros2_ws/install/controller' for CMake module files
[15.636s] Level 1:colcon.colcon_core.environment:checking '/home/mztejero/rvr_ros2_ws/install/controller' for CMake config files
[15.637s] Level 1:colcon.colcon_core.shell:create_environment_hook('controller', 'cmake_prefix_path')
[15.637s] INFO:colcon.colcon_core.shell:Creating environment hook '/home/mztejero/rvr_ros2_ws/install/controller/share/controller/hook/cmake_prefix_path.ps1'
[15.639s] INFO:colcon.colcon_core.shell:Creating environment descriptor '/home/mztejero/rvr_ros2_ws/install/controller/share/controller/hook/cmake_prefix_path.dsv'
[15.641s] INFO:colcon.colcon_core.shell:Creating environment hook '/home/mztejero/rvr_ros2_ws/install/controller/share/controller/hook/cmake_prefix_path.sh'
[15.643s] Level 1:colcon.colcon_core.environment:checking '/home/mztejero/rvr_ros2_ws/install/controller/lib'
[15.643s] Level 1:colcon.colcon_core.environment:checking '/home/mztejero/rvr_ros2_ws/install/controller/bin'
[15.643s] Level 1:colcon.colcon_core.environment:checking '/home/mztejero/rvr_ros2_ws/install/controller/lib/pkgconfig/controller.pc'
[15.644s] Level 1:colcon.colcon_core.environment:checking '/home/mztejero/rvr_ros2_ws/install/controller/lib/python3.10/site-packages'
[15.645s] Level 1:colcon.colcon_core.environment:checking '/home/mztejero/rvr_ros2_ws/install/controller/bin'
[15.645s] INFO:colcon.colcon_core.shell:Creating package script '/home/mztejero/rvr_ros2_ws/install/controller/share/controller/package.ps1'
[15.647s] INFO:colcon.colcon_core.shell:Creating package descriptor '/home/mztejero/rvr_ros2_ws/install/controller/share/controller/package.dsv'
[15.649s] INFO:colcon.colcon_core.shell:Creating package script '/home/mztejero/rvr_ros2_ws/install/controller/share/controller/package.sh'
[15.653s] INFO:colcon.colcon_core.shell:Creating package script '/home/mztejero/rvr_ros2_ws/install/controller/share/controller/package.bash'
[15.655s] INFO:colcon.colcon_core.shell:Creating package script '/home/mztejero/rvr_ros2_ws/install/controller/share/controller/package.zsh'
[15.657s] Level 1:colcon.colcon_core.environment:create_file_with_runtime_dependencies(/home/mztejero/rvr_ros2_ws/install/controller/share/colcon-core/packages/controller)
[15.659s] DEBUG:colcon.colcon_parallel_executor.executor.parallel:closing loop
[15.659s] DEBUG:colcon.colcon_parallel_executor.executor.parallel:loop closed
[15.659s] DEBUG:colcon.colcon_parallel_executor.executor.parallel:run_until_complete finished with '0'
[15.659s] DEBUG:colcon.colcon_core.event_reactor:joining thread
[15.684s] INFO:colcon.colcon_core.plugin_system:Skipping extension 'colcon_notification.desktop_notification.terminal_notifier': Not used on non-Darwin systems
[15.684s] INFO:colcon.colcon_core.plugin_system:Skipping extension 'colcon_notification.desktop_notification.win32': Not used on non-Windows systems
[15.684s] INFO:colcon.colcon_notification.desktop_notification:Sending desktop notification using 'notify2'
[15.705s] DEBUG:colcon.colcon_notification.desktop_notification.notify2:Failed to initialize notify2: org.freedesktop.DBus.Error.ServiceUnknown: The name org.freedesktop.Notifications was not provided by any .service files
[15.706s] DEBUG:colcon.colcon_core.event_reactor:joined thread
[15.707s] INFO:colcon.colcon_core.shell:Creating prefix script '/home/mztejero/rvr_ros2_ws/install/local_setup.ps1'
[15.711s] INFO:colcon.colcon_core.shell:Creating prefix util module '/home/mztejero/rvr_ros2_ws/install/_local_setup_util_ps1.py'
[15.716s] INFO:colcon.colcon_core.shell:Creating prefix chain script '/home/mztejero/rvr_ros2_ws/install/setup.ps1'
[15.721s] INFO:colcon.colcon_core.shell:Creating prefix script '/home/mztejero/rvr_ros2_ws/install/local_setup.sh'
[15.722s] INFO:colcon.colcon_core.shell:Creating prefix util module '/home/mztejero/rvr_ros2_ws/install/_local_setup_util_sh.py'
[15.726s] INFO:colcon.colcon_core.shell:Creating prefix chain script '/home/mztejero/rvr_ros2_ws/install/setup.sh'
[15.737s] INFO:colcon.colcon_core.shell:Creating prefix script '/home/mztejero/rvr_ros2_ws/install/local_setup.bash'
[15.739s] INFO:colcon.colcon_core.shell:Creating prefix chain script '/home/mztejero/rvr_ros2_ws/install/setup.bash'
[15.743s] INFO:colcon.colcon_core.shell:Creating prefix script '/home/mztejero/rvr_ros2_ws/install/local_setup.zsh'
[15.747s] INFO:colcon.colcon_core.shell:Creating prefix chain script '/home/mztejero/rvr_ros2_ws/install/setup.zsh'
