[0.064s] Invoking command in '/home/mztejero/rvr_ros2_ws/build/rvr_msgs': CMAKE_PREFIX_PATH=${CMAKE_PREFIX_PATH}:/home/mztejero/rover_ws/install/hardware_interface:/opt/ros/humble /usr/bin/cmake --build /home/mztejero/rvr_ros2_ws/build/rvr_msgs -- -j4 -l4
[0.208s] -- Found ament_cmake: 1.3.12 (/opt/ros/humble/share/ament_cmake/cmake)
[0.541s] -- Found rosidl_default_generators: 1.2.0 (/opt/ros/humble/share/rosidl_default_generators/cmake)
[0.550s] -- Using all available rosidl_typesupport_c: rosidl_typesupport_fastrtps_c;rosidl_typesupport_introspection_c
[0.558s] -- Found rosidl_adapter: 3.1.7 (/opt/ros/humble/share/rosidl_adapter/cmake)
[0.615s] -- Using all available rosidl_typesupport_cpp: rosidl_typesupport_fastrtps_cpp;rosidl_typesupport_introspection_cpp
[1.194s] -- Found ament_cmake_ros: 0.10.0 (/opt/ros/humble/share/ament_cmake_ros/cmake)
[1.557s] -- Using all available rosidl_typesupport_c: rosidl_typesupport_fastrtps_c;rosidl_typesupport_introspection_c
[2.047s] -- Using all available rosidl_typesupport_cpp: rosidl_typesupport_fastrtps_cpp;rosidl_typesupport_introspection_cpp
[2.103s] -- Found python_cmake_module: 0.10.0 (/opt/ros/humble/share/python_cmake_module/cmake)
[2.149s] -- Using PYTHON_EXECUTABLE: /usr/bin/python3
[2.149s] -- Using PYTHON_INCLUDE_DIRS: /usr/include/python3.10
[2.149s] -- Using PYTHON_LIBRARIES: /usr/lib/x86_64-linux-gnu/libpython3.10.so
[2.187s] -- Found ament_lint_auto: 0.12.14 (/opt/ros/humble/share/ament_lint_auto/cmake)
[2.210s] -- Added test 'lint_cmake' to check CMake code style
[2.212s] -- Added test 'xmllint' to check XML markup files
[2.218s] -- Configuring done
[2.342s] -- Generating done
[2.380s] -- Build files have been written to: /home/mztejero/rvr_ros2_ws/build/rvr_msgs
[2.447s] [  1%] [34m[1mGenerating C code for ROS interfaces[0m
[2.480s] [  3%] [34m[1mGenerating C++ code for ROS interfaces[0m
[2.506s] [  3%] Built target ament_cmake_python_copy_rvr_msgs
[3.304s] running egg_info
[3.309s] writing rvr_msgs.egg-info/PKG-INFO
[3.309s] writing dependency_links to rvr_msgs.egg-info/dependency_links.txt
[3.309s] writing top-level names to rvr_msgs.egg-info/top_level.txt
[3.315s] reading manifest file 'rvr_msgs.egg-info/SOURCES.txt'
[3.318s] writing manifest file 'rvr_msgs.egg-info/SOURCES.txt'
[3.387s] [  3%] Built target ament_cmake_python_build_rvr_msgs_egg
[4.156s] [35m[1mConsolidate compiler generated dependencies of target rvr_msgs__rosidl_generator_c[0m
[4.223s] [  4%] [32mBuilding C object CMakeFiles/rvr_msgs__rosidl_generator_c.dir/rosidl_generator_c/rvr_msgs/msg/detail/command_velocities__functions.c.o[0m
[4.233s] [  6%] [32mBuilding C object CMakeFiles/rvr_msgs__rosidl_generator_c.dir/rosidl_generator_c/rvr_msgs/msg/detail/vector3__functions.c.o[0m
[4.260s] [  7%] [32mBuilding C object CMakeFiles/rvr_msgs__rosidl_generator_c.dir/rosidl_generator_c/rvr_msgs/msg/detail/wheel4__functions.c.o[0m
[4.301s] [  7%] Built target rvr_msgs__cpp
[4.348s] [  9%] [34m[1mGenerating C++ type support dispatch for ROS interfaces[0m
[4.381s] [ 11%] [32mBuilding C object CMakeFiles/rvr_msgs__rosidl_generator_c.dir/rosidl_generator_c/rvr_msgs/msg/detail/rover_data__functions.c.o[0m
[4.402s] [ 12%] [32mBuilding C object CMakeFiles/rvr_msgs__rosidl_generator_c.dir/rosidl_generator_c/rvr_msgs/msg/detail/pos_data__functions.c.o[0m
[4.423s] In file included from [01m[K/home/mztejero/rvr_ros2_ws/build/rvr_msgs/rosidl_generator_c/rvr_msgs/msg/detail/rover_data__functions.h:19[m[K,
[4.424s]                  from [01m[K/home/mztejero/rvr_ros2_ws/build/rvr_msgs/rosidl_generator_c/rvr_msgs/msg/detail/rover_data__functions.c:4[m[K:
[4.425s] [01m[K/home/mztejero/rvr_ros2_ws/build/rvr_msgs/rosidl_generator_c/rvr_msgs/msg/detail/rover_data__struct.h:23:10:[m[K [01;31m[Kfatal error: [m[Kmsg/msg/detail/wheel4__struct.h: No such file or directory
[4.425s]    23 | #include [01;31m[K"msg/msg/detail/wheel4__struct.h"[m[K
[4.426s]       |          [01;31m[K^~~~~~~~~~~~~~~~~~~~~~~~~~~~~~~~~[m[K
[4.433s] compilation terminated.
[4.433s] gmake[2]: *** [CMakeFiles/rvr_msgs__rosidl_generator_c.dir/build.make:211: CMakeFiles/rvr_msgs__rosidl_generator_c.dir/rosidl_generator_c/rvr_msgs/msg/detail/rover_data__functions.c.o] Error 1
[4.433s] gmake[2]: *** Waiting for unfinished jobs....
[4.448s] [ 14%] [34m[1mGenerating C++ type support for eProsima Fast-RTPS[0m
[4.487s] [ 15%] [34m[1mGenerating C++ introspection for ROS interfaces[0m
[4.562s] gmake[1]: *** [CMakeFiles/Makefile2:213: CMakeFiles/rvr_msgs__rosidl_generator_c.dir/all] Error 2
[4.564s] gmake[1]: *** Waiting for unfinished jobs....
[5.359s] [35m[1mConsolidate compiler generated dependencies of target rvr_msgs__rosidl_typesupport_cpp[0m
[5.403s] [ 17%] [32mBuilding CXX object CMakeFiles/rvr_msgs__rosidl_typesupport_cpp.dir/rosidl_typesupport_cpp/rvr_msgs/msg/vector3__type_support.cpp.o[0m
[5.419s] [ 19%] [32mBuilding CXX object CMakeFiles/rvr_msgs__rosidl_typesupport_cpp.dir/rosidl_typesupport_cpp/rvr_msgs/msg/command_velocities__type_support.cpp.o[0m
[6.086s] [35m[1mConsolidate compiler generated dependencies of target rvr_msgs__rosidl_typesupport_introspection_cpp[0m
[6.158s] [ 20%] [32mBuilding CXX object CMakeFiles/rvr_msgs__rosidl_typesupport_introspection_cpp.dir/rosidl_typesupport_introspection_cpp/rvr_msgs/msg/detail/command_velocities__type_support.cpp.o[0m
[6.291s] [ 22%] [32mBuilding CXX object CMakeFiles/rvr_msgs__rosidl_typesupport_introspection_cpp.dir/rosidl_typesupport_introspection_cpp/rvr_msgs/msg/detail/vector3__type_support.cpp.o[0m
[6.378s] [35m[1mConsolidate compiler generated dependencies of target rvr_msgs__rosidl_typesupport_fastrtps_cpp[0m
[6.482s] [ 23%] [32mBuilding CXX object CMakeFiles/rvr_msgs__rosidl_typesupport_cpp.dir/rosidl_typesupport_cpp/rvr_msgs/msg/wheel4__type_support.cpp.o[0m
[6.498s] [ 25%] [32mBuilding CXX object CMakeFiles/rvr_msgs__rosidl_typesupport_fastrtps_cpp.dir/rosidl_typesupport_fastrtps_cpp/rvr_msgs/msg/detail/dds_fastrtps/command_velocities__type_support.cpp.o[0m
[7.471s] [ 26%] [32mBuilding CXX object CMakeFiles/rvr_msgs__rosidl_typesupport_cpp.dir/rosidl_typesupport_cpp/rvr_msgs/msg/rover_data__type_support.cpp.o[0m
[7.503s] [ 28%] [32mBuilding CXX object CMakeFiles/rvr_msgs__rosidl_typesupport_fastrtps_cpp.dir/rosidl_typesupport_fastrtps_cpp/rvr_msgs/msg/detail/dds_fastrtps/vector3__type_support.cpp.o[0m
[7.643s] [ 30%] [32mBuilding CXX object CMakeFiles/rvr_msgs__rosidl_typesupport_introspection_cpp.dir/rosidl_typesupport_introspection_cpp/rvr_msgs/msg/detail/wheel4__type_support.cpp.o[0m
[7.702s] In file included from [01m[K/home/mztejero/rvr_ros2_ws/build/rvr_msgs/rosidl_typesupport_cpp/rvr_msgs/msg/rover_data__type_support.cpp:7[m[K:
[7.704s] [01m[K/home/mztejero/rvr_ros2_ws/build/rvr_msgs/rosidl_generator_cpp/rvr_msgs/msg/detail/rover_data__struct.hpp:21:10:[m[K [01;31m[Kfatal error: [m[Kmsg/msg/detail/wheel4__struct.hpp: No such file or directory
[7.704s]    21 | #include [01;31m[K"msg/msg/detail/wheel4__struct.hpp"[m[K
[7.704s]       |          [01;31m[K^~~~~~~~~~~~~~~~~~~~~~~~~~~~~~~~~~~[m[K
[7.705s] compilation terminated.
[7.709s] gmake[2]: *** [CMakeFiles/rvr_msgs__rosidl_typesupport_cpp.dir/build.make:144: CMakeFiles/rvr_msgs__rosidl_typesupport_cpp.dir/rosidl_typesupport_cpp/rvr_msgs/msg/rover_data__type_support.cpp.o] Error 1
[7.710s] gmake[1]: *** [CMakeFiles/Makefile2:395: CMakeFiles/rvr_msgs__rosidl_typesupport_cpp.dir/all] Error 2
[7.739s] [ 31%] [32mBuilding CXX object CMakeFiles/rvr_msgs__rosidl_typesupport_introspection_cpp.dir/rosidl_typesupport_introspection_cpp/rvr_msgs/msg/detail/rover_data__type_support.cpp.o[0m
[7.944s] In file included from [01m[K/home/mztejero/rvr_ros2_ws/build/rvr_msgs/rosidl_typesupport_introspection_cpp/rvr_msgs/msg/detail/rover_data__type_support.cpp:12[m[K:
[7.945s] [01m[K/home/mztejero/rvr_ros2_ws/build/rvr_msgs/rosidl_generator_cpp/rvr_msgs/msg/detail/rover_data__struct.hpp:21:10:[m[K [01;31m[Kfatal error: [m[Kmsg/msg/detail/wheel4__struct.hpp: No such file or directory
[7.951s]    21 | #include [01;31m[K"msg/msg/detail/wheel4__struct.hpp"[m[K
[7.951s]       |          [01;31m[K^~~~~~~~~~~~~~~~~~~~~~~~~~~~~~~~~~~[m[K
[7.952s] compilation terminated.
[7.954s] gmake[2]: *** [CMakeFiles/rvr_msgs__rosidl_typesupport_introspection_cpp.dir/build.make:161: CMakeFiles/rvr_msgs__rosidl_typesupport_introspection_cpp.dir/rosidl_typesupport_introspection_cpp/rvr_msgs/msg/detail/rover_data__type_support.cpp.o] Error 1
[7.954s] gmake[2]: *** Waiting for unfinished jobs....
[7.984s] [ 33%] [32mBuilding CXX object CMakeFiles/rvr_msgs__rosidl_typesupport_fastrtps_cpp.dir/rosidl_typesupport_fastrtps_cpp/rvr_msgs/msg/detail/dds_fastrtps/wheel4__type_support.cpp.o[0m
[7.998s] [ 34%] [32mBuilding CXX object CMakeFiles/rvr_msgs__rosidl_typesupport_fastrtps_cpp.dir/rosidl_typesupport_fastrtps_cpp/rvr_msgs/msg/detail/dds_fastrtps/rover_data__type_support.cpp.o[0m
[8.200s] In file included from [01m[K/home/mztejero/rvr_ros2_ws/build/rvr_msgs/rosidl_typesupport_fastrtps_cpp/rvr_msgs/msg/detail/rover_data__rosidl_typesupport_fastrtps_cpp.hpp:11[m[K,
[8.202s]                  from [01m[K/home/mztejero/rvr_ros2_ws/build/rvr_msgs/rosidl_typesupport_fastrtps_cpp/rvr_msgs/msg/detail/dds_fastrtps/rover_data__type_support.cpp:4[m[K:
[8.205s] [01m[K/home/mztejero/rvr_ros2_ws/build/rvr_msgs/rosidl_generator_cpp/rvr_msgs/msg/detail/rover_data__struct.hpp:21:10:[m[K [01;31m[Kfatal error: [m[Kmsg/msg/detail/wheel4__struct.hpp: No such file or directory
[8.206s]    21 | #include [01;31m[K"msg/msg/detail/wheel4__struct.hpp"[m[K
[8.207s]       |          [01;31m[K^~~~~~~~~~~~~~~~~~~~~~~~~~~~~~~~~~~[m[K
[8.209s] compilation terminated.
[8.210s] gmake[2]: *** [CMakeFiles/rvr_msgs__rosidl_typesupport_fastrtps_cpp.dir/build.make:161: CMakeFiles/rvr_msgs__rosidl_typesupport_fastrtps_cpp.dir/rosidl_typesupport_fastrtps_cpp/rvr_msgs/msg/detail/dds_fastrtps/rover_data__type_support.cpp.o] Error 1
[8.211s] gmake[2]: *** Waiting for unfinished jobs....
[8.750s] gmake[1]: *** [CMakeFiles/Makefile2:369: CMakeFiles/rvr_msgs__rosidl_typesupport_introspection_cpp.dir/all] Error 2
[9.072s] gmake[1]: *** [CMakeFiles/Makefile2:343: CMakeFiles/rvr_msgs__rosidl_typesupport_fastrtps_cpp.dir/all] Error 2
[9.075s] gmake: *** [Makefile:146: all] Error 2
[9.087s] Invoked command in '/home/mztejero/rvr_ros2_ws/build/rvr_msgs' returned '2': CMAKE_PREFIX_PATH=${CMAKE_PREFIX_PATH}:/home/mztejero/rover_ws/install/hardware_interface:/opt/ros/humble /usr/bin/cmake --build /home/mztejero/rvr_ros2_ws/build/rvr_msgs -- -j4 -l4
