[0.065s] Invoking command in '/home/mztejero/rvr_ros2_ws/build/onboard_pkg': CMAKE_PREFIX_PATH=/home/mztejero/rvr_ros2_ws/install/rvr_msgs:/home/mztejero/rvr_ros2_ws/install/visualization:/home/mztejero/rvr_ros2_ws/install/onboard_pkg:/home/mztejero/rvr_ros2_ws/install/controller:/home/mztejero/rvr_ros2_ws/install/data_processor:/home/mztejero/ros2_ws/install/cpp_pubsub:/home/mztejero/ros2_ws/install/rover_msg:/home/mztejero/rover_ws/install/rvr_launch:/home/mztejero/rover_ws/install/msg_types:/home/mztejero/rover_ws/install/hardware_interface:/opt/ros/humble /usr/bin/cmake --build /home/mztejero/rvr_ros2_ws/build/onboard_pkg -- -j4 -l4
[0.282s] [35m[1mConsolidate compiler generated dependencies of target rvr_data_pub[0m
[0.321s] [ 50%] Built target cmd_vel_sub
[0.345s] [ 66%] [32mBuilding CXX object CMakeFiles/rvr_data_pub.dir/src/rvr_data_pub_lib.cpp.o[0m
[0.346s] [ 83%] [32mBuilding CXX object CMakeFiles/rvr_data_pub.dir/src/rvr_data_pub_main.cpp.o[0m
[11.667s] [100%] [32m[1mLinking CXX executable rvr_data_pub[0m
[12.071s] /usr/bin/ld: CMakeFiles/rvr_data_pub.dir/src/rvr_data_pub_lib.cpp.o: in function `RoverDataPublisher::RoverDataPublisher()':
[12.072s] rvr_data_pub_lib.cpp:(.text+0x150): undefined reference to `rvrUsbInterface::rvrUsbInterface()'
[12.073s] /usr/bin/ld: rvr_data_pub_lib.cpp:(.text+0x3d4): undefined reference to `rvrUsbInterface::~rvrUsbInterface()'
[12.073s] /usr/bin/ld: CMakeFiles/rvr_data_pub.dir/src/rvr_data_pub_lib.cpp.o: in function `RoverDataPublisher::timer_callback()':
[12.074s] rvr_data_pub_lib.cpp:(.text+0x483): undefined reference to `rvrUsbInterface::usbRead[abi:cxx11]()'
[12.075s] /usr/bin/ld: rvr_data_pub_lib.cpp:(.text+0x4b3): undefined reference to `rvrUsbInterface::parseData(std::__cxx11::basic_string<char, std::char_traits<char>, std::allocator<char> >)'
[12.075s] /usr/bin/ld: rvr_data_pub_lib.cpp:(.text+0x4d4): undefined reference to `rvrUsbInterface::getD1()'
[12.076s] /usr/bin/ld: rvr_data_pub_lib.cpp:(.text+0x4f3): undefined reference to `rvrUsbInterface::getD2()'
[12.077s] /usr/bin/ld: rvr_data_pub_lib.cpp:(.text+0x512): undefined reference to `rvrUsbInterface::getD3()'
[12.077s] /usr/bin/ld: rvr_data_pub_lib.cpp:(.text+0x531): undefined reference to `rvrUsbInterface::getD4()'
[12.077s] /usr/bin/ld: rvr_data_pub_lib.cpp:(.text+0x550): undefined reference to `rvrUsbInterface::getV1()'
[12.078s] /usr/bin/ld: rvr_data_pub_lib.cpp:(.text+0x56f): undefined reference to `rvrUsbInterface::getV2()'
[12.078s] /usr/bin/ld: rvr_data_pub_lib.cpp:(.text+0x58e): undefined reference to `rvrUsbInterface::getV3()'
[12.079s] /usr/bin/ld: rvr_data_pub_lib.cpp:(.text+0x5ad): undefined reference to `rvrUsbInterface::getV4()'
[12.079s] /usr/bin/ld: rvr_data_pub_lib.cpp:(.text+0x5cc): undefined reference to `rvrUsbInterface::getAX()'
[12.080s] /usr/bin/ld: rvr_data_pub_lib.cpp:(.text+0x5e8): undefined reference to `rvrUsbInterface::getAY()'
[12.080s] /usr/bin/ld: rvr_data_pub_lib.cpp:(.text+0x604): undefined reference to `rvrUsbInterface::getAZ()'
[12.081s] /usr/bin/ld: rvr_data_pub_lib.cpp:(.text+0x620): undefined reference to `rvrUsbInterface::getV1()'
[12.081s] /usr/bin/ld: rvr_data_pub_lib.cpp:(.text+0x63c): undefined reference to `rvrUsbInterface::getV2()'
[12.082s] /usr/bin/ld: rvr_data_pub_lib.cpp:(.text+0x658): undefined reference to `rvrUsbInterface::getV3()'
[12.086s] /usr/bin/ld: CMakeFiles/rvr_data_pub.dir/src/rvr_data_pub_lib.cpp.o: in function `RoverDataPublisher::~RoverDataPublisher()':
[12.086s] rvr_data_pub_lib.cpp:(.text._ZN18RoverDataPublisherD2Ev[_ZN18RoverDataPublisherD5Ev]+0x2c): undefined reference to `rvrUsbInterface::~rvrUsbInterface()'
[12.117s] collect2: error: ld returned 1 exit status
[12.122s] gmake[2]: *** [CMakeFiles/rvr_data_pub.dir/build.make:175: rvr_data_pub] Error 1
[12.122s] gmake[1]: *** [CMakeFiles/Makefile2:165: CMakeFiles/rvr_data_pub.dir/all] Error 2
[12.124s] gmake: *** [Makefile:146: all] Error 2
[12.135s] Invoked command in '/home/mztejero/rvr_ros2_ws/build/onboard_pkg' returned '2': CMAKE_PREFIX_PATH=/home/mztejero/rvr_ros2_ws/install/rvr_msgs:/home/mztejero/rvr_ros2_ws/install/visualization:/home/mztejero/rvr_ros2_ws/install/onboard_pkg:/home/mztejero/rvr_ros2_ws/install/controller:/home/mztejero/rvr_ros2_ws/install/data_processor:/home/mztejero/ros2_ws/install/cpp_pubsub:/home/mztejero/ros2_ws/install/rover_msg:/home/mztejero/rover_ws/install/rvr_launch:/home/mztejero/rover_ws/install/msg_types:/home/mztejero/rover_ws/install/hardware_interface:/opt/ros/humble /usr/bin/cmake --build /home/mztejero/rvr_ros2_ws/build/onboard_pkg -- -j4 -l4
