[0.152s] Invoking command in '/home/mztejero/rvr_ros2_ws/build/rvr_launch': CMAKE_PREFIX_PATH=${CMAKE_PREFIX_PATH}:/opt/ros/humble /usr/bin/cmake --build /home/mztejero/rvr_ros2_ws/build/rvr_launch -- -j4 -l4
[0.378s] Invoked command in '/home/mztejero/rvr_ros2_ws/build/rvr_launch' returned '0': CMAKE_PREFIX_PATH=${CMAKE_PREFIX_PATH}:/opt/ros/humble /usr/bin/cmake --build /home/mztejero/rvr_ros2_ws/build/rvr_launch -- -j4 -l4
[0.407s] Invoking command in '/home/mztejero/rvr_ros2_ws/build/rvr_launch': CMAKE_PREFIX_PATH=${CMAKE_PREFIX_PATH}:/opt/ros/humble /usr/bin/cmake --install /home/mztejero/rvr_ros2_ws/build/rvr_launch
[0.437s] -- Install configuration: ""
[0.437s] -- Up-to-date: /home/mztejero/rvr_ros2_ws/install/rvr_launch/share/rvr_launch//launch
[0.438s] -- Up-to-date: /home/mztejero/rvr_ros2_ws/install/rvr_launch/share/rvr_launch//launch/onboard_launch.py
[0.438s] -- Up-to-date: /home/mztejero/rvr_ros2_ws/install/rvr_launch/share/rvr_launch//launch/desktop_launch.py
[0.438s] -- Up-to-date: /home/mztejero/rvr_ros2_ws/install/rvr_launch/share/ament_index/resource_index/package_run_dependencies/rvr_launch
[0.439s] -- Up-to-date: /home/mztejero/rvr_ros2_ws/install/rvr_launch/share/ament_index/resource_index/parent_prefix_path/rvr_launch
[0.439s] -- Installing: /home/mztejero/rvr_ros2_ws/install/rvr_launch/share/rvr_launch/environment/ament_prefix_path.sh
[0.439s] -- Up-to-date: /home/mztejero/rvr_ros2_ws/install/rvr_launch/share/rvr_launch/environment/ament_prefix_path.dsv
[0.440s] -- Installing: /home/mztejero/rvr_ros2_ws/install/rvr_launch/share/rvr_launch/environment/path.sh
[0.440s] -- Up-to-date: /home/mztejero/rvr_ros2_ws/install/rvr_launch/share/rvr_launch/environment/path.dsv
[0.440s] -- Up-to-date: /home/mztejero/rvr_ros2_ws/install/rvr_launch/share/rvr_launch/local_setup.bash
[0.440s] -- Up-to-date: /home/mztejero/rvr_ros2_ws/install/rvr_launch/share/rvr_launch/local_setup.sh
[0.440s] -- Up-to-date: /home/mztejero/rvr_ros2_ws/install/rvr_launch/share/rvr_launch/local_setup.zsh
[0.441s] -- Up-to-date: /home/mztejero/rvr_ros2_ws/install/rvr_launch/share/rvr_launch/local_setup.dsv
[0.441s] -- Up-to-date: /home/mztejero/rvr_ros2_ws/install/rvr_launch/share/rvr_launch/package.dsv
[0.441s] -- Up-to-date: /home/mztejero/rvr_ros2_ws/install/rvr_launch/share/ament_index/resource_index/packages/rvr_launch
[0.441s] -- Up-to-date: /home/mztejero/rvr_ros2_ws/install/rvr_launch/share/rvr_launch/cmake/rvr_launchConfig.cmake
[0.441s] -- Up-to-date: /home/mztejero/rvr_ros2_ws/install/rvr_launch/share/rvr_launch/cmake/rvr_launchConfig-version.cmake
[0.441s] -- Up-to-date: /home/mztejero/rvr_ros2_ws/install/rvr_launch/share/rvr_launch/package.xml
[0.481s] Invoked command in '/home/mztejero/rvr_ros2_ws/build/rvr_launch' returned '0': CMAKE_PREFIX_PATH=${CMAKE_PREFIX_PATH}:/opt/ros/humble /usr/bin/cmake --install /home/mztejero/rvr_ros2_ws/build/rvr_launch
