[0.031s] Invoking command in '/home/mztejero/rvr_ros2_ws/build/data_processor': CMAKE_PREFIX_PATH=${CMAKE_PREFIX_PATH}:/opt/ros/humble /usr/bin/cmake --build /home/mztejero/rvr_ros2_ws/build/data_processor -- -j4 -l4
[0.156s] [35m[1mConsolidate compiler generated dependencies of target rvr_data_sub[0m
[0.254s] [ 33%] [32mBuilding CXX object CMakeFiles/rvr_data_sub.dir/src/rvr_data_sub_lib.cpp.o[0m
[5.287s] In file included from [01m[K/opt/ros/humble/include/rclcpp/rclcpp/logging.hpp:24[m[K,
[5.287s]                  from [01m[K/opt/ros/humble/include/rclcpp/rclcpp/client.hpp:40[m[K,
[5.287s]                  from [01m[K/opt/ros/humble/include/rclcpp/rclcpp/callback_group.hpp:24[m[K,
[5.287s]                  from [01m[K/opt/ros/humble/include/rclcpp/rclcpp/any_executable.hpp:20[m[K,
[5.287s]                  from [01m[K/opt/ros/humble/include/rclcpp/rclcpp/memory_strategy.hpp:25[m[K,
[5.288s]                  from [01m[K/opt/ros/humble/include/rclcpp/rclcpp/memory_strategies.hpp:18[m[K,
[5.288s]                  from [01m[K/opt/ros/humble/include/rclcpp/rclcpp/executor_options.hpp:20[m[K,
[5.288s]                  from [01m[K/opt/ros/humble/include/rclcpp/rclcpp/executor.hpp:37[m[K,
[5.289s]                  from [01m[K/opt/ros/humble/include/rclcpp/rclcpp/executors/multi_threaded_executor.hpp:25[m[K,
[5.289s]                  from [01m[K/opt/ros/humble/include/rclcpp/rclcpp/executors.hpp:21[m[K,
[5.289s]                  from [01m[K/opt/ros/humble/include/rclcpp/rclcpp/rclcpp.hpp:155[m[K,
[5.290s]                  from [01m[K/home/mztejero/rvr_ros2_ws/src/data_processor/include/data_processor/rvr_data_sub_lib.hpp:4[m[K,
[5.290s]                  from [01m[K/home/mztejero/rvr_ros2_ws/src/data_processor/src/rvr_data_sub_lib.cpp:1[m[K:
[5.290s] [01m[K/home/mztejero/rvr_ros2_ws/src/data_processor/src/rvr_data_sub_lib.cpp:[m[K In member function ‘[01m[Kvoid RvrDataSubscriber::topic_callback(const RoverData&)[m[K’:
[5.290s] [01m[K/home/mztejero/rvr_ros2_ws/src/data_processor/src/rvr_data_sub_lib.cpp:11:65:[m[K [01;31m[Kerror: [m[K‘[01m[Kconst RoverData[m[K’ {aka ‘[01m[Kconst struct rvr_msgs::msg::RoverData_<std::allocator<void> >[m[K’} has no member named ‘[01m[Ka[m[K’
[5.291s]    11 | LCPP_INFO(this->get_logger(), "Received: '%f, %f, %f'", msg.[01;31m[Ka[m[K.x, msg.a.y, msg.a.z);
[5.292s]       |                                                             [01;31m[K^[m[K
[5.292s] 
[5.293s] [01m[K/home/mztejero/rvr_ros2_ws/src/data_processor/src/rvr_data_sub_lib.cpp:11:74:[m[K [01;31m[Kerror: [m[K‘[01m[Kconst RoverData[m[K’ {aka ‘[01m[Kconst struct rvr_msgs::msg::RoverData_<std::allocator<void> >[m[K’} has no member named ‘[01m[Ka[m[K’
[5.293s]    11 | (this->get_logger(), "Received: '%f, %f, %f'", msg.a.x, msg.[01;31m[Ka[m[K.y, msg.a.z);
[5.293s]       |                                                             [01;31m[K^[m[K
[5.295s] 
[5.295s] [01m[K/home/mztejero/rvr_ros2_ws/src/data_processor/src/rvr_data_sub_lib.cpp:11:83:[m[K [01;31m[Kerror: [m[K‘[01m[Kconst RoverData[m[K’ {aka ‘[01m[Kconst struct rvr_msgs::msg::RoverData_<std::allocator<void> >[m[K’} has no member named ‘[01m[Ka[m[K’
[5.295s]    11 | is->get_logger(), "Received: '%f, %f, %f'", msg.a.x, msg.a.y, msg.[01;31m[Ka[m[K.z);
[5.295s]       |                                                                   [01;31m[K^[m[K
[5.296s] 
[10.185s] gmake[2]: *** [CMakeFiles/rvr_data_sub.dir/build.make:76: CMakeFiles/rvr_data_sub.dir/src/rvr_data_sub_lib.cpp.o] Error 1
[10.187s] gmake[1]: *** [CMakeFiles/Makefile2:137: CMakeFiles/rvr_data_sub.dir/all] Error 2
[10.187s] gmake: *** [Makefile:146: all] Error 2
[10.196s] Invoked command in '/home/mztejero/rvr_ros2_ws/build/data_processor' returned '2': CMAKE_PREFIX_PATH=${CMAKE_PREFIX_PATH}:/opt/ros/humble /usr/bin/cmake --build /home/mztejero/rvr_ros2_ws/build/data_processor -- -j4 -l4
