[01m[K/home/mztejero/rvr_ros2_ws/src/data_processor/src/rvr_data_sub_main.cpp:[m[K In function ‘[01m[Kint main(int, char**)[m[K’:
[01m[K/home/mztejero/rvr_ros2_ws/src/data_processor/src/rvr_data_sub_main.cpp:6:33:[m[K [01;31m[Kerror: [m[K‘[01m[KRoverData[m[K’ was not declared in this scope; did you mean ‘[01m[Krvr_msgs::msg::RoverData[m[K’?
    6 |   rclcpp::spin(std::make_shared<[01;31m[KRoverData[m[K>());
      |                                 [01;31m[K^~~~~~~~~[m[K
      |                                 [32m[Krvr_msgs::msg::RoverData[m[K
In file included from [01m[K/home/mztejero/rvr_ros2_ws/install/rvr_msgs/include/rvr_msgs/rvr_msgs/msg/rover_data.hpp:7[m[K,
                 from [01m[K/home/mztejero/rvr_ros2_ws/src/data_processor/include/data_processor/rvr_data_sub_lib.hpp:5[m[K,
                 from [01m[K/home/mztejero/rvr_ros2_ws/src/data_processor/src/rvr_data_sub_main.cpp:1[m[K:
[01m[K/home/mztejero/rvr_ros2_ws/install/rvr_msgs/include/rvr_msgs/rvr_msgs/msg/detail/rover_data__struct.hpp:165:7:[m[K [01;36m[Knote: [m[K‘[01m[Krvr_msgs::msg::RoverData[m[K’ declared here
  165 | using [01;36m[KRoverData[m[K =
      |       [01;36m[K^~~~~~~~~[m[K
[01m[K/home/mztejero/rvr_ros2_ws/src/data_processor/src/rvr_data_sub_main.cpp:6:43:[m[K [01;31m[Kerror: [m[Kno matching function for call to ‘[01m[Kmake_shared<<expression error> >()[m[K’
    6 |   rclcpp::spin([01;31m[Kstd::make_shared<RoverData>()[m[K);
      |                [01;31m[K~~~~~~~~~~~~~~~~~~~~~~~~~~~^~[m[K
In file included from [01m[K/usr/include/c++/11/memory:77[m[K,
                 from [01m[K/home/mztejero/rvr_ros2_ws/src/data_processor/include/data_processor/rvr_data_sub_lib.hpp:2[m[K,
                 from [01m[K/home/mztejero/rvr_ros2_ws/src/data_processor/src/rvr_data_sub_main.cpp:1[m[K:
[01m[K/usr/include/c++/11/bits/shared_ptr.h:875:5:[m[K [01;36m[Knote: [m[Kcandidate: ‘[01m[Ktemplate<class _Tp, class ... _Args> std::shared_ptr<_Tp> std::make_shared(_Args&& ...)[m[K’
  875 |     [01;36m[Kmake_shared[m[K(_Args&&... __args)
      |     [01;36m[K^~~~~~~~~~~[m[K
[01m[K/usr/include/c++/11/bits/shared_ptr.h:875:5:[m[K [01;36m[Knote: [m[K  template argument deduction/substitution failed:
[01m[K/home/mztejero/rvr_ros2_ws/src/data_processor/src/rvr_data_sub_main.cpp:6:43:[m[K [01;31m[Kerror: [m[Ktemplate argument 1 is invalid
    6 |   rclcpp::spin([01;31m[Kstd::make_shared<RoverData>()[m[K);
      |                [01;31m[K~~~~~~~~~~~~~~~~~~~~~~~~~~~^~[m[K
In file included from [01m[K/opt/ros/humble/include/rclcpp/rclcpp/logging.hpp:24[m[K,
                 from [01m[K/opt/ros/humble/include/rclcpp/rclcpp/client.hpp:40[m[K,
                 from [01m[K/opt/ros/humble/include/rclcpp/rclcpp/callback_group.hpp:24[m[K,
                 from [01m[K/opt/ros/humble/include/rclcpp/rclcpp/any_executable.hpp:20[m[K,
                 from [01m[K/opt/ros/humble/include/rclcpp/rclcpp/memory_strategy.hpp:25[m[K,
                 from [01m[K/opt/ros/humble/include/rclcpp/rclcpp/memory_strategies.hpp:18[m[K,
                 from [01m[K/opt/ros/humble/include/rclcpp/rclcpp/executor_options.hpp:20[m[K,
                 from [01m[K/opt/ros/humble/include/rclcpp/rclcpp/executor.hpp:37[m[K,
                 from [01m[K/opt/ros/humble/include/rclcpp/rclcpp/executors/multi_threaded_executor.hpp:25[m[K,
                 from [01m[K/opt/ros/humble/include/rclcpp/rclcpp/executors.hpp:21[m[K,
                 from [01m[K/opt/ros/humble/include/rclcpp/rclcpp/rclcpp.hpp:155[m[K,
                 from [01m[K/home/mztejero/rvr_ros2_ws/src/data_processor/include/data_processor/rvr_data_sub_lib.hpp:4[m[K,
                 from [01m[K/home/mztejero/rvr_ros2_ws/src/data_processor/src/rvr_data_sub_lib.cpp:1[m[K:
[01m[K/home/mztejero/rvr_ros2_ws/src/data_processor/src/rvr_data_sub_lib.cpp:[m[K In member function ‘[01m[Kvoid RvrDataSubscriber::topic_callback(const RoverData&)[m[K’:
[01m[K/home/mztejero/rvr_ros2_ws/src/data_processor/src/rvr_data_sub_lib.cpp:11:65:[m[K [01;31m[Kerror: [m[K‘[01m[Kconst RoverData[m[K’ {aka ‘[01m[Kconst struct rvr_msgs::msg::RoverData_<std::allocator<void> >[m[K’} has no member named ‘[01m[Ka[m[K’
   11 | LCPP_INFO(this->get_logger(), "Received: '%f, %f, %f'", msg.[01;31m[Ka[m[K.x, msg.a.y, msg.a.z);
      |                                                             [01;31m[K^[m[K

[01m[K/home/mztejero/rvr_ros2_ws/src/data_processor/src/rvr_data_sub_lib.cpp:11:74:[m[K [01;31m[Kerror: [m[K‘[01m[Kconst RoverData[m[K’ {aka ‘[01m[Kconst struct rvr_msgs::msg::RoverData_<std::allocator<void> >[m[K’} has no member named ‘[01m[Ka[m[K’
   11 | (this->get_logger(), "Received: '%f, %f, %f'", msg.a.x, msg.[01;31m[Ka[m[K.y, msg.a.z);
      |                                                             [01;31m[K^[m[K

[01m[K/home/mztejero/rvr_ros2_ws/src/data_processor/src/rvr_data_sub_lib.cpp:11:83:[m[K [01;31m[Kerror: [m[K‘[01m[Kconst RoverData[m[K’ {aka ‘[01m[Kconst struct rvr_msgs::msg::RoverData_<std::allocator<void> >[m[K’} has no member named ‘[01m[Ka[m[K’
   11 | is->get_logger(), "Received: '%f, %f, %f'", msg.a.x, msg.a.y, msg.[01;31m[Ka[m[K.z);
      |                                                                   [01;31m[K^[m[K

gmake[2]: *** [CMakeFiles/rvr_data_sub.dir/build.make:90: CMakeFiles/rvr_data_sub.dir/src/rvr_data_sub_main.cpp.o] Error 1
gmake[2]: *** Waiting for unfinished jobs....
gmake[2]: *** [CMakeFiles/rvr_data_sub.dir/build.make:76: CMakeFiles/rvr_data_sub.dir/src/rvr_data_sub_lib.cpp.o] Error 1
gmake[1]: *** [CMakeFiles/Makefile2:137: CMakeFiles/rvr_data_sub.dir/all] Error 2
gmake: *** [Makefile:146: all] Error 2
